Archive member included to satisfy reference by file (symbol)

c:/program files/microchip/xc32/v2.40/bin/bin/../../lib/gcc/pic32c/6.2.1/../../../../pic32c/lib/v7e-m/fpv4-sp/hard\libpic32c.a(data_init.o)
                              build/LAN9255_SQI_DIRECT_MODE/production/_ext/1171490990/startup_xc32.o (__pic32c_data_initialization)
c:/program files/microchip/xc32/v2.40/bin/bin/../../lib/gcc/pic32c/6.2.1/v7e-m/fpv4-sp/hard\libgcc.a(_aeabi_uldivmod.o)
                              build/LAN9255_SQI_DIRECT_MODE/production/_ext/504274921/plib_sercom0_usart.o (__aeabi_uldivmod)
c:/program files/microchip/xc32/v2.40/bin/bin/../../lib/gcc/pic32c/6.2.1/v7e-m/fpv4-sp/hard\libgcc.a(_udivmoddi4.o)
                              c:/program files/microchip/xc32/v2.40/bin/bin/../../lib/gcc/pic32c/6.2.1/v7e-m/fpv4-sp/hard\libgcc.a(_aeabi_uldivmod.o) (__udivmoddi4)
c:/program files/microchip/xc32/v2.40/bin/bin/../../lib/gcc/pic32c/6.2.1/v7e-m/fpv4-sp/hard\libgcc.a(_dvmd_tls.o)
                              c:/program files/microchip/xc32/v2.40/bin/bin/../../lib/gcc/pic32c/6.2.1/v7e-m/fpv4-sp/hard\libgcc.a(_aeabi_uldivmod.o) (__aeabi_ldiv0)
c:/program files/microchip/xc32/v2.40/bin/bin/../../lib/gcc/pic32c/6.2.1/../../../../pic32c/lib/v7e-m/fpv4-sp/hard\libc_nano.a(lib_a-init.o)
                              build/LAN9255_SQI_DIRECT_MODE/production/_ext/1171490990/startup_xc32.o (__libc_init_array)
c:/program files/microchip/xc32/v2.40/bin/bin/../../lib/gcc/pic32c/6.2.1/../../../../pic32c/lib/v7e-m/fpv4-sp/hard\libc_nano.a(lib_a-malloc.o)
                              build/LAN9255_SQI_DIRECT_MODE/production/_ext/108134065/ecatcoe.o (malloc)
c:/program files/microchip/xc32/v2.40/bin/bin/../../lib/gcc/pic32c/6.2.1/../../../../pic32c/lib/v7e-m/fpv4-sp/hard\libc_nano.a(lib_a-memcpy-stub.o)
                              build/LAN9255_SQI_DIRECT_MODE/production/_ext/1593096446/plib_nvmctrl.o (memcpy)
c:/program files/microchip/xc32/v2.40/bin/bin/../../lib/gcc/pic32c/6.2.1/../../../../pic32c/lib/v7e-m/fpv4-sp/hard\libc_nano.a(lib_a-memset.o)
                              build/LAN9255_SQI_DIRECT_MODE/production/_ext/1671622016/Drivers.o (memset)
c:/program files/microchip/xc32/v2.40/bin/bin/../../lib/gcc/pic32c/6.2.1/../../../../pic32c/lib/v7e-m/fpv4-sp/hard\libc_nano.a(lib_a-nano-freer.o)
                              c:/program files/microchip/xc32/v2.40/bin/bin/../../lib/gcc/pic32c/6.2.1/../../../../pic32c/lib/v7e-m/fpv4-sp/hard\libc_nano.a(lib_a-malloc.o) (_free_r)
c:/program files/microchip/xc32/v2.40/bin/bin/../../lib/gcc/pic32c/6.2.1/../../../../pic32c/lib/v7e-m/fpv4-sp/hard\libc_nano.a(lib_a-nano-mallocr.o)
                              c:/program files/microchip/xc32/v2.40/bin/bin/../../lib/gcc/pic32c/6.2.1/../../../../pic32c/lib/v7e-m/fpv4-sp/hard\libc_nano.a(lib_a-malloc.o) (_malloc_r)
c:/program files/microchip/xc32/v2.40/bin/bin/../../lib/gcc/pic32c/6.2.1/../../../../pic32c/lib/v7e-m/fpv4-sp/hard\libc_nano.a(lib_a-sbrkr.o)
                              c:/program files/microchip/xc32/v2.40/bin/bin/../../lib/gcc/pic32c/6.2.1/../../../../pic32c/lib/v7e-m/fpv4-sp/hard\libc_nano.a(lib_a-nano-mallocr.o) (_sbrk_r)
c:/program files/microchip/xc32/v2.40/bin/bin/../../lib/gcc/pic32c/6.2.1/../../../../pic32c/lib/v7e-m/fpv4-sp/hard\libc_nano.a(_lib_a-sprintf.cdnopuxX.o)
                              (_sprintf_cdnopuxX)
c:/program files/microchip/xc32/v2.40/bin/bin/../../lib/gcc/pic32c/6.2.1/../../../../pic32c/lib/v7e-m/fpv4-sp/hard\libc_nano.a(lib_a-strlen.o)
                              build/LAN9255_SQI_DIRECT_MODE/production/_ext/108134065/objdef.o (strlen)
c:/program files/microchip/xc32/v2.40/bin/bin/../../lib/gcc/pic32c/6.2.1/../../../../pic32c/lib/v7e-m/fpv4-sp/hard\libc_nano.a(lib_a-impure.o)
                              c:/program files/microchip/xc32/v2.40/bin/bin/../../lib/gcc/pic32c/6.2.1/../../../../pic32c/lib/v7e-m/fpv4-sp/hard\libc_nano.a(lib_a-malloc.o) (_impure_ptr)
c:/program files/microchip/xc32/v2.40/bin/bin/../../lib/gcc/pic32c/6.2.1/../../../../pic32c/lib/v7e-m/fpv4-sp/hard\libc_nano.a(lib_a-mlock.o)
                              c:/program files/microchip/xc32/v2.40/bin/bin/../../lib/gcc/pic32c/6.2.1/../../../../pic32c/lib/v7e-m/fpv4-sp/hard\libc_nano.a(lib_a-nano-freer.o) (__malloc_lock)
c:/program files/microchip/xc32/v2.40/bin/bin/../../lib/gcc/pic32c/6.2.1/../../../../pic32c/lib/v7e-m/fpv4-sp/hard\libc_nano.a(_lib_a-nano-vfprintf.cdnopuxX.o)
                              c:/program files/microchip/xc32/v2.40/bin/bin/../../lib/gcc/pic32c/6.2.1/../../../../pic32c/lib/v7e-m/fpv4-sp/hard\libc_nano.a(_lib_a-sprintf.cdnopuxX.o) (_vfprintf_cdnopuxX)
c:/program files/microchip/xc32/v2.40/bin/bin/../../lib/gcc/pic32c/6.2.1/../../../../pic32c/lib/v7e-m/fpv4-sp/hard\libc_nano.a(lib_a-nano-vfprintf_i.o)
                              c:/program files/microchip/xc32/v2.40/bin/bin/../../lib/gcc/pic32c/6.2.1/../../../../pic32c/lib/v7e-m/fpv4-sp/hard\libc_nano.a(_lib_a-nano-vfprintf.cdnopuxX.o) (_printf_common)
[...]
Memory Configuration

Name             Origin             Length             Attributes
rom              0x00000000         0x000fe000         xrl
ram              0x20000000         0x00040000         xw !r
config_eeprom_mem 0x0003e000         0x00002000         xrl
config_00804000  0x00804000         0x00000004
config_00804004  0x00804004         0x00000004
config_00804008  0x00804008         0x00000004
*default*        0x00000000         0xffffffff

Linker script and memory map

LOAD c:/program files/microchip/xc32/v2.40/bin/bin/../../lib/gcc/pic32c/6.2.1/v7e-m/fpv4-sp/hard/crti.o
LOAD c:/program files/microchip/xc32/v2.40/bin/bin/../../lib/gcc/pic32c/6.2.1/v7e-m/fpv4-sp/hard/crtbegin.o
LOAD build/LAN9255_SQI_DIRECT_MODE/production/_ext/1984496892/plib_clock.o
LOAD build/LAN9255_SQI_DIRECT_MODE/production/_ext/1865131932/plib_cmcc.o
LOAD build/LAN9255_SQI_DIRECT_MODE/production/_ext/60167341/plib_eic.o
LOAD build/LAN9255_SQI_DIRECT_MODE/production/_ext/1986646378/plib_evsys.o
LOAD build/LAN9255_SQI_DIRECT_MODE/production/_ext/1865468468/plib_nvic.o
LOAD build/LAN9255_SQI_DIRECT_MODE/production/_ext/1593096446/plib_nvmctrl.o
LOAD build/LAN9255_SQI_DIRECT_MODE/production/_ext/1865488526/oledc_driver.o
LOAD build/LAN9255_SQI_DIRECT_MODE/production/_ext/1865521619/plib_port.o
LOAD build/LAN9255_SQI_DIRECT_MODE/production/_ext/1865555181/plib_qspi.o
LOAD build/LAN9255_SQI_DIRECT_MODE/production/_ext/1865555181/plib_qspi_spi.o
LOAD build/LAN9255_SQI_DIRECT_MODE/production/_ext/17022449/plib_sercom4_spi_master.o
LOAD build/LAN9255_SQI_DIRECT_MODE/production/_ext/504274921/plib_sercom0_usart.o
LOAD build/LAN9255_SQI_DIRECT_MODE/production/_ext/1827571544/plib_systick.o
LOAD build/LAN9255_SQI_DIRECT_MODE/production/_ext/163028504/xc32_monitor.o
LOAD build/LAN9255_SQI_DIRECT_MODE/production/_ext/1881668453/sys_int.o
LOAD build/LAN9255_SQI_DIRECT_MODE/production/_ext/1171490990/exceptions.o
LOAD build/LAN9255_SQI_DIRECT_MODE/production/_ext/1171490990/initialization.o
LOAD build/LAN9255_SQI_DIRECT_MODE/production/_ext/1171490990/interrupts.o
LOAD build/LAN9255_SQI_DIRECT_MODE/production/_ext/1171490990/libc_syscalls.o
LOAD build/LAN9255_SQI_DIRECT_MODE/production/_ext/1171490990/startup_xc32.o
LOAD build/LAN9255_SQI_DIRECT_MODE/production/_ext/1171490990/tasks.o
LOAD build/LAN9255_SQI_DIRECT_MODE/production/_ext/1671622016/Drivers.o
LOAD build/LAN9255_SQI_DIRECT_MODE/production/_ext/108147519/ESC_Utils.o
LOAD build/LAN9255_SQI_DIRECT_MODE/production/_ext/108147519/LAN925x.o
LOAD build/LAN9255_SQI_DIRECT_MODE/production/_ext/108134065/bootmode.o
LOAD build/LAN9255_SQI_DIRECT_MODE/production/_ext/108134065/coeappl.o
LOAD build/LAN9255_SQI_DIRECT_MODE/production/_ext/108134065/ecatappl.o
LOAD build/LAN9255_SQI_DIRECT_MODE/production/_ext/108134065/ecatcoe.o
LOAD build/LAN9255_SQI_DIRECT_MODE/production/_ext/108134065/ecatfoe.o
LOAD build/LAN9255_SQI_DIRECT_MODE/production/_ext/108134065/ecatslv.o
LOAD build/LAN9255_SQI_DIRECT_MODE/production/_ext/108134065/emcy.o
LOAD build/LAN9255_SQI_DIRECT_MODE/production/_ext/108134065/foeappl.o
LOAD build/LAN9255_SQI_DIRECT_MODE/production/_ext/108134065/mailbox.o
LOAD build/LAN9255_SQI_DIRECT_MODE/production/_ext/108134065/objdef.o
LOAD build/LAN9255_SQI_DIRECT_MODE/production/_ext/108134065/sample_app.o
LOAD build/LAN9255_SQI_DIRECT_MODE/production/_ext/108134065/sdoserv.o
LOAD build/LAN9255_SQI_DIRECT_MODE/production/_ext/1360937237/main.o
LOAD build/LAN9255_SQI_DIRECT_MODE/production/_ext/1360937237/app.o
LOAD build/LAN9255_SQI_DIRECT_MODE/production/_ext/1360937237/Developer_Test.o
                0x00000001                __MPLAB_BUILD = 0x1
                0x000fe000                __rom_end = (ORIGIN (rom) + LENGTH (rom))
                0x20040000                __ram_end = (ORIGIN (ram) + LENGTH (ram))

.config_00804000
                0x00804000        0x4
 *(.config_00804000)
 .config_00804000
                0x00804000        0x4 build/LAN9255_SQI_DIRECT_MODE/production/_ext/1171490990/initialization.o

.config_eeprom  0x0003e000      0x800
 *(.config_eeprom)
 .config_eeprom
                0x0003e000      0x800 build/LAN9255_SQI_DIRECT_MODE/production/_ext/1360937237/app.o
                0x0003e000                aEepromData

.config_00804004
                0x00804004        0x4
 *(.config_00804004)
 .config_00804004
                0x00804004        0x4 build/LAN9255_SQI_DIRECT_MODE/production/_ext/1171490990/initialization.o

.config_00804008
                0x00804008        0x4
 *(.config_00804008)
 .config_00804008
                0x00804008        0x4 build/LAN9255_SQI_DIRECT_MODE/production/_ext/1171490990/initialization.o

.vectors        0x00000000      0x260
                0x00000000                . = ALIGN (0x4)
                0x00000000                _sfixed = .
 *(.vectors .vectors.* .vectors_default .vectors_default.*)
 .vectors       0x00000000      0x260 build/LAN9255_SQI_DIRECT_MODE/production/_ext/1171490990/interrupts.o
                0x00000000                exception_table
 *(.isr_vector)
 *(.reset*)
 *(.after_vectors)

.text           0x00000260       0x20
                0x00000260                . = ALIGN (0x4)
 *(.glue_7t)
 .glue_7t       0x00000260        0x0 linker stubs
 *(.glue_7)
 .glue_7        0x00000260        0x0 linker stubs
 *(.gnu.linkonce.r.*)
 *(.ARM.extab* .gnu.linkonce.armextab.*)
                0x00000260                . = ALIGN (0x4)
 *(.init)
 .init          0x00000260        0x4 c:/program files/microchip/xc32/v2.40/bin/bin/../../lib/gcc/pic32c/6.2.1/v7e-m/fpv4-sp/hard/crti.o
                0x00000260                _init
 .init          0x00000264        0x8 c:/program files/microchip/xc32/v2.40/bin/bin/../../lib/gcc/pic32c/6.2.1/v7e-m/fpv4-sp/hard/crtn.o
                0x0000026c                . = ALIGN (0x4)
                0x0000026c                __preinit_array_start = .
 *(.preinit_array)
                0x0000026c                __preinit_array_end = .
                0x0000026c                . = ALIGN (0x4)
                0x0000026c                __init_array_start = .
 *(SORT(.init_array.*))
 *(.init_array)
 .init_array    0x0000026c        0x4 c:/program files/microchip/xc32/v2.40/bin/bin/../../lib/gcc/pic32c/6.2.1/v7e-m/fpv4-sp/hard/crtbegin.o
                0x00000270                __init_array_end = .
                0x00000270                . = ALIGN (0x4)
 *crtbegin.o(.ctors)
 *(EXCLUDE_FILE(*crtend.o) .ctors)
 *(SORT(.ctors.*))
 *crtend.o(.ctors)
                0x00000270                . = ALIGN (0x4)
 *(.fini)
 .fini          0x00000270        0x4 c:/program files/microchip/xc32/v2.40/bin/bin/../../lib/gcc/pic32c/6.2.1/v7e-m/fpv4-sp/hard/crti.o
                0x00000270                _fini
 .fini          0x00000274        0x8 c:/program files/microchip/xc32/v2.40/bin/bin/../../lib/gcc/pic32c/6.2.1/v7e-m/fpv4-sp/hard/crtn.o
                0x0000027c                . = ALIGN (0x4)
                0x0000027c                __fini_array_start = .
 *(.fini_array)
 .fini_array    0x0000027c        0x4 c:/program files/microchip/xc32/v2.40/bin/bin/../../lib/gcc/pic32c/6.2.1/v7e-m/fpv4-sp/hard/crtbegin.o
 *(SORT(.fini_array.*))
                0x00000280                __fini_array_end = .
 *crtbegin.o(.dtors)
 *(EXCLUDE_FILE(*crtend.o) .dtors)
 *(SORT(.dtors.*))
 *crtend.o(.dtors)
                0x00000280                . = ALIGN (0x4)
                0x00000280                _efixed = .
                [!provide]                PROVIDE (__exidx_start, .)

.ARM.exidx      0x00000280        0x8
 *(.ARM.exidx* .gnu.linkonce.armexidx.*)
 .ARM.exidx     0x00000280        0x8 c:/program files/microchip/xc32/v2.40/bin/bin/../../lib/gcc/pic32c/6.2.1/v7e-m/fpv4-sp/hard\libgcc.a(_udivmoddi4.o)
                [!provide]                PROVIDE (__exidx_end, .)
                0x00000288                . = ALIGN (0x4)
                0x00000288                _etext = .

.bss            0x20000000     0x243c
                0x20000000                . = ALIGN (0x4)
                0x20000000                __bss_start__ = .
                0x20000000                _sbss = .
                0x20000000                _szero = .
 *(COMMON)
 COMMON         0x20000000       0xc0 build/LAN9255_SQI_DIRECT_MODE/production/_ext/60167341/plib_eic.o
                0x20000000                eicCallbackObject
 COMMON         0x200000c0       0x2c build/LAN9255_SQI_DIRECT_MODE/production/_ext/17022449/plib_sercom4_spi_master.o
                0x200000c0                sercom4SPIObj
 COMMON         0x200000ec       0x30 build/LAN9255_SQI_DIRECT_MODE/production/_ext/504274921/plib_sercom0_usart.o
                0x200000ec                sercom0USARTObj
 COMMON         0x2000011c        0xc build/LAN9255_SQI_DIRECT_MODE/production/_ext/1827571544/plib_systick.o
                0x2000011c                systick
 COMMON         0x20000128        0x8 build/LAN9255_SQI_DIRECT_MODE/production/_ext/108134065/coeappl.o
                0x20000128                u32LastDc32Value
                0x2000012c                u32CheckForDcOverrunCnt
 COMMON         0x20000130       0xe0 build/LAN9255_SQI_DIRECT_MODE/production/_ext/108134065/ecatappl.o
                0x20000130                pAPPL_EEPROM_Store
                0x20000134                bMinCycleTimeMeasurementStarted
                0x20000138                u32CycleTimeStartValue
                0x2000013c                pAPPL_EEPROM_Read
                0x20000140                pAPPL_EEPROM_Write
                0x20000144                bRunApplication
                0x20000148                u32SystemTimeReadFailure
                0x2000014c                bEcatWaitForInputUpdate
                0x20000150                u32MinCycleTimeValue
                0x20000154                aPdOutputData
                0x20000198                pAPPL_FoeError
                0x2000019c                u16EepromStoreTimeoutCounter
                0x2000019e                EepromReadSize
                0x200001a0                pAPPL_FoeReadData
                0x200001a4                pAPPL_MainLoop
                0x200001a8                bEtherCATErrorLed
                0x200001ac                u32MinCycleTimeStartValue
                0x200001b0                aPdInputData
                0x200001f4                pEEPROM
                0x200001f8                bEtherCATRunLed
                0x200001fc                pAPPL_FoeWriteData
                0x20000200                pAPPL_EEPROM_Reload
                0x20000204                pAPPL_FoeRead
                0x20000208                u16EepromStoreTimeoutValue
                0x2000020c                pAPPL_FoeWrite
 COMMON         0x20000210        0x4 build/LAN9255_SQI_DIRECT_MODE/production/_ext/108134065/ecatcoe.o
                0x20000210                pCoeSendStored
 COMMON         0x20000214       0x16 build/LAN9255_SQI_DIRECT_MODE/production/_ext/108134065/ecatfoe.o
                0x20000214                u32FileOffset
                0x20000218                u16FileAccessState
                0x2000021c                u32PacketNo
                0x20000220                pFoeSendStored
                0x20000224                u32LastFileOffset
                0x20000228                u16FoeMaxSendBlockSize
 *fill*         0x2000022a        0x2 
 COMMON         0x2000022c       0x52 build/LAN9255_SQI_DIRECT_MODE/production/_ext/108134065/ecatslv.o
                0x2000022c                b3BufferMode
                0x2000022e                nEcatStateTrans
                0x20000230                EcatWdCounter
                0x20000232                bApplEsmPending
                0x20000233                nAlStatus
                0x20000234                nPdOutputSize
                0x20000236                u16LocalErrorCode
                0x20000238                Sync0WdCounter
                0x2000023a                bLocalErrorFlag
                0x2000023c                LatchInputSync0Counter
                0x2000023e                i16WaitForPllRunningCnt
                0x20000240                nEscAddrOutputData
                0x20000242                Sync0WdValue
                0x20000244                u8EcatRunLed
                0x20000246                i16WaitForPllRunningTimeout
                0x20000248                Sync1WdValue
                0x2000024a                u16ALEventMask
                0x2000024c                bDcRunning
                0x20000250                u32dummy
                0x20000254                SyncManInfo
                0x2000025c                b32BitDc
                0x2000025e                LatchInputSync0Value
                0x20000260                bEcatWaitForAlControlRes
                0x20000262                nPdInputSize
                0x20000264                u16SmSync0Value
                0x20000266                nMaxEscAddress
                0x20000268                bEcatFirstOutputsReceived
                0x20000269                bSmSyncSequenceValid
                0x2000026a                EsmTimeoutCounter
                0x2000026c                bBootMode
                0x2000026d                bDcSyncActive
                0x2000026e                bEcatOutputUpdateRunning
                0x20000270                Sync1WdCounter
                0x20000272                EcatWdValue
                0x20000274                bEcatInputUpdateRunning
                0x20000275                bEscIntEnabled
                0x20000276                bWdTrigger
                0x20000278                u16SmSync0Counter
                0x2000027a                nMaxSyncMan
                0x2000027b                u8EcatErrorLed
                0x2000027c                nEscAddrInputData
 *fill*         0x2000027e        0x2 
 COMMON         0x20000280       0x28 build/LAN9255_SQI_DIRECT_MODE/production/_ext/108134065/emcy.o
                0x20000280                sSendEmcyQueue
                0x20000290                asEmcy
                0x20000298                sEmptyEmcyQueue
 COMMON         0x200002a8       0x94 build/LAN9255_SQI_DIRECT_MODE/production/_ext/108134065/mailbox.o
                0x200002a8                u8MbxReadCounter
                0x200002ac                sMbxSendQueue
                0x200002e0                sMbxReceiveQueue
                0x20000314                bNoMbxMemoryAvailable
                0x20000315                bSendMbxIsFull
                0x20000316                bMbxRunning
                0x20000318                u16EscAddrReceiveMbx
                0x2000031c                psStoreMbx
                0x20000320                u16SendMbxSize
                0x20000324                psReadMbx
                0x20000328                bReceiveMbxIsLocked
                0x2000032a                u16EscAddrSendMbx
                0x2000032c                psWriteMbx
                0x20000330                u8MbxWriteCounter
                0x20000331                u8MailboxSendReqStored
                0x20000332                u16ReceiveMbxSize
                0x20000334                bMbxRepeatToggle
                0x20000338                psRepeatMbx
 COMMON         0x2000033c       0x8e build/LAN9255_SQI_DIRECT_MODE/production/_ext/108134065/objdef.o
                0x2000033c                sSyncManInPar
                0x20000380                sSyncManOutPar
                0x200003c4                bSyncSetByUser
                0x200003c8                sCycleDiag
 *fill*         0x200003ca        0x2 
 COMMON         0x200003cc     0x2016 build/LAN9255_SQI_DIRECT_MODE/production/_ext/108134065/sample_app.o
                0x200003cc                aFileData
                0x200023cc                aFileName
 *fill*         0x200023e2        0x2 
 COMMON         0x200023e4       0x4d build/LAN9255_SQI_DIRECT_MODE/production/_ext/108134065/sdoserv.o
                0x200023e4                nSdoInfoIndex
                0x200023e8                pStoreData
                0x200023ec                nSdoSegBytesToHandle
                0x200023f0                bSdoSegAccess
                0x200023f1                bSdoSegFollows
                0x200023f4                nSdoSegCompleteSize
                0x200023f8                pSdoPendFunc
                0x200023fc                u8PendingSdo
                0x200023fd                bStoreCompleteAccess
                0x200023fe                bSdoSegLastToggle
                0x200023ff                nSdoSegService
                0x20002400                pSdoInfoObjEntry
                0x20002404                nSdoInfoFragmentsLeft
                0x20002408                pSdoResStored
                0x2000240c                u32StoreDataSize
                0x20002410                pSdoSegData
                0x20002414                nSdoSegIndex
                0x20002418                aSdoInfoHeader
                0x20002428                pSdoSegObjEntry
                0x2000242c                nSdoSegSubindex
                0x2000242e                u16StoreIndex
                0x20002430                u8StoreSubindex
 *fill*         0x20002431        0x3 
 COMMON         0x20002434        0x1 build/LAN9255_SQI_DIRECT_MODE/production/_ext/1360937237/app.o
                0x20002434                appData
 *fill*         0x20002435        0x3 
 COMMON         0x20002438        0x4 c:/program files/microchip/xc32/v2.40/bin/bin/../../lib/gcc/pic32c/6.2.1/../../../../pic32c/lib/v7e-m/fpv4-sp/hard\libc_nano.a(lib_a-reent.o)
                0x20002438                errno
                0x2000243c                . = ALIGN (0x4)
                0x2000243c                __bss_end__ = .
                0x2000243c                _ebss = .
                0x2000243c                _ezero = .
                0x2000243c                . = ALIGN (0x4)
                0x2000243c                _end = .
                0x2003ffff                _ram_end_ = ((ORIGIN (ram) + LENGTH (ram)) - 0x1)
                0x00000800                _min_heap_size = 0x800
START GROUP
LOAD c:/program files/microchip/xc32/v2.40/bin/bin/../../lib/gcc/pic32c/6.2.1/../../../../pic32c/lib/v7e-m/fpv4-sp/hard\libpic32c.a
LOAD c:/program files/microchip/xc32/v2.40/bin/bin/../../lib/gcc/pic32c/6.2.1/v7e-m/fpv4-sp/hard\libgcc.a
LOAD c:/program files/microchip/xc32/v2.40/bin/bin/../../lib/gcc/pic32c/6.2.1/../../../../pic32c/lib/v7e-m/fpv4-sp/hard\libm_nano.a
LOAD c:/program files/microchip/xc32/v2.40/bin/bin/../../lib/gcc/pic32c/6.2.1/../../../../pic32c/lib/v7e-m/fpv4-sp/hard\libc_nano.a
END GROUP
LOAD c:/program files/microchip/xc32/v2.40/bin/bin/../../lib/gcc/pic32c/6.2.1/v7e-m/fpv4-sp/hard/crtend.o
LOAD c:/program files/microchip/xc32/v2.40/bin/bin/../../lib/gcc/pic32c/6.2.1/v7e-m/fpv4-sp/hard/crtn.o
OUTPUT(dist/LAN9255_SQI_DIRECT_MODE/production/EVB_LAN9255_Counter_FoE.X.production.elf elf32-littlearm)
LOAD stack
LOAD data_init

.ARM.attributes
                0x00000000       0x30
 .ARM.attributes
                0x00000000       0x22 c:/program files/microchip/xc32/v2.40/bin/bin/../../lib/gcc/pic32c/6.2.1/v7e-m/fpv4-sp/hard/crti.o
 .ARM.attributes
                0x00000022       0x34 c:/program files/microchip/xc32/v2.40/bin/bin/../../lib/gcc/pic32c/6.2.1/v7e-m/fpv4-sp/hard/crtbegin.o
 .ARM.attributes
                0x00000056       0x39 build/LAN9255_SQI_DIRECT_MODE/production/_ext/1984496892/plib_clock.o
 .ARM.attributes
                0x0000008f       0x39 build/LAN9255_SQI_DIRECT_MODE/production/_ext/60167341/plib_eic.o
 .ARM.attributes
                0x000000c8       0x39 build/LAN9255_SQI_DIRECT_MODE/production/_ext/1986646378/plib_evsys.o
 .ARM.attributes
                0x00000101       0x39 build/LAN9255_SQI_DIRECT_MODE/production/_ext/1865468468/plib_nvic.o
 .ARM.attributes
                0x0000013a       0x39 build/LAN9255_SQI_DIRECT_MODE/production/_ext/1593096446/plib_nvmctrl.o
 .ARM.attributes
                0x00000173       0x39 build/LAN9255_SQI_DIRECT_MODE/production/_ext/1865488526/oledc_driver.o
 .ARM.attributes
                0x000001ac       0x39 build/LAN9255_SQI_DIRECT_MODE/production/_ext/1865521619/plib_port.o
 .ARM.attributes
                0x000001e5       0x39 build/LAN9255_SQI_DIRECT_MODE/production/_ext/1865555181/plib_qspi.o
 .ARM.attributes
                0x0000021e       0x39 build/LAN9255_SQI_DIRECT_MODE/production/_ext/17022449/plib_sercom4_spi_master.o
 .ARM.attributes
                0x00000257       0x39 build/LAN9255_SQI_DIRECT_MODE/production/_ext/504274921/plib_sercom0_usart.o
 .ARM.attributes
                0x00000290       0x39 build/LAN9255_SQI_DIRECT_MODE/production/_ext/1827571544/plib_systick.o
 .ARM.attributes
                0x000002c9       0x39 build/LAN9255_SQI_DIRECT_MODE/production/_ext/163028504/xc32_monitor.o
 .ARM.attributes
                0x00000302       0x39 build/LAN9255_SQI_DIRECT_MODE/production/_ext/1171490990/exceptions.o
 .ARM.attributes
                0x0000033b       0x39 build/LAN9255_SQI_DIRECT_MODE/production/_ext/1171490990/initialization.o
 .ARM.attributes
                0x00000374       0x39 build/LAN9255_SQI_DIRECT_MODE/production/_ext/1171490990/interrupts.o
 .ARM.attributes
                0x000003ad       0x39 build/LAN9255_SQI_DIRECT_MODE/production/_ext/1171490990/startup_xc32.o
 .ARM.attributes
                0x000003e6       0x39 build/LAN9255_SQI_DIRECT_MODE/production/_ext/1171490990/tasks.o
 .ARM.attributes
                0x0000041f       0x39 build/LAN9255_SQI_DIRECT_MODE/production/_ext/1671622016/Drivers.o
 .ARM.attributes
                0x00000458       0x39 build/LAN9255_SQI_DIRECT_MODE/production/_ext/108147519/ESC_Utils.o
 .ARM.attributes
                0x00000491       0x39 build/LAN9255_SQI_DIRECT_MODE/production/_ext/108147519/LAN925x.o
 .ARM.attributes
                0x000004ca       0x39 build/LAN9255_SQI_DIRECT_MODE/production/_ext/108134065/bootmode.o
 .ARM.attributes
                0x00000503       0x39 build/LAN9255_SQI_DIRECT_MODE/production/_ext/108134065/coeappl.o
 .ARM.attributes
                0x0000053c       0x39 build/LAN9255_SQI_DIRECT_MODE/production/_ext/108134065/ecatappl.o
 .ARM.attributes
                0x00000575       0x39 build/LAN9255_SQI_DIRECT_MODE/production/_ext/108134065/ecatcoe.o
 .ARM.attributes
                0x000005ae       0x39 build/LAN9255_SQI_DIRECT_MODE/production/_ext/108134065/ecatfoe.o
 .ARM.attributes
                0x000005e7       0x39 build/LAN9255_SQI_DIRECT_MODE/production/_ext/108134065/ecatslv.o
 .ARM.attributes
                0x00000620       0x39 build/LAN9255_SQI_DIRECT_MODE/production/_ext/108134065/emcy.o
 .ARM.attributes
                0x00000659       0x39 build/LAN9255_SQI_DIRECT_MODE/production/_ext/108134065/foeappl.o
 .ARM.attributes
                0x00000692       0x39 build/LAN9255_SQI_DIRECT_MODE/production/_ext/108134065/mailbox.o
 .ARM.attributes
                0x000006cb       0x39 build/LAN9255_SQI_DIRECT_MODE/production/_ext/108134065/objdef.o
 .ARM.attributes
                0x00000704       0x39 build/LAN9255_SQI_DIRECT_MODE/production/_ext/108134065/sample_app.o
 .ARM.attributes
                0x0000073d       0x39 build/LAN9255_SQI_DIRECT_MODE/production/_ext/108134065/sdoserv.o
 .ARM.attributes
                0x00000776       0x39 build/LAN9255_SQI_DIRECT_MODE/production/_ext/1360937237/main.o
 .ARM.attributes
                0x000007af       0x39 build/LAN9255_SQI_DIRECT_MODE/production/_ext/1360937237/app.o
 .ARM.attributes
                0x000007e8       0x34 c:/program files/microchip/xc32/v2.40/bin/bin/../../lib/gcc/pic32c/6.2.1/../../../../pic32c/lib/v7e-m/fpv4-sp/hard\libpic32c.a(data_init.o)
 .ARM.attributes
                0x0000081c       0x22 c:/program files/microchip/xc32/v2.40/bin/bin/../../lib/gcc/pic32c/6.2.1/v7e-m/fpv4-sp/hard\libgcc.a(_aeabi_uldivmod.o)
 .ARM.attributes
                0x0000083e       0x34 c:/program files/microchip/xc32/v2.40/bin/bin/../../lib/gcc/pic32c/6.2.1/v7e-m/fpv4-sp/hard\libgcc.a(_udivmoddi4.o)
 .ARM.attributes
                0x00000872       0x22 c:/program files/microchip/xc32/v2.40/bin/bin/../../lib/gcc/pic32c/6.2.1/v7e-m/fpv4-sp/hard\libgcc.a(_dvmd_tls.o)
 .ARM.attributes
                0x00000894       0x34 c:/program files/microchip/xc32/v2.40/bin/bin/../../lib/gcc/pic32c/6.2.1/../../../../pic32c/lib/v7e-m/fpv4-sp/hard\libc_nano.a(lib_a-init.o)
 .ARM.attributes
                0x000008c8       0x34 c:/program files/microchip/xc32/v2.40/bin/bin/../../lib/gcc/pic32c/6.2.1/../../../../pic32c/lib/v7e-m/fpv4-sp/hard\libc_nano.a(lib_a-malloc.o)
 .ARM.attributes
                0x000008fc       0x34 c:/program files/microchip/xc32/v2.40/bin/bin/../../lib/gcc/pic32c/6.2.1/../../../../pic32c/lib/v7e-m/fpv4-sp/hard\libc_nano.a(lib_a-memcpy-stub.o)
 .ARM.attributes
                0x00000930       0x34 c:/program files/microchip/xc32/v2.40/bin/bin/../../lib/gcc/pic32c/6.2.1/../../../../pic32c/lib/v7e-m/fpv4-sp/hard\libc_nano.a(lib_a-memset.o)
 .ARM.attributes
                0x00000964       0x34 c:/program files/microchip/xc32/v2.40/bin/bin/../../lib/gcc/pic32c/6.2.1/../../../../pic32c/lib/v7e-m/fpv4-sp/hard\libc_nano.a(lib_a-nano-freer.o)
 .ARM.attributes
                0x00000998       0x34 c:/program files/microchip/xc32/v2.40/bin/bin/../../lib/gcc/pic32c/6.2.1/../../../../pic32c/lib/v7e-m/fpv4-sp/hard\libc_nano.a(lib_a-nano-mallocr.o)
 .ARM.attributes
                0x000009cc       0x34 c:/program files/microchip/xc32/v2.40/bin/bin/../../lib/gcc/pic32c/6.2.1/../../../../pic32c/lib/v7e-m/fpv4-sp/hard\libc_nano.a(lib_a-sbrkr.o)
 .ARM.attributes
                0x00000a00       0x34 c:/program files/microchip/xc32/v2.40/bin/bin/../../lib/gcc/pic32c/6.2.1/../../../../pic32c/lib/v7e-m/fpv4-sp/hard\libc_nano.a(_lib_a-sprintf.cdnopuxX.o)
 .ARM.attributes
                0x00000a34       0x1b c:/program files/microchip/xc32/v2.40/bin/bin/../../lib/gcc/pic32c/6.2.1/../../../../pic32c/lib/v7e-m/fpv4-sp/hard\libc_nano.a(lib_a-strlen.o)
 .ARM.attributes
                0x00000a4f       0x34 c:/program files/microchip/xc32/v2.40/bin/bin/../../lib/gcc/pic32c/6.2.1/../../../../pic32c/lib/v7e-m/fpv4-sp/hard\libc_nano.a(lib_a-impure.o)
 .ARM.attributes
                0x00000a83       0x34 c:/program files/microchip/xc32/v2.40/bin/bin/../../lib/gcc/pic32c/6.2.1/../../../../pic32c/lib/v7e-m/fpv4-sp/hard\libc_nano.a(lib_a-mlock.o)
 .ARM.attributes
                0x00000ab7       0x34 c:/program files/microchip/xc32/v2.40/bin/bin/../../lib/gcc/pic32c/6.2.1/../../../../pic32c/lib/v7e-m/fpv4-sp/hard\libc_nano.a(_lib_a-nano-vfprintf.cdnopuxX.o)
 .ARM.attributes
                0x00000aeb       0x34 c:/program files/microchip/xc32/v2.40/bin/bin/../../lib/gcc/pic32c/6.2.1/../../../../pic32c/lib/v7e-m/fpv4-sp/hard\libc_nano.a(lib_a-nano-vfprintf_i.o)
 .ARM.attributes
                0x00000b1f       0x34 c:/program files/microchip/xc32/v2.40/bin/bin/../../lib/gcc/pic32c/6.2.1/../../../../pic32c/lib/v7e-m/fpv4-sp/hard\libc_nano.a(lib_a-reent.o)
 .ARM.attributes
                0x00000b53       0x34 c:/program files/microchip/xc32/v2.40/bin/bin/../../lib/gcc/pic32c/6.2.1/../../../../pic32c/lib/v7e-m/fpv4-sp/hard\libc_nano.a(lib_a-__ssfputs.o)
 .ARM.attributes
                0x00000b87       0x34 c:/program files/microchip/xc32/v2.40/bin/bin/../../lib/gcc/pic32c/6.2.1/../../../../pic32c/lib/v7e-m/fpv4-sp/hard\libc_nano.a(lib_a-wbuf.o)
 .ARM.attributes
                0x00000bbb       0x34 c:/program files/microchip/xc32/v2.40/bin/bin/../../lib/gcc/pic32c/6.2.1/../../../../pic32c/lib/v7e-m/fpv4-sp/hard\libc_nano.a(lib_a-wsetup.o)
 .ARM.attributes
                0x00000bef       0x34 c:/program files/microchip/xc32/v2.40/bin/bin/../../lib/gcc/pic32c/6.2.1/../../../../pic32c/lib/v7e-m/fpv4-sp/hard\libc_nano.a(lib_a-fflush.o)
 .ARM.attributes
                0x00000c23       0x34 c:/program files/microchip/xc32/v2.40/bin/bin/../../lib/gcc/pic32c/6.2.1/../../../../pic32c/lib/v7e-m/fpv4-sp/hard\libc_nano.a(lib_a-findfp.o)
 .ARM.attributes
                0x00000c57       0x34 c:/program files/microchip/xc32/v2.40/bin/bin/../../lib/gcc/pic32c/6.2.1/../../../../pic32c/lib/v7e-m/fpv4-sp/hard\libc_nano.a(lib_a-fputwc.o)
 .ARM.attributes
                0x00000c8b       0x34 c:/program files/microchip/xc32/v2.40/bin/bin/../../lib/gcc/pic32c/6.2.1/../../../../pic32c/lib/v7e-m/fpv4-sp/hard\libc_nano.a(lib_a-fwalk.o)
 .ARM.attributes
                0x00000cbf       0x34 c:/program files/microchip/xc32/v2.40/bin/bin/../../lib/gcc/pic32c/6.2.1/../../../../pic32c/lib/v7e-m/fpv4-sp/hard\libc_nano.a(lib_a-locale.o)
 .ARM.attributes
                0x00000cf3       0x34 c:/program files/microchip/xc32/v2.40/bin/bin/../../lib/gcc/pic32c/6.2.1/../../../../pic32c/lib/v7e-m/fpv4-sp/hard\libc_nano.a(lib_a-makebuf.o)
 .ARM.attributes
                0x00000d27       0x34 c:/program files/microchip/xc32/v2.40/bin/bin/../../lib/gcc/pic32c/6.2.1/../../../../pic32c/lib/v7e-m/fpv4-sp/hard\libc_nano.a(lib_a-mbtowc_r.o)
 .ARM.attributes
                0x00000d5b       0x20 c:/program files/microchip/xc32/v2.40/bin/bin/../../lib/gcc/pic32c/6.2.1/../../../../pic32c/lib/v7e-m/fpv4-sp/hard\libc_nano.a(lib_a-memchr.o)
 .ARM.attributes
                0x00000d7b       0x34 c:/program files/microchip/xc32/v2.40/bin/bin/../../lib/gcc/pic32c/6.2.1/../../../../pic32c/lib/v7e-m/fpv4-sp/hard\libc_nano.a(lib_a-stdio.o)
 .ARM.attributes
                0x00000daf       0x34 c:/program files/microchip/xc32/v2.40/bin/bin/../../lib/gcc/pic32c/6.2.1/../../../../pic32c/lib/v7e-m/fpv4-sp/hard\libc_nano.a(lib_a-wcrtomb.o)
 .ARM.attributes
                0x00000de3       0x34 c:/program files/microchip/xc32/v2.40/bin/bin/../../lib/gcc/pic32c/6.2.1/../../../../pic32c/lib/v7e-m/fpv4-sp/hard\libc_nano.a(lib_a-wctomb_r.o)
 .ARM.attributes
                0x00000e17       0x34 c:/program files/microchip/xc32/v2.40/bin/bin/../../lib/gcc/pic32c/6.2.1/../../../../pic32c/lib/v7e-m/fpv4-sp/hard\libc_nano.a(lib_a-writer.o)
 .ARM.attributes
                0x00000e4b       0x34 c:/program files/microchip/xc32/v2.40/bin/bin/../../lib/gcc/pic32c/6.2.1/../../../../pic32c/lib/v7e-m/fpv4-sp/hard\libc_nano.a(lib_a-closer.o)
 .ARM.attributes
                0x00000e7f       0x34 c:/program files/microchip/xc32/v2.40/bin/bin/../../lib/gcc/pic32c/6.2.1/../../../../pic32c/lib/v7e-m/fpv4-sp/hard\libc_nano.a(lib_a-ctype_.o)
 .ARM.attributes
                0x00000eb3       0x34 c:/program files/microchip/xc32/v2.40/bin/bin/../../lib/gcc/pic32c/6.2.1/../../../../pic32c/lib/v7e-m/fpv4-sp/hard\libc_nano.a(lib_a-fstatr.o)
 .ARM.attributes
                0x00000ee7       0x34 c:/program files/microchip/xc32/v2.40/bin/bin/../../lib/gcc/pic32c/6.2.1/../../../../pic32c/lib/v7e-m/fpv4-sp/hard\libc_nano.a(lib_a-isattyr.o)
 .ARM.attributes
                0x00000f1b       0x34 c:/program files/microchip/xc32/v2.40/bin/bin/../../lib/gcc/pic32c/6.2.1/../../../../pic32c/lib/v7e-m/fpv4-sp/hard\libc_nano.a(lib_a-lseekr.o)
 .ARM.attributes
                0x00000f4f       0x34 c:/program files/microchip/xc32/v2.40/bin/bin/../../lib/gcc/pic32c/6.2.1/../../../../pic32c/lib/v7e-m/fpv4-sp/hard\libc_nano.a(lib_a-readr.o)
 .ARM.attributes
                0x00000f83       0x34 c:/program files/microchip/xc32/v2.40/bin/bin/../../lib/gcc/pic32c/6.2.1/../../../../pic32c/lib/v7e-m/fpv4-sp/hard\libpic32c.a(_close.o)
 .ARM.attributes
                0x00000fb7       0x34 c:/program files/microchip/xc32/v2.40/bin/bin/../../lib/gcc/pic32c/6.2.1/../../../../pic32c/lib/v7e-m/fpv4-sp/hard\libpic32c.a(_fstat.o)
 .ARM.attributes
                0x00000feb       0x34 c:/program files/microchip/xc32/v2.40/bin/bin/../../lib/gcc/pic32c/6.2.1/../../../../pic32c/lib/v7e-m/fpv4-sp/hard\libpic32c.a(_isatty.o)
 .ARM.attributes
                0x0000101f       0x34 c:/program files/microchip/xc32/v2.40/bin/bin/../../lib/gcc/pic32c/6.2.1/../../../../pic32c/lib/v7e-m/fpv4-sp/hard\libpic32c.a(_lseek.o)
 .ARM.attributes
                0x00001053       0x34 c:/program files/microchip/xc32/v2.40/bin/bin/../../lib/gcc/pic32c/6.2.1/../../../../pic32c/lib/v7e-m/fpv4-sp/hard\libpic32c.a(_read.o)
 .ARM.attributes
                0x00001087       0x34 c:/program files/microchip/xc32/v2.40/bin/bin/../../lib/gcc/pic32c/6.2.1/../../../../pic32c/lib/v7e-m/fpv4-sp/hard\libpic32c.a(sbrk.o)
 .ARM.attributes
                0x000010bb       0x34 c:/program files/microchip/xc32/v2.40/bin/bin/../../lib/gcc/pic32c/6.2.1/../../../../pic32c/lib/v7e-m/fpv4-sp/hard\libpic32c.a(_write.o)
 .ARM.attributes
                0x000010ef       0x34 c:/program files/microchip/xc32/v2.40/bin/bin/../../lib/gcc/pic32c/6.2.1/../../../../pic32c/lib/v7e-m/fpv4-sp/hard\libpic32c.a(close.o)
 .ARM.attributes
                0x00001123       0x34 c:/program files/microchip/xc32/v2.40/bin/bin/../../lib/gcc/pic32c/6.2.1/../../../../pic32c/lib/v7e-m/fpv4-sp/hard\libpic32c.a(fstat.o)
 .ARM.attributes
                0x00001157       0x34 c:/program files/microchip/xc32/v2.40/bin/bin/../../lib/gcc/pic32c/6.2.1/../../../../pic32c/lib/v7e-m/fpv4-sp/hard\libpic32c.a(isatty.o)
 .ARM.attributes
                0x0000118b       0x34 c:/program files/microchip/xc32/v2.40/bin/bin/../../lib/gcc/pic32c/6.2.1/../../../../pic32c/lib/v7e-m/fpv4-sp/hard\libpic32c.a(lseek.o)
 .ARM.attributes
                0x000011bf       0x34 c:/program files/microchip/xc32/v2.40/bin/bin/../../lib/gcc/pic32c/6.2.1/../../../../pic32c/lib/v7e-m/fpv4-sp/hard\libpic32c.a(read.o)
 .ARM.attributes
                0x000011f3       0x34 c:/program files/microchip/xc32/v2.40/bin/bin/../../lib/gcc/pic32c/6.2.1/../../../../pic32c/lib/v7e-m/fpv4-sp/hard\libpic32c.a(write.o)
 .ARM.attributes
                0x00001227       0x22 c:/program files/microchip/xc32/v2.40/bin/bin/../../lib/gcc/pic32c/6.2.1/v7e-m/fpv4-sp/hard/crtn.o

.comment        0x00000000       0x3c
 .comment       0x00000000       0x3c c:/program files/microchip/xc32/v2.40/bin/bin/../../lib/gcc/pic32c/6.2.1/v7e-m/fpv4-sp/hard/crtbegin.o
                                 0x3d (size before relaxing)
 .comment       0x0000003c       0x3d build/LAN9255_SQI_DIRECT_MODE/production/_ext/1984496892/plib_clock.o
 .comment       0x0000003c       0x3d build/LAN9255_SQI_DIRECT_MODE/production/_ext/60167341/plib_eic.o
 .comment       0x0000003c       0x3d build/LAN9255_SQI_DIRECT_MODE/production/_ext/1986646378/plib_evsys.o
 .comment       0x0000003c       0x3d build/LAN9255_SQI_DIRECT_MODE/production/_ext/1865468468/plib_nvic.o
 .comment       0x0000003c       0x3d build/LAN9255_SQI_DIRECT_MODE/production/_ext/1593096446/plib_nvmctrl.o
 .comment       0x0000003c       0x3d build/LAN9255_SQI_DIRECT_MODE/production/_ext/1865488526/oledc_driver.o
 .comment       0x0000003c       0x3d build/LAN9255_SQI_DIRECT_MODE/production/_ext/1865521619/plib_port.o
 .comment       0x0000003c       0x3d build/LAN9255_SQI_DIRECT_MODE/production/_ext/1865555181/plib_qspi.o
 .comment       0x0000003c       0x3d build/LAN9255_SQI_DIRECT_MODE/production/_ext/17022449/plib_sercom4_spi_master.o
 .comment       0x0000003c       0x3d build/LAN9255_SQI_DIRECT_MODE/production/_ext/504274921/plib_sercom0_usart.o
 .comment       0x0000003c       0x3d build/LAN9255_SQI_DIRECT_MODE/production/_ext/1827571544/plib_systick.o
 .comment       0x0000003c       0x3d build/LAN9255_SQI_DIRECT_MODE/production/_ext/163028504/xc32_monitor.o
 .comment       0x0000003c       0x3d build/LAN9255_SQI_DIRECT_MODE/production/_ext/1171490990/exceptions.o
 .comment       0x0000003c       0x3d build/LAN9255_SQI_DIRECT_MODE/production/_ext/1171490990/initialization.o
 .comment       0x0000003c       0x3d build/LAN9255_SQI_DIRECT_MODE/production/_ext/1171490990/interrupts.o
 .comment       0x0000003c       0x3d build/LAN9255_SQI_DIRECT_MODE/production/_ext/1171490990/startup_xc32.o
 .comment       0x0000003c       0x3d build/LAN9255_SQI_DIRECT_MODE/production/_ext/1171490990/tasks.o
 .comment       0x0000003c       0x3d build/LAN9255_SQI_DIRECT_MODE/production/_ext/1671622016/Drivers.o
 .comment       0x0000003c       0x3d build/LAN9255_SQI_DIRECT_MODE/production/_ext/108147519/ESC_Utils.o
 .comment       0x0000003c       0x3d build/LAN9255_SQI_DIRECT_MODE/production/_ext/108147519/LAN925x.o
 .comment       0x0000003c       0x3d build/LAN9255_SQI_DIRECT_MODE/production/_ext/108134065/bootmode.o
 .comment       0x0000003c       0x3d build/LAN9255_SQI_DIRECT_MODE/production/_ext/108134065/coeappl.o
 .comment       0x0000003c       0x3d build/LAN9255_SQI_DIRECT_MODE/production/_ext/108134065/ecatappl.o
 .comment       0x0000003c       0x3d build/LAN9255_SQI_DIRECT_MODE/production/_ext/108134065/ecatcoe.o
 .comment       0x0000003c       0x3d build/LAN9255_SQI_DIRECT_MODE/production/_ext/108134065/ecatfoe.o
 .comment       0x0000003c       0x3d build/LAN9255_SQI_DIRECT_MODE/production/_ext/108134065/ecatslv.o
 .comment       0x0000003c       0x3d build/LAN9255_SQI_DIRECT_MODE/production/_ext/108134065/emcy.o
 .comment       0x0000003c       0x3d build/LAN9255_SQI_DIRECT_MODE/production/_ext/108134065/foeappl.o
 .comment       0x0000003c       0x3d build/LAN9255_SQI_DIRECT_MODE/production/_ext/108134065/mailbox.o
 .comment       0x0000003c       0x3d build/LAN9255_SQI_DIRECT_MODE/production/_ext/108134065/objdef.o
 .comment       0x0000003c       0x3d build/LAN9255_SQI_DIRECT_MODE/production/_ext/108134065/sample_app.o
 .comment       0x0000003c       0x3d build/LAN9255_SQI_DIRECT_MODE/production/_ext/108134065/sdoserv.o
 .comment       0x0000003c       0x3d build/LAN9255_SQI_DIRECT_MODE/production/_ext/1360937237/main.o
 .comment       0x0000003c       0x3d build/LAN9255_SQI_DIRECT_MODE/production/_ext/1360937237/app.o
 .comment       0x0000003c       0x3d c:/program files/microchip/xc32/v2.40/bin/bin/../../lib/gcc/pic32c/6.2.1/../../../../pic32c/lib/v7e-m/fpv4-sp/hard\libpic32c.a(data_init.o)
 .comment       0x0000003c       0x3d c:/program files/microchip/xc32/v2.40/bin/bin/../../lib/gcc/pic32c/6.2.1/v7e-m/fpv4-sp/hard\libgcc.a(_udivmoddi4.o)
 .comment       0x0000003c       0x3d c:/program files/microchip/xc32/v2.40/bin/bin/../../lib/gcc/pic32c/6.2.1/../../../../pic32c/lib/v7e-m/fpv4-sp/hard\libc_nano.a(lib_a-init.o)
 .comment       0x0000003c       0x3d c:/program files/microchip/xc32/v2.40/bin/bin/../../lib/gcc/pic32c/6.2.1/../../../../pic32c/lib/v7e-m/fpv4-sp/hard\libc_nano.a(lib_a-malloc.o)
 .comment       0x0000003c       0x3d c:/program files/microchip/xc32/v2.40/bin/bin/../../lib/gcc/pic32c/6.2.1/../../../../pic32c/lib/v7e-m/fpv4-sp/hard\libc_nano.a(lib_a-memcpy-stub.o)
 .comment       0x0000003c       0x3d c:/program files/microchip/xc32/v2.40/bin/bin/../../lib/gcc/pic32c/6.2.1/../../../../pic32c/lib/v7e-m/fpv4-sp/hard\libc_nano.a(lib_a-memset.o)
 .comment       0x0000003c       0x3d c:/program files/microchip/xc32/v2.40/bin/bin/../../lib/gcc/pic32c/6.2.1/../../../../pic32c/lib/v7e-m/fpv4-sp/hard\libc_nano.a(lib_a-nano-freer.o)
 .comment       0x0000003c       0x3d c:/program files/microchip/xc32/v2.40/bin/bin/../../lib/gcc/pic32c/6.2.1/../../../../pic32c/lib/v7e-m/fpv4-sp/hard\libc_nano.a(lib_a-nano-mallocr.o)
 .comment       0x0000003c       0x3d c:/program files/microchip/xc32/v2.40/bin/bin/../../lib/gcc/pic32c/6.2.1/../../../../pic32c/lib/v7e-m/fpv4-sp/hard\libc_nano.a(lib_a-sbrkr.o)
 .comment       0x0000003c       0x3d c:/program files/microchip/xc32/v2.40/bin/bin/../../lib/gcc/pic32c/6.2.1/../../../../pic32c/lib/v7e-m/fpv4-sp/hard\libc_nano.a(_lib_a-sprintf.cdnopuxX.o)
 .comment       0x0000003c       0x3d c:/program files/microchip/xc32/v2.40/bin/bin/../../lib/gcc/pic32c/6.2.1/../../../../pic32c/lib/v7e-m/fpv4-sp/hard\libc_nano.a(lib_a-impure.o)
 .comment       0x0000003c       0x3d c:/program files/microchip/xc32/v2.40/bin/bin/../../lib/gcc/pic32c/6.2.1/../../../../pic32c/lib/v7e-m/fpv4-sp/hard\libc_nano.a(lib_a-mlock.o)
 .comment       0x0000003c       0x3d c:/program files/microchip/xc32/v2.40/bin/bin/../../lib/gcc/pic32c/6.2.1/../../../../pic32c/lib/v7e-m/fpv4-sp/hard\libc_nano.a(_lib_a-nano-vfprintf.cdnopuxX.o)
 .comment       0x0000003c       0x3d c:/program files/microchip/xc32/v2.40/bin/bin/../../lib/gcc/pic32c/6.2.1/../../../../pic32c/lib/v7e-m/fpv4-sp/hard\libc_nano.a(lib_a-nano-vfprintf_i.o)
 .comment       0x0000003c       0x3d c:/program files/microchip/xc32/v2.40/bin/bin/../../lib/gcc/pic32c/6.2.1/../../../../pic32c/lib/v7e-m/fpv4-sp/hard\libc_nano.a(lib_a-reent.o)
 .comment       0x0000003c       0x3d c:/program files/microchip/xc32/v2.40/bin/bin/../../lib/gcc/pic32c/6.2.1/../../../../pic32c/lib/v7e-m/fpv4-sp/hard\libc_nano.a(lib_a-__ssfputs.o)
 .comment       0x0000003c       0x3d c:/program files/microchip/xc32/v2.40/bin/bin/../../lib/gcc/pic32c/6.2.1/../../../../pic32c/lib/v7e-m/fpv4-sp/hard\libc_nano.a(lib_a-wbuf.o)
 .comment       0x0000003c       0x3d c:/program files/microchip/xc32/v2.40/bin/bin/../../lib/gcc/pic32c/6.2.1/../../../../pic32c/lib/v7e-m/fpv4-sp/hard\libc_nano.a(lib_a-wsetup.o)
 .comment       0x0000003c       0x3d c:/program files/microchip/xc32/v2.40/bin/bin/../../lib/gcc/pic32c/6.2.1/../../../../pic32c/lib/v7e-m/fpv4-sp/hard\libc_nano.a(lib_a-fflush.o)
 .comment       0x0000003c       0x3d c:/program files/microchip/xc32/v2.40/bin/bin/../../lib/gcc/pic32c/6.2.1/../../../../pic32c/lib/v7e-m/fpv4-sp/hard\libc_nano.a(lib_a-findfp.o)
 .comment       0x0000003c       0x3d c:/program files/microchip/xc32/v2.40/bin/bin/../../lib/gcc/pic32c/6.2.1/../../../../pic32c/lib/v7e-m/fpv4-sp/hard\libc_nano.a(lib_a-fputwc.o)
 .comment       0x0000003c       0x3d c:/program files/microchip/xc32/v2.40/bin/bin/../../lib/gcc/pic32c/6.2.1/../../../../pic32c/lib/v7e-m/fpv4-sp/hard\libc_nano.a(lib_a-fwalk.o)
 .comment       0x0000003c       0x3d c:/program files/microchip/xc32/v2.40/bin/bin/../../lib/gcc/pic32c/6.2.1/../../../../pic32c/lib/v7e-m/fpv4-sp/hard\libc_nano.a(lib_a-locale.o)
 .comment       0x0000003c       0x3d c:/program files/microchip/xc32/v2.40/bin/bin/../../lib/gcc/pic32c/6.2.1/../../../../pic32c/lib/v7e-m/fpv4-sp/hard\libc_nano.a(lib_a-makebuf.o)
 .comment       0x0000003c       0x3d c:/program files/microchip/xc32/v2.40/bin/bin/../../lib/gcc/pic32c/6.2.1/../../../../pic32c/lib/v7e-m/fpv4-sp/hard\libc_nano.a(lib_a-mbtowc_r.o)
 .comment       0x0000003c       0x3d c:/program files/microchip/xc32/v2.40/bin/bin/../../lib/gcc/pic32c/6.2.1/../../../../pic32c/lib/v7e-m/fpv4-sp/hard\libc_nano.a(lib_a-stdio.o)
 .comment       0x0000003c       0x3d c:/program files/microchip/xc32/v2.40/bin/bin/../../lib/gcc/pic32c/6.2.1/../../../../pic32c/lib/v7e-m/fpv4-sp/hard\libc_nano.a(lib_a-wcrtomb.o)
 .comment       0x0000003c       0x3d c:/program files/microchip/xc32/v2.40/bin/bin/../../lib/gcc/pic32c/6.2.1/../../../../pic32c/lib/v7e-m/fpv4-sp/hard\libc_nano.a(lib_a-wctomb_r.o)
 .comment       0x0000003c       0x3d c:/program files/microchip/xc32/v2.40/bin/bin/../../lib/gcc/pic32c/6.2.1/../../../../pic32c/lib/v7e-m/fpv4-sp/hard\libc_nano.a(lib_a-writer.o)
 .comment       0x0000003c       0x3d c:/program files/microchip/xc32/v2.40/bin/bin/../../lib/gcc/pic32c/6.2.1/../../../../pic32c/lib/v7e-m/fpv4-sp/hard\libc_nano.a(lib_a-closer.o)
 .comment       0x0000003c       0x3d c:/program files/microchip/xc32/v2.40/bin/bin/../../lib/gcc/pic32c/6.2.1/../../../../pic32c/lib/v7e-m/fpv4-sp/hard\libc_nano.a(lib_a-ctype_.o)
 .comment       0x0000003c       0x3d c:/program files/microchip/xc32/v2.40/bin/bin/../../lib/gcc/pic32c/6.2.1/../../../../pic32c/lib/v7e-m/fpv4-sp/hard\libc_nano.a(lib_a-fstatr.o)
 .comment       0x0000003c       0x3d c:/program files/microchip/xc32/v2.40/bin/bin/../../lib/gcc/pic32c/6.2.1/../../../../pic32c/lib/v7e-m/fpv4-sp/hard\libc_nano.a(lib_a-isattyr.o)
 .comment       0x0000003c       0x3d c:/program files/microchip/xc32/v2.40/bin/bin/../../lib/gcc/pic32c/6.2.1/../../../../pic32c/lib/v7e-m/fpv4-sp/hard\libc_nano.a(lib_a-lseekr.o)
 .comment       0x0000003c       0x3d c:/program files/microchip/xc32/v2.40/bin/bin/../../lib/gcc/pic32c/6.2.1/../../../../pic32c/lib/v7e-m/fpv4-sp/hard\libc_nano.a(lib_a-readr.o)
 .comment       0x0000003c       0x3d c:/program files/microchip/xc32/v2.40/bin/bin/../../lib/gcc/pic32c/6.2.1/../../../../pic32c/lib/v7e-m/fpv4-sp/hard\libpic32c.a(_close.o)
 .comment       0x0000003c       0x3d c:/program files/microchip/xc32/v2.40/bin/bin/../../lib/gcc/pic32c/6.2.1/../../../../pic32c/lib/v7e-m/fpv4-sp/hard\libpic32c.a(_fstat.o)
 .comment       0x0000003c       0x3d c:/program files/microchip/xc32/v2.40/bin/bin/../../lib/gcc/pic32c/6.2.1/../../../../pic32c/lib/v7e-m/fpv4-sp/hard\libpic32c.a(_isatty.o)
 .comment       0x0000003c       0x3d c:/program files/microchip/xc32/v2.40/bin/bin/../../lib/gcc/pic32c/6.2.1/../../../../pic32c/lib/v7e-m/fpv4-sp/hard\libpic32c.a(_lseek.o)
 .comment       0x0000003c       0x3d c:/program files/microchip/xc32/v2.40/bin/bin/../../lib/gcc/pic32c/6.2.1/../../../../pic32c/lib/v7e-m/fpv4-sp/hard\libpic32c.a(_read.o)
 .comment       0x0000003c       0x3d c:/program files/microchip/xc32/v2.40/bin/bin/../../lib/gcc/pic32c/6.2.1/../../../../pic32c/lib/v7e-m/fpv4-sp/hard\libpic32c.a(sbrk.o)
 .comment       0x0000003c       0x3d c:/program files/microchip/xc32/v2.40/bin/bin/../../lib/gcc/pic32c/6.2.1/../../../../pic32c/lib/v7e-m/fpv4-sp/hard\libpic32c.a(_write.o)
 .comment       0x0000003c       0x3d c:/program files/microchip/xc32/v2.40/bin/bin/../../lib/gcc/pic32c/6.2.1/../../../../pic32c/lib/v7e-m/fpv4-sp/hard\libpic32c.a(close.o)
 .comment       0x0000003c       0x3d c:/program files/microchip/xc32/v2.40/bin/bin/../../lib/gcc/pic32c/6.2.1/../../../../pic32c/lib/v7e-m/fpv4-sp/hard\libpic32c.a(fstat.o)
 .comment       0x0000003c       0x3d c:/program files/microchip/xc32/v2.40/bin/bin/../../lib/gcc/pic32c/6.2.1/../../../../pic32c/lib/v7e-m/fpv4-sp/hard\libpic32c.a(isatty.o)
 .comment       0x0000003c       0x3d c:/program files/microchip/xc32/v2.40/bin/bin/../../lib/gcc/pic32c/6.2.1/../../../../pic32c/lib/v7e-m/fpv4-sp/hard\libpic32c.a(lseek.o)
 .comment       0x0000003c       0x3d c:/program files/microchip/xc32/v2.40/bin/bin/../../lib/gcc/pic32c/6.2.1/../../../../pic32c/lib/v7e-m/fpv4-sp/hard\libpic32c.a(read.o)
 .comment       0x0000003c       0x3d c:/program files/microchip/xc32/v2.40/bin/bin/../../lib/gcc/pic32c/6.2.1/../../../../pic32c/lib/v7e-m/fpv4-sp/hard\libpic32c.a(write.o)

.debug_info     0x00000000    0x5f9e2
 .debug_info    0x00000000      0xc18 build/LAN9255_SQI_DIRECT_MODE/production/_ext/1984496892/plib_clock.o
 .debug_info    0x00000c18      0x842 build/LAN9255_SQI_DIRECT_MODE/production/_ext/60167341/plib_eic.o
 .debug_info    0x0000145a      0x3bd build/LAN9255_SQI_DIRECT_MODE/production/_ext/1986646378/plib_evsys.o
 .debug_info    0x00001817     0x115c build/LAN9255_SQI_DIRECT_MODE/production/_ext/1865468468/plib_nvic.o
 .debug_info    0x00002973     0x171d build/LAN9255_SQI_DIRECT_MODE/production/_ext/1593096446/plib_nvmctrl.o
 .debug_info    0x00004090     0x1a2c build/LAN9255_SQI_DIRECT_MODE/production/_ext/1865488526/oledc_driver.o
 .debug_info    0x00005abc      0x879 build/LAN9255_SQI_DIRECT_MODE/production/_ext/1865521619/plib_port.o
 .debug_info    0x00006335      0xcdf build/LAN9255_SQI_DIRECT_MODE/production/_ext/1865555181/plib_qspi.o
 .debug_info    0x00007014     0x13e8 build/LAN9255_SQI_DIRECT_MODE/production/_ext/17022449/plib_sercom4_spi_master.o
 .debug_info    0x000083fc     0x17a2 build/LAN9255_SQI_DIRECT_MODE/production/_ext/504274921/plib_sercom0_usart.o
 .debug_info    0x00009b9e      0x718 build/LAN9255_SQI_DIRECT_MODE/production/_ext/1827571544/plib_systick.o
 .debug_info    0x0000a2b6      0x300 build/LAN9255_SQI_DIRECT_MODE/production/_ext/163028504/xc32_monitor.o
 .debug_info    0x0000a5b6     0x1040 build/LAN9255_SQI_DIRECT_MODE/production/_ext/1171490990/exceptions.o
 .debug_info    0x0000b5f6      0xf95 build/LAN9255_SQI_DIRECT_MODE/production/_ext/1171490990/initialization.o
 .debug_info    0x0000c58b     0x2282 build/LAN9255_SQI_DIRECT_MODE/production/_ext/1171490990/interrupts.o
 .debug_info    0x0000e80d     0x1441 build/LAN9255_SQI_DIRECT_MODE/production/_ext/1171490990/startup_xc32.o
 .debug_info    0x0000fc4e      0xf6a build/LAN9255_SQI_DIRECT_MODE/production/_ext/1171490990/tasks.o
 .debug_info    0x00010bb8     0x30e2 build/LAN9255_SQI_DIRECT_MODE/production/_ext/1671622016/Drivers.o
 .debug_info    0x00013c9a     0x12c5 build/LAN9255_SQI_DIRECT_MODE/production/_ext/108147519/ESC_Utils.o
 .debug_info    0x00014f5f     0x1f27 build/LAN9255_SQI_DIRECT_MODE/production/_ext/108147519/LAN925x.o
 .debug_info    0x00016e86     0x12af build/LAN9255_SQI_DIRECT_MODE/production/_ext/108134065/bootmode.o
 .debug_info    0x00018135     0x2f40 build/LAN9255_SQI_DIRECT_MODE/production/_ext/108134065/coeappl.o
 .debug_info    0x0001b075     0x28eb build/LAN9255_SQI_DIRECT_MODE/production/_ext/108134065/ecatappl.o
 .debug_info    0x0001d960     0x16c7 build/LAN9255_SQI_DIRECT_MODE/production/_ext/108134065/ecatcoe.o
 .debug_info    0x0001f027     0x1aa4 build/LAN9255_SQI_DIRECT_MODE/production/_ext/108134065/ecatfoe.o
 .debug_info    0x00020acb     0x2cbd build/LAN9255_SQI_DIRECT_MODE/production/_ext/108134065/ecatslv.o
 .debug_info    0x00023788     0x1b2c build/LAN9255_SQI_DIRECT_MODE/production/_ext/108134065/emcy.o
 .debug_info    0x000252b4     0x204f build/LAN9255_SQI_DIRECT_MODE/production/_ext/108134065/foeappl.o
 .debug_info    0x00027303     0x21e9 build/LAN9255_SQI_DIRECT_MODE/production/_ext/108134065/mailbox.o
 .debug_info    0x000294ec     0x27f7 build/LAN9255_SQI_DIRECT_MODE/production/_ext/108134065/objdef.o
 .debug_info    0x0002bce3     0x306d build/LAN9255_SQI_DIRECT_MODE/production/_ext/108134065/sample_app.o
 .debug_info    0x0002ed50     0x2afc build/LAN9255_SQI_DIRECT_MODE/production/_ext/108134065/sdoserv.o
 .debug_info    0x0003184c      0xf59 build/LAN9255_SQI_DIRECT_MODE/production/_ext/1360937237/main.o
 .debug_info    0x000327a5     0x2b39 build/LAN9255_SQI_DIRECT_MODE/production/_ext/1360937237/app.o
 .debug_info    0x000352de      0x2a2 c:/program files/microchip/xc32/v2.40/bin/bin/../../lib/gcc/pic32c/6.2.1/../../../../pic32c/lib/v7e-m/fpv4-sp/hard\libpic32c.a(data_init.o)
 .debug_info    0x00035580       0xfd c:/program files/microchip/xc32/v2.40/bin/bin/../../lib/gcc/pic32c/6.2.1/v7e-m/fpv4-sp/hard\libgcc.a(_aeabi_uldivmod.o)
 .debug_info    0x0003567d     0x1696 c:/program files/microchip/xc32/v2.40/bin/bin/../../lib/gcc/pic32c/6.2.1/v7e-m/fpv4-sp/hard\libgcc.a(_udivmoddi4.o)
 .debug_info    0x00036d13      0x101 c:/program files/microchip/xc32/v2.40/bin/bin/../../lib/gcc/pic32c/6.2.1/v7e-m/fpv4-sp/hard\libgcc.a(_dvmd_tls.o)
 .debug_info    0x00036e14      0x41f c:/program files/microchip/xc32/v2.40/bin/bin/../../lib/gcc/pic32c/6.2.1/../../../../pic32c/lib/v7e-m/fpv4-sp/hard\libc_nano.a(lib_a-init.o)
 .debug_info    0x00037233      0xe92 c:/program files/microchip/xc32/v2.40/bin/bin/../../lib/gcc/pic32c/6.2.1/../../../../pic32c/lib/v7e-m/fpv4-sp/hard\libc_nano.a(lib_a-malloc.o)
 .debug_info    0x000380c5      0xe68 c:/program files/microchip/xc32/v2.40/bin/bin/../../lib/gcc/pic32c/6.2.1/../../../../pic32c/lib/v7e-m/fpv4-sp/hard\libc_nano.a(lib_a-memcpy-stub.o)
 .debug_info    0x00038f2d     0x15ae c:/program files/microchip/xc32/v2.40/bin/bin/../../lib/gcc/pic32c/6.2.1/../../../../pic32c/lib/v7e-m/fpv4-sp/hard\libc_nano.a(lib_a-memset.o)
 .debug_info    0x0003a4db     0x11c1 c:/program files/microchip/xc32/v2.40/bin/bin/../../lib/gcc/pic32c/6.2.1/../../../../pic32c/lib/v7e-m/fpv4-sp/hard\libc_nano.a(lib_a-nano-freer.o)
 .debug_info    0x0003b69c     0x1259 c:/program files/microchip/xc32/v2.40/bin/bin/../../lib/gcc/pic32c/6.2.1/../../../../pic32c/lib/v7e-m/fpv4-sp/hard\libc_nano.a(lib_a-nano-mallocr.o)
 .debug_info    0x0003c8f5      0xedf c:/program files/microchip/xc32/v2.40/bin/bin/../../lib/gcc/pic32c/6.2.1/../../../../pic32c/lib/v7e-m/fpv4-sp/hard\libc_nano.a(lib_a-sbrkr.o)
 .debug_info    0x0003d7d4      0xf47 c:/program files/microchip/xc32/v2.40/bin/bin/../../lib/gcc/pic32c/6.2.1/../../../../pic32c/lib/v7e-m/fpv4-sp/hard\libc_nano.a(_lib_a-sprintf.cdnopuxX.o)
 .debug_info    0x0003e71b      0x12a c:/program files/microchip/xc32/v2.40/bin/bin/../../lib/gcc/pic32c/6.2.1/../../../../pic32c/lib/v7e-m/fpv4-sp/hard\libc_nano.a(lib_a-strlen.o)
 .debug_info    0x0003e845      0xdef c:/program files/microchip/xc32/v2.40/bin/bin/../../lib/gcc/pic32c/6.2.1/../../../../pic32c/lib/v7e-m/fpv4-sp/hard\libc_nano.a(lib_a-impure.o)
 .debug_info    0x0003f634      0xe2c c:/program files/microchip/xc32/v2.40/bin/bin/../../lib/gcc/pic32c/6.2.1/../../../../pic32c/lib/v7e-m/fpv4-sp/hard\libc_nano.a(lib_a-mlock.o)
 .debug_info    0x00040460     0x1f8c c:/program files/microchip/xc32/v2.40/bin/bin/../../lib/gcc/pic32c/6.2.1/../../../../pic32c/lib/v7e-m/fpv4-sp/hard\libc_nano.a(_lib_a-nano-vfprintf.cdnopuxX.o)
 .debug_info    0x000423ec     0x1db8 c:/program files/microchip/xc32/v2.40/bin/bin/../../lib/gcc/pic32c/6.2.1/../../../../pic32c/lib/v7e-m/fpv4-sp/hard\libc_nano.a(lib_a-nano-vfprintf_i.o)
 .debug_info    0x000441a4      0xfe7 c:/program files/microchip/xc32/v2.40/bin/bin/../../lib/gcc/pic32c/6.2.1/../../../../pic32c/lib/v7e-m/fpv4-sp/hard\libc_nano.a(lib_a-reent.o)
 .debug_info    0x0004518b     0x1954 c:/program files/microchip/xc32/v2.40/bin/bin/../../lib/gcc/pic32c/6.2.1/../../../../pic32c/lib/v7e-m/fpv4-sp/hard\libc_nano.a(lib_a-__ssfputs.o)
 .debug_info    0x00046adf     0x1279 c:/program files/microchip/xc32/v2.40/bin/bin/../../lib/gcc/pic32c/6.2.1/../../../../pic32c/lib/v7e-m/fpv4-sp/hard\libc_nano.a(lib_a-wbuf.o)
 .debug_info    0x00047d58     0x11f4 c:/program files/microchip/xc32/v2.40/bin/bin/../../lib/gcc/pic32c/6.2.1/../../../../pic32c/lib/v7e-m/fpv4-sp/hard\libc_nano.a(lib_a-wsetup.o)
 .debug_info    0x00048f4c     0x135a c:/program files/microchip/xc32/v2.40/bin/bin/../../lib/gcc/pic32c/6.2.1/../../../../pic32c/lib/v7e-m/fpv4-sp/hard\libc_nano.a(lib_a-fflush.o)
 .debug_info    0x0004a2a6     0x1534 c:/program files/microchip/xc32/v2.40/bin/bin/../../lib/gcc/pic32c/6.2.1/../../../../pic32c/lib/v7e-m/fpv4-sp/hard\libc_nano.a(lib_a-findfp.o)
 .debug_info    0x0004b7da     0x139e c:/program files/microchip/xc32/v2.40/bin/bin/../../lib/gcc/pic32c/6.2.1/../../../../pic32c/lib/v7e-m/fpv4-sp/hard\libc_nano.a(lib_a-fputwc.o)
 .debug_info    0x0004cb78     0x1263 c:/program files/microchip/xc32/v2.40/bin/bin/../../lib/gcc/pic32c/6.2.1/../../../../pic32c/lib/v7e-m/fpv4-sp/hard\libc_nano.a(lib_a-fwalk.o)
 .debug_info    0x0004dddb     0x189e c:/program files/microchip/xc32/v2.40/bin/bin/../../lib/gcc/pic32c/6.2.1/../../../../pic32c/lib/v7e-m/fpv4-sp/hard\libc_nano.a(lib_a-locale.o)
 .debug_info    0x0004f679     0x15ab c:/program files/microchip/xc32/v2.40/bin/bin/../../lib/gcc/pic32c/6.2.1/../../../../pic32c/lib/v7e-m/fpv4-sp/hard\libc_nano.a(lib_a-makebuf.o)
 .debug_info    0x00050c24     0x1782 c:/program files/microchip/xc32/v2.40/bin/bin/../../lib/gcc/pic32c/6.2.1/../../../../pic32c/lib/v7e-m/fpv4-sp/hard\libc_nano.a(lib_a-mbtowc_r.o)
 .debug_info    0x000523a6      0x120 c:/program files/microchip/xc32/v2.40/bin/bin/../../lib/gcc/pic32c/6.2.1/../../../../pic32c/lib/v7e-m/fpv4-sp/hard\libc_nano.a(lib_a-memchr.o)
 .debug_info    0x000524c6     0x1422 c:/program files/microchip/xc32/v2.40/bin/bin/../../lib/gcc/pic32c/6.2.1/../../../../pic32c/lib/v7e-m/fpv4-sp/hard\libc_nano.a(lib_a-stdio.o)
 .debug_info    0x000538e8     0x175e c:/program files/microchip/xc32/v2.40/bin/bin/../../lib/gcc/pic32c/6.2.1/../../../../pic32c/lib/v7e-m/fpv4-sp/hard\libc_nano.a(lib_a-wcrtomb.o)
 .debug_info    0x00055046     0x174d c:/program files/microchip/xc32/v2.40/bin/bin/../../lib/gcc/pic32c/6.2.1/../../../../pic32c/lib/v7e-m/fpv4-sp/hard\libc_nano.a(lib_a-wctomb_r.o)
 .debug_info    0x00056793      0xefe c:/program files/microchip/xc32/v2.40/bin/bin/../../lib/gcc/pic32c/6.2.1/../../../../pic32c/lib/v7e-m/fpv4-sp/hard\libc_nano.a(lib_a-writer.o)
 .debug_info    0x00057691      0xead c:/program files/microchip/xc32/v2.40/bin/bin/../../lib/gcc/pic32c/6.2.1/../../../../pic32c/lib/v7e-m/fpv4-sp/hard\libc_nano.a(lib_a-closer.o)
 .debug_info    0x0005853e     0x157f c:/program files/microchip/xc32/v2.40/bin/bin/../../lib/gcc/pic32c/6.2.1/../../../../pic32c/lib/v7e-m/fpv4-sp/hard\libc_nano.a(lib_a-ctype_.o)
 .debug_info    0x00059abd     0x11a8 c:/program files/microchip/xc32/v2.40/bin/bin/../../lib/gcc/pic32c/6.2.1/../../../../pic32c/lib/v7e-m/fpv4-sp/hard\libc_nano.a(lib_a-fstatr.o)
 .debug_info    0x0005ac65      0xeba c:/program files/microchip/xc32/v2.40/bin/bin/../../lib/gcc/pic32c/6.2.1/../../../../pic32c/lib/v7e-m/fpv4-sp/hard\libc_nano.a(lib_a-isattyr.o)
 .debug_info    0x0005bb1f      0xee5 c:/program files/microchip/xc32/v2.40/bin/bin/../../lib/gcc/pic32c/6.2.1/../../../../pic32c/lib/v7e-m/fpv4-sp/hard\libc_nano.a(lib_a-lseekr.o)
 .debug_info    0x0005ca04      0xefc c:/program files/microchip/xc32/v2.40/bin/bin/../../lib/gcc/pic32c/6.2.1/../../../../pic32c/lib/v7e-m/fpv4-sp/hard\libc_nano.a(lib_a-readr.o)
 .debug_info    0x0005d900      0x288 c:/program files/microchip/xc32/v2.40/bin/bin/../../lib/gcc/pic32c/6.2.1/../../../../pic32c/lib/v7e-m/fpv4-sp/hard\libpic32c.a(_close.o)
 .debug_info    0x0005db88      0x288 c:/program files/microchip/xc32/v2.40/bin/bin/../../lib/gcc/pic32c/6.2.1/../../../../pic32c/lib/v7e-m/fpv4-sp/hard\libpic32c.a(_fstat.o)
 .debug_info    0x0005de10      0x28a c:/program files/microchip/xc32/v2.40/bin/bin/../../lib/gcc/pic32c/6.2.1/../../../../pic32c/lib/v7e-m/fpv4-sp/hard\libpic32c.a(_isatty.o)
 .debug_info    0x0005e09a      0x288 c:/program files/microchip/xc32/v2.40/bin/bin/../../lib/gcc/pic32c/6.2.1/../../../../pic32c/lib/v7e-m/fpv4-sp/hard\libpic32c.a(_lseek.o)
 .debug_info    0x0005e322      0x286 c:/program files/microchip/xc32/v2.40/bin/bin/../../lib/gcc/pic32c/6.2.1/../../../../pic32c/lib/v7e-m/fpv4-sp/hard\libpic32c.a(_read.o)
 .debug_info    0x0005e5a8      0x286 c:/program files/microchip/xc32/v2.40/bin/bin/../../lib/gcc/pic32c/6.2.1/../../../../pic32c/lib/v7e-m/fpv4-sp/hard\libpic32c.a(sbrk.o)
 .debug_info    0x0005e82e      0x288 c:/program files/microchip/xc32/v2.40/bin/bin/../../lib/gcc/pic32c/6.2.1/../../../../pic32c/lib/v7e-m/fpv4-sp/hard\libpic32c.a(_write.o)
 .debug_info    0x0005eab6      0x287 c:/program files/microchip/xc32/v2.40/bin/bin/../../lib/gcc/pic32c/6.2.1/../../../../pic32c/lib/v7e-m/fpv4-sp/hard\libpic32c.a(close.o)
 .debug_info    0x0005ed3d      0x287 c:/program files/microchip/xc32/v2.40/bin/bin/../../lib/gcc/pic32c/6.2.1/../../../../pic32c/lib/v7e-m/fpv4-sp/hard\libpic32c.a(fstat.o)
 .debug_info    0x0005efc4      0x289 c:/program files/microchip/xc32/v2.40/bin/bin/../../lib/gcc/pic32c/6.2.1/../../../../pic32c/lib/v7e-m/fpv4-sp/hard\libpic32c.a(isatty.o)
 .debug_info    0x0005f24d      0x287 c:/program files/microchip/xc32/v2.40/bin/bin/../../lib/gcc/pic32c/6.2.1/../../../../pic32c/lib/v7e-m/fpv4-sp/hard\libpic32c.a(lseek.o)
 .debug_info    0x0005f4d4      0x286 c:/program files/microchip/xc32/v2.40/bin/bin/../../lib/gcc/pic32c/6.2.1/../../../../pic32c/lib/v7e-m/fpv4-sp/hard\libpic32c.a(read.o)
 .debug_info    0x0005f75a      0x288 c:/program files/microchip/xc32/v2.40/bin/bin/../../lib/gcc/pic32c/6.2.1/../../../../pic32c/lib/v7e-m/fpv4-sp/hard\libpic32c.a(write.o)

.debug_abbrev   0x00000000     0x8ab3
 .debug_abbrev  0x00000000       0xfd build/LAN9255_SQI_DIRECT_MODE/production/_ext/1984496892/plib_clock.o
 .debug_abbrev  0x000000fd      0x15d build/LAN9255_SQI_DIRECT_MODE/production/_ext/60167341/plib_eic.o
 .debug_abbrev  0x0000025a       0x5e build/LAN9255_SQI_DIRECT_MODE/production/_ext/1986646378/plib_evsys.o
 .debug_abbrev  0x000002b8      0x14d build/LAN9255_SQI_DIRECT_MODE/production/_ext/1865468468/plib_nvic.o
 .debug_abbrev  0x00000405      0x25d build/LAN9255_SQI_DIRECT_MODE/production/_ext/1593096446/plib_nvmctrl.o
 .debug_abbrev  0x00000662      0x28f build/LAN9255_SQI_DIRECT_MODE/production/_ext/1865488526/oledc_driver.o
 .debug_abbrev  0x000008f1      0x151 build/LAN9255_SQI_DIRECT_MODE/production/_ext/1865521619/plib_port.o
 .debug_abbrev  0x00000a42      0x227 build/LAN9255_SQI_DIRECT_MODE/production/_ext/1865555181/plib_qspi.o
 .debug_abbrev  0x00000c69      0x233 build/LAN9255_SQI_DIRECT_MODE/production/_ext/17022449/plib_sercom4_spi_master.o
 .debug_abbrev  0x00000e9c      0x2bf build/LAN9255_SQI_DIRECT_MODE/production/_ext/504274921/plib_sercom0_usart.o
 .debug_abbrev  0x0000115b      0x15c build/LAN9255_SQI_DIRECT_MODE/production/_ext/1827571544/plib_systick.o
 .debug_abbrev  0x000012b7       0x66 build/LAN9255_SQI_DIRECT_MODE/production/_ext/163028504/xc32_monitor.o
 .debug_abbrev  0x0000131d      0x199 build/LAN9255_SQI_DIRECT_MODE/production/_ext/1171490990/exceptions.o
 .debug_abbrev  0x000014b6      0x1b2 build/LAN9255_SQI_DIRECT_MODE/production/_ext/1171490990/initialization.o
 .debug_abbrev  0x00001668      0x1aa build/LAN9255_SQI_DIRECT_MODE/production/_ext/1171490990/interrupts.o
 .debug_abbrev  0x00001812      0x271 build/LAN9255_SQI_DIRECT_MODE/production/_ext/1171490990/startup_xc32.o
 .debug_abbrev  0x00001a83      0x196 build/LAN9255_SQI_DIRECT_MODE/production/_ext/1171490990/tasks.o
 .debug_abbrev  0x00001c19      0x39d build/LAN9255_SQI_DIRECT_MODE/production/_ext/1671622016/Drivers.o
 .debug_abbrev  0x00001fb6      0x20f build/LAN9255_SQI_DIRECT_MODE/production/_ext/108147519/ESC_Utils.o
 .debug_abbrev  0x000021c5      0x2bb build/LAN9255_SQI_DIRECT_MODE/production/_ext/108147519/LAN925x.o
 .debug_abbrev  0x00002480      0x1f9 build/LAN9255_SQI_DIRECT_MODE/production/_ext/108134065/bootmode.o
 .debug_abbrev  0x00002679      0x2d5 build/LAN9255_SQI_DIRECT_MODE/production/_ext/108134065/coeappl.o
 .debug_abbrev  0x0000294e      0x29b build/LAN9255_SQI_DIRECT_MODE/production/_ext/108134065/ecatappl.o
 .debug_abbrev  0x00002be9      0x1ee build/LAN9255_SQI_DIRECT_MODE/production/_ext/108134065/ecatcoe.o
 .debug_abbrev  0x00002dd7      0x259 build/LAN9255_SQI_DIRECT_MODE/production/_ext/108134065/ecatfoe.o
 .debug_abbrev  0x00003030      0x2d9 build/LAN9255_SQI_DIRECT_MODE/production/_ext/108134065/ecatslv.o
 .debug_abbrev  0x00003309      0x29d build/LAN9255_SQI_DIRECT_MODE/production/_ext/108134065/emcy.o
 .debug_abbrev  0x000035a6      0x260 build/LAN9255_SQI_DIRECT_MODE/production/_ext/108134065/foeappl.o
 .debug_abbrev  0x00003806      0x290 build/LAN9255_SQI_DIRECT_MODE/production/_ext/108134065/mailbox.o
 .debug_abbrev  0x00003a96      0x2c2 build/LAN9255_SQI_DIRECT_MODE/production/_ext/108134065/objdef.o
 .debug_abbrev  0x00003d58      0x3c3 build/LAN9255_SQI_DIRECT_MODE/production/_ext/108134065/sample_app.o
 .debug_abbrev  0x0000411b      0x2df build/LAN9255_SQI_DIRECT_MODE/production/_ext/108134065/sdoserv.o
 .debug_abbrev  0x000043fa      0x198 build/LAN9255_SQI_DIRECT_MODE/production/_ext/1360937237/main.o
 .debug_abbrev  0x00004592      0x38d build/LAN9255_SQI_DIRECT_MODE/production/_ext/1360937237/app.o
 .debug_abbrev  0x0000491f       0x2a c:/program files/microchip/xc32/v2.40/bin/bin/../../lib/gcc/pic32c/6.2.1/../../../../pic32c/lib/v7e-m/fpv4-sp/hard\libpic32c.a(data_init.o)
 .debug_abbrev  0x00004949       0x14 c:/program files/microchip/xc32/v2.40/bin/bin/../../lib/gcc/pic32c/6.2.1/v7e-m/fpv4-sp/hard\libgcc.a(_aeabi_uldivmod.o)
 .debug_abbrev  0x0000495d      0x163 c:/program files/microchip/xc32/v2.40/bin/bin/../../lib/gcc/pic32c/6.2.1/v7e-m/fpv4-sp/hard\libgcc.a(_udivmoddi4.o)
 .debug_abbrev  0x00004ac0       0x14 c:/program files/microchip/xc32/v2.40/bin/bin/../../lib/gcc/pic32c/6.2.1/v7e-m/fpv4-sp/hard\libgcc.a(_dvmd_tls.o)
 .debug_abbrev  0x00004ad4       0xa3 c:/program files/microchip/xc32/v2.40/bin/bin/../../lib/gcc/pic32c/6.2.1/../../../../pic32c/lib/v7e-m/fpv4-sp/hard\libc_nano.a(lib_a-init.o)
 .debug_abbrev  0x00004b77      0x1b3 c:/program files/microchip/xc32/v2.40/bin/bin/../../lib/gcc/pic32c/6.2.1/../../../../pic32c/lib/v7e-m/fpv4-sp/hard\libc_nano.a(lib_a-malloc.o)
 .debug_abbrev  0x00004d2a      0x17c c:/program files/microchip/xc32/v2.40/bin/bin/../../lib/gcc/pic32c/6.2.1/../../../../pic32c/lib/v7e-m/fpv4-sp/hard\libc_nano.a(lib_a-memcpy-stub.o)
 .debug_abbrev  0x00004ea6      0x170 c:/program files/microchip/xc32/v2.40/bin/bin/../../lib/gcc/pic32c/6.2.1/../../../../pic32c/lib/v7e-m/fpv4-sp/hard\libc_nano.a(lib_a-memset.o)
 .debug_abbrev  0x00005016      0x242 c:/program files/microchip/xc32/v2.40/bin/bin/../../lib/gcc/pic32c/6.2.1/../../../../pic32c/lib/v7e-m/fpv4-sp/hard\libc_nano.a(lib_a-nano-freer.o)
 .debug_abbrev  0x00005258      0x281 c:/program files/microchip/xc32/v2.40/bin/bin/../../lib/gcc/pic32c/6.2.1/../../../../pic32c/lib/v7e-m/fpv4-sp/hard\libc_nano.a(lib_a-nano-mallocr.o)
 .debug_abbrev  0x000054d9      0x1a8 c:/program files/microchip/xc32/v2.40/bin/bin/../../lib/gcc/pic32c/6.2.1/../../../../pic32c/lib/v7e-m/fpv4-sp/hard\libc_nano.a(lib_a-sbrkr.o)
 .debug_abbrev  0x00005681      0x1a5 c:/program files/microchip/xc32/v2.40/bin/bin/../../lib/gcc/pic32c/6.2.1/../../../../pic32c/lib/v7e-m/fpv4-sp/hard\libc_nano.a(_lib_a-sprintf.cdnopuxX.o)
 .debug_abbrev  0x00005826       0x14 c:/program files/microchip/xc32/v2.40/bin/bin/../../lib/gcc/pic32c/6.2.1/../../../../pic32c/lib/v7e-m/fpv4-sp/hard\libc_nano.a(lib_a-strlen.o)
 .debug_abbrev  0x0000583a      0x131 c:/program files/microchip/xc32/v2.40/bin/bin/../../lib/gcc/pic32c/6.2.1/../../../../pic32c/lib/v7e-m/fpv4-sp/hard\libc_nano.a(lib_a-impure.o)
 .debug_abbrev  0x0000596b      0x165 c:/program files/microchip/xc32/v2.40/bin/bin/../../lib/gcc/pic32c/6.2.1/../../../../pic32c/lib/v7e-m/fpv4-sp/hard\libc_nano.a(lib_a-mlock.o)
 .debug_abbrev  0x00005ad0      0x30f c:/program files/microchip/xc32/v2.40/bin/bin/../../lib/gcc/pic32c/6.2.1/../../../../pic32c/lib/v7e-m/fpv4-sp/hard\libc_nano.a(_lib_a-nano-vfprintf.cdnopuxX.o)
 .debug_abbrev  0x00005ddf      0x225 c:/program files/microchip/xc32/v2.40/bin/bin/../../lib/gcc/pic32c/6.2.1/../../../../pic32c/lib/v7e-m/fpv4-sp/hard\libc_nano.a(lib_a-nano-vfprintf_i.o)
 .debug_abbrev  0x00006004      0x1f8 c:/program files/microchip/xc32/v2.40/bin/bin/../../lib/gcc/pic32c/6.2.1/../../../../pic32c/lib/v7e-m/fpv4-sp/hard\libc_nano.a(lib_a-reent.o)
 .debug_abbrev  0x000061fc      0x1f9 c:/program files/microchip/xc32/v2.40/bin/bin/../../lib/gcc/pic32c/6.2.1/../../../../pic32c/lib/v7e-m/fpv4-sp/hard\libc_nano.a(lib_a-__ssfputs.o)
 .debug_abbrev  0x000063f5      0x216 c:/program files/microchip/xc32/v2.40/bin/bin/../../lib/gcc/pic32c/6.2.1/../../../../pic32c/lib/v7e-m/fpv4-sp/hard\libc_nano.a(lib_a-wbuf.o)
 .debug_abbrev  0x0000660b      0x1ec c:/program files/microchip/xc32/v2.40/bin/bin/../../lib/gcc/pic32c/6.2.1/../../../../pic32c/lib/v7e-m/fpv4-sp/hard\libc_nano.a(lib_a-wsetup.o)
 .debug_abbrev  0x000067f7      0x29e c:/program files/microchip/xc32/v2.40/bin/bin/../../lib/gcc/pic32c/6.2.1/../../../../pic32c/lib/v7e-m/fpv4-sp/hard\libc_nano.a(lib_a-fflush.o)
 .debug_abbrev  0x00006a95      0x2b5 c:/program files/microchip/xc32/v2.40/bin/bin/../../lib/gcc/pic32c/6.2.1/../../../../pic32c/lib/v7e-m/fpv4-sp/hard\libc_nano.a(lib_a-findfp.o)
 .debug_abbrev  0x00006d4a      0x27f c:/program files/microchip/xc32/v2.40/bin/bin/../../lib/gcc/pic32c/6.2.1/../../../../pic32c/lib/v7e-m/fpv4-sp/hard\libc_nano.a(lib_a-fputwc.o)
 .debug_abbrev  0x00006fc9      0x1ad c:/program files/microchip/xc32/v2.40/bin/bin/../../lib/gcc/pic32c/6.2.1/../../../../pic32c/lib/v7e-m/fpv4-sp/hard\libc_nano.a(lib_a-fwalk.o)
 .debug_abbrev  0x00007176      0x256 c:/program files/microchip/xc32/v2.40/bin/bin/../../lib/gcc/pic32c/6.2.1/../../../../pic32c/lib/v7e-m/fpv4-sp/hard\libc_nano.a(lib_a-locale.o)
 .debug_abbrev  0x000073cc      0x268 c:/program files/microchip/xc32/v2.40/bin/bin/../../lib/gcc/pic32c/6.2.1/../../../../pic32c/lib/v7e-m/fpv4-sp/hard\libc_nano.a(lib_a-makebuf.o)
 .debug_abbrev  0x00007634      0x1be c:/program files/microchip/xc32/v2.40/bin/bin/../../lib/gcc/pic32c/6.2.1/../../../../pic32c/lib/v7e-m/fpv4-sp/hard\libc_nano.a(lib_a-mbtowc_r.o)
 .debug_abbrev  0x000077f2       0x14 c:/program files/microchip/xc32/v2.40/bin/bin/../../lib/gcc/pic32c/6.2.1/../../../../pic32c/lib/v7e-m/fpv4-sp/hard\libc_nano.a(lib_a-memchr.o)
 .debug_abbrev  0x00007806      0x23f c:/program files/microchip/xc32/v2.40/bin/bin/../../lib/gcc/pic32c/6.2.1/../../../../pic32c/lib/v7e-m/fpv4-sp/hard\libc_nano.a(lib_a-stdio.o)
 .debug_abbrev  0x00007a45      0x1dc c:/program files/microchip/xc32/v2.40/bin/bin/../../lib/gcc/pic32c/6.2.1/../../../../pic32c/lib/v7e-m/fpv4-sp/hard\libc_nano.a(lib_a-wcrtomb.o)
 .debug_abbrev  0x00007c21      0x1da c:/program files/microchip/xc32/v2.40/bin/bin/../../lib/gcc/pic32c/6.2.1/../../../../pic32c/lib/v7e-m/fpv4-sp/hard\libc_nano.a(lib_a-wctomb_r.o)
 .debug_abbrev  0x00007dfb      0x198 c:/program files/microchip/xc32/v2.40/bin/bin/../../lib/gcc/pic32c/6.2.1/../../../../pic32c/lib/v7e-m/fpv4-sp/hard\libc_nano.a(lib_a-writer.o)
 .debug_abbrev  0x00007f93      0x193 c:/program files/microchip/xc32/v2.40/bin/bin/../../lib/gcc/pic32c/6.2.1/../../../../pic32c/lib/v7e-m/fpv4-sp/hard\libc_nano.a(lib_a-closer.o)
 .debug_abbrev  0x00008126      0x131 c:/program files/microchip/xc32/v2.40/bin/bin/../../lib/gcc/pic32c/6.2.1/../../../../pic32c/lib/v7e-m/fpv4-sp/hard\libc_nano.a(lib_a-ctype_.o)
 .debug_abbrev  0x00008257      0x193 c:/program files/microchip/xc32/v2.40/bin/bin/../../lib/gcc/pic32c/6.2.1/../../../../pic32c/lib/v7e-m/fpv4-sp/hard\libc_nano.a(lib_a-fstatr.o)
 .debug_abbrev  0x000083ea      0x193 c:/program files/microchip/xc32/v2.40/bin/bin/../../lib/gcc/pic32c/6.2.1/../../../../pic32c/lib/v7e-m/fpv4-sp/hard\libc_nano.a(lib_a-isattyr.o)
 .debug_abbrev  0x0000857d      0x193 c:/program files/microchip/xc32/v2.40/bin/bin/../../lib/gcc/pic32c/6.2.1/../../../../pic32c/lib/v7e-m/fpv4-sp/hard\libc_nano.a(lib_a-lseekr.o)
 .debug_abbrev  0x00008710      0x193 c:/program files/microchip/xc32/v2.40/bin/bin/../../lib/gcc/pic32c/6.2.1/../../../../pic32c/lib/v7e-m/fpv4-sp/hard\libc_nano.a(lib_a-readr.o)
 .debug_abbrev  0x000088a3       0x27 c:/program files/microchip/xc32/v2.40/bin/bin/../../lib/gcc/pic32c/6.2.1/../../../../pic32c/lib/v7e-m/fpv4-sp/hard\libpic32c.a(_close.o)
 .debug_abbrev  0x000088ca       0x27 c:/program files/microchip/xc32/v2.40/bin/bin/../../lib/gcc/pic32c/6.2.1/../../../../pic32c/lib/v7e-m/fpv4-sp/hard\libpic32c.a(_fstat.o)
 .debug_abbrev  0x000088f1       0x27 c:/program files/microchip/xc32/v2.40/bin/bin/../../lib/gcc/pic32c/6.2.1/../../../../pic32c/lib/v7e-m/fpv4-sp/hard\libpic32c.a(_isatty.o)
 .debug_abbrev  0x00008918       0x27 c:/program files/microchip/xc32/v2.40/bin/bin/../../lib/gcc/pic32c/6.2.1/../../../../pic32c/lib/v7e-m/fpv4-sp/hard\libpic32c.a(_lseek.o)
 .debug_abbrev  0x0000893f       0x27 c:/program files/microchip/xc32/v2.40/bin/bin/../../lib/gcc/pic32c/6.2.1/../../../../pic32c/lib/v7e-m/fpv4-sp/hard\libpic32c.a(_read.o)
 .debug_abbrev  0x00008966       0x2a c:/program files/microchip/xc32/v2.40/bin/bin/../../lib/gcc/pic32c/6.2.1/../../../../pic32c/lib/v7e-m/fpv4-sp/hard\libpic32c.a(sbrk.o)
 .debug_abbrev  0x00008990       0x27 c:/program files/microchip/xc32/v2.40/bin/bin/../../lib/gcc/pic32c/6.2.1/../../../../pic32c/lib/v7e-m/fpv4-sp/hard\libpic32c.a(_write.o)
 .debug_abbrev  0x000089b7       0x2a c:/program files/microchip/xc32/v2.40/bin/bin/../../lib/gcc/pic32c/6.2.1/../../../../pic32c/lib/v7e-m/fpv4-sp/hard\libpic32c.a(close.o)
 .debug_abbrev  0x000089e1       0x2a c:/program files/microchip/xc32/v2.40/bin/bin/../../lib/gcc/pic32c/6.2.1/../../../../pic32c/lib/v7e-m/fpv4-sp/hard\libpic32c.a(fstat.o)
 .debug_abbrev  0x00008a0b       0x2a c:/program files/microchip/xc32/v2.40/bin/bin/../../lib/gcc/pic32c/6.2.1/../../../../pic32c/lib/v7e-m/fpv4-sp/hard\libpic32c.a(isatty.o)
 .debug_abbrev  0x00008a35       0x2a c:/program files/microchip/xc32/v2.40/bin/bin/../../lib/gcc/pic32c/6.2.1/../../../../pic32c/lib/v7e-m/fpv4-sp/hard\libpic32c.a(lseek.o)
 .debug_abbrev  0x00008a5f       0x2a c:/program files/microchip/xc32/v2.40/bin/bin/../../lib/gcc/pic32c/6.2.1/../../../../pic32c/lib/v7e-m/fpv4-sp/hard\libpic32c.a(read.o)
 .debug_abbrev  0x00008a89       0x2a c:/program files/microchip/xc32/v2.40/bin/bin/../../lib/gcc/pic32c/6.2.1/../../../../pic32c/lib/v7e-m/fpv4-sp/hard\libpic32c.a(write.o)

.debug_loc      0x00000000     0x9b20
 .debug_loc     0x00000000      0x290 build/LAN9255_SQI_DIRECT_MODE/production/_ext/1984496892/plib_clock.o
 .debug_loc     0x00000290      0x1dc build/LAN9255_SQI_DIRECT_MODE/production/_ext/60167341/plib_eic.o
 .debug_loc     0x0000046c       0x44 build/LAN9255_SQI_DIRECT_MODE/production/_ext/1986646378/plib_evsys.o
 .debug_loc     0x000004b0      0x140 build/LAN9255_SQI_DIRECT_MODE/production/_ext/1865468468/plib_nvic.o
 .debug_loc     0x000005f0      0x5c0 build/LAN9255_SQI_DIRECT_MODE/production/_ext/1593096446/plib_nvmctrl.o
 .debug_loc     0x00000bb0      0x480 build/LAN9255_SQI_DIRECT_MODE/production/_ext/1865488526/oledc_driver.o
 .debug_loc     0x00001030      0x324 build/LAN9255_SQI_DIRECT_MODE/production/_ext/1865521619/plib_port.o
 .debug_loc     0x00001354      0x338 build/LAN9255_SQI_DIRECT_MODE/production/_ext/1865555181/plib_qspi.o
 .debug_loc     0x0000168c      0x28c build/LAN9255_SQI_DIRECT_MODE/production/_ext/17022449/plib_sercom4_spi_master.o
 .debug_loc     0x00001918      0x646 build/LAN9255_SQI_DIRECT_MODE/production/_ext/504274921/plib_sercom0_usart.o
 .debug_loc     0x00001f5e      0x31c build/LAN9255_SQI_DIRECT_MODE/production/_ext/1827571544/plib_systick.o
 .debug_loc     0x0000227a       0xb8 build/LAN9255_SQI_DIRECT_MODE/production/_ext/163028504/xc32_monitor.o
 .debug_loc     0x00002332      0x108 build/LAN9255_SQI_DIRECT_MODE/production/_ext/1171490990/exceptions.o
 .debug_loc     0x0000243a       0x50 build/LAN9255_SQI_DIRECT_MODE/production/_ext/1171490990/initialization.o
 .debug_loc     0x0000248a      0x11c build/LAN9255_SQI_DIRECT_MODE/production/_ext/1171490990/startup_xc32.o
 .debug_loc     0x000025a6       0x2c build/LAN9255_SQI_DIRECT_MODE/production/_ext/1171490990/tasks.o
 .debug_loc     0x000025d2      0x758 build/LAN9255_SQI_DIRECT_MODE/production/_ext/1671622016/Drivers.o
 .debug_loc     0x00002d2a      0x130 build/LAN9255_SQI_DIRECT_MODE/production/_ext/108147519/ESC_Utils.o
 .debug_loc     0x00002e5a      0x4b0 build/LAN9255_SQI_DIRECT_MODE/production/_ext/108147519/LAN925x.o
 .debug_loc     0x0000330a      0x158 build/LAN9255_SQI_DIRECT_MODE/production/_ext/108134065/bootmode.o
 .debug_loc     0x00003462      0x370 build/LAN9255_SQI_DIRECT_MODE/production/_ext/108134065/coeappl.o
 .debug_loc     0x000037d2      0x330 build/LAN9255_SQI_DIRECT_MODE/production/_ext/108134065/ecatappl.o
 .debug_loc     0x00003b02       0xe4 build/LAN9255_SQI_DIRECT_MODE/production/_ext/108134065/ecatcoe.o
 .debug_loc     0x00003be6       0xe4 build/LAN9255_SQI_DIRECT_MODE/production/_ext/108134065/ecatfoe.o
 .debug_loc     0x00003cca      0x682 build/LAN9255_SQI_DIRECT_MODE/production/_ext/108134065/ecatslv.o
 .debug_loc     0x0000434c      0x2f4 build/LAN9255_SQI_DIRECT_MODE/production/_ext/108134065/emcy.o
 .debug_loc     0x00004640      0x1e0 build/LAN9255_SQI_DIRECT_MODE/production/_ext/108134065/foeappl.o
 .debug_loc     0x00004820      0x428 build/LAN9255_SQI_DIRECT_MODE/production/_ext/108134065/mailbox.o
 .debug_loc     0x00004c48      0x40e build/LAN9255_SQI_DIRECT_MODE/production/_ext/108134065/objdef.o
 .debug_loc     0x00005056      0x6d2 build/LAN9255_SQI_DIRECT_MODE/production/_ext/108134065/sample_app.o
 .debug_loc     0x00005728      0x210 build/LAN9255_SQI_DIRECT_MODE/production/_ext/108134065/sdoserv.o
 .debug_loc     0x00005938       0x2c build/LAN9255_SQI_DIRECT_MODE/production/_ext/1360937237/main.o
 .debug_loc     0x00005964      0x38e build/LAN9255_SQI_DIRECT_MODE/production/_ext/1360937237/app.o
 .debug_loc     0x00005cf2      0xc35 c:/program files/microchip/xc32/v2.40/bin/bin/../../lib/gcc/pic32c/6.2.1/v7e-m/fpv4-sp/hard\libgcc.a(_udivmoddi4.o)
 .debug_loc     0x00006927       0x74 c:/program files/microchip/xc32/v2.40/bin/bin/../../lib/gcc/pic32c/6.2.1/../../../../pic32c/lib/v7e-m/fpv4-sp/hard\libc_nano.a(lib_a-init.o)
 .debug_loc     0x0000699b       0x58 c:/program files/microchip/xc32/v2.40/bin/bin/../../lib/gcc/pic32c/6.2.1/../../../../pic32c/lib/v7e-m/fpv4-sp/hard\libc_nano.a(lib_a-malloc.o)
 .debug_loc     0x000069f3       0xb2 c:/program files/microchip/xc32/v2.40/bin/bin/../../lib/gcc/pic32c/6.2.1/../../../../pic32c/lib/v7e-m/fpv4-sp/hard\libc_nano.a(lib_a-memcpy-stub.o)
 .debug_loc     0x00006aa5       0x4c c:/program files/microchip/xc32/v2.40/bin/bin/../../lib/gcc/pic32c/6.2.1/../../../../pic32c/lib/v7e-m/fpv4-sp/hard\libc_nano.a(lib_a-memset.o)
 .debug_loc     0x00006af1      0x141 c:/program files/microchip/xc32/v2.40/bin/bin/../../lib/gcc/pic32c/6.2.1/../../../../pic32c/lib/v7e-m/fpv4-sp/hard\libc_nano.a(lib_a-nano-freer.o)
 .debug_loc     0x00006c32      0x326 c:/program files/microchip/xc32/v2.40/bin/bin/../../lib/gcc/pic32c/6.2.1/../../../../pic32c/lib/v7e-m/fpv4-sp/hard\libc_nano.a(lib_a-nano-mallocr.o)
 .debug_loc     0x00006f58       0x6d c:/program files/microchip/xc32/v2.40/bin/bin/../../lib/gcc/pic32c/6.2.1/../../../../pic32c/lib/v7e-m/fpv4-sp/hard\libc_nano.a(lib_a-sbrkr.o)
 .debug_loc     0x00006fc5       0x8a c:/program files/microchip/xc32/v2.40/bin/bin/../../lib/gcc/pic32c/6.2.1/../../../../pic32c/lib/v7e-m/fpv4-sp/hard\libc_nano.a(_lib_a-sprintf.cdnopuxX.o)
 .debug_loc     0x0000704f      0x781 c:/program files/microchip/xc32/v2.40/bin/bin/../../lib/gcc/pic32c/6.2.1/../../../../pic32c/lib/v7e-m/fpv4-sp/hard\libc_nano.a(_lib_a-nano-vfprintf.cdnopuxX.o)
 .debug_loc     0x000077d0      0x5d7 c:/program files/microchip/xc32/v2.40/bin/bin/../../lib/gcc/pic32c/6.2.1/../../../../pic32c/lib/v7e-m/fpv4-sp/hard\libc_nano.a(lib_a-nano-vfprintf_i.o)
 .debug_loc     0x00007da7      0x15e c:/program files/microchip/xc32/v2.40/bin/bin/../../lib/gcc/pic32c/6.2.1/../../../../pic32c/lib/v7e-m/fpv4-sp/hard\libc_nano.a(lib_a-reent.o)
 .debug_loc     0x00007f05      0x1f2 c:/program files/microchip/xc32/v2.40/bin/bin/../../lib/gcc/pic32c/6.2.1/../../../../pic32c/lib/v7e-m/fpv4-sp/hard\libc_nano.a(lib_a-__ssfputs.o)
 .debug_loc     0x000080f7      0x133 c:/program files/microchip/xc32/v2.40/bin/bin/../../lib/gcc/pic32c/6.2.1/../../../../pic32c/lib/v7e-m/fpv4-sp/hard\libc_nano.a(lib_a-wbuf.o)
 .debug_loc     0x0000822a       0x7a c:/program files/microchip/xc32/v2.40/bin/bin/../../lib/gcc/pic32c/6.2.1/../../../../pic32c/lib/v7e-m/fpv4-sp/hard\libc_nano.a(lib_a-wsetup.o)
 .debug_loc     0x000082a4      0x2f4 c:/program files/microchip/xc32/v2.40/bin/bin/../../lib/gcc/pic32c/6.2.1/../../../../pic32c/lib/v7e-m/fpv4-sp/hard\libc_nano.a(lib_a-fflush.o)
 .debug_loc     0x00008598      0x228 c:/program files/microchip/xc32/v2.40/bin/bin/../../lib/gcc/pic32c/6.2.1/../../../../pic32c/lib/v7e-m/fpv4-sp/hard\libc_nano.a(lib_a-findfp.o)
 .debug_loc     0x000087c0      0x298 c:/program files/microchip/xc32/v2.40/bin/bin/../../lib/gcc/pic32c/6.2.1/../../../../pic32c/lib/v7e-m/fpv4-sp/hard\libc_nano.a(lib_a-fputwc.o)
 .debug_loc     0x00008a58      0x139 c:/program files/microchip/xc32/v2.40/bin/bin/../../lib/gcc/pic32c/6.2.1/../../../../pic32c/lib/v7e-m/fpv4-sp/hard\libc_nano.a(lib_a-fwalk.o)
 .debug_loc     0x00008b91      0x17b c:/program files/microchip/xc32/v2.40/bin/bin/../../lib/gcc/pic32c/6.2.1/../../../../pic32c/lib/v7e-m/fpv4-sp/hard\libc_nano.a(lib_a-locale.o)
 .debug_loc     0x00008d0c      0x254 c:/program files/microchip/xc32/v2.40/bin/bin/../../lib/gcc/pic32c/6.2.1/../../../../pic32c/lib/v7e-m/fpv4-sp/hard\libc_nano.a(lib_a-makebuf.o)
 .debug_loc     0x00008f60      0x229 c:/program files/microchip/xc32/v2.40/bin/bin/../../lib/gcc/pic32c/6.2.1/../../../../pic32c/lib/v7e-m/fpv4-sp/hard\libc_nano.a(lib_a-mbtowc_r.o)
 .debug_loc     0x00009189      0x2ef c:/program files/microchip/xc32/v2.40/bin/bin/../../lib/gcc/pic32c/6.2.1/../../../../pic32c/lib/v7e-m/fpv4-sp/hard\libc_nano.a(lib_a-stdio.o)
 .debug_loc     0x00009478      0x1a8 c:/program files/microchip/xc32/v2.40/bin/bin/../../lib/gcc/pic32c/6.2.1/../../../../pic32c/lib/v7e-m/fpv4-sp/hard\libc_nano.a(lib_a-wcrtomb.o)
 .debug_loc     0x00009620      0x116 c:/program files/microchip/xc32/v2.40/bin/bin/../../lib/gcc/pic32c/6.2.1/../../../../pic32c/lib/v7e-m/fpv4-sp/hard\libc_nano.a(lib_a-wctomb_r.o)
 .debug_loc     0x00009736       0xc5 c:/program files/microchip/xc32/v2.40/bin/bin/../../lib/gcc/pic32c/6.2.1/../../../../pic32c/lib/v7e-m/fpv4-sp/hard\libc_nano.a(lib_a-writer.o)
 .debug_loc     0x000097fb       0x6d c:/program files/microchip/xc32/v2.40/bin/bin/../../lib/gcc/pic32c/6.2.1/../../../../pic32c/lib/v7e-m/fpv4-sp/hard\libc_nano.a(lib_a-closer.o)
 .debug_loc     0x00009868       0x99 c:/program files/microchip/xc32/v2.40/bin/bin/../../lib/gcc/pic32c/6.2.1/../../../../pic32c/lib/v7e-m/fpv4-sp/hard\libc_nano.a(lib_a-fstatr.o)
 .debug_loc     0x00009901       0x6d c:/program files/microchip/xc32/v2.40/bin/bin/../../lib/gcc/pic32c/6.2.1/../../../../pic32c/lib/v7e-m/fpv4-sp/hard\libc_nano.a(lib_a-isattyr.o)
 .debug_loc     0x0000996e       0xc5 c:/program files/microchip/xc32/v2.40/bin/bin/../../lib/gcc/pic32c/6.2.1/../../../../pic32c/lib/v7e-m/fpv4-sp/hard\libc_nano.a(lib_a-lseekr.o)
 .debug_loc     0x00009a33       0xc5 c:/program files/microchip/xc32/v2.40/bin/bin/../../lib/gcc/pic32c/6.2.1/../../../../pic32c/lib/v7e-m/fpv4-sp/hard\libc_nano.a(lib_a-readr.o)
 .debug_loc     0x00009af8       0x14 c:/program files/microchip/xc32/v2.40/bin/bin/../../lib/gcc/pic32c/6.2.1/../../../../pic32c/lib/v7e-m/fpv4-sp/hard\libpic32c.a(read.o)
 .debug_loc     0x00009b0c       0x14 c:/program files/microchip/xc32/v2.40/bin/bin/../../lib/gcc/pic32c/6.2.1/../../../../pic32c/lib/v7e-m/fpv4-sp/hard\libpic32c.a(write.o)

.debug_aranges  0x00000000     0x1450
 .debug_aranges
                0x00000000       0x68 build/LAN9255_SQI_DIRECT_MODE/production/_ext/1984496892/plib_clock.o
 .debug_aranges
                0x00000068       0x50 build/LAN9255_SQI_DIRECT_MODE/production/_ext/60167341/plib_eic.o
 .debug_aranges
                0x000000b8       0x20 build/LAN9255_SQI_DIRECT_MODE/production/_ext/1986646378/plib_evsys.o
 .debug_aranges
                0x000000d8       0x38 build/LAN9255_SQI_DIRECT_MODE/production/_ext/1865468468/plib_nvic.o
 .debug_aranges
                0x00000110       0xb0 build/LAN9255_SQI_DIRECT_MODE/production/_ext/1593096446/plib_nvmctrl.o
 .debug_aranges
                0x000001c0       0x90 build/LAN9255_SQI_DIRECT_MODE/production/_ext/1865488526/oledc_driver.o
 .debug_aranges
                0x00000250       0x60 build/LAN9255_SQI_DIRECT_MODE/production/_ext/1865521619/plib_port.o
 .debug_aranges
                0x000002b0       0x68 build/LAN9255_SQI_DIRECT_MODE/production/_ext/1865555181/plib_qspi.o
 .debug_aranges
                0x00000318       0x58 build/LAN9255_SQI_DIRECT_MODE/production/_ext/17022449/plib_sercom4_spi_master.o
 .debug_aranges
                0x00000370       0xc8 build/LAN9255_SQI_DIRECT_MODE/production/_ext/504274921/plib_sercom0_usart.o
 .debug_aranges
                0x00000438       0x70 build/LAN9255_SQI_DIRECT_MODE/production/_ext/1827571544/plib_systick.o
 .debug_aranges
                0x000004a8       0x28 build/LAN9255_SQI_DIRECT_MODE/production/_ext/163028504/xc32_monitor.o
 .debug_aranges
                0x000004d0       0x48 build/LAN9255_SQI_DIRECT_MODE/production/_ext/1171490990/exceptions.o
 .debug_aranges
                0x00000518       0x20 build/LAN9255_SQI_DIRECT_MODE/production/_ext/1171490990/initialization.o
 .debug_aranges
                0x00000538       0x20 build/LAN9255_SQI_DIRECT_MODE/production/_ext/1171490990/interrupts.o
 .debug_aranges
                0x00000558       0x38 build/LAN9255_SQI_DIRECT_MODE/production/_ext/1171490990/startup_xc32.o
 .debug_aranges
                0x00000590       0x20 build/LAN9255_SQI_DIRECT_MODE/production/_ext/1171490990/tasks.o
 .debug_aranges
                0x000005b0       0xe0 build/LAN9255_SQI_DIRECT_MODE/production/_ext/1671622016/Drivers.o
 .debug_aranges
                0x00000690       0x40 build/LAN9255_SQI_DIRECT_MODE/production/_ext/108147519/ESC_Utils.o
 .debug_aranges
                0x000006d0       0x90 build/LAN9255_SQI_DIRECT_MODE/production/_ext/108147519/LAN925x.o
 .debug_aranges
                0x00000760       0x38 build/LAN9255_SQI_DIRECT_MODE/production/_ext/108134065/bootmode.o
 .debug_aranges
                0x00000798       0x70 build/LAN9255_SQI_DIRECT_MODE/production/_ext/108134065/coeappl.o
 .debug_aranges
                0x00000808       0x78 build/LAN9255_SQI_DIRECT_MODE/production/_ext/108134065/ecatappl.o
 .debug_aranges
                0x00000880       0x30 build/LAN9255_SQI_DIRECT_MODE/production/_ext/108134065/ecatcoe.o
 .debug_aranges
                0x000008b0       0x30 build/LAN9255_SQI_DIRECT_MODE/production/_ext/108134065/ecatfoe.o
 .debug_aranges
                0x000008e0       0xc8 build/LAN9255_SQI_DIRECT_MODE/production/_ext/108134065/ecatslv.o
 .debug_aranges
                0x000009a8       0x60 build/LAN9255_SQI_DIRECT_MODE/production/_ext/108134065/emcy.o
 .debug_aranges
                0x00000a08       0x48 build/LAN9255_SQI_DIRECT_MODE/production/_ext/108134065/foeappl.o
 .debug_aranges
                0x00000a50       0x80 build/LAN9255_SQI_DIRECT_MODE/production/_ext/108134065/mailbox.o
 .debug_aranges
                0x00000ad0       0x78 build/LAN9255_SQI_DIRECT_MODE/production/_ext/108134065/objdef.o
 .debug_aranges
                0x00000b48       0xd0 build/LAN9255_SQI_DIRECT_MODE/production/_ext/108134065/sample_app.o
 .debug_aranges
                0x00000c18       0x50 build/LAN9255_SQI_DIRECT_MODE/production/_ext/108134065/sdoserv.o
 .debug_aranges
                0x00000c68       0x20 build/LAN9255_SQI_DIRECT_MODE/production/_ext/1360937237/main.o
 .debug_aranges
                0x00000c88       0x70 build/LAN9255_SQI_DIRECT_MODE/production/_ext/1360937237/app.o
 .debug_aranges
                0x00000cf8       0x20 c:/program files/microchip/xc32/v2.40/bin/bin/../../lib/gcc/pic32c/6.2.1/../../../../pic32c/lib/v7e-m/fpv4-sp/hard\libpic32c.a(data_init.o)
 .debug_aranges
                0x00000d18       0x20 c:/program files/microchip/xc32/v2.40/bin/bin/../../lib/gcc/pic32c/6.2.1/v7e-m/fpv4-sp/hard\libgcc.a(_aeabi_uldivmod.o)
 .debug_aranges
                0x00000d38       0x20 c:/program files/microchip/xc32/v2.40/bin/bin/../../lib/gcc/pic32c/6.2.1/v7e-m/fpv4-sp/hard\libgcc.a(_udivmoddi4.o)
 .debug_aranges
                0x00000d58       0x20 c:/program files/microchip/xc32/v2.40/bin/bin/../../lib/gcc/pic32c/6.2.1/v7e-m/fpv4-sp/hard\libgcc.a(_dvmd_tls.o)
 .debug_aranges
                0x00000d78       0x20 c:/program files/microchip/xc32/v2.40/bin/bin/../../lib/gcc/pic32c/6.2.1/../../../../pic32c/lib/v7e-m/fpv4-sp/hard\libc_nano.a(lib_a-init.o)
 .debug_aranges
                0x00000d98       0x28 c:/program files/microchip/xc32/v2.40/bin/bin/../../lib/gcc/pic32c/6.2.1/../../../../pic32c/lib/v7e-m/fpv4-sp/hard\libc_nano.a(lib_a-malloc.o)
 .debug_aranges
                0x00000dc0       0x20 c:/program files/microchip/xc32/v2.40/bin/bin/../../lib/gcc/pic32c/6.2.1/../../../../pic32c/lib/v7e-m/fpv4-sp/hard\libc_nano.a(lib_a-memcpy-stub.o)
 .debug_aranges
                0x00000de0       0x20 c:/program files/microchip/xc32/v2.40/bin/bin/../../lib/gcc/pic32c/6.2.1/../../../../pic32c/lib/v7e-m/fpv4-sp/hard\libc_nano.a(lib_a-memset.o)
 .debug_aranges
                0x00000e00       0x20 c:/program files/microchip/xc32/v2.40/bin/bin/../../lib/gcc/pic32c/6.2.1/../../../../pic32c/lib/v7e-m/fpv4-sp/hard\libc_nano.a(lib_a-nano-freer.o)
 .debug_aranges
                0x00000e20       0x20 c:/program files/microchip/xc32/v2.40/bin/bin/../../lib/gcc/pic32c/6.2.1/../../../../pic32c/lib/v7e-m/fpv4-sp/hard\libc_nano.a(lib_a-nano-mallocr.o)
 .debug_aranges
                0x00000e40       0x20 c:/program files/microchip/xc32/v2.40/bin/bin/../../lib/gcc/pic32c/6.2.1/../../../../pic32c/lib/v7e-m/fpv4-sp/hard\libc_nano.a(lib_a-sbrkr.o)
 .debug_aranges
                0x00000e60       0x20 c:/program files/microchip/xc32/v2.40/bin/bin/../../lib/gcc/pic32c/6.2.1/../../../../pic32c/lib/v7e-m/fpv4-sp/hard\libc_nano.a(_lib_a-sprintf.cdnopuxX.o)
 .debug_aranges
                0x00000e80       0x20 c:/program files/microchip/xc32/v2.40/bin/bin/../../lib/gcc/pic32c/6.2.1/../../../../pic32c/lib/v7e-m/fpv4-sp/hard\libc_nano.a(lib_a-strlen.o)
 .debug_aranges
                0x00000ea0       0x18 c:/program files/microchip/xc32/v2.40/bin/bin/../../lib/gcc/pic32c/6.2.1/../../../../pic32c/lib/v7e-m/fpv4-sp/hard\libc_nano.a(lib_a-impure.o)
 .debug_aranges
                0x00000eb8       0x20 c:/program files/microchip/xc32/v2.40/bin/bin/../../lib/gcc/pic32c/6.2.1/../../../../pic32c/lib/v7e-m/fpv4-sp/hard\libc_nano.a(lib_a-mlock.o)
 .debug_aranges
                0x00000ed8       0x30 c:/program files/microchip/xc32/v2.40/bin/bin/../../lib/gcc/pic32c/6.2.1/../../../../pic32c/lib/v7e-m/fpv4-sp/hard\libc_nano.a(_lib_a-nano-vfprintf.cdnopuxX.o)
 .debug_aranges
                0x00000f08       0x28 c:/program files/microchip/xc32/v2.40/bin/bin/../../lib/gcc/pic32c/6.2.1/../../../../pic32c/lib/v7e-m/fpv4-sp/hard\libc_nano.a(lib_a-nano-vfprintf_i.o)
 .debug_aranges
                0x00000f30       0x28 c:/program files/microchip/xc32/v2.40/bin/bin/../../lib/gcc/pic32c/6.2.1/../../../../pic32c/lib/v7e-m/fpv4-sp/hard\libc_nano.a(lib_a-reent.o)
 .debug_aranges
                0x00000f58       0x28 c:/program files/microchip/xc32/v2.40/bin/bin/../../lib/gcc/pic32c/6.2.1/../../../../pic32c/lib/v7e-m/fpv4-sp/hard\libc_nano.a(lib_a-__ssfputs.o)
 .debug_aranges
                0x00000f80       0x28 c:/program files/microchip/xc32/v2.40/bin/bin/../../lib/gcc/pic32c/6.2.1/../../../../pic32c/lib/v7e-m/fpv4-sp/hard\libc_nano.a(lib_a-wbuf.o)
 .debug_aranges
                0x00000fa8       0x20 c:/program files/microchip/xc32/v2.40/bin/bin/../../lib/gcc/pic32c/6.2.1/../../../../pic32c/lib/v7e-m/fpv4-sp/hard\libc_nano.a(lib_a-wsetup.o)
 .debug_aranges
                0x00000fc8       0x30 c:/program files/microchip/xc32/v2.40/bin/bin/../../lib/gcc/pic32c/6.2.1/../../../../pic32c/lib/v7e-m/fpv4-sp/hard\libc_nano.a(lib_a-fflush.o)
 .debug_aranges
                0x00000ff8       0x48 c:/program files/microchip/xc32/v2.40/bin/bin/../../lib/gcc/pic32c/6.2.1/../../../../pic32c/lib/v7e-m/fpv4-sp/hard\libc_nano.a(lib_a-findfp.o)
 .debug_aranges
                0x00001040       0x30 c:/program files/microchip/xc32/v2.40/bin/bin/../../lib/gcc/pic32c/6.2.1/../../../../pic32c/lib/v7e-m/fpv4-sp/hard\libc_nano.a(lib_a-fputwc.o)
 .debug_aranges
                0x00001070       0x28 c:/program files/microchip/xc32/v2.40/bin/bin/../../lib/gcc/pic32c/6.2.1/../../../../pic32c/lib/v7e-m/fpv4-sp/hard\libc_nano.a(lib_a-fwalk.o)
 .debug_aranges
                0x00001098       0x40 c:/program files/microchip/xc32/v2.40/bin/bin/../../lib/gcc/pic32c/6.2.1/../../../../pic32c/lib/v7e-m/fpv4-sp/hard\libc_nano.a(lib_a-locale.o)
 .debug_aranges
                0x000010d8       0x28 c:/program files/microchip/xc32/v2.40/bin/bin/../../lib/gcc/pic32c/6.2.1/../../../../pic32c/lib/v7e-m/fpv4-sp/hard\libc_nano.a(lib_a-makebuf.o)
 .debug_aranges
                0x00001100       0x28 c:/program files/microchip/xc32/v2.40/bin/bin/../../lib/gcc/pic32c/6.2.1/../../../../pic32c/lib/v7e-m/fpv4-sp/hard\libc_nano.a(lib_a-mbtowc_r.o)
 .debug_aranges
                0x00001128       0x20 c:/program files/microchip/xc32/v2.40/bin/bin/../../lib/gcc/pic32c/6.2.1/../../../../pic32c/lib/v7e-m/fpv4-sp/hard\libc_nano.a(lib_a-memchr.o)
 .debug_aranges
                0x00001148       0x40 c:/program files/microchip/xc32/v2.40/bin/bin/../../lib/gcc/pic32c/6.2.1/../../../../pic32c/lib/v7e-m/fpv4-sp/hard\libc_nano.a(lib_a-stdio.o)
 .debug_aranges
                0x00001188       0x28 c:/program files/microchip/xc32/v2.40/bin/bin/../../lib/gcc/pic32c/6.2.1/../../../../pic32c/lib/v7e-m/fpv4-sp/hard\libc_nano.a(lib_a-wcrtomb.o)
 .debug_aranges
                0x000011b0       0x28 c:/program files/microchip/xc32/v2.40/bin/bin/../../lib/gcc/pic32c/6.2.1/../../../../pic32c/lib/v7e-m/fpv4-sp/hard\libc_nano.a(lib_a-wctomb_r.o)
 .debug_aranges
                0x000011d8       0x20 c:/program files/microchip/xc32/v2.40/bin/bin/../../lib/gcc/pic32c/6.2.1/../../../../pic32c/lib/v7e-m/fpv4-sp/hard\libc_nano.a(lib_a-writer.o)
 .debug_aranges
                0x000011f8       0x20 c:/program files/microchip/xc32/v2.40/bin/bin/../../lib/gcc/pic32c/6.2.1/../../../../pic32c/lib/v7e-m/fpv4-sp/hard\libc_nano.a(lib_a-closer.o)
 .debug_aranges
                0x00001218       0x18 c:/program files/microchip/xc32/v2.40/bin/bin/../../lib/gcc/pic32c/6.2.1/../../../../pic32c/lib/v7e-m/fpv4-sp/hard\libc_nano.a(lib_a-ctype_.o)
 .debug_aranges
                0x00001230       0x20 c:/program files/microchip/xc32/v2.40/bin/bin/../../lib/gcc/pic32c/6.2.1/../../../../pic32c/lib/v7e-m/fpv4-sp/hard\libc_nano.a(lib_a-fstatr.o)
 .debug_aranges
                0x00001250       0x20 c:/program files/microchip/xc32/v2.40/bin/bin/../../lib/gcc/pic32c/6.2.1/../../../../pic32c/lib/v7e-m/fpv4-sp/hard\libc_nano.a(lib_a-isattyr.o)
 .debug_aranges
                0x00001270       0x20 c:/program files/microchip/xc32/v2.40/bin/bin/../../lib/gcc/pic32c/6.2.1/../../../../pic32c/lib/v7e-m/fpv4-sp/hard\libc_nano.a(lib_a-lseekr.o)
 .debug_aranges
                0x00001290       0x20 c:/program files/microchip/xc32/v2.40/bin/bin/../../lib/gcc/pic32c/6.2.1/../../../../pic32c/lib/v7e-m/fpv4-sp/hard\libc_nano.a(lib_a-readr.o)
 .debug_aranges
                0x000012b0       0x20 c:/program files/microchip/xc32/v2.40/bin/bin/../../lib/gcc/pic32c/6.2.1/../../../../pic32c/lib/v7e-m/fpv4-sp/hard\libpic32c.a(_close.o)
 .debug_aranges
                0x000012d0       0x20 c:/program files/microchip/xc32/v2.40/bin/bin/../../lib/gcc/pic32c/6.2.1/../../../../pic32c/lib/v7e-m/fpv4-sp/hard\libpic32c.a(_fstat.o)
 .debug_aranges
                0x000012f0       0x20 c:/program files/microchip/xc32/v2.40/bin/bin/../../lib/gcc/pic32c/6.2.1/../../../../pic32c/lib/v7e-m/fpv4-sp/hard\libpic32c.a(_isatty.o)
 .debug_aranges
                0x00001310       0x20 c:/program files/microchip/xc32/v2.40/bin/bin/../../lib/gcc/pic32c/6.2.1/../../../../pic32c/lib/v7e-m/fpv4-sp/hard\libpic32c.a(_lseek.o)
 .debug_aranges
                0x00001330       0x20 c:/program files/microchip/xc32/v2.40/bin/bin/../../lib/gcc/pic32c/6.2.1/../../../../pic32c/lib/v7e-m/fpv4-sp/hard\libpic32c.a(_read.o)
 .debug_aranges
                0x00001350       0x20 c:/program files/microchip/xc32/v2.40/bin/bin/../../lib/gcc/pic32c/6.2.1/../../../../pic32c/lib/v7e-m/fpv4-sp/hard\libpic32c.a(sbrk.o)