Archive member included to satisfy reference by file (symbol)

c:/program files/microchip/xc32/v3.01/bin/bin/../../lib/gcc/pic32c/8.3.1/../../../../pic32c/lib/thumb/v7e-m+fp/hard\libpic32c.a(data_init.o)
                              build/LAN9255_SQI_INDIRECT_MODE/production/_ext/1171490990/startup_xc32.o (__pic32c_data_initialization)
c:/program files/microchip/xc32/v3.01/bin/bin/../../lib/gcc/pic32c/8.3.1/../../../../pic32c/lib/thumb/v7e-m+fp/hard\libc_nano.a(lib_a-init.o)
                              build/LAN9255_SQI_INDIRECT_MODE/production/_ext/1171490990/startup_xc32.o (__libc_init_array)
c:/program files/microchip/xc32/v3.01/bin/bin/../../lib/gcc/pic32c/8.3.1/../../../../pic32c/lib/thumb/v7e-m+fp/hard\libc_nano.a(lib_a-malloc.o)
                              build/LAN9255_SQI_INDIRECT_MODE/production/_ext/1671622016/Drivers.o (malloc)
c:/program files/microchip/xc32/v3.01/bin/bin/../../lib/gcc/pic32c/8.3.1/../../../../pic32c/lib/thumb/v7e-m+fp/hard\libc_nano.a(lib_a-memcpy-stub.o)
                              build/LAN9255_SQI_INDIRECT_MODE/production/_ext/1593096446/plib_nvmctrl.o (memcpy)
c:/program files/microchip/xc32/v3.01/bin/bin/../../lib/gcc/pic32c/8.3.1/../../../../pic32c/lib/thumb/v7e-m+fp/hard\libc_nano.a(lib_a-memset.o)
                              build/LAN9255_SQI_INDIRECT_MODE/production/_ext/1671622016/Drivers.o (memset)
c:/program files/microchip/xc32/v3.01/bin/bin/../../lib/gcc/pic32c/8.3.1/../../../../pic32c/lib/thumb/v7e-m+fp/hard\libc_nano.a(lib_a-nano-freer.o)
                              c:/program files/microchip/xc32/v3.01/bin/bin/../../lib/gcc/pic32c/8.3.1/../../../../pic32c/lib/thumb/v7e-m+fp/hard\libc_nano.a(lib_a-malloc.o) (_free_r)
c:/program files/microchip/xc32/v3.01/bin/bin/../../lib/gcc/pic32c/8.3.1/../../../../pic32c/lib/thumb/v7e-m+fp/hard\libc_nano.a(lib_a-nano-mallocr.o)
                              c:/program files/microchip/xc32/v3.01/bin/bin/../../lib/gcc/pic32c/8.3.1/../../../../pic32c/lib/thumb/v7e-m+fp/hard\libc_nano.a(lib_a-malloc.o) (_malloc_r)
c:/program files/microchip/xc32/v3.01/bin/bin/../../lib/gcc/pic32c/8.3.1/../../../../pic32c/lib/thumb/v7e-m+fp/hard\libc_nano.a(lib_a-sbrkr.o)
                              c:/program files/microchip/xc32/v3.01/bin/bin/../../lib/gcc/pic32c/8.3.1/../../../../pic32c/lib/thumb/v7e-m+fp/hard\libc_nano.a(lib_a-nano-mallocr.o) (_sbrk_r)
c:/program files/microchip/xc32/v3.01/bin/bin/../../lib/gcc/pic32c/8.3.1/../../../../pic32c/lib/thumb/v7e-m+fp/hard\libc_nano.a(lib_a-strlen.o)
                              build/LAN9255_SQI_INDIRECT_MODE/production/_ext/108134065/objdef.o (strlen)
c:/program files/microchip/xc32/v3.01/bin/bin/../../lib/gcc/pic32c/8.3.1/../../../../pic32c/lib/thumb/v7e-m+fp/hard\libc_nano.a(lib_a-impure.o)
                              c:/program files/microchip/xc32/v3.01/bin/bin/../../lib/gcc/pic32c/8.3.1/../../../../pic32c/lib/thumb/v7e-m+fp/hard\libc_nano.a(lib_a-malloc.o) (_impure_ptr)
c:/program files/microchip/xc32/v3.01/bin/bin/../../lib/gcc/pic32c/8.3.1/../../../../pic32c/lib/thumb/v7e-m+fp/hard\libc_nano.a(lib_a-mlock.o)
                              c:/program files/microchip/xc32/v3.01/bin/bin/../../lib/gcc/pic32c/8.3.1/../../../../pic32c/lib/thumb/v7e-m+fp/hard\libc_nano.a(lib_a-nano-freer.o) (__malloc_lock)
c:/program files/microchip/xc32/v3.01/bin/bin/../../lib/gcc/pic32c/8.3.1/../../../../pic32c/lib/thumb/v7e-m+fp/hard\libc_nano.a(lib_a-reent.o)
                              c:/program files/microchip/xc32/v3.01/bin/bin/../../lib/gcc/pic32c/8.3.1/../../../../pic32c/lib/thumb/v7e-m+fp/hard\libc_nano.a(lib_a-sbrkr.o) (errno)
c:/program files/microchip/xc32/v3.01/bin/bin/../../lib/gcc/pic32c/8.3.1/../../../../pic32c/lib/thumb/v7e-m+fp/hard\libpic32c.a(sbrk.o)
                              c:/program files/microchip/xc32/v3.01/bin/bin/../../lib/gcc/pic32c/8.3.1/../../../../pic32c/lib/thumb/v7e-m+fp/hard\libc_nano.a(lib_a-sbrkr.o) (_sbrk)

Allocating common symbols
Common symbol       size              file

b3BufferMode        0x1               build/LAN9255_SQI_INDIRECT_MODE/production/_ext/108134065/ecatslv.o
nEcatStateTrans     0x2               build/LAN9255_SQI_INDIRECT_MODE/production/_ext/108134065/ecatslv.o
EcatWdCounter       0x2               build/LAN9255_SQI_INDIRECT_MODE/production/_ext/108134065/ecatslv.o
sSendEmcyQueue      0x10              build/LAN9255_SQI_INDIRECT_MODE/production/_ext/108134065/emcy.o
bApplEsmPending     0x1               build/LAN9255_SQI_INDIRECT_MODE/production/_ext/108134065/ecatslv.o
pCoeSendStored      0x4               build/LAN9255_SQI_INDIRECT_MODE/production/_ext/108134065/ecatcoe.o
pAPPL_EEPROM_Store  0x4               build/LAN9255_SQI_INDIRECT_MODE/production/_ext/108134065/ecatappl.o
nSdoInfoIndex       0x2               build/LAN9255_SQI_INDIRECT_MODE/production/_ext/108134065/sdoserv.o
pStoreData          0x4               build/LAN9255_SQI_INDIRECT_MODE/production/_ext/108134065/sdoserv.o
[...]
Memory Configuration

Name             Origin             Length             Attributes
rom              0x00000000         0x00100000         xrl
ram              0x20000000         0x00040000         xw !r
tcm              0x03000000         0x00000000         xw
config_D0800080  0xd0800080         0x00000004
config_D0800100  0xd0800100         0x00000004
config_D0800084  0xd0800084         0x00000004
config_D0804000  0xd0804000         0x00000004
config_D0800108  0xd0800108         0x00000004
config_D0804008  0xd0804008         0x00000004
config_D0800104  0xd0800104         0x00000004
config_D0804004  0xd0804004         0x00000004
*default*        0x00000000         0xffffffff

Linker script and memory map

LOAD c:/program files/microchip/xc32/v3.01/bin/bin/../../lib/gcc/pic32c/8.3.1/thumb/v7e-m+fp/hard/crti.o
LOAD c:/program files/microchip/xc32/v3.01/bin/bin/../../lib/gcc/pic32c/8.3.1/thumb/v7e-m+fp/hard/crtbegin.o
LOAD build/LAN9255_SQI_INDIRECT_MODE/production/_ext/1984496892/plib_clock.o
LOAD build/LAN9255_SQI_INDIRECT_MODE/production/_ext/1865131932/plib_cmcc.o
LOAD build/LAN9255_SQI_INDIRECT_MODE/production/_ext/60167341/plib_eic.o
LOAD build/LAN9255_SQI_INDIRECT_MODE/production/_ext/1986646378/plib_evsys.o
LOAD build/LAN9255_SQI_INDIRECT_MODE/production/_ext/1865468468/plib_nvic.o
LOAD build/LAN9255_SQI_INDIRECT_MODE/production/_ext/1593096446/plib_nvmctrl.o
LOAD build/LAN9255_SQI_INDIRECT_MODE/production/_ext/1865521619/plib_port.o
LOAD build/LAN9255_SQI_INDIRECT_MODE/production/_ext/1865555181/plib_qspi.o
LOAD build/LAN9255_SQI_INDIRECT_MODE/production/_ext/1865555181/plib_qspi_spi.o
LOAD build/LAN9255_SQI_INDIRECT_MODE/production/_ext/1827571544/plib_systick.o
LOAD build/LAN9255_SQI_INDIRECT_MODE/production/_ext/163028504/xc32_monitor.o
LOAD build/LAN9255_SQI_INDIRECT_MODE/production/_ext/1881668453/sys_int.o
LOAD build/LAN9255_SQI_INDIRECT_MODE/production/_ext/1171490990/exceptions.o
LOAD build/LAN9255_SQI_INDIRECT_MODE/production/_ext/1171490990/initialization.o
LOAD build/LAN9255_SQI_INDIRECT_MODE/production/_ext/1171490990/interrupts.o
LOAD build/LAN9255_SQI_INDIRECT_MODE/production/_ext/1171490990/libc_syscalls.o
LOAD build/LAN9255_SQI_INDIRECT_MODE/production/_ext/1171490990/startup_xc32.o
LOAD build/LAN9255_SQI_INDIRECT_MODE/production/_ext/1171490990/tasks.o
LOAD build/LAN9255_SQI_INDIRECT_MODE/production/_ext/1671622016/Drivers.o
LOAD build/LAN9255_SQI_INDIRECT_MODE/production/_ext/108147519/ESC_Utils.o
LOAD build/LAN9255_SQI_INDIRECT_MODE/production/_ext/108147519/LAN925x.o
LOAD build/LAN9255_SQI_INDIRECT_MODE/production/_ext/108134065/bootmode.o
LOAD build/LAN9255_SQI_INDIRECT_MODE/production/_ext/108134065/coeappl.o
LOAD build/LAN9255_SQI_INDIRECT_MODE/production/_ext/108134065/ecatappl.o
LOAD build/LAN9255_SQI_INDIRECT_MODE/production/_ext/108134065/ecatcoe.o
LOAD build/LAN9255_SQI_INDIRECT_MODE/production/_ext/108134065/ecatfoe.o
LOAD build/LAN9255_SQI_INDIRECT_MODE/production/_ext/108134065/ecatslv.o
LOAD build/LAN9255_SQI_INDIRECT_MODE/production/_ext/108134065/emcy.o
LOAD build/LAN9255_SQI_INDIRECT_MODE/production/_ext/108134065/foeappl.o
LOAD build/LAN9255_SQI_INDIRECT_MODE/production/_ext/108134065/mailbox.o
LOAD build/LAN9255_SQI_INDIRECT_MODE/production/_ext/108134065/objdef.o
LOAD build/LAN9255_SQI_INDIRECT_MODE/production/_ext/108134065/sample_app.o
LOAD build/LAN9255_SQI_INDIRECT_MODE/production/_ext/108134065/sdoserv.o
LOAD build/LAN9255_SQI_INDIRECT_MODE/production/_ext/1360937237/main.o
LOAD build/LAN9255_SQI_INDIRECT_MODE/production/_ext/1360937237/app.o
LOAD build/LAN9255_SQI_INDIRECT_MODE/production/_ext/1360937237/Developer_Test.o
                0x00000001                __MPLAB_BUILD = 0x1
                0x00000200                _min_heap_size = 0x200
START GROUP
LOAD c:/program files/microchip/xc32/v3.01/bin/bin/../../lib/gcc/pic32c/8.3.1/../../../../pic32c/lib/thumb/v7e-m+fp/hard\libpic32c.a
LOAD c:/program files/microchip/xc32/v3.01/bin/bin/../../lib/gcc/pic32c/8.3.1/thumb/v7e-m+fp/hard\libgcc.a
LOAD c:/program files/microchip/xc32/v3.01/bin/bin/../../lib/gcc/pic32c/8.3.1/../../../../pic32c/lib/thumb/v7e-m+fp/hard\libm_nano.a
LOAD c:/program files/microchip/xc32/v3.01/bin/bin/../../lib/gcc/pic32c/8.3.1/../../../../pic32c/lib/thumb/v7e-m+fp/hard\libc_nano.a
END GROUP
LOAD c:/program files/microchip/xc32/v3.01/bin/bin/../../lib/gcc/pic32c/8.3.1/thumb/v7e-m+fp/hard/crtend.o
LOAD c:/program files/microchip/xc32/v3.01/bin/bin/../../lib/gcc/pic32c/8.3.1/thumb/v7e-m+fp/hard/crtn.o
                0x00100000                __rom_end = (ORIGIN (rom) + LENGTH (rom))
                0x20040000                __ram_end = (ORIGIN (ram) + LENGTH (ram))

.config_D0800080
 *(.config_D0800080)

.config_D0800100
 *(.config_D0800100)

.config_D0800084
 *(.config_D0800084)

.config_D0804000
 *(.config_D0804000)

.config_D0800108
 *(.config_D0800108)

.config_D0804008
 *(.config_D0804008)

.config_D0800104
 *(.config_D0800104)

.config_D0804004
 *(.config_D0804004)

.vectors        0x00000000      0x260
                0x00000000                . = ALIGN (0x4)
                0x00000000                _sfixed = .
 *(.vectors .vectors.* .vectors_default .vectors_default.*)
 .vectors       0x00000000      0x260 build/LAN9255_SQI_INDIRECT_MODE/production/_ext/1171490990/interrupts.o
                0x00000000                exception_table
 *(.isr_vector)
 *(.reset*)
 *(.after_vectors)

.text           0x00000260       0x20
                0x00000260                . = ALIGN (0x4)
 *(.glue_7t)
 .glue_7t       0x00000260        0x0 linker stubs
 *(.glue_7)
 .glue_7        0x00000260        0x0 linker stubs
 *(.gnu.linkonce.r.*)
 *(.ARM.extab* .gnu.linkonce.armextab.*)
                0x00000260                . = ALIGN (0x4)
 *(.init)
 .init          0x00000260        0x4 c:/program files/microchip/xc32/v3.01/bin/bin/../../lib/gcc/pic32c/8.3.1/thumb/v7e-m+fp/hard/crti.o
                0x00000260                _init
 .init          0x00000264        0x8 c:/program files/microchip/xc32/v3.01/bin/bin/../../lib/gcc/pic32c/8.3.1/thumb/v7e-m+fp/hard/crtn.o
                0x0000026c                . = ALIGN (0x4)
                0x0000026c                __preinit_array_start = .
 *(.preinit_array)
                0x0000026c                __preinit_array_end = .
                0x0000026c                . = ALIGN (0x4)
                0x0000026c                __init_array_start = .
 *(SORT_BY_NAME(.init_array.*))
 *(.init_array)
 .init_array    0x0000026c        0x4 c:/program files/microchip/xc32/v3.01/bin/bin/../../lib/gcc/pic32c/8.3.1/thumb/v7e-m+fp/hard/crtbegin.o
                0x00000270                __init_array_end = .
                0x00000270                . = ALIGN (0x4)
 *crtbegin.o(.ctors)
 *(EXCLUDE_FILE(*crtend.o) .ctors)
 *(SORT_BY_NAME(.ctors.*))
 *crtend.o(.ctors)
                0x00000270                . = ALIGN (0x4)
 *(.fini)
 .fini          0x00000270        0x4 c:/program files/microchip/xc32/v3.01/bin/bin/../../lib/gcc/pic32c/8.3.1/thumb/v7e-m+fp/hard/crti.o
                0x00000270                _fini
 .fini          0x00000274        0x8 c:/program files/microchip/xc32/v3.01/bin/bin/../../lib/gcc/pic32c/8.3.1/thumb/v7e-m+fp/hard/crtn.o
                0x0000027c                . = ALIGN (0x4)
                0x0000027c                __fini_array_start = .
 *(.fini_array)
 .fini_array    0x0000027c        0x4 c:/program files/microchip/xc32/v3.01/bin/bin/../../lib/gcc/pic32c/8.3.1/thumb/v7e-m+fp/hard/crtbegin.o
 *(SORT_BY_NAME(.fini_array.*))
                0x00000280                __fini_array_end = .
 *crtbegin.o(.dtors)
 *(EXCLUDE_FILE(*crtend.o) .dtors)
 *(SORT_BY_NAME(.dtors.*))
 *crtend.o(.dtors)
                0x00000280                . = ALIGN (0x4)
                0x00000280                _efixed = .
                [!provide]                PROVIDE (__exidx_start = .)

.ARM.exidx
 *(.ARM.exidx* .gnu.linkonce.armexidx.*)
                [!provide]                PROVIDE (__exidx_end = .)
                0x00000280                . = ALIGN (0x4)
                0x00000280                _etext = .

.bss            0x20000000     0x23e4
                0x20000000                . = ALIGN (0x4)
                0x20000000                __bss_start__ = .
                0x20000000                _sbss = .
                0x20000000                _szero = .
 *(COMMON)
 COMMON         0x20000000       0xc0 build/LAN9255_SQI_INDIRECT_MODE/production/_ext/60167341/plib_eic.o
                0x20000000                eicCallbackObject
 COMMON         0x200000c0        0xc build/LAN9255_SQI_INDIRECT_MODE/production/_ext/1827571544/plib_systick.o
                0x200000c0                systick
 COMMON         0x200000cc        0x2 build/LAN9255_SQI_INDIRECT_MODE/production/_ext/108147519/LAN925x.o
                0x200000cc                gEscALEvent
 *fill*         0x200000ce        0x2 
 COMMON         0x200000d0        0x8 build/LAN9255_SQI_INDIRECT_MODE/production/_ext/108134065/coeappl.o
                0x200000d0                u32LastDc32Value
                0x200000d4                u32CheckForDcOverrunCnt
 COMMON         0x200000d8       0xe0 build/LAN9255_SQI_INDIRECT_MODE/production/_ext/108134065/ecatappl.o
                0x200000d8                pAPPL_EEPROM_Store
                0x200000dc                bMinCycleTimeMeasurementStarted
                0x200000e0                u32CycleTimeStartValue
                0x200000e4                pAPPL_EEPROM_Read
                0x200000e8                pAPPL_EEPROM_Write
                0x200000ec                bRunApplication
                0x200000f0                u32SystemTimeReadFailure
                0x200000f4                bEcatWaitForInputUpdate
                0x200000f8                u32MinCycleTimeValue
                0x200000fc                aPdOutputData
                0x20000140                pAPPL_FoeError
                0x20000144                u16EepromStoreTimeoutCounter
                0x20000146                EepromReadSize
                0x20000148                pAPPL_FoeReadData
                0x2000014c                pAPPL_MainLoop
                0x20000150                bEtherCATErrorLed
                0x20000154                u32MinCycleTimeStartValue
                0x20000158                aPdInputData
                0x2000019c                pEEPROM
                0x200001a0                bEtherCATRunLed
                0x200001a4                pAPPL_FoeWriteData
                0x200001a8                pAPPL_EEPROM_Reload
                0x200001ac                pAPPL_FoeRead
                0x200001b0                u16EepromStoreTimeoutValue
                0x200001b4                pAPPL_FoeWrite
 COMMON         0x200001b8        0x4 build/LAN9255_SQI_INDIRECT_MODE/production/_ext/108134065/ecatcoe.o
                0x200001b8                pCoeSendStored
 COMMON         0x200001bc       0x16 build/LAN9255_SQI_INDIRECT_MODE/production/_ext/108134065/ecatfoe.o
                0x200001bc                u32FileOffset
                0x200001c0                u16FileAccessState
                0x200001c4                u32PacketNo
                0x200001c8                pFoeSendStored
                0x200001cc                u32LastFileOffset
                0x200001d0                u16FoeMaxSendBlockSize
 *fill*         0x200001d2        0x2 
 COMMON         0x200001d4       0x52 build/LAN9255_SQI_INDIRECT_MODE/production/_ext/108134065/ecatslv.o
                0x200001d4                b3BufferMode
                0x200001d6                nEcatStateTrans
                0x200001d8                EcatWdCounter
                0x200001da                bApplEsmPending
                0x200001db                nAlStatus
                0x200001dc                nPdOutputSize
                0x200001de                u16LocalErrorCode
                0x200001e0                Sync0WdCounter
                0x200001e2                bLocalErrorFlag
                0x200001e4                LatchInputSync0Counter
                0x200001e6                i16WaitForPllRunningCnt
                0x200001e8                nEscAddrOutputData
                0x200001ea                Sync0WdValue
                0x200001ec                u8EcatRunLed
                0x200001ee                i16WaitForPllRunningTimeout
                0x200001f0                Sync1WdValue
                0x200001f2                u16ALEventMask
                0x200001f4                bDcRunning
                0x200001f8                u32dummy
                0x200001fc                SyncManInfo
                0x20000204                b32BitDc
                0x20000206                LatchInputSync0Value
                0x20000208                bEcatWaitForAlControlRes
                0x2000020a                nPdInputSize
                0x2000020c                u16SmSync0Value
                0x2000020e                nMaxEscAddress
                0x20000210                bEcatFirstOutputsReceived
                0x20000211                bSmSyncSequenceValid
                0x20000212                EsmTimeoutCounter
                0x20000214                bBootMode
                0x20000215                bDcSyncActive
                0x20000216                bEcatOutputUpdateRunning
                0x20000218                Sync1WdCounter
                0x2000021a                EcatWdValue
                0x2000021c                bEcatInputUpdateRunning
                0x2000021d                bEscIntEnabled
                0x2000021e                bWdTrigger
                0x20000220                u16SmSync0Counter
                0x20000222                nMaxSyncMan
                0x20000223                u8EcatErrorLed
                0x20000224                nEscAddrInputData
 *fill*         0x20000226        0x2 
 COMMON         0x20000228       0x28 build/LAN9255_SQI_INDIRECT_MODE/production/_ext/108134065/emcy.o
                0x20000228                sSendEmcyQueue
                0x20000238                asEmcy
                0x20000240                sEmptyEmcyQueue
 COMMON         0x20000250       0x94 build/LAN9255_SQI_INDIRECT_MODE/production/_ext/108134065/mailbox.o
                0x20000250                u8MbxReadCounter
                0x20000254                sMbxSendQueue
                0x20000288                sMbxReceiveQueue
                0x200002bc                bNoMbxMemoryAvailable
                0x200002bd                bSendMbxIsFull
                0x200002be                bMbxRunning
                0x200002c0                u16EscAddrReceiveMbx
                0x200002c4                psStoreMbx
                0x200002c8                u16SendMbxSize
                0x200002cc                psReadMbx
                0x200002d0                bReceiveMbxIsLocked
                0x200002d2                u16EscAddrSendMbx
                0x200002d4                psWriteMbx
                0x200002d8                u8MbxWriteCounter
                0x200002d9                u8MailboxSendReqStored
                0x200002da                u16ReceiveMbxSize
                0x200002dc                bMbxRepeatToggle
                0x200002e0                psRepeatMbx
 COMMON         0x200002e4       0x8e build/LAN9255_SQI_INDIRECT_MODE/production/_ext/108134065/objdef.o
                0x200002e4                sSyncManInPar
                0x20000328                sSyncManOutPar
                0x2000036c                bSyncSetByUser
                0x20000370                sCycleDiag
 *fill*         0x20000372        0x2 
 COMMON         0x20000374     0x2016 build/LAN9255_SQI_INDIRECT_MODE/production/_ext/108134065/sample_app.o
                0x20000374                aFileData
                0x20002374                aFileName
 *fill*         0x2000238a        0x2 
 COMMON         0x2000238c       0x4d build/LAN9255_SQI_INDIRECT_MODE/production/_ext/108134065/sdoserv.o
                0x2000238c                nSdoInfoIndex
                0x20002390                pStoreData
                0x20002394                nSdoSegBytesToHandle
                0x20002398                bSdoSegAccess
                0x20002399                bSdoSegFollows
                0x2000239c                nSdoSegCompleteSize
                0x200023a0                pSdoPendFunc
                0x200023a4                u8PendingSdo
                0x200023a5                bStoreCompleteAccess
                0x200023a6                bSdoSegLastToggle
                0x200023a7                nSdoSegService
                0x200023a8                pSdoInfoObjEntry
                0x200023ac                nSdoInfoFragmentsLeft
                0x200023b0                pSdoResStored
                0x200023b4                u32StoreDataSize
                0x200023b8                pSdoSegData
                0x200023bc                nSdoSegIndex
                0x200023c0                aSdoInfoHeader
                0x200023d0                pSdoSegObjEntry
                0x200023d4                nSdoSegSubindex
                0x200023d6                u16StoreIndex
                0x200023d8                u8StoreSubindex
 *fill*         0x200023d9        0x3 
 COMMON         0x200023dc        0x1 build/LAN9255_SQI_INDIRECT_MODE/production/_ext/1360937237/app.o
                0x200023dc                appData
 *fill*         0x200023dd        0x3 
 COMMON         0x200023e0        0x4 c:/program files/microchip/xc32/v3.01/bin/bin/../../lib/gcc/pic32c/8.3.1/../../../../pic32c/lib/thumb/v7e-m+fp/hard\libc_nano.a(lib_a-reent.o)
                0x200023e0                errno
                0x200023e4                . = ALIGN (0x4)
                0x200023e4                __bss_end__ = .
                0x200023e4                _ebss = .
                0x200023e4                _ezero = .
                0x200023e4                . = ALIGN (0x4)
                0x200023e4                _end = .
                0x2003ffff                _ram_end_ = ((ORIGIN (ram) + LENGTH (ram)) - 0x1)
OUTPUT(dist/LAN9255_SQI_INDIRECT_MODE/production/EVB_LAN9255_IO_FoE.X.production.elf elf32-littlearm)
LOAD stack
LOAD data_init

.ARM.attributes
                0x00000000       0x30
 .ARM.attributes
                0x00000000       0x1e c:/program files/microchip/xc32/v3.01/bin/bin/../../lib/gcc/pic32c/8.3.1/thumb/v7e-m+fp/hard/crti.o
 .ARM.attributes
                0x0000001e       0x34 c:/program files/microchip/xc32/v3.01/bin/bin/../../lib/gcc/pic32c/8.3.1/thumb/v7e-m+fp/hard/crtbegin.o
 .ARM.attributes
                0x00000052       0x34 build/LAN9255_SQI_INDIRECT_MODE/production/_ext/1984496892/plib_clock.o
 .ARM.attributes
                0x00000086       0x34 build/LAN9255_SQI_INDIRECT_MODE/production/_ext/60167341/plib_eic.o
 .ARM.attributes
                0x000000ba       0x34 build/LAN9255_SQI_INDIRECT_MODE/production/_ext/1986646378/plib_evsys.o
 .ARM.attributes
                0x000000ee       0x34 build/LAN9255_SQI_INDIRECT_MODE/production/_ext/1865468468/plib_nvic.o
 .ARM.attributes
                0x00000122       0x34 build/LAN9255_SQI_INDIRECT_MODE/production/_ext/1593096446/plib_nvmctrl.o
 .ARM.attributes
                0x00000156       0x34 build/LAN9255_SQI_INDIRECT_MODE/production/_ext/1865521619/plib_port.o
 .ARM.attributes
                0x0000018a       0x34 build/LAN9255_SQI_INDIRECT_MODE/production/_ext/1865555181/plib_qspi.o
 .ARM.attributes
                0x000001be       0x34 build/LAN9255_SQI_INDIRECT_MODE/production/_ext/1827571544/plib_systick.o
 .ARM.attributes
                0x000001f2       0x34 build/LAN9255_SQI_INDIRECT_MODE/production/_ext/1171490990/exceptions.o
 .ARM.attributes
                0x00000226       0x34 build/LAN9255_SQI_INDIRECT_MODE/production/_ext/1171490990/initialization.o
 .ARM.attributes
                0x0000025a       0x34 build/LAN9255_SQI_INDIRECT_MODE/production/_ext/1171490990/interrupts.o
 .ARM.attributes
                0x0000028e       0x34 build/LAN9255_SQI_INDIRECT_MODE/production/_ext/1171490990/startup_xc32.o
 .ARM.attributes
                0x000002c2       0x34 build/LAN9255_SQI_INDIRECT_MODE/production/_ext/1171490990/tasks.o
 .ARM.attributes
                0x000002f6       0x34 build/LAN9255_SQI_INDIRECT_MODE/production/_ext/1671622016/Drivers.o
 .ARM.attributes
                0x0000032a       0x34 build/LAN9255_SQI_INDIRECT_MODE/production/_ext/108147519/ESC_Utils.o
 .ARM.attributes
                0x0000035e       0x34 build/LAN9255_SQI_INDIRECT_MODE/production/_ext/108147519/LAN925x.o
 .ARM.attributes
                0x00000392       0x34 build/LAN9255_SQI_INDIRECT_MODE/production/_ext/108134065/bootmode.o
 .ARM.attributes
                0x000003c6       0x34 build/LAN9255_SQI_INDIRECT_MODE/production/_ext/108134065/coeappl.o
 .ARM.attributes
                0x000003fa       0x34 build/LAN9255_SQI_INDIRECT_MODE/production/_ext/108134065/ecatappl.o
 .ARM.attributes
                0x0000042e       0x34 build/LAN9255_SQI_INDIRECT_MODE/production/_ext/108134065/ecatcoe.o
 .ARM.attributes
                0x00000462       0x34 build/LAN9255_SQI_INDIRECT_MODE/production/_ext/108134065/ecatfoe.o
 .ARM.attributes
                0x00000496       0x34 build/LAN9255_SQI_INDIRECT_MODE/production/_ext/108134065/ecatslv.o
 .ARM.attributes
                0x000004ca       0x34 build/LAN9255_SQI_INDIRECT_MODE/production/_ext/108134065/emcy.o
 .ARM.attributes
                0x000004fe       0x34 build/LAN9255_SQI_INDIRECT_MODE/production/_ext/108134065/foeappl.o
 .ARM.attributes
                0x00000532       0x34 build/LAN9255_SQI_INDIRECT_MODE/production/_ext/108134065/mailbox.o
 .ARM.attributes
                0x00000566       0x34 build/LAN9255_SQI_INDIRECT_MODE/production/_ext/108134065/objdef.o
 .ARM.attributes
                0x0000059a       0x34 build/LAN9255_SQI_INDIRECT_MODE/production/_ext/108134065/sample_app.o
 .ARM.attributes
                0x000005ce       0x34 build/LAN9255_SQI_INDIRECT_MODE/production/_ext/108134065/sdoserv.o
 .ARM.attributes
                0x00000602       0x34 build/LAN9255_SQI_INDIRECT_MODE/production/_ext/1360937237/main.o
 .ARM.attributes
                0x00000636       0x34 build/LAN9255_SQI_INDIRECT_MODE/production/_ext/1360937237/app.o
 .ARM.attributes
                0x0000066a       0x34 c:/program files/microchip/xc32/v3.01/bin/bin/../../lib/gcc/pic32c/8.3.1/../../../../pic32c/lib/thumb/v7e-m+fp/hard\libpic32c.a(data_init.o)
 .ARM.attributes
                0x0000069e       0x34 c:/program files/microchip/xc32/v3.01/bin/bin/../../lib/gcc/pic32c/8.3.1/../../../../pic32c/lib/thumb/v7e-m+fp/hard\libc_nano.a(lib_a-init.o)
 .ARM.attributes
                0x000006d2       0x34 c:/program files/microchip/xc32/v3.01/bin/bin/../../lib/gcc/pic32c/8.3.1/../../../../pic32c/lib/thumb/v7e-m+fp/hard\libc_nano.a(lib_a-malloc.o)
 .ARM.attributes
                0x00000706       0x34 c:/program files/microchip/xc32/v3.01/bin/bin/../../lib/gcc/pic32c/8.3.1/../../../../pic32c/lib/thumb/v7e-m+fp/hard\libc_nano.a(lib_a-memcpy-stub.o)
 .ARM.attributes
                0x0000073a       0x34 c:/program files/microchip/xc32/v3.01/bin/bin/../../lib/gcc/pic32c/8.3.1/../../../../pic32c/lib/thumb/v7e-m+fp/hard\libc_nano.a(lib_a-memset.o)
 .ARM.attributes
                0x0000076e       0x34 c:/program files/microchip/xc32/v3.01/bin/bin/../../lib/gcc/pic32c/8.3.1/../../../../pic32c/lib/thumb/v7e-m+fp/hard\libc_nano.a(lib_a-nano-freer.o)
 .ARM.attributes
                0x000007a2       0x34 c:/program files/microchip/xc32/v3.01/bin/bin/../../lib/gcc/pic32c/8.3.1/../../../../pic32c/lib/thumb/v7e-m+fp/hard\libc_nano.a(lib_a-nano-mallocr.o)
 .ARM.attributes
                0x000007d6       0x34 c:/program files/microchip/xc32/v3.01/bin/bin/../../lib/gcc/pic32c/8.3.1/../../../../pic32c/lib/thumb/v7e-m+fp/hard\libc_nano.a(lib_a-sbrkr.o)
 .ARM.attributes
                0x0000080a       0x17 c:/program files/microchip/xc32/v3.01/bin/bin/../../lib/gcc/pic32c/8.3.1/../../../../pic32c/lib/thumb/v7e-m+fp/hard\libc_nano.a(lib_a-strlen.o)
 .ARM.attributes
                0x00000821       0x32 c:/program files/microchip/xc32/v3.01/bin/bin/../../lib/gcc/pic32c/8.3.1/../../../../pic32c/lib/thumb/v7e-m+fp/hard\libc_nano.a(lib_a-impure.o)
 .ARM.attributes
                0x00000853       0x34 c:/program files/microchip/xc32/v3.01/bin/bin/../../lib/gcc/pic32c/8.3.1/../../../../pic32c/lib/thumb/v7e-m+fp/hard\libc_nano.a(lib_a-mlock.o)
 .ARM.attributes
                0x00000887       0x34 c:/program files/microchip/xc32/v3.01/bin/bin/../../lib/gcc/pic32c/8.3.1/../../../../pic32c/lib/thumb/v7e-m+fp/hard\libc_nano.a(lib_a-reent.o)
 .ARM.attributes
                0x000008bb       0x34 c:/program files/microchip/xc32/v3.01/bin/bin/../../lib/gcc/pic32c/8.3.1/../../../../pic32c/lib/thumb/v7e-m+fp/hard\libpic32c.a(sbrk.o)
 .ARM.attributes
                0x000008ef       0x1e c:/program files/microchip/xc32/v3.01/bin/bin/../../lib/gcc/pic32c/8.3.1/thumb/v7e-m+fp/hard/crtn.o

.comment        0x00000000       0x53
 .comment       0x00000000       0x53 c:/program files/microchip/xc32/v3.01/bin/bin/../../lib/gcc/pic32c/8.3.1/thumb/v7e-m+fp/hard/crtbegin.o
                                 0x54 (size before relaxing)
 .comment       0x00000053       0x54 build/LAN9255_SQI_INDIRECT_MODE/production/_ext/1984496892/plib_clock.o
 .comment       0x00000053       0x54 build/LAN9255_SQI_INDIRECT_MODE/production/_ext/60167341/plib_eic.o
 .comment       0x00000053       0x54 build/LAN9255_SQI_INDIRECT_MODE/production/_ext/1986646378/plib_evsys.o
 .comment       0x00000053       0x54 build/LAN9255_SQI_INDIRECT_MODE/production/_ext/1865468468/plib_nvic.o
 .comment       0x00000053       0x54 build/LAN9255_SQI_INDIRECT_MODE/production/_ext/1593096446/plib_nvmctrl.o
 .comment       0x00000053       0x54 build/LAN9255_SQI_INDIRECT_MODE/production/_ext/1865521619/plib_port.o
 .comment       0x00000053       0x54 build/LAN9255_SQI_INDIRECT_MODE/production/_ext/1865555181/plib_qspi.o
 .comment       0x00000053       0x54 build/LAN9255_SQI_INDIRECT_MODE/production/_ext/1827571544/plib_systick.o
 .comment       0x00000053       0x54 build/LAN9255_SQI_INDIRECT_MODE/production/_ext/1171490990/exceptions.o
 .comment       0x00000053       0x54 build/LAN9255_SQI_INDIRECT_MODE/production/_ext/1171490990/initialization.o
 .comment       0x00000053       0x54 build/LAN9255_SQI_INDIRECT_MODE/production/_ext/1171490990/interrupts.o
 .comment       0x00000053       0x54 build/LAN9255_SQI_INDIRECT_MODE/production/_ext/1171490990/startup_xc32.o
 .comment       0x00000053       0x54 build/LAN9255_SQI_INDIRECT_MODE/production/_ext/1171490990/tasks.o
 .comment       0x00000053       0x54 build/LAN9255_SQI_INDIRECT_MODE/production/_ext/1671622016/Drivers.o
 .comment       0x00000053       0x54 build/LAN9255_SQI_INDIRECT_MODE/production/_ext/108147519/ESC_Utils.o
 .comment       0x00000053       0x54 build/LAN9255_SQI_INDIRECT_MODE/production/_ext/108147519/LAN925x.o
 .comment       0x00000053       0x54 build/LAN9255_SQI_INDIRECT_MODE/production/_ext/108134065/bootmode.o
 .comment       0x00000053       0x54 build/LAN9255_SQI_INDIRECT_MODE/production/_ext/108134065/coeappl.o
 .comment       0x00000053       0x54 build/LAN9255_SQI_INDIRECT_MODE/production/_ext/108134065/ecatappl.o
 .comment       0x00000053       0x54 build/LAN9255_SQI_INDIRECT_MODE/production/_ext/108134065/ecatcoe.o
 .comment       0x00000053       0x54 build/LAN9255_SQI_INDIRECT_MODE/production/_ext/108134065/ecatfoe.o
 .comment       0x00000053       0x54 build/LAN9255_SQI_INDIRECT_MODE/production/_ext/108134065/ecatslv.o
 .comment       0x00000053       0x54 build/LAN9255_SQI_INDIRECT_MODE/production/_ext/108134065/emcy.o
 .comment       0x00000053       0x54 build/LAN9255_SQI_INDIRECT_MODE/production/_ext/108134065/foeappl.o
 .comment       0x00000053       0x54 build/LAN9255_SQI_INDIRECT_MODE/production/_ext/108134065/mailbox.o
 .comment       0x00000053       0x54 build/LAN9255_SQI_INDIRECT_MODE/production/_ext/108134065/objdef.o
 .comment       0x00000053       0x54 build/LAN9255_SQI_INDIRECT_MODE/production/_ext/108134065/sample_app.o
 .comment       0x00000053       0x54 build/LAN9255_SQI_INDIRECT_MODE/production/_ext/108134065/sdoserv.o
 .comment       0x00000053       0x54 build/LAN9255_SQI_INDIRECT_MODE/production/_ext/1360937237/main.o
 .comment       0x00000053       0x54 build/LAN9255_SQI_INDIRECT_MODE/production/_ext/1360937237/app.o
 .comment       0x00000053       0x54 c:/program files/microchip/xc32/v3.01/bin/bin/../../lib/gcc/pic32c/8.3.1/../../../../pic32c/lib/thumb/v7e-m+fp/hard\libpic32c.a(data_init.o)
 .comment       0x00000053       0x54 c:/program files/microchip/xc32/v3.01/bin/bin/../../lib/gcc/pic32c/8.3.1/../../../../pic32c/lib/thumb/v7e-m+fp/hard\libc_nano.a(lib_a-init.o)
 .comment       0x00000053       0x54 c:/program files/microchip/xc32/v3.01/bin/bin/../../lib/gcc/pic32c/8.3.1/../../../../pic32c/lib/thumb/v7e-m+fp/hard\libc_nano.a(lib_a-malloc.o)
 .comment       0x00000053       0x54 c:/program files/microchip/xc32/v3.01/bin/bin/../../lib/gcc/pic32c/8.3.1/../../../../pic32c/lib/thumb/v7e-m+fp/hard\libc_nano.a(lib_a-memcpy-stub.o)
 .comment       0x00000053       0x54 c:/program files/microchip/xc32/v3.01/bin/bin/../../lib/gcc/pic32c/8.3.1/../../../../pic32c/lib/thumb/v7e-m+fp/hard\libc_nano.a(lib_a-memset.o)
 .comment       0x00000053       0x54 c:/program files/microchip/xc32/v3.01/bin/bin/../../lib/gcc/pic32c/8.3.1/../../../../pic32c/lib/thumb/v7e-m+fp/hard\libc_nano.a(lib_a-nano-freer.o)
 .comment       0x00000053       0x54 c:/program files/microchip/xc32/v3.01/bin/bin/../../lib/gcc/pic32c/8.3.1/../../../../pic32c/lib/thumb/v7e-m+fp/hard\libc_nano.a(lib_a-nano-mallocr.o)
 .comment       0x00000053       0x54 c:/program files/microchip/xc32/v3.01/bin/bin/../../lib/gcc/pic32c/8.3.1/../../../../pic32c/lib/thumb/v7e-m+fp/hard\libc_nano.a(lib_a-sbrkr.o)
 .comment       0x00000053       0x54 c:/program files/microchip/xc32/v3.01/bin/bin/../../lib/gcc/pic32c/8.3.1/../../../../pic32c/lib/thumb/v7e-m+fp/hard\libc_nano.a(lib_a-impure.o)
 .comment       0x00000053       0x54 c:/program files/microchip/xc32/v3.01/bin/bin/../../lib/gcc/pic32c/8.3.1/../../../../pic32c/lib/thumb/v7e-m+fp/hard\libc_nano.a(lib_a-mlock.o)
 .comment       0x00000053       0x54 c:/program files/microchip/xc32/v3.01/bin/bin/../../lib/gcc/pic32c/8.3.1/../../../../pic32c/lib/thumb/v7e-m+fp/hard\libc_nano.a(lib_a-reent.o)
 .comment       0x00000053       0x54 c:/program files/microchip/xc32/v3.01/bin/bin/../../lib/gcc/pic32c/8.3.1/../../../../pic32c/lib/thumb/v7e-m+fp/hard\libpic32c.a(sbrk.o)

.debug_info     0x00000000    0x30aaa
 .debug_info    0x00000000      0xbc5 build/LAN9255_SQI_INDIRECT_MODE/production/_ext/1984496892/plib_clock.o
 .debug_info    0x00000bc5      0x838 build/LAN9255_SQI_INDIRECT_MODE/production/_ext/60167341/plib_eic.o
 .debug_info    0x000013fd      0x386 build/LAN9255_SQI_INDIRECT_MODE/production/_ext/1986646378/plib_evsys.o
 .debug_info    0x00001783     0x115f build/LAN9255_SQI_INDIRECT_MODE/production/_ext/1865468468/plib_nvic.o
 .debug_info    0x000028e2     0x17b0 build/LAN9255_SQI_INDIRECT_MODE/production/_ext/1593096446/plib_nvmctrl.o
 .debug_info    0x00004092      0x874 build/LAN9255_SQI_INDIRECT_MODE/production/_ext/1865521619/plib_port.o
 .debug_info    0x00004906      0xd14 build/LAN9255_SQI_INDIRECT_MODE/production/_ext/1865555181/plib_qspi.o
 .debug_info    0x0000561a      0x702 build/LAN9255_SQI_INDIRECT_MODE/production/_ext/1827571544/plib_systick.o
 .debug_info    0x00005d1c     0x103c build/LAN9255_SQI_INDIRECT_MODE/production/_ext/1171490990/exceptions.o
 .debug_info    0x00006d58      0xf94 build/LAN9255_SQI_INDIRECT_MODE/production/_ext/1171490990/initialization.o
 .debug_info    0x00007cec     0x231c build/LAN9255_SQI_INDIRECT_MODE/production/_ext/1171490990/interrupts.o
 .debug_info    0x0000a008     0x149e build/LAN9255_SQI_INDIRECT_MODE/production/_ext/1171490990/startup_xc32.o
 .debug_info    0x0000b4a6      0xf67 build/LAN9255_SQI_INDIRECT_MODE/production/_ext/1171490990/tasks.o
 .debug_info    0x0000c40d     0x3408 build/LAN9255_SQI_INDIRECT_MODE/production/_ext/1671622016/Drivers.o
 .debug_info    0x0000f815     0x12e3 build/LAN9255_SQI_INDIRECT_MODE/production/_ext/108147519/ESC_Utils.o
 .debug_info    0x00010af8     0x1f68 build/LAN9255_SQI_INDIRECT_MODE/production/_ext/108147519/LAN925x.o
 .debug_info    0x00012a60     0x1323 build/LAN9255_SQI_INDIRECT_MODE/production/_ext/108134065/bootmode.o
 .debug_info    0x00013d83     0x2bee build/LAN9255_SQI_INDIRECT_MODE/production/_ext/108134065/coeappl.o
 .debug_info    0x00016971     0x26b0 build/LAN9255_SQI_INDIRECT_MODE/production/_ext/108134065/ecatappl.o
 .debug_info    0x00019021     0x1774 build/LAN9255_SQI_INDIRECT_MODE/production/_ext/108134065/ecatcoe.o
 .debug_info    0x0001a795     0x1b1a build/LAN9255_SQI_INDIRECT_MODE/production/_ext/108134065/ecatfoe.o
 .debug_info    0x0001c2af     0x2ab7 build/LAN9255_SQI_INDIRECT_MODE/production/_ext/108134065/ecatslv.o
 .debug_info    0x0001ed66     0x1ba4 build/LAN9255_SQI_INDIRECT_MODE/production/_ext/108134065/emcy.o
 .debug_info    0x0002090a     0x20f4 build/LAN9255_SQI_INDIRECT_MODE/production/_ext/108134065/foeappl.o
 .debug_info    0x000229fe     0x22a7 build/LAN9255_SQI_INDIRECT_MODE/production/_ext/108134065/mailbox.o
 .debug_info    0x00024ca5     0x28ff build/LAN9255_SQI_INDIRECT_MODE/production/_ext/108134065/objdef.o
 .debug_info    0x000275a4     0x2f3f build/LAN9255_SQI_INDIRECT_MODE/production/_ext/108134065/sample_app.o
 .debug_info    0x0002a4e3     0x2c34 build/LAN9255_SQI_INDIRECT_MODE/production/_ext/108134065/sdoserv.o
 .debug_info    0x0002d117      0xf56 build/LAN9255_SQI_INDIRECT_MODE/production/_ext/1360937237/main.o
 .debug_info    0x0002e06d     0x24c0 build/LAN9255_SQI_INDIRECT_MODE/production/_ext/1360937237/app.o
 .debug_info    0x0003052d      0x2cd c:/program files/microchip/xc32/v3.01/bin/bin/../../lib/gcc/pic32c/8.3.1/../../../../pic32c/lib/thumb/v7e-m+fp/hard\libpic32c.a(data_init.o)
 .debug_info    0x000307fa      0x2b0 c:/program files/microchip/xc32/v3.01/bin/bin/../../lib/gcc/pic32c/8.3.1/../../../../pic32c/lib/thumb/v7e-m+fp/hard\libpic32c.a(sbrk.o)

.debug_abbrev   0x00000000     0x46c5
 .debug_abbrev  0x00000000      0x115 build/LAN9255_SQI_INDIRECT_MODE/production/_ext/1984496892/plib_clock.o
 .debug_abbrev  0x00000115      0x17d build/LAN9255_SQI_INDIRECT_MODE/production/_ext/60167341/plib_eic.o
 .debug_abbrev  0x00000292       0x64 build/LAN9255_SQI_INDIRECT_MODE/production/_ext/1986646378/plib_evsys.o
 .debug_abbrev  0x000002f6      0x16d build/LAN9255_SQI_INDIRECT_MODE/production/_ext/1865468468/plib_nvic.o
 .debug_abbrev  0x00000463      0x297 build/LAN9255_SQI_INDIRECT_MODE/production/_ext/1593096446/plib_nvmctrl.o
 .debug_abbrev  0x000006fa      0x171 build/LAN9255_SQI_INDIRECT_MODE/production/_ext/1865521619/plib_port.o
 .debug_abbrev  0x0000086b      0x25d build/LAN9255_SQI_INDIRECT_MODE/production/_ext/1865555181/plib_qspi.o
 .debug_abbrev  0x00000ac8      0x17c build/LAN9255_SQI_INDIRECT_MODE/production/_ext/1827571544/plib_systick.o
 .debug_abbrev  0x00000c44      0x1bc build/LAN9255_SQI_INDIRECT_MODE/production/_ext/1171490990/exceptions.o
 .debug_abbrev  0x00000e00      0x1dc build/LAN9255_SQI_INDIRECT_MODE/production/_ext/1171490990/initialization.o
 .debug_abbrev  0x00000fdc      0x1cf build/LAN9255_SQI_INDIRECT_MODE/production/_ext/1171490990/interrupts.o
 .debug_abbrev  0x000011ab      0x2ac build/LAN9255_SQI_INDIRECT_MODE/production/_ext/1171490990/startup_xc32.o
 .debug_abbrev  0x00001457      0x1bc build/LAN9255_SQI_INDIRECT_MODE/production/_ext/1171490990/tasks.o
 .debug_abbrev  0x00001613      0x3f9 build/LAN9255_SQI_INDIRECT_MODE/production/_ext/1671622016/Drivers.o
 .debug_abbrev  0x00001a0c      0x245 build/LAN9255_SQI_INDIRECT_MODE/production/_ext/108147519/ESC_Utils.o
 .debug_abbrev  0x00001c51      0x2f4 build/LAN9255_SQI_INDIRECT_MODE/production/_ext/108147519/LAN925x.o
 .debug_abbrev  0x00001f45      0x229 build/LAN9255_SQI_INDIRECT_MODE/production/_ext/108134065/bootmode.o
 .debug_abbrev  0x0000216e      0x302 build/LAN9255_SQI_INDIRECT_MODE/production/_ext/108134065/coeappl.o
 .debug_abbrev  0x00002470      0x2c0 build/LAN9255_SQI_INDIRECT_MODE/production/_ext/108134065/ecatappl.o
 .debug_abbrev  0x00002730      0x21e build/LAN9255_SQI_INDIRECT_MODE/production/_ext/108134065/ecatcoe.o
 .debug_abbrev  0x0000294e      0x291 build/LAN9255_SQI_INDIRECT_MODE/production/_ext/108134065/ecatfoe.o
 .debug_abbrev  0x00002bdf      0x308 build/LAN9255_SQI_INDIRECT_MODE/production/_ext/108134065/ecatslv.o
 .debug_abbrev  0x00002ee7      0x2dd build/LAN9255_SQI_INDIRECT_MODE/production/_ext/108134065/emcy.o
 .debug_abbrev  0x000031c4      0x298 build/LAN9255_SQI_INDIRECT_MODE/production/_ext/108134065/foeappl.o
 .debug_abbrev  0x0000345c      0x2ce build/LAN9255_SQI_INDIRECT_MODE/production/_ext/108134065/mailbox.o
 .debug_abbrev  0x0000372a      0x304 build/LAN9255_SQI_INDIRECT_MODE/production/_ext/108134065/objdef.o
 .debug_abbrev  0x00003a2e      0x42b build/LAN9255_SQI_INDIRECT_MODE/production/_ext/108134065/sample_app.o
 .debug_abbrev  0x00003e59      0x327 build/LAN9255_SQI_INDIRECT_MODE/production/_ext/108134065/sdoserv.o
 .debug_abbrev  0x00004180      0x1be build/LAN9255_SQI_INDIRECT_MODE/production/_ext/1360937237/main.o
 .debug_abbrev  0x0000433e      0x32b build/LAN9255_SQI_INDIRECT_MODE/production/_ext/1360937237/app.o
 .debug_abbrev  0x00004669       0x2e c:/program files/microchip/xc32/v3.01/bin/bin/../../lib/gcc/pic32c/8.3.1/../../../../pic32c/lib/thumb/v7e-m+fp/hard\libpic32c.a(data_init.o)
 .debug_abbrev  0x00004697       0x2e c:/program files/microchip/xc32/v3.01/bin/bin/../../lib/gcc/pic32c/8.3.1/../../../../pic32c/lib/thumb/v7e-m+fp/hard\libpic32c.a(sbrk.o)

.debug_loc      0x00000000     0x4de8
 .debug_loc     0x00000000      0x1c4 build/LAN9255_SQI_INDIRECT_MODE/production/_ext/1984496892/plib_clock.o
 .debug_loc     0x000001c4      0x1dc build/LAN9255_SQI_INDIRECT_MODE/production/_ext/60167341/plib_eic.o
 .debug_loc     0x000003a0       0x44 build/LAN9255_SQI_INDIRECT_MODE/production/_ext/1986646378/plib_evsys.o
 .debug_loc     0x000003e4      0x140 build/LAN9255_SQI_INDIRECT_MODE/production/_ext/1865468468/plib_nvic.o
 .debug_loc     0x00000524      0x5c0 build/LAN9255_SQI_INDIRECT_MODE/production/_ext/1593096446/plib_nvmctrl.o
 .debug_loc     0x00000ae4      0x324 build/LAN9255_SQI_INDIRECT_MODE/production/_ext/1865521619/plib_port.o
 .debug_loc     0x00000e08      0x338 build/LAN9255_SQI_INDIRECT_MODE/production/_ext/1865555181/plib_qspi.o
 .debug_loc     0x00001140      0x31c build/LAN9255_SQI_INDIRECT_MODE/production/_ext/1827571544/plib_systick.o
 .debug_loc     0x0000145c      0x108 build/LAN9255_SQI_INDIRECT_MODE/production/_ext/1171490990/exceptions.o
 .debug_loc     0x00001564       0x50 build/LAN9255_SQI_INDIRECT_MODE/production/_ext/1171490990/initialization.o
 .debug_loc     0x000015b4      0x11c build/LAN9255_SQI_INDIRECT_MODE/production/_ext/1171490990/startup_xc32.o
 .debug_loc     0x000016d0       0x2c build/LAN9255_SQI_INDIRECT_MODE/production/_ext/1171490990/tasks.o
 .debug_loc     0x000016fc      0x7f8 build/LAN9255_SQI_INDIRECT_MODE/production/_ext/1671622016/Drivers.o
 .debug_loc     0x00001ef4      0x130 build/LAN9255_SQI_INDIRECT_MODE/production/_ext/108147519/ESC_Utils.o
 .debug_loc     0x00002024      0x4b0 build/LAN9255_SQI_INDIRECT_MODE/production/_ext/108147519/LAN925x.o
 .debug_loc     0x000024d4      0x158 build/LAN9255_SQI_INDIRECT_MODE/production/_ext/108134065/bootmode.o
 .debug_loc     0x0000262c      0x370 build/LAN9255_SQI_INDIRECT_MODE/production/_ext/108134065/coeappl.o
 .debug_loc     0x0000299c      0x330 build/LAN9255_SQI_INDIRECT_MODE/production/_ext/108134065/ecatappl.o
 .debug_loc     0x00002ccc       0xe4 build/LAN9255_SQI_INDIRECT_MODE/production/_ext/108134065/ecatcoe.o
 .debug_loc     0x00002db0       0xe4 build/LAN9255_SQI_INDIRECT_MODE/production/_ext/108134065/ecatfoe.o
 .debug_loc     0x00002e94      0x682 build/LAN9255_SQI_INDIRECT_MODE/production/_ext/108134065/ecatslv.o
 .debug_loc     0x00003516      0x2f4 build/LAN9255_SQI_INDIRECT_MODE/production/_ext/108134065/emcy.o
 .debug_loc     0x0000380a      0x1e0 build/LAN9255_SQI_INDIRECT_MODE/production/_ext/108134065/foeappl.o
 .debug_loc     0x000039ea      0x428 build/LAN9255_SQI_INDIRECT_MODE/production/_ext/108134065/mailbox.o
 .debug_loc     0x00003e12      0x40e build/LAN9255_SQI_INDIRECT_MODE/production/_ext/108134065/objdef.o
 .debug_loc     0x00004220      0x74e build/LAN9255_SQI_INDIRECT_MODE/production/_ext/108134065/sample_app.o
 .debug_loc     0x0000496e      0x210 build/LAN9255_SQI_INDIRECT_MODE/production/_ext/108134065/sdoserv.o
 .debug_loc     0x00004b7e       0x2c build/LAN9255_SQI_INDIRECT_MODE/production/_ext/1360937237/main.o
 .debug_loc     0x00004baa      0x22a build/LAN9255_SQI_INDIRECT_MODE/production/_ext/1360937237/app.o
 .debug_loc     0x00004dd4       0x14 c:/program files/microchip/xc32/v3.01/bin/bin/../../lib/gcc/pic32c/8.3.1/../../../../pic32c/lib/thumb/v7e-m+fp/hard\libpic32c.a(data_init.o)

.debug_aranges  0x00000000      0xb48
 .debug_aranges
                0x00000000       0x50 build/LAN9255_SQI_INDIRECT_MODE/production/_ext/1984496892/plib_clock.o
 .debug_aranges
                0x00000050       0x50 build/LAN9255_SQI_INDIRECT_MODE/production/_ext/60167341/plib_eic.o
 .debug_aranges
                0x000000a0       0x20 build/LAN9255_SQI_INDIRECT_MODE/production/_ext/1986646378/plib_evsys.o
 .debug_aranges
                0x000000c0       0x38 build/LAN9255_SQI_INDIRECT_MODE/production/_ext/1865468468/plib_nvic.o
 .debug_aranges
                0x000000f8       0xb0 build/LAN9255_SQI_INDIRECT_MODE/production/_ext/1593096446/plib_nvmctrl.o
 .debug_aranges
                0x000001a8       0x60 build/LAN9255_SQI_INDIRECT_MODE/production/_ext/1865521619/plib_port.o
 .debug_aranges
                0x00000208       0x68 build/LAN9255_SQI_INDIRECT_MODE/production/_ext/1865555181/plib_qspi.o
 .debug_aranges
                0x00000270       0x70 build/LAN9255_SQI_INDIRECT_MODE/production/_ext/1827571544/plib_systick.o
 .debug_aranges
                0x000002e0       0x48 build/LAN9255_SQI_INDIRECT_MODE/production/_ext/1171490990/exceptions.o
 .debug_aranges
                0x00000328       0x20 build/LAN9255_SQI_INDIRECT_MODE/production/_ext/1171490990/initialization.o
 .debug_aranges
                0x00000348       0x20 build/LAN9255_SQI_INDIRECT_MODE/production/_ext/1171490990/interrupts.o
 .debug_aranges
                0x00000368       0x38 build/LAN9255_SQI_INDIRECT_MODE/production/_ext/1171490990/startup_xc32.o
 .debug_aranges
                0x000003a0       0x20 build/LAN9255_SQI_INDIRECT_MODE/production/_ext/1171490990/tasks.o
 .debug_aranges
                0x000003c0       0xf0 build/LAN9255_SQI_INDIRECT_MODE/production/_ext/1671622016/Drivers.o
 .debug_aranges
                0x000004b0       0x40 build/LAN9255_SQI_INDIRECT_MODE/production/_ext/108147519/ESC_Utils.o
 .debug_aranges
                0x000004f0       0x90 build/LAN9255_SQI_INDIRECT_MODE/production/_ext/108147519/LAN925x.o
 .debug_aranges
                0x00000580       0x38 build/LAN9255_SQI_INDIRECT_MODE/production/_ext/108134065/bootmode.o
 .debug_aranges
                0x000005b8       0x70 build/LAN9255_SQI_INDIRECT_MODE/production/_ext/108134065/coeappl.o
 .debug_aranges
                0x00000628       0x78 build/LAN9255_SQI_INDIRECT_MODE/production/_ext/108134065/ecatappl.o
 .debug_aranges
                0x000006a0       0x30 build/LAN9255_SQI_INDIRECT_MODE/production/_ext/108134065/ecatcoe.o
 .debug_aranges
                0x000006d0       0x30 build/LAN9255_SQI_INDIRECT_MODE/production/_ext/108134065/ecatfoe.o
 .debug_aranges
                0x00000700       0xc8 build/LAN9255_SQI_INDIRECT_MODE/production/_ext/108134065/ecatslv.o
 .debug_aranges
                0x000007c8       0x60 build/LAN9255_SQI_INDIRECT_MODE/production/_ext/108134065/emcy.o
 .debug_aranges
                0x00000828       0x48 build/LAN9255_SQI_INDIRECT_MODE/production/_ext/108134065/foeappl.o
 .debug_aranges
                0x00000870       0x80 build/LAN9255_SQI_INDIRECT_MODE/production/_ext/108134065/mailbox.o
 .debug_aranges
                0x000008f0       0x78 build/LAN9255_SQI_INDIRECT_MODE/production/_ext/108134065/objdef.o
 .debug_aranges
                0x00000968       0xe0 build/LAN9255_SQI_INDIRECT_MODE/production/_ext/108134065/sample_app.o
 .debug_aranges
                0x00000a48       0x50 build/LAN9255_SQI_INDIRECT_MODE/production/_ext/108134065/sdoserv.o
 .debug_aranges
                0x00000a98       0x20 build/LAN9255_SQI_INDIRECT_MODE/production/_ext/1360937237/main.o
 .debug_aranges
                0x00000ab8       0x50 build/LAN9255_SQI_INDIRECT_MODE/production/_ext/1360937237/app.o
 .debug_aranges
                0x00000b08       0x20 c:/program files/microchip/xc32/v3.01/bin/bin/../../lib/gcc/pic32c/8.3.1/../../../../pic32c/lib/thumb/v7e-m+fp/hard\libpic32c.a(data_init.o)
 .debug_aranges
                0x00000b28       0x20 c:/program files/microchip/xc32/v3.01/bin/bin/../../lib/gcc/pic32c/8.3.1/../../../../pic32c/lib/thumb/v7e-m+fp/hard\libpic32c.a(sbrk.o)

.debug_ranges   0x00000000      0xa30
 .debug_ranges  0x00000000       0x40 build/LAN9255_SQI_INDIRECT_MODE/production/_ext/1984496892/plib_clock.o
 .debug_ranges  0x00000040       0x40 build/LAN9255_SQI_INDIRECT_MODE/production/_ext/60167341/plib_eic.o
 .debug_ranges  0x00000080       0x10 build/LAN9255_SQI_INDIRECT_MODE/production/_ext/1986646378/plib_evsys.o
 .debug_ranges  0x00000090       0x28 build/LAN9255_SQI_INDIRECT_MODE/production/_ext/1865468468/plib_nvic.o
 .debug_ranges  0x000000b8       0xa0 build/LAN9255_SQI_INDIRECT_MODE/production/_ext/1593096446/plib_nvmctrl.o
 .debug_ranges  0x00000158       0x50 build/LAN9255_SQI_INDIRECT_MODE/production/_ext/1865521619/plib_port.o
 .debug_ranges  0x000001a8       0x58 build/LAN9255_SQI_INDIRECT_MODE/production/_ext/1865555181/plib_qspi.o
 .debug_ranges  0x00000200       0x60 build/LAN9255_SQI_INDIRECT_MODE/production/_ext/1827571544/plib_systick.o
 .debug_ranges  0x00000260       0x38 build/LAN9255_SQI_INDIRECT_MODE/production/_ext/1171490990/exceptions.o
 .debug_ranges  0x00000298       0x10 build/LAN9255_SQI_INDIRECT_MODE/production/_ext/1171490990/initialization.o
 .debug_ranges  0x000002a8       0x10 build/LAN9255_SQI_INDIRECT_MODE/production/_ext/1171490990/interrupts.o
 .debug_ranges  0x000002b8       0x28 build/LAN9255_SQI_INDIRECT_MODE/production/_ext/1171490990/startup_xc32.o
 .debug_ranges  0x000002e0       0x10 build/LAN9255_SQI_INDIRECT_MODE/production/_ext/1171490990/tasks.o
 .debug_ranges  0x000002f0       0xe0 build/LAN9255_SQI_INDIRECT_MODE/production/_ext/1671622016/Drivers.o
 .debug_ranges  0x000003d0       0x30 build/LAN9255_SQI_INDIRECT_MODE/production/_ext/108147519/ESC_Utils.o
 .debug_ranges  0x00000400       0x80 build/LAN9255_SQI_INDIRECT_MODE/production/_ext/108147519/LAN925x.o
 .debug_ranges  0x00000480       0x28 build/LAN9255_SQI_INDIRECT_MODE/production/_ext/108134065/bootmode.o
 .debug_ranges  0x000004a8       0x78 build/LAN9255_SQI_INDIRECT_MODE/production/_ext/108134065/coeappl.o
 .debug_ranges  0x00000520       0x80 build/LAN9255_SQI_INDIRECT_MODE/production/_ext/108134065/ecatappl.o
 .debug_ranges  0x000005a0       0x20 build/LAN9255_SQI_INDIRECT_MODE/production/_ext/108134065/ecatcoe.o
 .debug_ranges  0x000005c0       0x80 build/LAN9255_SQI_INDIRECT_MODE/production/_ext/108134065/ecatfoe.o
 .debug_ranges  0x00000640       0xb8 build/LAN9255_SQI_INDIRECT_MODE/production/_ext/108134065/ecatslv.o
 .debug_ranges  0x000006f8       0x50 build/LAN9255_SQI_INDIRECT_MODE/production/_ext/108134065/emcy.o
 .debug_ranges  0x00000748       0x38 build/LAN9255_SQI_INDIRECT_MODE/production/_ext/108134065/foeappl.o
 .debug_ranges  0x00000780       0x70 build/LAN9255_SQI_INDIRECT_MODE/production/_ext/108134065/mailbox.o
 .debug_ranges  0x000007f0       0x80 build/LAN9255_SQI_INDIRECT_MODE/production/_ext/108134065/objdef.o
 .debug_ranges  0x00000870       0xd0 build/LAN9255_SQI_INDIRECT_MODE/production/_ext/108134065/sample_app.o
 .debug_ranges  0x00000940       0x68 build/LAN9255_SQI_INDIRECT_MODE/production/_ext/108134065/sdoserv.o
 .debug_ranges  0x000009a8       0x10 build/LAN9255_SQI_INDIRECT_MODE/production/_ext/1360937237/main.o
 .debug_ranges  0x000009b8       0x58 build/LAN9255_SQI_INDIRECT_MODE/production/_ext/1360937237/app.o
 .debug_ranges  0x00000a10       0x10 c:/program files/microchip/xc32/v3.01/bin/bin/../../lib/gcc/pic32c/8.3.1/../../../../pic32c/lib/thumb/v7e-m+fp/hard\libpic32c.a(data_init.o)
 .debug_ranges  0x00000a20       0x10 c:/program files/microchip/xc32/v3.01/bin/bin/../../lib/gcc/pic32c/8.3.1/../../../../pic32c/lib/thumb/v7e-m+fp/hard\libpic32c.a(sbrk.o)

.debug_line     0x00000000     0x9443
 .debug_line    0x00000000      0x2e5 build/LAN9255_SQI_INDIRECT_MODE/production/_ext/1984496892/plib_clock.o
 .debug_line    0x000002e5      0x297 build/LAN9255_SQI_INDIRECT_MODE/production/_ext/60167341/plib_eic.o
 .debug_line    0x0000057c      0x131 build/LAN9255_SQI_INDIRECT_MODE/production/_ext/1986646378/plib_evsys.o
 .debug_line    0x000006ad      0x22e build/LAN9255_SQI_INDIRECT_MODE/production/_ext/1865468468/plib_nvic.o
 .debug_line    0x000008db      0x4b5 build/LAN9255_SQI_INDIRECT_MODE/production/_ext/1593096446/plib_nvmctrl.o
 .debug_line    0x00000d90      0x2cb build/LAN9255_SQI_INDIRECT_MODE/production/_ext/1865521619/plib_port.o
 .debug_line    0x0000105b      0x473 build/LAN9255_SQI_INDIRECT_MODE/production/_ext/1865555181/plib_qspi.o
 .debug_line    0x000014ce      0x298 build/LAN9255_SQI_INDIRECT_MODE/production/_ext/1827571544/plib_systick.o
 .debug_line    0x00001766      0x24d build/LAN9255_SQI_INDIRECT_MODE/production/_ext/1171490990/exceptions.o
 .debug_line    0x000019b3      0x1f8 build/LAN9255_SQI_INDIRECT_MODE/production/_ext/1171490990/initialization.o
 .debug_line    0x00001bab      0x212 build/LAN9255_SQI_INDIRECT_MODE/production/_ext/1171490990/interrupts.o
 .debug_line    0x00001dbd      0x2f4 build/LAN9255_SQI_INDIRECT_MODE/production/_ext/1171490990/startup_xc32.o
 .debug_line    0x000020b1      0x1e5 build/LAN9255_SQI_INDIRECT_MODE/production/_ext/1171490990/tasks.o
 .debug_line    0x00002296      0x7f8 build/LAN9255_SQI_INDIRECT_MODE/production/_ext/1671622016/Drivers.o
 .debug_line    0x00002a8e      0x356 build/LAN9255_SQI_INDIRECT_MODE/production/_ext/108147519/ESC_Utils.o
 .debug_line    0x00002de4      0x665 build/LAN9255_SQI_INDIRECT_MODE/production/_ext/108147519/LAN925x.o
 .debug_line    0x00003449      0x195 build/LAN9255_SQI_INDIRECT_MODE/production/_ext/108134065/bootmode.o
 .debug_line    0x000035de      0x5a9 build/LAN9255_SQI_INDIRECT_MODE/production/_ext/108134065/coeappl.o
 .debug_line    0x00003b87      0x866 build/LAN9255_SQI_INDIRECT_MODE/production/_ext/108134065/ecatappl.o
 .debug_line    0x000043ed      0x1dd build/LAN9255_SQI_INDIRECT_MODE/production/_ext/108134065/ecatcoe.o
 .debug_line    0x000045ca      0x47c build/LAN9255_SQI_INDIRECT_MODE/production/_ext/108134065/ecatfoe.o
 .debug_line    0x00004a46     0x12a7 build/LAN9255_SQI_INDIRECT_MODE/production/_ext/108134065/ecatslv.o
 .debug_line    0x00005ced      0x427 build/LAN9255_SQI_INDIRECT_MODE/production/_ext/108134065/emcy.o
 .debug_line    0x00006114      0x351 build/LAN9255_SQI_INDIRECT_MODE/production/_ext/108134065/foeappl.o
 .debug_line    0x00006465      0x787 build/LAN9255_SQI_INDIRECT_MODE/production/_ext/108134065/mailbox.o
 .debug_line    0x00006bec      0xd13 build/LAN9255_SQI_INDIRECT_MODE/production/_ext/108134065/objdef.o
 .debug_line    0x000078ff      0x80e build/LAN9255_SQI_INDIRECT_MODE/production/_ext/108134065/sample_app.o
 .debug_line    0x0000810d      0xae9 build/LAN9255_SQI_INDIRECT_MODE/production/_ext/108134065/sdoserv.o
 .debug_line    0x00008bf6      0x1e8 build/LAN9255_SQI_INDIRECT_MODE/production/_ext/1360937237/main.o
 .debug_line    0x00008dde      0x4a0 build/LAN9255_SQI_INDIRECT_MODE/production/_ext/1360937237/app.o
 .debug_line    0x0000927e      0x110 c:/program files/microchip/xc32/v3.01/bin/bin/../../lib/gcc/pic32c/8.3.1/../../../../pic32c/lib/thumb/v7e-m+fp/hard\libpic32c.a(data_init.o)
 .debug_line    0x0000938e       0xb5 c:/program files/microchip/xc32/v3.01/bin/bin/../../lib/gcc/pic32c/8.3.1/../../../../pic32c/lib/thumb/v7e-m+fp/hard\libpic32c.a(sbrk.o)

.debug_str      0x00000000      0x644
 .debug_str     0x00000000       0x1e build/LAN9255_SQI_INDIRECT_MODE/production/_ext/1984496892/plib_clock.o
 .debug_str     0x0000001e        0x9 build/LAN9255_SQI_INDIRECT_MODE/production/_ext/60167341/plib_eic.o
 .debug_str     0x00000027        0x0 build/LAN9255_SQI_INDIRECT_MODE/production/_ext/1986646378/plib_evsys.o
 .debug_str     0x00000027        0xa build/LAN9255_SQI_INDIRECT_MODE/production/_ext/1865468468/plib_nvic.o
 .debug_str     0x00000031       0x29 build/LAN9255_SQI_INDIRECT_MODE/production/_ext/1593096446/plib_nvmctrl.o
 .debug_str     0x0000005a        0xb build/LAN9255_SQI_INDIRECT_MODE/production/_ext/1865521619/plib_port.o
 .debug_str     0x00000065       0x9a build/LAN9255_SQI_INDIRECT_MODE/production/_ext/1865555181/plib_qspi.o
 .debug_str     0x000000ff        0x9 build/LAN9255_SQI_INDIRECT_MODE/production/_ext/1827571544/plib_systick.o
 .debug_str     0x00000108        0xe build/LAN9255_SQI_INDIRECT_MODE/production/_ext/1171490990/exceptions.o
 .debug_str     0x00000116        0xe build/LAN9255_SQI_INDIRECT_MODE/production/_ext/1171490990/initialization.o
 .debug_str     0x00000124        0xe build/LAN9255_SQI_INDIRECT_MODE/production/_ext/1171490990/interrupts.o
 .debug_str     0x00000132        0xe build/LAN9255_SQI_INDIRECT_MODE/production/_ext/1171490990/startup_xc32.o
 .debug_str     0x00000140        0xe build/LAN9255_SQI_INDIRECT_MODE/production/_ext/1171490990/tasks.o
 .debug_str     0x0000014e       0x89 build/LAN9255_SQI_INDIRECT_MODE/production/_ext/1671622016/Drivers.o
 .debug_str     0x000001d7        0xe build/LAN9255_SQI_INDIRECT_MODE/production/_ext/108147519/ESC_Utils.o
 .debug_str     0x000001e5       0x4b build/LAN9255_SQI_INDIRECT_MODE/production/_ext/108147519/LAN925x.o
 .debug_str     0x00000230        0xe build/LAN9255_SQI_INDIRECT_MODE/production/_ext/108134065/bootmode.o
 .debug_str     0x0000023e       0x48 build/LAN9255_SQI_INDIRECT_MODE/production/_ext/108134065/coeappl.o
 .debug_str     0x00000286       0x4a build/LAN9255_SQI_INDIRECT_MODE/production/_ext/108134065/ecatappl.o
 .debug_str     0x000002d0       0x35 build/LAN9255_SQI_INDIRECT_MODE/production/_ext/108134065/ecatcoe.o
 .debug_str     0x00000305       0x24 build/LAN9255_SQI_INDIRECT_MODE/production/_ext/108134065/ecatfoe.o
 .debug_str     0x00000329       0x6b build/LAN9255_SQI_INDIRECT_MODE/production/_ext/108134065/ecatslv.o
 .debug_str     0x00000394       0x2d build/LAN9255_SQI_INDIRECT_MODE/production/_ext/108134065/emcy.o
 .debug_str     0x000003c1       0x31 build/LAN9255_SQI_INDIRECT_MODE/production/_ext/108134065/foeappl.o
 .debug_str     0x000003f2       0x50 build/LAN9255_SQI_INDIRECT_MODE/production/_ext/108134065/mailbox.o
 .debug_str     0x00000442       0xa5 build/LAN9255_SQI_INDIRECT_MODE/production/_ext/108134065/objdef.o
 .debug_str     0x000004e7       0x66 build/LAN9255_SQI_INDIRECT_MODE/production/_ext/108134065/sample_app.o
 .debug_str     0x0000054d       0xa8 build/LAN9255_SQI_INDIRECT_MODE/production/_ext/108134065/sdoserv.o
 .debug_str     0x000005f5        0xe build/LAN9255_SQI_INDIRECT_MODE/production/_ext/1360937237/main.o
 .debug_str     0x00000603       0x41 build/LAN9255_SQI_INDIRECT_MODE/production/_ext/1360937237/app.o
 .debug_str     0x00000644        0x0 c:/program files/microchip/xc32/v3.01/bin/bin/../../lib/gcc/pic32c/8.3.1/../../../../pic32c/lib/thumb/v7e-m+fp/hard\libpic32c.a(data_init.o)
 .debug_str     0x00000644        0x0 c:/program files/microchip/xc32/v3.01/bin/bin/../../lib/gcc/pic32c/8.3.1/../../../../pic32c/lib/thumb/v7e-m+fp/hard\libpic32c.a(sbrk.o)

.debug_frame    0x00000000     0x2698
 .debug_frame   0x00000000       0xec build/LAN9255_SQI_INDIRECT_MODE/production/_ext/1984496892/plib_clock.o
 .debug_frame   0x000000ec       0xfc build/LAN9255_SQI_INDIRECT_MODE/production/_ext/60167341/plib_eic.o
 .debug_frame   0x000001e8       0x30 build/LAN9255_SQI_INDIRECT_MODE/production/_ext/1986646378/plib_evsys.o
 .debug_frame   0x00000218       0xa4 build/LAN9255_SQI_INDIRECT_MODE/production/_ext/1865468468/plib_nvic.o
 .debug_frame   0x000002bc      0x2ac build/LAN9255_SQI_INDIRECT_MODE/production/_ext/1593096446/plib_nvmctrl.o
 .debug_frame   0x00000568      0x170 build/LAN9255_SQI_INDIRECT_MODE/production/_ext/1865521619/plib_port.o
 .debug_frame   0x000006d8      0x180 build/LAN9255_SQI_INDIRECT_MODE/production/_ext/1865555181/plib_qspi.o
 .debug_frame   0x00000858      0x184 build/LAN9255_SQI_INDIRECT_MODE/production/_ext/1827571544/plib_systick.o
 .debug_frame   0x000009dc       0xa0 build/LAN9255_SQI_INDIRECT_MODE/production/_ext/1171490990/exceptions.o
 .debug_frame   0x00000a7c       0x34 build/LAN9255_SQI_INDIRECT_MODE/production/_ext/1171490990/initialization.o
 .debug_frame   0x00000ab0       0x20 build/LAN9255_SQI_INDIRECT_MODE/production/_ext/1171490990/interrupts.o
 .debug_frame   0x00000ad0       0x98 build/LAN9255_SQI_INDIRECT_MODE/production/_ext/1171490990/startup_xc32.o
 .debug_frame   0x00000b68       0x2c build/LAN9255_SQI_INDIRECT_MODE/production/_ext/1171490990/tasks.o
 .debug_frame   0x00000b94      0x3c4 build/LAN9255_SQI_INDIRECT_MODE/production/_ext/1671622016/Drivers.o
 .debug_frame   0x00000f58       0xb4 build/LAN9255_SQI_INDIRECT_MODE/production/_ext/108147519/ESC_Utils.o
 .debug_frame   0x0000100c      0x22c build/LAN9255_SQI_INDIRECT_MODE/production/_ext/108147519/LAN925x.o
 .debug_frame   0x00001238       0xa8 build/LAN9255_SQI_INDIRECT_MODE/production/_ext/108134065/bootmode.o
 .debug_frame   0x000012e0      0x1b0 build/LAN9255_SQI_INDIRECT_MODE/production/_ext/108134065/coeappl.o
 .debug_frame   0x00001490      0x1b0 build/LAN9255_SQI_INDIRECT_MODE/production/_ext/108134065/ecatappl.o
 .debug_frame   0x00001640       0x78 build/LAN9255_SQI_INDIRECT_MODE/production/_ext/108134065/ecatcoe.o
 .debug_frame   0x000016b8       0x7c build/LAN9255_SQI_INDIRECT_MODE/production/_ext/108134065/ecatfoe.o
 .debug_frame   0x00001734      0x320 build/LAN9255_SQI_INDIRECT_MODE/production/_ext/108134065/ecatslv.o
 .debug_frame   0x00001a54      0x160 build/LAN9255_SQI_INDIRECT_MODE/production/_ext/108134065/emcy.o
 .debug_frame   0x00001bb4       0xec build/LAN9255_SQI_INDIRECT_MODE/production/_ext/108134065/foeappl.o
 .debug_frame   0x00001ca0      0x1ec build/LAN9255_SQI_INDIRECT_MODE/production/_ext/108134065/mailbox.o
 .debug_frame   0x00001e8c      0x1e4 build/LAN9255_SQI_INDIRECT_MODE/production/_ext/108134065/objdef.o
 .debug_frame   0x00002070      0x374 build/LAN9255_SQI_INDIRECT_MODE/production/_ext/108134065/sample_app.o
 .debug_frame   0x000023e4      0x120 build/LAN9255_SQI_INDIRECT_MODE/production/_ext/108134065/sdoserv.o
 .debug_frame   0x00002504       0x2c build/LAN9255_SQI_INDIRECT_MODE/production/_ext/1360937237/main.o
 .debug_frame   0x00002530      0x110 build/LAN9255_SQI_INDIRECT_MODE/production/_ext/1360937237/app.o
 .debug_frame   0x00002640       0x38 c:/program files/microchip/xc32/v3.01/bin/bin/../../lib/gcc/pic32c/8.3.1/../../../../pic32c/lib/thumb/v7e-m+fp/hard\libpic32c.a(data_init.o)
 .debug_frame   0x00002678       0x20 c:/program files/microchip/xc32/v3.01/bin/bin/../../lib/gcc/pic32c/8.3.1/../../../../pic32c/lib/thumb/v7e-m+fp/hard\libpic32c.a(sbrk.o)

.stack          0x20002ad8      0x100
 .stack         0x20002ad8      0x100 stack

.data.GenObjDic%1
                0x200023e4      0x1e0
 .data.GenObjDic
                0x200023e4      0x1e0 build/LAN9255_SQI_INDIRECT_MODE/production/_ext/108134065/coeappl.o
                0x200023e4                GenObjDic

.data.ApplicationObjDic%2
                0x200025c4      0x118
 .data.ApplicationObjDic
                0x200025c4      0x118 build/LAN9255_SQI_INDIRECT_MODE/production/_ext/108134065/coeappl.o
                0x200025c4                ApplicationObjDic

.bss.gau8rx_data%3
                0x200026dc       0x80
 .bss.gau8rx_data
                0x200026dc       0x80 build/LAN9255_SQI_INDIRECT_MODE/production/_ext/1671622016/Drivers.o

.data.impure_data%4
                0x2000275c       0x60
 .data.impure_data
                0x2000275c       0x60 c:/program files/microchip/xc32/v3.01/bin/bin/../../lib/gcc/pic32c/8.3.1/../../../../pic32c/lib/thumb/v7e-m+fp/hard\libc_nano.a(lib_a-impure.o)

.data.gau8DummyCntArr%5
                0x200027bc       0x27
 .data.gau8DummyCntArr
                0x200027bc       0x27 build/LAN9255_SQI_INDIRECT_MODE/production/_ext/108147519/LAN925x.o
                0x200027bc                gau8DummyCntArr

.bss%6          0x200027e4       0x1c
 .bss           0x200027e4       0x1c c:/program files/microchip/xc32/v3.01/bin/bin/../../lib/gcc/pic32c/8.3.1/thumb/v7e-m+fp/hard/crtbegin.o

.data.acDevicename%7
                0x20002800       0x16
 .data.acDevicename
                0x20002800       0x16 build/LAN9255_SQI_INDIRECT_MODE/production/_ext/108134065/coeappl.o
                0x20002800                acDevicename

.data.sIdentity%8
                0x20002818       0x14
 .data.sIdentity
                0x20002818       0x14 build/LAN9255_SQI_INDIRECT_MODE/production/_ext/108134065/coeappl.o
                0x20002818                sIdentity

.data.aSubindexDesc%9
                0x2000282c        0xd
 .data.aSubindexDesc
                0x2000282c        0xd build/LAN9255_SQI_INDIRECT_MODE/production/_ext/108134065/objdef.o
                0x2000282c                aSubindexDesc

.data.sErrorSettings%10
                0x2000283c        0xc
 .data.sErrorSettings
                0x2000283c        0xc build/LAN9255_SQI_INDIRECT_MODE/production/_ext/108134065/objdef.o
                0x2000283c                sErrorSettings

.bss.u64Timestamp%11
                0x20002848        0x8
 .bss.u64Timestamp
                0x20002848        0x8 build/LAN9255_SQI_INDIRECT_MODE/production/_ext/108134065/coeappl.o
                0x20002848                u64Timestamp

.data.OutputsProcessDataMapping0x1601%12
                0x20002850        0x8
 .data.OutputsProcessDataMapping0x1601
                0x20002850        0x8 build/LAN9255_SQI_INDIRECT_MODE/production/_ext/108134065/sample_app.o
                0x20002850                OutputsProcessDataMapping0x1601

.data.InputsProcessDataMapping0x1A00%13
                0x20002858        0x8
 .data.InputsProcessDataMapping0x1A00
                0x20002858        0x8 build/LAN9255_SQI_INDIRECT_MODE/production/_ext/108134065/sample_app.o
                0x20002858                InputsProcessDataMapping0x1A00

.data.Inputs0x6000%14
                0x20002860        0x8
 .data.Inputs0x6000
                0x20002860        0x8 build/LAN9255_SQI_INDIRECT_MODE/production/_ext/108134065/sample_app.o
                0x20002860                Inputs0x6000

.data.Outputs0x7010%15
                0x20002868        0x8
 .data.Outputs0x7010
                0x20002868        0x8 build/LAN9255_SQI_INDIRECT_MODE/production/_ext/108134065/sample_app.o
                0x20002868                Outputs0x7010

.data.sSyncmanagertype%16
                0x20002870        0x6
 .data.sSyncmanagertype
                0x20002870        0x6 build/LAN9255_SQI_INDIRECT_MODE/production/_ext/108134065/coeappl.o
                0x20002870                sSyncmanagertype

.data.u32Devicetype%17
                0x20002878        0x4
 .data.u32Devicetype
                0x20002878        0x4 build/LAN9255_SQI_INDIRECT_MODE/production/_ext/108134065/coeappl.o
                0x20002878                u32Devicetype

.data.acHardwareversion%18
                0x2000287c        0x4
 .data.acHardwareversion
                0x2000287c        0x4 build/LAN9255_SQI_INDIRECT_MODE/production/_ext/108134065/coeappl.o
                0x2000287c                acHardwareversion

.data.acSoftwareversion%19
                0x20002880        0x4
 .data.acSoftwareversion
                0x20002880        0x4 build/LAN9255_SQI_INDIRECT_MODE/production/_ext/108134065/coeappl.o
                0x20002880                acSoftwareversion

.bss.ObjDicList%20
                0x20002884        0x4
 .bss.ObjDicList
                0x20002884        0x4 build/LAN9255_SQI_INDIRECT_MODE/production/_ext/108134065/coeappl.o
                0x20002884                ObjDicList

.bss.SMActivate%21
                0x20002888        0x4
 .bss.SMActivate
                0x20002888        0x4 build/LAN9255_SQI_INDIRECT_MODE/production/_ext/108134065/ecatslv.o
                0x20002888                SMActivate

.data.sRxPDOassign%22
                0x2000288c        0x4
 .data.sRxPDOassign
                0x2000288c        0x4 build/LAN9255_SQI_INDIRECT_MODE/production/_ext/108134065/sample_app.o
                0x2000288c                sRxPDOassign

.data.sTxPDOassign%23
                0x20002890        0x4
 .data.sTxPDOassign
                0x20002890        0x4 build/LAN9255_SQI_INDIRECT_MODE/production/_ext/108134065/sample_app.o
                0x20002890                sTxPDOassign

.bss.nFileWriteOffset%24
                0x20002894        0x4
 .bss.nFileWriteOffset
                0x20002894        0x4 build/LAN9255_SQI_INDIRECT_MODE/production/_ext/108134065/sample_app.o
                0x20002894                nFileWriteOffset

.bss.nFileTotalLengthOffset%25
                0x20002898        0x4
 .bss.nFileTotalLengthOffset
                0x20002898        0x4 build/LAN9255_SQI_INDIRECT_MODE/production/_ext/108134065/sample_app.o
                0x20002898                nFileTotalLengthOffset

.bss.nFileStartWriteAddress%26
                0x2000289c        0x4
 .bss.nFileStartWriteAddress
                0x2000289c        0x4 build/LAN9255_SQI_INDIRECT_MODE/production/_ext/108134065/sample_app.o
                0x2000289c                nFileStartWriteAddress

.bss.u32FileSize%27
                0x200028a0        0x4
 .bss.u32FileSize
                0x200028a0        0x4 build/LAN9255_SQI_INDIRECT_MODE/production/_ext/108134065/sample_app.o
                0x200028a0                u32FileSize

.bss%28         0x200028a4        0x4
 .bss           0x200028a4        0x4 c:/program files/microchip/xc32/v3.01/bin/bin/../../lib/gcc/pic32c/8.3.1/../../../../pic32c/lib/thumb/v7e-m+fp/hard\libpic32c.a(data_init.o)

.bss.__malloc_free_list%29
                0x200028a8        0x4
 .bss.__malloc_free_list
                0x200028a8        0x4 c:/program files/microchip/xc32/v3.01/bin/bin/../../lib/gcc/pic32c/8.3.1/../../../../pic32c/lib/thumb/v7e-m+fp/hard\libc_nano.a(lib_a-nano-mallocr.o)
                0x200028a8                __malloc_free_list

.bss.__malloc_sbrk_start%30
                0x200028ac        0x4
 .bss.__malloc_sbrk_start
                0x200028ac        0x4 c:/program files/microchip/xc32/v3.01/bin/bin/../../lib/gcc/pic32c/8.3.1/../../../../pic32c/lib/thumb/v7e-m+fp/hard\libc_nano.a(lib_a-nano-mallocr.o)
                0x200028ac                __malloc_sbrk_start

.data._impure_ptr%31
                0x200028b0        0x4
 .data._impure_ptr
                0x200028b0        0x4 c:/program files/microchip/xc32/v3.01/bin/bin/../../lib/gcc/pic32c/8.3.1/../../../../pic32c/lib/thumb/v7e-m+fp/hard\libc_nano.a(lib_a-impure.o)
                0x200028b0                _impure_ptr

.bss%32         0x200028b4        0x4
 .bss           0x200028b4        0x4 c:/program files/microchip/xc32/v3.01/bin/bin/../../lib/gcc/pic32c/8.3.1/../../../../pic32c/lib/thumb/v7e-m+fp/hard\libpic32c.a(sbrk.o)

.bss.nvm_error%33
                0x20002816        0x2
 .bss.nvm_error
                0x20002816        0x2 build/LAN9255_SQI_INDIRECT_MODE/production/_ext/1593096446/plib_nvmctrl.o

.bss.nvm_status%34
                0x20002876        0x2
 .bss.nvm_status
                0x20002876        0x2 build/LAN9255_SQI_INDIRECT_MODE/production/_ext/1593096446/plib_nvmctrl.o

.bss.u16ErrorRegister%35
                0x2000283a        0x2
 .bss.u16ErrorRegister
                0x2000283a        0x2 build/LAN9255_SQI_INDIRECT_MODE/production/_ext/108134065/coeappl.o
                0x2000283a                u16ErrorRegister

.bss.gbALEvtOpEnabled%36
                0x200027e3        0x1
 .bss.gbALEvtOpEnabled
                0x200027e3        0x1 build/LAN9255_SQI_INDIRECT_MODE/production/_ext/108147519/LAN925x.o
                0x200027e3                gbALEvtOpEnabled

.bss.bInitFinished%37
                0x20002839        0x1
 .bss.bInitFinished
                0x20002839        0x1 build/LAN9255_SQI_INDIRECT_MODE/production/_ext/108134065/ecatappl.o
                0x20002839                bInitFinished

.bss.EepromLoaded%38
                0x200028b8        0x1
 .bss.EepromLoaded
                0x200028b8        0x1 build/LAN9255_SQI_INDIRECT_MODE/production/_ext/108134065/ecatslv.o
                0x200028b8                EepromLoaded

.bss.gFirmwareDownload_Started%39
                0x200028b9        0x1
 .bss.gFirmwareDownload_Started
                0x200028b9        0x1 build/LAN9255_SQI_INDIRECT_MODE/production/_ext/108134065/sample_app.o
                0x200028b9                gFirmwareDownload_Started

.bss.gFirmwareDownload_Finished%40
                0x200028ba        0x1
 .bss.gFirmwareDownload_Finished
                0x200028ba        0x1 build/LAN9255_SQI_INDIRECT_MODE/production/_ext/108134065/sample_app.o
                0x200028ba                gFirmwareDownload_Finished

.bss.bSdoInWork%41
                0x200028bb        0x1
 .bss.bSdoInWork
                0x200028bb        0x1 build/LAN9255_SQI_INDIRECT_MODE/production/_ext/108134065/sdoserv.o
                0x200028bb                bSdoInWork

.eh_frame%z1    0x00000000        0x0
 .eh_frame      0x00000000        0x0 c:/program files/microchip/xc32/v3.01/bin/bin/../../lib/gcc/pic32c/8.3.1/thumb/v7e-m+fp/hard/crtbegin.o

.config_eeprom%42
                0x00000280      0x800
 .config_eeprom
                0x00000280      0x800 build/LAN9255_SQI_INDIRECT_MODE/production/_ext/1360937237/app.o
                0x00000280                aEepromData

.text.StartInputHandler%43
                0x00000a80      0x7e4
 .text.StartInputHandler
                0x00000a80      0x7e4 build/LAN9255_SQI_INDIRECT_MODE/production/_ext/108134065/ecatslv.o
                0x00000a80                StartInputHandler

.text.AL_ControlInd%44
                0x00001264      0x790
 .text.AL_ControlInd
                0x00001264      0x790 build/LAN9255_SQI_INDIRECT_MODE/production/_ext/108134065/ecatslv.o
                0x00001264                AL_ControlInd

.text.OBJ_Write%45
                0x000019f4      0x710
 .text.OBJ_Write
                0x000019f4      0x710 build/LAN9255_SQI_INDIRECT_MODE/production/_ext/108134065/objdef.o
                0x000019f4                OBJ_Write

.dinit%46       0x00002104      0x6b0
 .dinit         0x00002104      0x6b0 data_init

.text.OBJ_Read%47
                0x000027b4      0x67c
 .text.OBJ_Read
                0x000027b4      0x67c build/LAN9255_SQI_INDIRECT_MODE/production/_ext/108134065/objdef.o
                0x000027b4                OBJ_Read

.text.SDOS_SdoInd%48
                0x00002e30      0x5e4
 .text.SDOS_SdoInd
                0x00002e30      0x5e4 build/LAN9255_SQI_INDIRECT_MODE/production/_ext/108134065/sdoserv.o
                0x00002e30                SDOS_SdoInd

.text.FOE_ServiceInd%49
                0x00003414      0x488
 .text.FOE_ServiceInd
                0x00003414      0x488 build/LAN9255_SQI_INDIRECT_MODE/production/_ext/108134065/ecatfoe.o
                0x00003414                FOE_ServiceInd

.text.SDOS_SdoInfoInd%50
                0x0000389c      0x434
 .text.SDOS_SdoInfoInd
                0x0000389c      0x434 build/LAN9255_SQI_INDIRECT_MODE/production/_ext/108134065/sdoserv.o
                0x0000389c                SDOS_SdoInfoInd

.text.SdoDownloadSegmentInd%51
                0x00003cd0      0x3b4
 .text.SdoDownloadSegmentInd
                0x00003cd0      0x3b4 build/LAN9255_SQI_INDIRECT_MODE/production/_ext/108134065/sdoserv.o

.text.CheckSmSettings%52
                0x00004084      0x3a0
 .text.CheckSmSettings
                0x00004084      0x3a0 build/LAN9255_SQI_INDIRECT_MODE/production/_ext/108134065/ecatslv.o
                0x00004084                CheckSmSettings

.text.EEPROM_CommandHandler%53
                0x00004424      0x2c4
 .text.EEPROM_CommandHandler
                0x00004424      0x2c4 build/LAN9255_SQI_INDIRECT_MODE/production/_ext/108134065/ecatappl.o
                0x00004424                EEPROM_CommandHandler

.text.AL_ControlRes%54
                0x000046e8      0x2bc
 .text.AL_ControlRes
                0x000046e8      0x2bc build/LAN9255_SQI_INDIRECT_MODE/production/_ext/108134065/ecatslv.o
                0x000046e8                AL_ControlRes

.text.SdoUploadSegmentInd%55
                0x000049a4      0x260
 .text.SdoUploadSegmentInd
                0x000049a4      0x260 build/LAN9255_SQI_INDIRECT_MODE/production/_ext/108134065/sdoserv.o

.text.SendSmFailedEmergency%56
                0x00004c04      0x1e0
 .text.SendSmFailedEmergency
                0x00004c04      0x1e0 build/LAN9255_SQI_INDIRECT_MODE/production/_ext/108134065/ecatslv.o
                0x00004c04                SendSmFailedEmergency

.text.SdoRes%57
                0x00004de4      0x1bc
 .text.SdoRes   0x00004de4      0x1bc build/LAN9255_SQI_INDIRECT_MODE/production/_ext/108134065/sdoserv.o
                0x00004de4                SdoRes

.text.ECAT_Main%58
                0x00004fa0      0x1b4
 .text.ECAT_Main
                0x00004fa0      0x1b4 build/LAN9255_SQI_INDIRECT_MODE/production/_ext/108134065/ecatslv.o
                0x00004fa0                ECAT_Main

.text.CheckSyncTypeValue%59
                0x00005154      0x1b4
 .text.CheckSyncTypeValue
                0x00005154      0x1b4 build/LAN9255_SQI_INDIRECT_MODE/production/_ext/108134065/objdef.o
                0x00005154                CheckSyncTypeValue

.text.FoE_WriteData%60
                0x00005308      0x18c
 .text.FoE_WriteData
                0x00005308      0x18c build/LAN9255_SQI_INDIRECT_MODE/production/_ext/108134065/sample_app.o
                0x00005308                FoE_WriteData

.text.OBJ_GetEntryOffset%61
                0x00005494      0x178
 .text.OBJ_GetEntryOffset
                0x00005494      0x178 build/LAN9255_SQI_INDIRECT_MODE/production/_ext/108134065/objdef.o
                0x00005494                OBJ_GetEntryOffset

.text.APPL_GenerateMapping%62
                0x0000560c      0x174
 .text.APPL_GenerateMapping
                0x0000560c      0x174 build/LAN9255_SQI_INDIRECT_MODE/production/_ext/108134065/sample_app.o
                0x0000560c                APPL_GenerateMapping

.text.ECAT_Init%63
                0x00005780      0x170
 .text.ECAT_Init
                0x00005780      0x170 build/LAN9255_SQI_INDIRECT_MODE/production/_ext/108134065/ecatslv.o
                0x00005780                ECAT_Init

.text.SetALStatus%64
                0x000058f0      0x164
 .text.SetALStatus
                0x000058f0      0x164 build/LAN9255_SQI_INDIRECT_MODE/production/_ext/108134065/ecatslv.o
                0x000058f0                SetALStatus

.text.MBX_CheckAndCopyMailbox%65
                0x00005a54      0x164
 .text.MBX_CheckAndCopyMailbox
                0x00005a54      0x164 build/LAN9255_SQI_INDIRECT_MODE/production/_ext/108134065/mailbox.o
                0x00005a54                MBX_CheckAndCopyMailbox

.text.COE_ObjInit%66
                0x00005bb8      0x160
 .text.COE_ObjInit
                0x00005bb8      0x160 build/LAN9255_SQI_INDIRECT_MODE/production/_ext/108134065/coeappl.o
                0x00005bb8                COE_ObjInit

.text.Sync0_Isr%67
                0x00005d18      0x15c
 .text.Sync0_Isr
                0x00005d18      0x15c build/LAN9255_SQI_INDIRECT_MODE/production/_ext/108134065/ecatappl.o
                0x00005d18                Sync0_Isr

.text.MainInit%68
                0x00005e74      0x15c
 .text.MainInit
                0x00005e74      0x15c build/LAN9255_SQI_INDIRECT_MODE/production/_ext/108134065/ecatappl.o
                0x00005e74                MainInit

.text.MBX_StopMailboxHandler%69
                0x00005fd0      0x154
 .text.MBX_StopMailboxHandler
                0x00005fd0      0x154 build/LAN9255_SQI_INDIRECT_MODE/production/_ext/108134065/mailbox.o
                0x00005fd0                MBX_StopMailboxHandler

.text.APP_FlashEEPROMUpdate%70
                0x00006124      0x154
 .text.APP_FlashEEPROMUpdate
                0x00006124      0x154 build/LAN9255_SQI_INDIRECT_MODE/production/_ext/1360937237/app.o
                0x00006124                APP_FlashEEPROMUpdate

.text.PDI_Isr%71
                0x00006278      0x14c
 .text.PDI_Isr  0x00006278      0x14c build/LAN9255_SQI_INDIRECT_MODE/production/_ext/108134065/ecatappl.o
                0x00006278                PDI_Isr

.text.StopInputHandler%72
                0x000063c4      0x12c
 .text.StopInputHandler
                0x000063c4      0x12c build/LAN9255_SQI_INDIRECT_MODE/production/_ext/108134065/ecatslv.o
                0x000063c4                StopInputHandler

.text.MBX_MailboxReadInd%73
                0x000064f0      0x124
 .text.MBX_MailboxReadInd
                0x000064f0      0x124 build/LAN9255_SQI_INDIRECT_MODE/production/_ext/108134065/mailbox.o
                0x000064f0                MBX_MailboxReadInd

.text.OBJ_GetObjectLength%74
                0x00006614      0x124
 .text.OBJ_GetObjectLength
                0x00006614      0x124 build/LAN9255_SQI_INDIRECT_MODE/production/_ext/108134065/objdef.o
                0x00006614                OBJ_GetObjectLength

.text.DC_CheckWatchdog%75
                0x00006738      0x120
 .text.DC_CheckWatchdog
                0x00006738      0x120 build/LAN9255_SQI_INDIRECT_MODE/production/_ext/108134065/ecatslv.o
                0x00006738                DC_CheckWatchdog

.text.OBJ_GetDesc%76
                0x00006858      0x120
 .text.OBJ_GetDesc
                0x00006858      0x120 build/LAN9255_SQI_INDIRECT_MODE/production/_ext/108134065/objdef.o
                0x00006858                OBJ_GetDesc

.text.SDOS_SdoRes%77
                0x00006978      0x120
 .text.SDOS_SdoRes
                0x00006978      0x120 build/LAN9255_SQI_INDIRECT_MODE/production/_ext/108134065/sdoserv.o
                0x00006978                SDOS_SdoRes

.text.MBX_StartMailboxHandler%78
                0x00006a98      0x114
 .text.MBX_StartMailboxHandler
                0x00006a98      0x114 build/LAN9255_SQI_INDIRECT_MODE/production/_ext/108134065/mailbox.o
                0x00006a98                MBX_StartMailboxHandler

.text.MBX_CopyToSendMailbox%79
                0x00006bac      0x10c
 .text.MBX_CopyToSendMailbox
                0x00006bac      0x10c build/LAN9255_SQI_INDIRECT_MODE/production/_ext/108134065/mailbox.o
                0x00006bac                MBX_CopyToSendMailbox

.rodata.aName0x1C32%80
                0x00006cb8      0x100
 .rodata.aName0x1C32
                0x00006cb8      0x100 build/LAN9255_SQI_INDIRECT_MODE/production/_ext/108134065/coeappl.o
                0x00006cb8                aName0x1C32

.rodata.aName0x1C33%81
                0x00006db8      0x100
 .rodata.aName0x1C33
                0x00006db8      0x100 build/LAN9255_SQI_INDIRECT_MODE/production/_ext/108134065/coeappl.o
                0x00006db8                aName0x1C33

.text.MBX_Init%82
                0x00006eb8      0x100
 .text.MBX_Init
                0x00006eb8      0x100 build/LAN9255_SQI_INDIRECT_MODE/production/_ext/108134065/mailbox.o
                0x00006eb8                MBX_Init

.text.ECAT_CheckTimer%83
                0x00006fb8       0xfc
 .text.ECAT_CheckTimer
                0x00006fb8       0xfc build/LAN9255_SQI_INDIRECT_MODE/production/_ext/108134065/ecatappl.o
                0x00006fb8                ECAT_CheckTimer

.text.OBJ_GetObjectList%84
                0x000070b4       0xf8
 .text.OBJ_GetObjectList
                0x000070b4       0xf8 build/LAN9255_SQI_INDIRECT_MODE/production/_ext/108134065/objdef.o
                0x000070b4                OBJ_GetObjectList

.text.LAN9252SQI_ReadPDRAM%85
                0x000071ac       0xf4
 .text.LAN9252SQI_ReadPDRAM
                0x000071ac       0xf4 build/LAN9255_SQI_INDIRECT_MODE/production/_ext/1671622016/Drivers.o
                0x000071ac                LAN9252SQI_ReadPDRAM

.text.HW_EscWrite%86
                0x000072a0       0xf4
 .text.HW_EscWrite
                0x000072a0       0xf4 build/LAN9255_SQI_INDIRECT_MODE/production/_ext/108147519/LAN925x.o
                0x000072a0                HW_EscWrite

.text.MBX_MailboxWriteInd%87
                0x00007394       0xf4
 .text.MBX_MailboxWriteInd
                0x00007394       0xf4 build/LAN9255_SQI_INDIRECT_MODE/production/_ext/108134065/mailbox.o
                0x00007394                MBX_MailboxWriteInd

.text.HW_EscRead%88
                0x00007488       0xf2
 .text.HW_EscRead
                0x00007488       0xf2 build/LAN9255_SQI_INDIRECT_MODE/production/_ext/108147519/LAN925x.o
                0x00007488                HW_EscRead

.text.EscWrite%89
                0x0000757a       0xec
 .text.EscWrite
                0x0000757a       0xec build/LAN9255_SQI_INDIRECT_MODE/production/_ext/108147519/LAN925x.o
                0x0000757a                EscWrite

.text.MainLoop%90
                0x00007668       0xec
 .text.MainLoop
                0x00007668       0xec build/LAN9255_SQI_INDIRECT_MODE/production/_ext/108134065/ecatappl.o
                0x00007668                MainLoop

.text.EscRead%91
                0x00007754       0xea
 .text.EscRead  0x00007754       0xea build/LAN9255_SQI_INDIRECT_MODE/production/_ext/108147519/LAN925x.o
                0x00007754                EscRead

.text.COE_AddObjectToDic%92
                0x00007840       0xe8
 .text.COE_AddObjectToDic
                0x00007840       0xe8 build/LAN9255_SQI_INDIRECT_MODE/production/_ext/108134065/coeappl.o
                0x00007840                COE_AddObjectToDic

.text.COE_Main%93
                0x00007928       0xe8
 .text.COE_Main
                0x00007928       0xe8 build/LAN9255_SQI_INDIRECT_MODE/production/_ext/108134065/coeappl.o
                0x00007928                COE_Main

.text.EIC_Initialize%94
                0x00007a10       0xe4
 .text.EIC_Initialize
                0x00007a10       0xe4 build/LAN9255_SQI_INDIRECT_MODE/production/_ext/60167341/plib_eic.o
                0x00007a10                EIC_Initialize

.text.LAN9252SQI_Read%95
                0x00007af4       0xe4
 .text.LAN9252SQI_Read
                0x00007af4       0xe4 build/LAN9255_SQI_INDIRECT_MODE/production/_ext/1671622016/Drivers.o
                0x00007af4                LAN9252SQI_Read

.text.MBX_MailboxSendReq%96
                0x00007bd8       0xdc
 .text.MBX_MailboxSendReq
                0x00007bd8       0xdc build/LAN9255_SQI_INDIRECT_MODE/production/_ext/108134065/mailbox.o
                0x00007bd8                MBX_MailboxSendReq

.text.SODS_ClearPendingResponse%97
                0x00007cb4       0xcc
 .text.SODS_ClearPendingResponse
                0x00007cb4       0xcc build/LAN9255_SQI_INDIRECT_MODE/production/_ext/108134065/sdoserv.o
                0x00007cb4                SODS_ClearPendingResponse

.rodata.asEntryDesc0x1C3x%98
                0x00007d80       0xc8
 .rodata.asEntryDesc0x1C3x
                0x00007d80       0xc8 build/LAN9255_SQI_INDIRECT_MODE/production/_ext/108134065/coeappl.o
                0x00007d80                asEntryDesc0x1C3x

.text.GetDummyBytesRequired%99
                0x00007e48       0xc6
 .text.GetDummyBytesRequired
                0x00007e48       0xc6 build/LAN9255_SQI_INDIRECT_MODE/production/_ext/108147519/ESC_Utils.o
                0x00007e48                GetDummyBytesRequired

.text.HW_EepromWrite%100
                0x00007f10       0xc4
 .text.HW_EepromWrite
                0x00007f10       0xc4 build/LAN9255_SQI_INDIRECT_MODE/production/_ext/108134065/sample_app.o
                0x00007f10                HW_EepromWrite

.text.MBX_Main%101
                0x00007fd4       0xb8
 .text.MBX_Main
                0x00007fd4       0xb8 build/LAN9255_SQI_INDIRECT_MODE/production/_ext/108134065/mailbox.o
                0x00007fd4                MBX_Main

.text.FoE_Read%102
                0x0000808c       0xb8
 .text.FoE_Read
                0x0000808c       0xb8 build/LAN9255_SQI_INDIRECT_MODE/production/_ext/108134065/sample_app.o
                0x0000808c                FoE_Read

.text.qspi_setup_transfer%103
                0x00008144       0xb4
 .text.qspi_setup_transfer
                0x00008144       0xb4 build/LAN9255_SQI_INDIRECT_MODE/production/_ext/1865555181/plib_qspi.o

.text.LAN925x_Init%104
                0x000081f8       0xb4
 .text.LAN925x_Init
                0x000081f8       0xb4 build/LAN9255_SQI_INDIRECT_MODE/production/_ext/108147519/LAN925x.o
                0x000081f8                LAN925x_Init

.text._malloc_r%105
                0x000082ac       0xb4
 .text._malloc_r
                0x000082ac       0xb4 c:/program files/microchip/xc32/v3.01/bin/bin/../../lib/gcc/pic32c/8.3.1/../../../../pic32c/lib/thumb/v7e-m+fp/hard\libc_nano.a(lib_a-nano-mallocr.o)
                0x000082ac                _malloc_r

.text.PDO_OutputMapping%106
                0x00008360       0xb0
 .text.PDO_OutputMapping
                0x00008360       0xb0 build/LAN9255_SQI_INDIRECT_MODE/production/_ext/108134065/ecatappl.o
                0x00008360                PDO_OutputMapping

.text.QSPI_MemoryRead%107
                0x00008410       0xac
 .text.QSPI_MemoryRead
                0x00008410       0xac build/LAN9255_SQI_INDIRECT_MODE/production/_ext/1865555181/plib_qspi.o
                0x00008410                QSPI_MemoryRead

.text.LAN9252SQI_WritePDRAM%108
                0x000084bc       0xac
 .text.LAN9252SQI_WritePDRAM
                0x000084bc       0xac build/LAN9255_SQI_INDIRECT_MODE/production/_ext/1671622016/Drivers.o
                0x000084bc                LAN9252SQI_WritePDRAM

.text.QSPI_MemoryWrite%109
                0x00008568       0xa8
 .text.QSPI_MemoryWrite
                0x00008568       0xa8 build/LAN9255_SQI_INDIRECT_MODE/production/_ext/1865555181/plib_qspi.o
                0x00008568                QSPI_MemoryWrite

.text.COE_SyncTimeStamp%110
                0x00008610       0xa8
 .text.COE_SyncTimeStamp
                0x00008610       0xa8 build/LAN9255_SQI_INDIRECT_MODE/production/_ext/108134065/coeappl.o
                0x00008610                COE_SyncTimeStamp

.text.EMCY_Init%111
                0x000086b8       0xa8
 .text.EMCY_Init
                0x000086b8       0xa8 build/LAN9255_SQI_INDIRECT_MODE/production/_ext/108134065/emcy.o
                0x000086b8                EMCY_Init

.text.PORT_Initialize%112
                0x00008760       0xa4
 .text.PORT_Initialize
                0x00008760       0xa4 build/LAN9255_SQI_INDIRECT_MODE/production/_ext/1865521619/plib_port.o
                0x00008760                PORT_Initialize

.text.EMCY_SendEmergency%113
                0x00008804       0xa4
 .text.EMCY_SendEmergency
                0x00008804       0xa4 build/LAN9255_SQI_INDIRECT_MODE/production/_ext/108134065/emcy.o
                0x00008804                EMCY_SendEmergency

.text.HW_EepromReload%114
                0x000088a8       0xa0
 .text.HW_EepromReload
                0x000088a8       0xa0 build/LAN9255_SQI_INDIRECT_MODE/production/_ext/108134065/sample_app.o
                0x000088a8                HW_EepromReload

.text.FoE_Write%115
                0x00008948       0x9c
 .text.FoE_Write
                0x00008948       0x9c build/LAN9255_SQI_INDIRECT_MODE/production/_ext/108134065/sample_app.o
                0x00008948                FoE_Write

.text.APP_Tasks%116
                0x000089e4       0x9c
 .text.APP_Tasks
                0x000089e4       0x9c build/LAN9255_SQI_INDIRECT_MODE/production/_ext/1360937237/app.o
                0x000089e4                APP_Tasks

.text._free_r%117
                0x00008a80       0x9c
 .text._free_r  0x00008a80       0x9c c:/program files/microchip/xc32/v3.01/bin/bin/../../lib/gcc/pic32c/8.3.1/../../../../pic32c/lib/thumb/v7e-m+fp/hard\libc_nano.a(lib_a-nano-freer.o)
                0x00008a80                _free_r

.text.OBJ_CopyNumberToString%118
                0x00008b1c       0x98
 .text.OBJ_CopyNumberToString
                0x00008b1c       0x98 build/LAN9255_SQI_INDIRECT_MODE/production/_ext/108134065/objdef.o
                0x00008b1c                OBJ_CopyNumberToString

.text.OBJ_GetNoOfObjects%119
                0x00008bb4       0x98
 .text.OBJ_GetNoOfObjects
                0x00008bb4       0x98 build/LAN9255_SQI_INDIRECT_MODE/production/_ext/108134065/objdef.o
                0x00008bb4                OBJ_GetNoOfObjects

.text.RoundUpMultipleOf%120
                0x00008c4c       0x96
 .text.RoundUpMultipleOf
                0x00008c4c       0x96 build/LAN9255_SQI_INDIRECT_MODE/production/_ext/108147519/ESC_Utils.o

.text.PDO_InputMapping%121
                0x00008ce4       0x94
 .text.PDO_InputMapping
                0x00008ce4       0x94 build/LAN9255_SQI_INDIRECT_MODE/production/_ext/108134065/ecatappl.o
                0x00008ce4                PDO_InputMapping

.text.QSPI_CommandWrite%122
                0x00008d78       0x88
 .text.QSPI_CommandWrite
                0x00008d78       0x88 build/LAN9255_SQI_INDIRECT_MODE/production/_ext/1865555181/plib_qspi.o
                0x00008d78                QSPI_CommandWrite

.text.QSPI_RegisterWrite%123
                0x00008e00       0x88
 .text.QSPI_RegisterWrite
                0x00008e00       0x88 build/LAN9255_SQI_INDIRECT_MODE/production/_ext/1865555181/plib_qspi.o
                0x00008e00                QSPI_RegisterWrite

.text.ReBuild_SQI_SetCfg_data%124
                0x00008e88       0x88
 .text.ReBuild_SQI_SetCfg_data
                0x00008e88       0x88 build/LAN9255_SQI_INDIRECT_MODE/production/_ext/1671622016/Drivers.o
                0x00008e88                ReBuild_SQI_SetCfg_data

.text.__pic32c_data_initialization%125
                0x00008f10       0x88
 .text.__pic32c_data_initialization
                0x00008f10       0x88 c:/program files/microchip/xc32/v3.01/bin/bin/../../lib/gcc/pic32c/8.3.1/../../../../pic32c/lib/thumb/v7e-m+fp/hard\libpic32c.a(data_init.o)
                0x00008f10                __pic32c_data_initialization

.text.COE_RemoveDicEntry%126
                0x00008f98       0x80
 .text.COE_RemoveDicEntry
                0x00008f98       0x80 build/LAN9255_SQI_INDIRECT_MODE/production/_ext/108134065/coeappl.o
                0x00008f98                COE_RemoveDicEntry

.text.HandleCycleTimeMeasurement%127
                0x00009018       0x7c
 .text.HandleCycleTimeMeasurement
                0x00009018       0x7c build/LAN9255_SQI_INDIRECT_MODE/production/_ext/108134065/ecatappl.o
                0x00009018                HandleCycleTimeMeasurement

.text.MBX_MailboxRepeatReq%128
                0x00009094       0x7c
 .text.MBX_MailboxRepeatReq
                0x00009094       0x7c build/LAN9255_SQI_INDIRECT_MODE/production/_ext/108134065/mailbox.o
                0x00009094                MBX_MailboxRepeatReq

.rodata.cAbortCode%129
                0x00009110       0x78
 .rodata.cAbortCode
                0x00009110       0x78 build/LAN9255_SQI_INDIRECT_MODE/production/_ext/108134065/sdoserv.o
                0x00009110                cAbortCode

.text.APP_FlashWrite%130
                0x00009188       0x78
 .text.APP_FlashWrite
                0x00009188       0x78 build/LAN9255_SQI_INDIRECT_MODE/production/_ext/1360937237/app.o
                0x00009188                APP_FlashWrite

.text.COE_ServiceInd%131
                0x00009200       0x74
 .text.COE_ServiceInd
                0x00009200       0x74 build/LAN9255_SQI_INDIRECT_MODE/production/_ext/108134065/ecatcoe.o
                0x00009200                COE_ServiceInd

.text.StartOutputHandler%132
                0x00009274       0x74
 .text.StartOutputHandler
                0x00009274       0x74 build/LAN9255_SQI_INDIRECT_MODE/production/_ext/108134065/ecatslv.o
                0x00009274                StartOutputHandler

.text.GetSystemTimeDelay%133
                0x000092e8       0x70
 .text.GetSystemTimeDelay
                0x000092e8       0x70 build/LAN9255_SQI_INDIRECT_MODE/production/_ext/108134065/ecatappl.o
                0x000092e8                GetSystemTimeDelay

.text.CalculateCRC8%134
                0x00009358       0x6e
 .text.CalculateCRC8
                0x00009358       0x6e build/LAN9255_SQI_INDIRECT_MODE/production/_ext/1360937237/app.o
                0x00009358                CalculateCRC8

.text.FDPLL0_Initialize%135
                0x000093c8       0x6c
 .text.FDPLL0_Initialize
                0x000093c8       0x6c build/LAN9255_SQI_INDIRECT_MODE/production/_ext/1984496892/plib_clock.o

.text.FOE_Data%136
                0x00009434       0x6c
 .text.FOE_Data
                0x00009434       0x6c build/LAN9255_SQI_INDIRECT_MODE/production/_ext/108134065/foeappl.o
                0x00009434                FOE_Data

.text.CLOCK_Initialize%137
                0x000094a0       0x68
 .text.CLOCK_Initialize
                0x000094a0       0x68 build/LAN9255_SQI_INDIRECT_MODE/production/_ext/1984496892/plib_clock.o
                0x000094a0                CLOCK_Initialize

.text.NVMCTRL_PageWrite%138
                0x00009508       0x68
 .text.NVMCTRL_PageWrite
                0x00009508       0x68 build/LAN9255_SQI_INDIRECT_MODE/production/_ext/1593096446/plib_nvmctrl.o
                0x00009508                NVMCTRL_PageWrite

.text.COE_UpdateSyncErrorStatus%139
                0x00009570       0x68
 .text.COE_UpdateSyncErrorStatus
                0x00009570       0x68 build/LAN9255_SQI_INDIRECT_MODE/production/_ext/108134065/coeappl.o