Archive member included to satisfy reference by file (symbol)

c:/program files/microchip/xc32/v3.01/bin/bin/../../lib/gcc/pic32c/8.3.1/../../../../pic32c/lib/thumb/v7e-m+fp/hard\libpic32c.a(data_init.o)
                              build/LAN9255_SQI_INDIRECT_MODE/production/_ext/1171490990/startup_xc32.o (__pic32c_data_initialization)
c:/program files/microchip/xc32/v3.01/bin/bin/../../lib/gcc/pic32c/8.3.1/thumb/v7e-m+fp/hard\libgcc.a(_aeabi_uldivmod.o)
                              build/LAN9255_SQI_INDIRECT_MODE/production/_ext/504274921/plib_sercom0_usart.o (__aeabi_uldivmod)
c:/program files/microchip/xc32/v3.01/bin/bin/../../lib/gcc/pic32c/8.3.1/thumb/v7e-m+fp/hard\libgcc.a(_udivmoddi4.o)
                              c:/program files/microchip/xc32/v3.01/bin/bin/../../lib/gcc/pic32c/8.3.1/thumb/v7e-m+fp/hard\libgcc.a(_aeabi_uldivmod.o) (__udivmoddi4)
c:/program files/microchip/xc32/v3.01/bin/bin/../../lib/gcc/pic32c/8.3.1/thumb/v7e-m+fp/hard\libgcc.a(_dvmd_tls.o)
                              c:/program files/microchip/xc32/v3.01/bin/bin/../../lib/gcc/pic32c/8.3.1/thumb/v7e-m+fp/hard\libgcc.a(_aeabi_uldivmod.o) (__aeabi_ldiv0)
c:/program files/microchip/xc32/v3.01/bin/bin/../../lib/gcc/pic32c/8.3.1/../../../../pic32c/lib/thumb/v7e-m+fp/hard\libc_nano.a(_lib_a-sprintf.cdnopuxX.o)
                              (_sprintf_cdnopuxX)
c:/program files/microchip/xc32/v3.01/bin/bin/../../lib/gcc/pic32c/8.3.1/../../../../pic32c/lib/thumb/v7e-m+fp/hard\libc_nano.a(lib_a-init.o)
                              build/LAN9255_SQI_INDIRECT_MODE/production/_ext/1171490990/startup_xc32.o (__libc_init_array)
c:/program files/microchip/xc32/v3.01/bin/bin/../../lib/gcc/pic32c/8.3.1/../../../../pic32c/lib/thumb/v7e-m+fp/hard\libc_nano.a(lib_a-malloc.o)
                              build/LAN9255_SQI_INDIRECT_MODE/production/_ext/1671622016/Drivers.o (malloc)
c:/program files/microchip/xc32/v3.01/bin/bin/../../lib/gcc/pic32c/8.3.1/../../../../pic32c/lib/thumb/v7e-m+fp/hard\libc_nano.a(lib_a-memcpy-stub.o)
                              build/LAN9255_SQI_INDIRECT_MODE/production/_ext/1593096446/plib_nvmctrl.o (memcpy)
c:/program files/microchip/xc32/v3.01/bin/bin/../../lib/gcc/pic32c/8.3.1/../../../../pic32c/lib/thumb/v7e-m+fp/hard\libc_nano.a(lib_a-memset.o)
                              build/LAN9255_SQI_INDIRECT_MODE/production/_ext/1671622016/Drivers.o (memset)
c:/program files/microchip/xc32/v3.01/bin/bin/../../lib/gcc/pic32c/8.3.1/../../../../pic32c/lib/thumb/v7e-m+fp/hard\libc_nano.a(lib_a-nano-freer.o)
                              c:/program files/microchip/xc32/v3.01/bin/bin/../../lib/gcc/pic32c/8.3.1/../../../../pic32c/lib/thumb/v7e-m+fp/hard\libc_nano.a(lib_a-malloc.o) (_free_r)
c:/program files/microchip/xc32/v3.01/bin/bin/../../lib/gcc/pic32c/8.3.1/../../../../pic32c/lib/thumb/v7e-m+fp/hard\libc_nano.a(lib_a-nano-mallocr.o)
                              c:/program files/microchip/xc32/v3.01/bin/bin/../../lib/gcc/pic32c/8.3.1/../../../../pic32c/lib/thumb/v7e-m+fp/hard\libc_nano.a(lib_a-malloc.o) (_malloc_r)
c:/program files/microchip/xc32/v3.01/bin/bin/../../lib/gcc/pic32c/8.3.1/../../../../pic32c/lib/thumb/v7e-m+fp/hard\libc_nano.a(lib_a-sbrkr.o)
                              c:/program files/microchip/xc32/v3.01/bin/bin/../../lib/gcc/pic32c/8.3.1/../../../../pic32c/lib/thumb/v7e-m+fp/hard\libc_nano.a(lib_a-nano-mallocr.o) (_sbrk_r)
c:/program files/microchip/xc32/v3.01/bin/bin/../../lib/gcc/pic32c/8.3.1/../../../../pic32c/lib/thumb/v7e-m+fp/hard\libc_nano.a(lib_a-strlen.o)
                              build/LAN9255_SQI_INDIRECT_MODE/production/_ext/108134065/objdef.o (strlen)
c:/program files/microchip/xc32/v3.01/bin/bin/../../lib/gcc/pic32c/8.3.1/../../../../pic32c/lib/thumb/v7e-m+fp/hard\libc_nano.a(_lib_a-nano-vfprintf.cdnopuxX.o)
                              c:/program files/microchip/xc32/v3.01/bin/bin/../../lib/gcc/pic32c/8.3.1/../../../../pic32c/lib/thumb/v7e-m+fp/hard\libc_nano.a(_lib_a-sprintf.cdnopuxX.o) (_vfprintf_cdnopuxX)
c:/program files/microchip/xc32/v3.01/bin/bin/../../lib/gcc/pic32c/8.3.1/../../../../pic32c/lib/thumb/v7e-m+fp/hard\libc_nano.a(lib_a-__ssfputs.o)
                              c:/program files/microchip/xc32/v3.01/bin/bin/../../lib/gcc/pic32c/8.3.1/../../../../pic32c/lib/thumb/v7e-m+fp/hard\libc_nano.a(_lib_a-nano-vfprintf.cdnopuxX.o) (__ssfputs_r)
c:/program files/microchip/xc32/v3.01/bin/bin/../../lib/gcc/pic32c/8.3.1/../../../../pic32c/lib/thumb/v7e-m+fp/hard\libc_nano.a(lib_a-findfp.o)
                              c:/program files/microchip/xc32/v3.01/bin/bin/../../lib/gcc/pic32c/8.3.1/../../../../pic32c/lib/thumb/v7e-m+fp/hard\libc_nano.a(_lib_a-nano-vfprintf.cdnopuxX.o) (__sinit)
c:/program files/microchip/xc32/v3.01/bin/bin/../../lib/gcc/pic32c/8.3.1/../../../../pic32c/lib/thumb/v7e-m+fp/hard\libc_nano.a(lib_a-fputwc.o)
[...]
Memory Configuration

Name             Origin             Length             Attributes
rom              0x00000000         0x000fe000         xrl
ram              0x20000000         0x00040000         xw !r
config_eeprom_mem 0x0003e000         0x00002000         xrl
tcm              0x03000000         0x00000000         xw
config_D0800080  0xd0800080         0x00000004
config_D0800100  0xd0800100         0x00000004
config_D0800084  0xd0800084         0x00000004
config_D0804000  0xd0804000         0x00000004
config_D0800108  0xd0800108         0x00000004
config_D0804008  0xd0804008         0x00000004
config_D0800104  0xd0800104         0x00000004
config_D0804004  0xd0804004         0x00000004
*default*        0x00000000         0xffffffff

Linker script and memory map

LOAD c:/program files/microchip/xc32/v3.01/bin/bin/../../lib/gcc/pic32c/8.3.1/thumb/v7e-m+fp/hard/crti.o
LOAD c:/program files/microchip/xc32/v3.01/bin/bin/../../lib/gcc/pic32c/8.3.1/thumb/v7e-m+fp/hard/crtbegin.o
LOAD build/LAN9255_SQI_INDIRECT_MODE/production/_ext/1984496892/plib_clock.o
LOAD build/LAN9255_SQI_INDIRECT_MODE/production/_ext/1865131932/plib_cmcc.o
LOAD build/LAN9255_SQI_INDIRECT_MODE/production/_ext/60167341/plib_eic.o
LOAD build/LAN9255_SQI_INDIRECT_MODE/production/_ext/1986646378/plib_evsys.o
LOAD build/LAN9255_SQI_INDIRECT_MODE/production/_ext/1865468468/plib_nvic.o
LOAD build/LAN9255_SQI_INDIRECT_MODE/production/_ext/1593096446/plib_nvmctrl.o
LOAD build/LAN9255_SQI_INDIRECT_MODE/production/_ext/1865488526/oledc_driver.o
LOAD build/LAN9255_SQI_INDIRECT_MODE/production/_ext/1865521619/plib_port.o
LOAD build/LAN9255_SQI_INDIRECT_MODE/production/_ext/1865555181/plib_qspi.o
LOAD build/LAN9255_SQI_INDIRECT_MODE/production/_ext/1865555181/plib_qspi_spi.o
LOAD build/LAN9255_SQI_INDIRECT_MODE/production/_ext/17022449/plib_sercom4_spi_master.o
LOAD build/LAN9255_SQI_INDIRECT_MODE/production/_ext/504274921/plib_sercom0_usart.o
LOAD build/LAN9255_SQI_INDIRECT_MODE/production/_ext/1827571544/plib_systick.o
LOAD build/LAN9255_SQI_INDIRECT_MODE/production/_ext/163028504/xc32_monitor.o
LOAD build/LAN9255_SQI_INDIRECT_MODE/production/_ext/1881668453/sys_int.o
LOAD build/LAN9255_SQI_INDIRECT_MODE/production/_ext/1171490990/exceptions.o
LOAD build/LAN9255_SQI_INDIRECT_MODE/production/_ext/1171490990/initialization.o
LOAD build/LAN9255_SQI_INDIRECT_MODE/production/_ext/1171490990/interrupts.o
LOAD build/LAN9255_SQI_INDIRECT_MODE/production/_ext/1171490990/libc_syscalls.o
LOAD build/LAN9255_SQI_INDIRECT_MODE/production/_ext/1171490990/startup_xc32.o
LOAD build/LAN9255_SQI_INDIRECT_MODE/production/_ext/1171490990/tasks.o
LOAD build/LAN9255_SQI_INDIRECT_MODE/production/_ext/1671622016/Drivers.o
LOAD build/LAN9255_SQI_INDIRECT_MODE/production/_ext/108147519/ESC_Utils.o
LOAD build/LAN9255_SQI_INDIRECT_MODE/production/_ext/108147519/LAN925x.o
LOAD build/LAN9255_SQI_INDIRECT_MODE/production/_ext/108134065/bootmode.o
LOAD build/LAN9255_SQI_INDIRECT_MODE/production/_ext/108134065/coeappl.o
LOAD build/LAN9255_SQI_INDIRECT_MODE/production/_ext/108134065/ecatappl.o
LOAD build/LAN9255_SQI_INDIRECT_MODE/production/_ext/108134065/ecatcoe.o
LOAD build/LAN9255_SQI_INDIRECT_MODE/production/_ext/108134065/ecatfoe.o
LOAD build/LAN9255_SQI_INDIRECT_MODE/production/_ext/108134065/ecatslv.o
LOAD build/LAN9255_SQI_INDIRECT_MODE/production/_ext/108134065/emcy.o
LOAD build/LAN9255_SQI_INDIRECT_MODE/production/_ext/108134065/foeappl.o
LOAD build/LAN9255_SQI_INDIRECT_MODE/production/_ext/108134065/mailbox.o
LOAD build/LAN9255_SQI_INDIRECT_MODE/production/_ext/108134065/objdef.o
LOAD build/LAN9255_SQI_INDIRECT_MODE/production/_ext/108134065/sample_app.o
LOAD build/LAN9255_SQI_INDIRECT_MODE/production/_ext/108134065/sdoserv.o
LOAD build/LAN9255_SQI_INDIRECT_MODE/production/_ext/1360937237/main.o
LOAD build/LAN9255_SQI_INDIRECT_MODE/production/_ext/1360937237/app.o
LOAD build/LAN9255_SQI_INDIRECT_MODE/production/_ext/1360937237/Developer_Test.o
                0x00000001                __MPLAB_BUILD = 0x1
                0x000fe000                __rom_end = (ORIGIN (rom) + LENGTH (rom))
                0x20040000                __ram_end = (ORIGIN (ram) + LENGTH (ram))

.config_D0800080
 *(.config_D0800080)

.config_eeprom  0x0003e000      0x800
 *(.config_eeprom)
 .config_eeprom
                0x0003e000      0x800 build/LAN9255_SQI_INDIRECT_MODE/production/_ext/1360937237/app.o
                0x0003e000                aEepromData

.config_D0800100
 *(.config_D0800100)

.config_D0800084
 *(.config_D0800084)

.config_D0804000
 *(.config_D0804000)

.config_D0800108
 *(.config_D0800108)

.config_D0804008
 *(.config_D0804008)

.config_D0800104
 *(.config_D0800104)

.config_D0804004
 *(.config_D0804004)

.vectors        0x00000000      0x260
                0x00000000                . = ALIGN (0x4)
                0x00000000                _sfixed = .
 *(.vectors .vectors.* .vectors_default .vectors_default.*)
 .vectors       0x00000000      0x260 build/LAN9255_SQI_INDIRECT_MODE/production/_ext/1171490990/interrupts.o
                0x00000000                exception_table
 *(.isr_vector)
 *(.reset*)
 *(.after_vectors)

.text           0x00000260       0x20
                0x00000260                . = ALIGN (0x4)
 *(.glue_7t)
 .glue_7t       0x00000260        0x0 linker stubs
 *(.glue_7)
 .glue_7        0x00000260        0x0 linker stubs
 *(.gnu.linkonce.r.*)
 *(.ARM.extab* .gnu.linkonce.armextab.*)
                0x00000260                . = ALIGN (0x4)
 *(.init)
 .init          0x00000260        0x4 c:/program files/microchip/xc32/v3.01/bin/bin/../../lib/gcc/pic32c/8.3.1/thumb/v7e-m+fp/hard/crti.o
                0x00000260                _init
 .init          0x00000264        0x8 c:/program files/microchip/xc32/v3.01/bin/bin/../../lib/gcc/pic32c/8.3.1/thumb/v7e-m+fp/hard/crtn.o
                0x0000026c                . = ALIGN (0x4)
                0x0000026c                __preinit_array_start = .
 *(.preinit_array)
                0x0000026c                __preinit_array_end = .
                0x0000026c                . = ALIGN (0x4)
                0x0000026c                __init_array_start = .
 *(SORT_BY_NAME(.init_array.*))
 *(.init_array)
 .init_array    0x0000026c        0x4 c:/program files/microchip/xc32/v3.01/bin/bin/../../lib/gcc/pic32c/8.3.1/thumb/v7e-m+fp/hard/crtbegin.o
                0x00000270                __init_array_end = .
                0x00000270                . = ALIGN (0x4)
 *crtbegin.o(.ctors)
 *(EXCLUDE_FILE(*crtend.o) .ctors)
 *(SORT_BY_NAME(.ctors.*))
 *crtend.o(.ctors)
                0x00000270                . = ALIGN (0x4)
 *(.fini)
 .fini          0x00000270        0x4 c:/program files/microchip/xc32/v3.01/bin/bin/../../lib/gcc/pic32c/8.3.1/thumb/v7e-m+fp/hard/crti.o
                0x00000270                _fini
 .fini          0x00000274        0x8 c:/program files/microchip/xc32/v3.01/bin/bin/../../lib/gcc/pic32c/8.3.1/thumb/v7e-m+fp/hard/crtn.o
                0x0000027c                . = ALIGN (0x4)
                0x0000027c                __fini_array_start = .
 *(.fini_array)
 .fini_array    0x0000027c        0x4 c:/program files/microchip/xc32/v3.01/bin/bin/../../lib/gcc/pic32c/8.3.1/thumb/v7e-m+fp/hard/crtbegin.o
 *(SORT_BY_NAME(.fini_array.*))
                0x00000280                __fini_array_end = .
 *crtbegin.o(.dtors)
 *(EXCLUDE_FILE(*crtend.o) .dtors)
 *(SORT_BY_NAME(.dtors.*))
 *crtend.o(.dtors)
                0x00000280                . = ALIGN (0x4)
                0x00000280                _efixed = .
                [!provide]                PROVIDE (__exidx_start = .)

.ARM.exidx      0x00000280        0x8
 *(.ARM.exidx* .gnu.linkonce.armexidx.*)
 .ARM.exidx     0x00000280        0x8 c:/program files/microchip/xc32/v3.01/bin/bin/../../lib/gcc/pic32c/8.3.1/thumb/v7e-m+fp/hard\libgcc.a(_udivmoddi4.o)
                [!provide]                PROVIDE (__exidx_end = .)
                0x00000288                . = ALIGN (0x4)
                0x00000288                _etext = .

.bss            0x20000000     0x2440
                0x20000000                . = ALIGN (0x4)
                0x20000000                __bss_start__ = .
                0x20000000                _sbss = .
                0x20000000                _szero = .
 *(COMMON)
 COMMON         0x20000000       0xc0 build/LAN9255_SQI_INDIRECT_MODE/production/_ext/60167341/plib_eic.o
                0x20000000                eicCallbackObject
 COMMON         0x200000c0       0x2c build/LAN9255_SQI_INDIRECT_MODE/production/_ext/17022449/plib_sercom4_spi_master.o
                0x200000c0                sercom4SPIObj
 COMMON         0x200000ec       0x30 build/LAN9255_SQI_INDIRECT_MODE/production/_ext/504274921/plib_sercom0_usart.o
                0x200000ec                sercom0USARTObj
 COMMON         0x2000011c        0xc build/LAN9255_SQI_INDIRECT_MODE/production/_ext/1827571544/plib_systick.o
                0x2000011c                systick
 COMMON         0x20000128        0x2 build/LAN9255_SQI_INDIRECT_MODE/production/_ext/108147519/LAN925x.o
                0x20000128                gEscALEvent
 *fill*         0x2000012a        0x2 
 COMMON         0x2000012c        0x8 build/LAN9255_SQI_INDIRECT_MODE/production/_ext/108134065/coeappl.o
                0x2000012c                u32LastDc32Value
                0x20000130                u32CheckForDcOverrunCnt
 COMMON         0x20000134       0xe0 build/LAN9255_SQI_INDIRECT_MODE/production/_ext/108134065/ecatappl.o
                0x20000134                pAPPL_EEPROM_Store
                0x20000138                bMinCycleTimeMeasurementStarted
                0x2000013c                u32CycleTimeStartValue
                0x20000140                pAPPL_EEPROM_Read
                0x20000144                pAPPL_EEPROM_Write
                0x20000148                bRunApplication
                0x2000014c                u32SystemTimeReadFailure
                0x20000150                bEcatWaitForInputUpdate
                0x20000154                u32MinCycleTimeValue
                0x20000158                aPdOutputData
                0x2000019c                pAPPL_FoeError
                0x200001a0                u16EepromStoreTimeoutCounter
                0x200001a2                EepromReadSize
                0x200001a4                pAPPL_FoeReadData
                0x200001a8                pAPPL_MainLoop
                0x200001ac                bEtherCATErrorLed
                0x200001b0                u32MinCycleTimeStartValue
                0x200001b4                aPdInputData
                0x200001f8                pEEPROM
                0x200001fc                bEtherCATRunLed
                0x20000200                pAPPL_FoeWriteData
                0x20000204                pAPPL_EEPROM_Reload
                0x20000208                pAPPL_FoeRead
                0x2000020c                u16EepromStoreTimeoutValue
                0x20000210                pAPPL_FoeWrite
 COMMON         0x20000214        0x4 build/LAN9255_SQI_INDIRECT_MODE/production/_ext/108134065/ecatcoe.o
                0x20000214                pCoeSendStored
 COMMON         0x20000218       0x16 build/LAN9255_SQI_INDIRECT_MODE/production/_ext/108134065/ecatfoe.o
                0x20000218                u32FileOffset
                0x2000021c                u16FileAccessState
                0x20000220                u32PacketNo
                0x20000224                pFoeSendStored
                0x20000228                u32LastFileOffset
                0x2000022c                u16FoeMaxSendBlockSize
 *fill*         0x2000022e        0x2 
 COMMON         0x20000230       0x52 build/LAN9255_SQI_INDIRECT_MODE/production/_ext/108134065/ecatslv.o
                0x20000230                b3BufferMode
                0x20000232                nEcatStateTrans
                0x20000234                EcatWdCounter
                0x20000236                bApplEsmPending
                0x20000237                nAlStatus
                0x20000238                nPdOutputSize
                0x2000023a                u16LocalErrorCode
                0x2000023c                Sync0WdCounter
                0x2000023e                bLocalErrorFlag
                0x20000240                LatchInputSync0Counter
                0x20000242                i16WaitForPllRunningCnt
                0x20000244                nEscAddrOutputData
                0x20000246                Sync0WdValue
                0x20000248                u8EcatRunLed
                0x2000024a                i16WaitForPllRunningTimeout
                0x2000024c                Sync1WdValue
                0x2000024e                u16ALEventMask
                0x20000250                bDcRunning
                0x20000254                u32dummy
                0x20000258                SyncManInfo
                0x20000260                b32BitDc
                0x20000262                LatchInputSync0Value
                0x20000264                bEcatWaitForAlControlRes
                0x20000266                nPdInputSize
                0x20000268                u16SmSync0Value
                0x2000026a                nMaxEscAddress
                0x2000026c                bEcatFirstOutputsReceived
                0x2000026d                bSmSyncSequenceValid
                0x2000026e                EsmTimeoutCounter
                0x20000270                bBootMode
                0x20000271                bDcSyncActive
                0x20000272                bEcatOutputUpdateRunning
                0x20000274                Sync1WdCounter
                0x20000276                EcatWdValue
                0x20000278                bEcatInputUpdateRunning
                0x20000279                bEscIntEnabled
                0x2000027a                bWdTrigger
                0x2000027c                u16SmSync0Counter
                0x2000027e                nMaxSyncMan
                0x2000027f                u8EcatErrorLed
                0x20000280                nEscAddrInputData
 *fill*         0x20000282        0x2 
 COMMON         0x20000284       0x28 build/LAN9255_SQI_INDIRECT_MODE/production/_ext/108134065/emcy.o
                0x20000284                sSendEmcyQueue
                0x20000294                asEmcy
                0x2000029c                sEmptyEmcyQueue
 COMMON         0x200002ac       0x94 build/LAN9255_SQI_INDIRECT_MODE/production/_ext/108134065/mailbox.o
                0x200002ac                u8MbxReadCounter
                0x200002b0                sMbxSendQueue
                0x200002e4                sMbxReceiveQueue
                0x20000318                bNoMbxMemoryAvailable
                0x20000319                bSendMbxIsFull
                0x2000031a                bMbxRunning
                0x2000031c                u16EscAddrReceiveMbx
                0x20000320                psStoreMbx
                0x20000324                u16SendMbxSize
                0x20000328                psReadMbx
                0x2000032c                bReceiveMbxIsLocked
                0x2000032e                u16EscAddrSendMbx
                0x20000330                psWriteMbx
                0x20000334                u8MbxWriteCounter
                0x20000335                u8MailboxSendReqStored
                0x20000336                u16ReceiveMbxSize
                0x20000338                bMbxRepeatToggle
                0x2000033c                psRepeatMbx
 COMMON         0x20000340       0x8e build/LAN9255_SQI_INDIRECT_MODE/production/_ext/108134065/objdef.o
                0x20000340                sSyncManInPar
                0x20000384                sSyncManOutPar
                0x200003c8                bSyncSetByUser
                0x200003cc                sCycleDiag
 *fill*         0x200003ce        0x2 
 COMMON         0x200003d0     0x2016 build/LAN9255_SQI_INDIRECT_MODE/production/_ext/108134065/sample_app.o
                0x200003d0                aFileData
                0x200023d0                aFileName
 *fill*         0x200023e6        0x2 
 COMMON         0x200023e8       0x4d build/LAN9255_SQI_INDIRECT_MODE/production/_ext/108134065/sdoserv.o
                0x200023e8                nSdoInfoIndex
                0x200023ec                pStoreData
                0x200023f0                nSdoSegBytesToHandle
                0x200023f4                bSdoSegAccess
                0x200023f5                bSdoSegFollows
                0x200023f8                nSdoSegCompleteSize
                0x200023fc                pSdoPendFunc
                0x20002400                u8PendingSdo
                0x20002401                bStoreCompleteAccess
                0x20002402                bSdoSegLastToggle
                0x20002403                nSdoSegService
                0x20002404                pSdoInfoObjEntry
                0x20002408                nSdoInfoFragmentsLeft
                0x2000240c                pSdoResStored
                0x20002410                u32StoreDataSize
                0x20002414                pSdoSegData
                0x20002418                nSdoSegIndex
                0x2000241c                aSdoInfoHeader
                0x2000242c                pSdoSegObjEntry
                0x20002430                nSdoSegSubindex
                0x20002432                u16StoreIndex
                0x20002434                u8StoreSubindex
 *fill*         0x20002435        0x3 
 COMMON         0x20002438        0x2 build/LAN9255_SQI_INDIRECT_MODE/production/_ext/1360937237/app.o
                0x20002438                appData
                0x20002439                u8readData
 *fill*         0x2000243a        0x2 
 COMMON         0x2000243c        0x4 c:/program files/microchip/xc32/v3.01/bin/bin/../../lib/gcc/pic32c/8.3.1/../../../../pic32c/lib/thumb/v7e-m+fp/hard\libc_nano.a(lib_a-reent.o)
                0x2000243c                errno
                0x20002440                . = ALIGN (0x4)
                0x20002440                __bss_end__ = .
                0x20002440                _ebss = .
                0x20002440                _ezero = .
                0x20002440                . = ALIGN (0x4)
                0x20002440                _end = .
                0x2003ffff                _ram_end_ = ((ORIGIN (ram) + LENGTH (ram)) - 0x1)
                0x00000800                _min_heap_size = 0x800
START GROUP
LOAD c:/program files/microchip/xc32/v3.01/bin/bin/../../lib/gcc/pic32c/8.3.1/../../../../pic32c/lib/thumb/v7e-m+fp/hard\libpic32c.a
LOAD c:/program files/microchip/xc32/v3.01/bin/bin/../../lib/gcc/pic32c/8.3.1/thumb/v7e-m+fp/hard\libgcc.a
LOAD c:/program files/microchip/xc32/v3.01/bin/bin/../../lib/gcc/pic32c/8.3.1/../../../../pic32c/lib/thumb/v7e-m+fp/hard\libm_nano.a
LOAD c:/program files/microchip/xc32/v3.01/bin/bin/../../lib/gcc/pic32c/8.3.1/../../../../pic32c/lib/thumb/v7e-m+fp/hard\libc_nano.a
END GROUP
LOAD c:/program files/microchip/xc32/v3.01/bin/bin/../../lib/gcc/pic32c/8.3.1/thumb/v7e-m+fp/hard/crtend.o
LOAD c:/program files/microchip/xc32/v3.01/bin/bin/../../lib/gcc/pic32c/8.3.1/thumb/v7e-m+fp/hard/crtn.o
OUTPUT(dist/LAN9255_SQI_INDIRECT_MODE/production/EVB_LAN9255_Counter_FoE.X.production.elf elf32-littlearm)
LOAD stack
LOAD data_init

.ARM.attributes
                0x00000000       0x30
 .ARM.attributes
                0x00000000       0x1e c:/program files/microchip/xc32/v3.01/bin/bin/../../lib/gcc/pic32c/8.3.1/thumb/v7e-m+fp/hard/crti.o
 .ARM.attributes
                0x0000001e       0x34 c:/program files/microchip/xc32/v3.01/bin/bin/../../lib/gcc/pic32c/8.3.1/thumb/v7e-m+fp/hard/crtbegin.o
 .ARM.attributes
                0x00000052       0x34 build/LAN9255_SQI_INDIRECT_MODE/production/_ext/1984496892/plib_clock.o
 .ARM.attributes
                0x00000086       0x34 build/LAN9255_SQI_INDIRECT_MODE/production/_ext/60167341/plib_eic.o
 .ARM.attributes
                0x000000ba       0x34 build/LAN9255_SQI_INDIRECT_MODE/production/_ext/1986646378/plib_evsys.o
 .ARM.attributes
                0x000000ee       0x34 build/LAN9255_SQI_INDIRECT_MODE/production/_ext/1865468468/plib_nvic.o
 .ARM.attributes
                0x00000122       0x34 build/LAN9255_SQI_INDIRECT_MODE/production/_ext/1593096446/plib_nvmctrl.o
 .ARM.attributes
                0x00000156       0x34 build/LAN9255_SQI_INDIRECT_MODE/production/_ext/1865488526/oledc_driver.o
 .ARM.attributes
                0x0000018a       0x34 build/LAN9255_SQI_INDIRECT_MODE/production/_ext/1865521619/plib_port.o
 .ARM.attributes
                0x000001be       0x34 build/LAN9255_SQI_INDIRECT_MODE/production/_ext/1865555181/plib_qspi.o
 .ARM.attributes
                0x000001f2       0x34 build/LAN9255_SQI_INDIRECT_MODE/production/_ext/17022449/plib_sercom4_spi_master.o
 .ARM.attributes
                0x00000226       0x34 build/LAN9255_SQI_INDIRECT_MODE/production/_ext/504274921/plib_sercom0_usart.o
 .ARM.attributes
                0x0000025a       0x34 build/LAN9255_SQI_INDIRECT_MODE/production/_ext/1827571544/plib_systick.o
 .ARM.attributes
                0x0000028e       0x34 build/LAN9255_SQI_INDIRECT_MODE/production/_ext/163028504/xc32_monitor.o
 .ARM.attributes
                0x000002c2       0x34 build/LAN9255_SQI_INDIRECT_MODE/production/_ext/1171490990/exceptions.o
 .ARM.attributes
                0x000002f6       0x34 build/LAN9255_SQI_INDIRECT_MODE/production/_ext/1171490990/initialization.o
 .ARM.attributes
                0x0000032a       0x34 build/LAN9255_SQI_INDIRECT_MODE/production/_ext/1171490990/interrupts.o
 .ARM.attributes
                0x0000035e       0x34 build/LAN9255_SQI_INDIRECT_MODE/production/_ext/1171490990/startup_xc32.o
 .ARM.attributes
                0x00000392       0x34 build/LAN9255_SQI_INDIRECT_MODE/production/_ext/1171490990/tasks.o
 .ARM.attributes
                0x000003c6       0x34 build/LAN9255_SQI_INDIRECT_MODE/production/_ext/1671622016/Drivers.o
 .ARM.attributes
                0x000003fa       0x34 build/LAN9255_SQI_INDIRECT_MODE/production/_ext/108147519/ESC_Utils.o
 .ARM.attributes
                0x0000042e       0x34 build/LAN9255_SQI_INDIRECT_MODE/production/_ext/108147519/LAN925x.o
 .ARM.attributes
                0x00000462       0x34 build/LAN9255_SQI_INDIRECT_MODE/production/_ext/108134065/bootmode.o
 .ARM.attributes
                0x00000496       0x34 build/LAN9255_SQI_INDIRECT_MODE/production/_ext/108134065/coeappl.o
 .ARM.attributes
                0x000004ca       0x34 build/LAN9255_SQI_INDIRECT_MODE/production/_ext/108134065/ecatappl.o
 .ARM.attributes
                0x000004fe       0x34 build/LAN9255_SQI_INDIRECT_MODE/production/_ext/108134065/ecatcoe.o
 .ARM.attributes
                0x00000532       0x34 build/LAN9255_SQI_INDIRECT_MODE/production/_ext/108134065/ecatfoe.o
 .ARM.attributes
                0x00000566       0x34 build/LAN9255_SQI_INDIRECT_MODE/production/_ext/108134065/ecatslv.o
 .ARM.attributes
                0x0000059a       0x34 build/LAN9255_SQI_INDIRECT_MODE/production/_ext/108134065/emcy.o
 .ARM.attributes
                0x000005ce       0x34 build/LAN9255_SQI_INDIRECT_MODE/production/_ext/108134065/foeappl.o
 .ARM.attributes
                0x00000602       0x34 build/LAN9255_SQI_INDIRECT_MODE/production/_ext/108134065/mailbox.o
 .ARM.attributes
                0x00000636       0x34 build/LAN9255_SQI_INDIRECT_MODE/production/_ext/108134065/objdef.o
 .ARM.attributes
                0x0000066a       0x34 build/LAN9255_SQI_INDIRECT_MODE/production/_ext/108134065/sample_app.o
 .ARM.attributes
                0x0000069e       0x34 build/LAN9255_SQI_INDIRECT_MODE/production/_ext/108134065/sdoserv.o
 .ARM.attributes
                0x000006d2       0x34 build/LAN9255_SQI_INDIRECT_MODE/production/_ext/1360937237/main.o
 .ARM.attributes
                0x00000706       0x34 build/LAN9255_SQI_INDIRECT_MODE/production/_ext/1360937237/app.o
 .ARM.attributes
                0x0000073a       0x34 c:/program files/microchip/xc32/v3.01/bin/bin/../../lib/gcc/pic32c/8.3.1/../../../../pic32c/lib/thumb/v7e-m+fp/hard\libpic32c.a(data_init.o)
 .ARM.attributes
                0x0000076e       0x1e c:/program files/microchip/xc32/v3.01/bin/bin/../../lib/gcc/pic32c/8.3.1/thumb/v7e-m+fp/hard\libgcc.a(_aeabi_uldivmod.o)
 .ARM.attributes
                0x0000078c       0x34 c:/program files/microchip/xc32/v3.01/bin/bin/../../lib/gcc/pic32c/8.3.1/thumb/v7e-m+fp/hard\libgcc.a(_udivmoddi4.o)
 .ARM.attributes
                0x000007c0       0x1e c:/program files/microchip/xc32/v3.01/bin/bin/../../lib/gcc/pic32c/8.3.1/thumb/v7e-m+fp/hard\libgcc.a(_dvmd_tls.o)
 .ARM.attributes
                0x000007de       0x34 c:/program files/microchip/xc32/v3.01/bin/bin/../../lib/gcc/pic32c/8.3.1/../../../../pic32c/lib/thumb/v7e-m+fp/hard\libc_nano.a(_lib_a-sprintf.cdnopuxX.o)
 .ARM.attributes
                0x00000812       0x34 c:/program files/microchip/xc32/v3.01/bin/bin/../../lib/gcc/pic32c/8.3.1/../../../../pic32c/lib/thumb/v7e-m+fp/hard\libc_nano.a(lib_a-init.o)
 .ARM.attributes
                0x00000846       0x34 c:/program files/microchip/xc32/v3.01/bin/bin/../../lib/gcc/pic32c/8.3.1/../../../../pic32c/lib/thumb/v7e-m+fp/hard\libc_nano.a(lib_a-malloc.o)
 .ARM.attributes
                0x0000087a       0x34 c:/program files/microchip/xc32/v3.01/bin/bin/../../lib/gcc/pic32c/8.3.1/../../../../pic32c/lib/thumb/v7e-m+fp/hard\libc_nano.a(lib_a-memcpy-stub.o)
 .ARM.attributes
                0x000008ae       0x34 c:/program files/microchip/xc32/v3.01/bin/bin/../../lib/gcc/pic32c/8.3.1/../../../../pic32c/lib/thumb/v7e-m+fp/hard\libc_nano.a(lib_a-memset.o)
 .ARM.attributes
                0x000008e2       0x34 c:/program files/microchip/xc32/v3.01/bin/bin/../../lib/gcc/pic32c/8.3.1/../../../../pic32c/lib/thumb/v7e-m+fp/hard\libc_nano.a(lib_a-nano-freer.o)
 .ARM.attributes
                0x00000916       0x34 c:/program files/microchip/xc32/v3.01/bin/bin/../../lib/gcc/pic32c/8.3.1/../../../../pic32c/lib/thumb/v7e-m+fp/hard\libc_nano.a(lib_a-nano-mallocr.o)
 .ARM.attributes
                0x0000094a       0x34 c:/program files/microchip/xc32/v3.01/bin/bin/../../lib/gcc/pic32c/8.3.1/../../../../pic32c/lib/thumb/v7e-m+fp/hard\libc_nano.a(lib_a-sbrkr.o)
 .ARM.attributes
                0x0000097e       0x17 c:/program files/microchip/xc32/v3.01/bin/bin/../../lib/gcc/pic32c/8.3.1/../../../../pic32c/lib/thumb/v7e-m+fp/hard\libc_nano.a(lib_a-strlen.o)
 .ARM.attributes
                0x00000995       0x34 c:/program files/microchip/xc32/v3.01/bin/bin/../../lib/gcc/pic32c/8.3.1/../../../../pic32c/lib/thumb/v7e-m+fp/hard\libc_nano.a(_lib_a-nano-vfprintf.cdnopuxX.o)
 .ARM.attributes
                0x000009c9       0x34 c:/program files/microchip/xc32/v3.01/bin/bin/../../lib/gcc/pic32c/8.3.1/../../../../pic32c/lib/thumb/v7e-m+fp/hard\libc_nano.a(lib_a-__ssfputs.o)
 .ARM.attributes
                0x000009fd       0x34 c:/program files/microchip/xc32/v3.01/bin/bin/../../lib/gcc/pic32c/8.3.1/../../../../pic32c/lib/thumb/v7e-m+fp/hard\libc_nano.a(lib_a-findfp.o)
 .ARM.attributes
                0x00000a31       0x34 c:/program files/microchip/xc32/v3.01/bin/bin/../../lib/gcc/pic32c/8.3.1/../../../../pic32c/lib/thumb/v7e-m+fp/hard\libc_nano.a(lib_a-fputwc.o)
 .ARM.attributes
                0x00000a65       0x34 c:/program files/microchip/xc32/v3.01/bin/bin/../../lib/gcc/pic32c/8.3.1/../../../../pic32c/lib/thumb/v7e-m+fp/hard\libc_nano.a(lib_a-fwalk.o)
 .ARM.attributes
                0x00000a99       0x32 c:/program files/microchip/xc32/v3.01/bin/bin/../../lib/gcc/pic32c/8.3.1/../../../../pic32c/lib/thumb/v7e-m+fp/hard\libc_nano.a(lib_a-impure.o)
 .ARM.attributes
                0x00000acb       0x34 c:/program files/microchip/xc32/v3.01/bin/bin/../../lib/gcc/pic32c/8.3.1/../../../../pic32c/lib/thumb/v7e-m+fp/hard\libc_nano.a(lib_a-locale.o)
 .ARM.attributes
                0x00000aff       0x34 c:/program files/microchip/xc32/v3.01/bin/bin/../../lib/gcc/pic32c/8.3.1/../../../../pic32c/lib/thumb/v7e-m+fp/hard\libc_nano.a(lib_a-mbtowc_r.o)
 .ARM.attributes
                0x00000b33       0x1c c:/program files/microchip/xc32/v3.01/bin/bin/../../lib/gcc/pic32c/8.3.1/../../../../pic32c/lib/thumb/v7e-m+fp/hard\libc_nano.a(lib_a-memchr.o)
 .ARM.attributes
                0x00000b4f       0x34 c:/program files/microchip/xc32/v3.01/bin/bin/../../lib/gcc/pic32c/8.3.1/../../../../pic32c/lib/thumb/v7e-m+fp/hard\libc_nano.a(lib_a-mlock.o)
 .ARM.attributes
                0x00000b83       0x34 c:/program files/microchip/xc32/v3.01/bin/bin/../../lib/gcc/pic32c/8.3.1/../../../../pic32c/lib/thumb/v7e-m+fp/hard\libc_nano.a(lib_a-nano-vfprintf_i.o)
 .ARM.attributes
                0x00000bb7       0x34 c:/program files/microchip/xc32/v3.01/bin/bin/../../lib/gcc/pic32c/8.3.1/../../../../pic32c/lib/thumb/v7e-m+fp/hard\libc_nano.a(lib_a-reent.o)
 .ARM.attributes
                0x00000beb       0x34 c:/program files/microchip/xc32/v3.01/bin/bin/../../lib/gcc/pic32c/8.3.1/../../../../pic32c/lib/thumb/v7e-m+fp/hard\libc_nano.a(lib_a-stdio.o)
 .ARM.attributes
                0x00000c1f       0x34 c:/program files/microchip/xc32/v3.01/bin/bin/../../lib/gcc/pic32c/8.3.1/../../../../pic32c/lib/thumb/v7e-m+fp/hard\libc_nano.a(lib_a-wbuf.o)
 .ARM.attributes
                0x00000c53       0x34 c:/program files/microchip/xc32/v3.01/bin/bin/../../lib/gcc/pic32c/8.3.1/../../../../pic32c/lib/thumb/v7e-m+fp/hard\libc_nano.a(lib_a-wcrtomb.o)
 .ARM.attributes
                0x00000c87       0x34 c:/program files/microchip/xc32/v3.01/bin/bin/../../lib/gcc/pic32c/8.3.1/../../../../pic32c/lib/thumb/v7e-m+fp/hard\libc_nano.a(lib_a-wctomb_r.o)
 .ARM.attributes
                0x00000cbb       0x34 c:/program files/microchip/xc32/v3.01/bin/bin/../../lib/gcc/pic32c/8.3.1/../../../../pic32c/lib/thumb/v7e-m+fp/hard\libc_nano.a(lib_a-writer.o)
 .ARM.attributes
                0x00000cef       0x34 c:/program files/microchip/xc32/v3.01/bin/bin/../../lib/gcc/pic32c/8.3.1/../../../../pic32c/lib/thumb/v7e-m+fp/hard\libc_nano.a(lib_a-wsetup.o)
 .ARM.attributes
                0x00000d23       0x34 c:/program files/microchip/xc32/v3.01/bin/bin/../../lib/gcc/pic32c/8.3.1/../../../../pic32c/lib/thumb/v7e-m+fp/hard\libc_nano.a(lib_a-closer.o)
 .ARM.attributes
                0x00000d57       0x32 c:/program files/microchip/xc32/v3.01/bin/bin/../../lib/gcc/pic32c/8.3.1/../../../../pic32c/lib/thumb/v7e-m+fp/hard\libc_nano.a(lib_a-ctype_.o)
 .ARM.attributes
                0x00000d89       0x34 c:/program files/microchip/xc32/v3.01/bin/bin/../../lib/gcc/pic32c/8.3.1/../../../../pic32c/lib/thumb/v7e-m+fp/hard\libc_nano.a(lib_a-fflush.o)
 .ARM.attributes
                0x00000dbd       0x34 c:/program files/microchip/xc32/v3.01/bin/bin/../../lib/gcc/pic32c/8.3.1/../../../../pic32c/lib/thumb/v7e-m+fp/hard\libc_nano.a(lib_a-lseekr.o)
 .ARM.attributes
                0x00000df1       0x34 c:/program files/microchip/xc32/v3.01/bin/bin/../../lib/gcc/pic32c/8.3.1/../../../../pic32c/lib/thumb/v7e-m+fp/hard\libc_nano.a(lib_a-makebuf.o)
 .ARM.attributes
                0x00000e25       0x34 c:/program files/microchip/xc32/v3.01/bin/bin/../../lib/gcc/pic32c/8.3.1/../../../../pic32c/lib/thumb/v7e-m+fp/hard\libc_nano.a(lib_a-readr.o)
 .ARM.attributes
                0x00000e59       0x34 c:/program files/microchip/xc32/v3.01/bin/bin/../../lib/gcc/pic32c/8.3.1/../../../../pic32c/lib/thumb/v7e-m+fp/hard\libc_nano.a(lib_a-fstatr.o)
 .ARM.attributes
                0x00000e8d       0x34 c:/program files/microchip/xc32/v3.01/bin/bin/../../lib/gcc/pic32c/8.3.1/../../../../pic32c/lib/thumb/v7e-m+fp/hard\libc_nano.a(lib_a-isattyr.o)
 .ARM.attributes
                0x00000ec1       0x34 c:/program files/microchip/xc32/v3.01/bin/bin/../../lib/gcc/pic32c/8.3.1/../../../../pic32c/lib/thumb/v7e-m+fp/hard\libpic32c.a(_close.o)
 .ARM.attributes
                0x00000ef5       0x34 c:/program files/microchip/xc32/v3.01/bin/bin/../../lib/gcc/pic32c/8.3.1/../../../../pic32c/lib/thumb/v7e-m+fp/hard\libpic32c.a(_fstat.o)
 .ARM.attributes
                0x00000f29       0x34 c:/program files/microchip/xc32/v3.01/bin/bin/../../lib/gcc/pic32c/8.3.1/../../../../pic32c/lib/thumb/v7e-m+fp/hard\libpic32c.a(_isatty.o)
 .ARM.attributes
                0x00000f5d       0x34 c:/program files/microchip/xc32/v3.01/bin/bin/../../lib/gcc/pic32c/8.3.1/../../../../pic32c/lib/thumb/v7e-m+fp/hard\libpic32c.a(_lseek.o)
 .ARM.attributes
                0x00000f91       0x34 c:/program files/microchip/xc32/v3.01/bin/bin/../../lib/gcc/pic32c/8.3.1/../../../../pic32c/lib/thumb/v7e-m+fp/hard\libpic32c.a(_read.o)
 .ARM.attributes
                0x00000fc5       0x34 c:/program files/microchip/xc32/v3.01/bin/bin/../../lib/gcc/pic32c/8.3.1/../../../../pic32c/lib/thumb/v7e-m+fp/hard\libpic32c.a(sbrk.o)
 .ARM.attributes
                0x00000ff9       0x34 c:/program files/microchip/xc32/v3.01/bin/bin/../../lib/gcc/pic32c/8.3.1/../../../../pic32c/lib/thumb/v7e-m+fp/hard\libpic32c.a(_write.o)
 .ARM.attributes
                0x0000102d       0x34 c:/program files/microchip/xc32/v3.01/bin/bin/../../lib/gcc/pic32c/8.3.1/../../../../pic32c/lib/thumb/v7e-m+fp/hard\libpic32c.a(close.o)
 .ARM.attributes
                0x00001061       0x34 c:/program files/microchip/xc32/v3.01/bin/bin/../../lib/gcc/pic32c/8.3.1/../../../../pic32c/lib/thumb/v7e-m+fp/hard\libpic32c.a(fstat.o)
 .ARM.attributes
                0x00001095       0x34 c:/program files/microchip/xc32/v3.01/bin/bin/../../lib/gcc/pic32c/8.3.1/../../../../pic32c/lib/thumb/v7e-m+fp/hard\libpic32c.a(isatty.o)
 .ARM.attributes
                0x000010c9       0x34 c:/program files/microchip/xc32/v3.01/bin/bin/../../lib/gcc/pic32c/8.3.1/../../../../pic32c/lib/thumb/v7e-m+fp/hard\libpic32c.a(lseek.o)
 .ARM.attributes
                0x000010fd       0x34 c:/program files/microchip/xc32/v3.01/bin/bin/../../lib/gcc/pic32c/8.3.1/../../../../pic32c/lib/thumb/v7e-m+fp/hard\libpic32c.a(read.o)
 .ARM.attributes
                0x00001131       0x34 c:/program files/microchip/xc32/v3.01/bin/bin/../../lib/gcc/pic32c/8.3.1/../../../../pic32c/lib/thumb/v7e-m+fp/hard\libpic32c.a(write.o)
 .ARM.attributes
                0x00001165       0x1e c:/program files/microchip/xc32/v3.01/bin/bin/../../lib/gcc/pic32c/8.3.1/thumb/v7e-m+fp/hard/crtn.o

.comment        0x00000000       0x53
 .comment       0x00000000       0x53 c:/program files/microchip/xc32/v3.01/bin/bin/../../lib/gcc/pic32c/8.3.1/thumb/v7e-m+fp/hard/crtbegin.o
                                 0x54 (size before relaxing)
 .comment       0x00000053       0x54 build/LAN9255_SQI_INDIRECT_MODE/production/_ext/1984496892/plib_clock.o
 .comment       0x00000053       0x54 build/LAN9255_SQI_INDIRECT_MODE/production/_ext/60167341/plib_eic.o
 .comment       0x00000053       0x54 build/LAN9255_SQI_INDIRECT_MODE/production/_ext/1986646378/plib_evsys.o
 .comment       0x00000053       0x54 build/LAN9255_SQI_INDIRECT_MODE/production/_ext/1865468468/plib_nvic.o
 .comment       0x00000053       0x54 build/LAN9255_SQI_INDIRECT_MODE/production/_ext/1593096446/plib_nvmctrl.o
 .comment       0x00000053       0x54 build/LAN9255_SQI_INDIRECT_MODE/production/_ext/1865488526/oledc_driver.o
 .comment       0x00000053       0x54 build/LAN9255_SQI_INDIRECT_MODE/production/_ext/1865521619/plib_port.o
 .comment       0x00000053       0x54 build/LAN9255_SQI_INDIRECT_MODE/production/_ext/1865555181/plib_qspi.o
 .comment       0x00000053       0x54 build/LAN9255_SQI_INDIRECT_MODE/production/_ext/17022449/plib_sercom4_spi_master.o
 .comment       0x00000053       0x54 build/LAN9255_SQI_INDIRECT_MODE/production/_ext/504274921/plib_sercom0_usart.o
 .comment       0x00000053       0x54 build/LAN9255_SQI_INDIRECT_MODE/production/_ext/1827571544/plib_systick.o
 .comment       0x00000053       0x54 build/LAN9255_SQI_INDIRECT_MODE/production/_ext/163028504/xc32_monitor.o
 .comment       0x00000053       0x54 build/LAN9255_SQI_INDIRECT_MODE/production/_ext/1171490990/exceptions.o
 .comment       0x00000053       0x54 build/LAN9255_SQI_INDIRECT_MODE/production/_ext/1171490990/initialization.o
 .comment       0x00000053       0x54 build/LAN9255_SQI_INDIRECT_MODE/production/_ext/1171490990/interrupts.o
 .comment       0x00000053       0x54 build/LAN9255_SQI_INDIRECT_MODE/production/_ext/1171490990/startup_xc32.o
 .comment       0x00000053       0x54 build/LAN9255_SQI_INDIRECT_MODE/production/_ext/1171490990/tasks.o
 .comment       0x00000053       0x54 build/LAN9255_SQI_INDIRECT_MODE/production/_ext/1671622016/Drivers.o
 .comment       0x00000053       0x54 build/LAN9255_SQI_INDIRECT_MODE/production/_ext/108147519/ESC_Utils.o
 .comment       0x00000053       0x54 build/LAN9255_SQI_INDIRECT_MODE/production/_ext/108147519/LAN925x.o
 .comment       0x00000053       0x54 build/LAN9255_SQI_INDIRECT_MODE/production/_ext/108134065/bootmode.o
 .comment       0x00000053       0x54 build/LAN9255_SQI_INDIRECT_MODE/production/_ext/108134065/coeappl.o
 .comment       0x00000053       0x54 build/LAN9255_SQI_INDIRECT_MODE/production/_ext/108134065/ecatappl.o
 .comment       0x00000053       0x54 build/LAN9255_SQI_INDIRECT_MODE/production/_ext/108134065/ecatcoe.o
 .comment       0x00000053       0x54 build/LAN9255_SQI_INDIRECT_MODE/production/_ext/108134065/ecatfoe.o
 .comment       0x00000053       0x54 build/LAN9255_SQI_INDIRECT_MODE/production/_ext/108134065/ecatslv.o
 .comment       0x00000053       0x54 build/LAN9255_SQI_INDIRECT_MODE/production/_ext/108134065/emcy.o
 .comment       0x00000053       0x54 build/LAN9255_SQI_INDIRECT_MODE/production/_ext/108134065/foeappl.o
 .comment       0x00000053       0x54 build/LAN9255_SQI_INDIRECT_MODE/production/_ext/108134065/mailbox.o
 .comment       0x00000053       0x54 build/LAN9255_SQI_INDIRECT_MODE/production/_ext/108134065/objdef.o
 .comment       0x00000053       0x54 build/LAN9255_SQI_INDIRECT_MODE/production/_ext/108134065/sample_app.o
 .comment       0x00000053       0x54 build/LAN9255_SQI_INDIRECT_MODE/production/_ext/108134065/sdoserv.o
 .comment       0x00000053       0x54 build/LAN9255_SQI_INDIRECT_MODE/production/_ext/1360937237/main.o
 .comment       0x00000053       0x54 build/LAN9255_SQI_INDIRECT_MODE/production/_ext/1360937237/app.o
 .comment       0x00000053       0x54 c:/program files/microchip/xc32/v3.01/bin/bin/../../lib/gcc/pic32c/8.3.1/../../../../pic32c/lib/thumb/v7e-m+fp/hard\libpic32c.a(data_init.o)
 .comment       0x00000053       0x54 c:/program files/microchip/xc32/v3.01/bin/bin/../../lib/gcc/pic32c/8.3.1/thumb/v7e-m+fp/hard\libgcc.a(_udivmoddi4.o)
 .comment       0x00000053       0x54 c:/program files/microchip/xc32/v3.01/bin/bin/../../lib/gcc/pic32c/8.3.1/../../../../pic32c/lib/thumb/v7e-m+fp/hard\libc_nano.a(_lib_a-sprintf.cdnopuxX.o)
 .comment       0x00000053       0x54 c:/program files/microchip/xc32/v3.01/bin/bin/../../lib/gcc/pic32c/8.3.1/../../../../pic32c/lib/thumb/v7e-m+fp/hard\libc_nano.a(lib_a-init.o)
 .comment       0x00000053       0x54 c:/program files/microchip/xc32/v3.01/bin/bin/../../lib/gcc/pic32c/8.3.1/../../../../pic32c/lib/thumb/v7e-m+fp/hard\libc_nano.a(lib_a-malloc.o)
 .comment       0x00000053       0x54 c:/program files/microchip/xc32/v3.01/bin/bin/../../lib/gcc/pic32c/8.3.1/../../../../pic32c/lib/thumb/v7e-m+fp/hard\libc_nano.a(lib_a-memcpy-stub.o)
 .comment       0x00000053       0x54 c:/program files/microchip/xc32/v3.01/bin/bin/../../lib/gcc/pic32c/8.3.1/../../../../pic32c/lib/thumb/v7e-m+fp/hard\libc_nano.a(lib_a-memset.o)
 .comment       0x00000053       0x54 c:/program files/microchip/xc32/v3.01/bin/bin/../../lib/gcc/pic32c/8.3.1/../../../../pic32c/lib/thumb/v7e-m+fp/hard\libc_nano.a(lib_a-nano-freer.o)
 .comment       0x00000053       0x54 c:/program files/microchip/xc32/v3.01/bin/bin/../../lib/gcc/pic32c/8.3.1/../../../../pic32c/lib/thumb/v7e-m+fp/hard\libc_nano.a(lib_a-nano-mallocr.o)
 .comment       0x00000053       0x54 c:/program files/microchip/xc32/v3.01/bin/bin/../../lib/gcc/pic32c/8.3.1/../../../../pic32c/lib/thumb/v7e-m+fp/hard\libc_nano.a(lib_a-sbrkr.o)
 .comment       0x00000053       0x54 c:/program files/microchip/xc32/v3.01/bin/bin/../../lib/gcc/pic32c/8.3.1/../../../../pic32c/lib/thumb/v7e-m+fp/hard\libc_nano.a(_lib_a-nano-vfprintf.cdnopuxX.o)
 .comment       0x00000053       0x54 c:/program files/microchip/xc32/v3.01/bin/bin/../../lib/gcc/pic32c/8.3.1/../../../../pic32c/lib/thumb/v7e-m+fp/hard\libc_nano.a(lib_a-__ssfputs.o)
 .comment       0x00000053       0x54 c:/program files/microchip/xc32/v3.01/bin/bin/../../lib/gcc/pic32c/8.3.1/../../../../pic32c/lib/thumb/v7e-m+fp/hard\libc_nano.a(lib_a-findfp.o)
 .comment       0x00000053       0x54 c:/program files/microchip/xc32/v3.01/bin/bin/../../lib/gcc/pic32c/8.3.1/../../../../pic32c/lib/thumb/v7e-m+fp/hard\libc_nano.a(lib_a-fputwc.o)
 .comment       0x00000053       0x54 c:/program files/microchip/xc32/v3.01/bin/bin/../../lib/gcc/pic32c/8.3.1/../../../../pic32c/lib/thumb/v7e-m+fp/hard\libc_nano.a(lib_a-fwalk.o)
 .comment       0x00000053       0x54 c:/program files/microchip/xc32/v3.01/bin/bin/../../lib/gcc/pic32c/8.3.1/../../../../pic32c/lib/thumb/v7e-m+fp/hard\libc_nano.a(lib_a-impure.o)
 .comment       0x00000053       0x54 c:/program files/microchip/xc32/v3.01/bin/bin/../../lib/gcc/pic32c/8.3.1/../../../../pic32c/lib/thumb/v7e-m+fp/hard\libc_nano.a(lib_a-locale.o)
 .comment       0x00000053       0x54 c:/program files/microchip/xc32/v3.01/bin/bin/../../lib/gcc/pic32c/8.3.1/../../../../pic32c/lib/thumb/v7e-m+fp/hard\libc_nano.a(lib_a-mbtowc_r.o)
 .comment       0x00000053       0x54 c:/program files/microchip/xc32/v3.01/bin/bin/../../lib/gcc/pic32c/8.3.1/../../../../pic32c/lib/thumb/v7e-m+fp/hard\libc_nano.a(lib_a-mlock.o)
 .comment       0x00000053       0x54 c:/program files/microchip/xc32/v3.01/bin/bin/../../lib/gcc/pic32c/8.3.1/../../../../pic32c/lib/thumb/v7e-m+fp/hard\libc_nano.a(lib_a-nano-vfprintf_i.o)
 .comment       0x00000053       0x54 c:/program files/microchip/xc32/v3.01/bin/bin/../../lib/gcc/pic32c/8.3.1/../../../../pic32c/lib/thumb/v7e-m+fp/hard\libc_nano.a(lib_a-reent.o)
 .comment       0x00000053       0x54 c:/program files/microchip/xc32/v3.01/bin/bin/../../lib/gcc/pic32c/8.3.1/../../../../pic32c/lib/thumb/v7e-m+fp/hard\libc_nano.a(lib_a-stdio.o)
 .comment       0x00000053       0x54 c:/program files/microchip/xc32/v3.01/bin/bin/../../lib/gcc/pic32c/8.3.1/../../../../pic32c/lib/thumb/v7e-m+fp/hard\libc_nano.a(lib_a-wbuf.o)
 .comment       0x00000053       0x54 c:/program files/microchip/xc32/v3.01/bin/bin/../../lib/gcc/pic32c/8.3.1/../../../../pic32c/lib/thumb/v7e-m+fp/hard\libc_nano.a(lib_a-wcrtomb.o)
 .comment       0x00000053       0x54 c:/program files/microchip/xc32/v3.01/bin/bin/../../lib/gcc/pic32c/8.3.1/../../../../pic32c/lib/thumb/v7e-m+fp/hard\libc_nano.a(lib_a-wctomb_r.o)
 .comment       0x00000053       0x54 c:/program files/microchip/xc32/v3.01/bin/bin/../../lib/gcc/pic32c/8.3.1/../../../../pic32c/lib/thumb/v7e-m+fp/hard\libc_nano.a(lib_a-writer.o)
 .comment       0x00000053       0x54 c:/program files/microchip/xc32/v3.01/bin/bin/../../lib/gcc/pic32c/8.3.1/../../../../pic32c/lib/thumb/v7e-m+fp/hard\libc_nano.a(lib_a-wsetup.o)
 .comment       0x00000053       0x54 c:/program files/microchip/xc32/v3.01/bin/bin/../../lib/gcc/pic32c/8.3.1/../../../../pic32c/lib/thumb/v7e-m+fp/hard\libc_nano.a(lib_a-closer.o)
 .comment       0x00000053       0x54 c:/program files/microchip/xc32/v3.01/bin/bin/../../lib/gcc/pic32c/8.3.1/../../../../pic32c/lib/thumb/v7e-m+fp/hard\libc_nano.a(lib_a-ctype_.o)
 .comment       0x00000053       0x54 c:/program files/microchip/xc32/v3.01/bin/bin/../../lib/gcc/pic32c/8.3.1/../../../../pic32c/lib/thumb/v7e-m+fp/hard\libc_nano.a(lib_a-fflush.o)
 .comment       0x00000053       0x54 c:/program files/microchip/xc32/v3.01/bin/bin/../../lib/gcc/pic32c/8.3.1/../../../../pic32c/lib/thumb/v7e-m+fp/hard\libc_nano.a(lib_a-lseekr.o)
 .comment       0x00000053       0x54 c:/program files/microchip/xc32/v3.01/bin/bin/../../lib/gcc/pic32c/8.3.1/../../../../pic32c/lib/thumb/v7e-m+fp/hard\libc_nano.a(lib_a-makebuf.o)
 .comment       0x00000053       0x54 c:/program files/microchip/xc32/v3.01/bin/bin/../../lib/gcc/pic32c/8.3.1/../../../../pic32c/lib/thumb/v7e-m+fp/hard\libc_nano.a(lib_a-readr.o)
 .comment       0x00000053       0x54 c:/program files/microchip/xc32/v3.01/bin/bin/../../lib/gcc/pic32c/8.3.1/../../../../pic32c/lib/thumb/v7e-m+fp/hard\libc_nano.a(lib_a-fstatr.o)
 .comment       0x00000053       0x54 c:/program files/microchip/xc32/v3.01/bin/bin/../../lib/gcc/pic32c/8.3.1/../../../../pic32c/lib/thumb/v7e-m+fp/hard\libc_nano.a(lib_a-isattyr.o)
 .comment       0x00000053       0x54 c:/program files/microchip/xc32/v3.01/bin/bin/../../lib/gcc/pic32c/8.3.1/../../../../pic32c/lib/thumb/v7e-m+fp/hard\libpic32c.a(_close.o)
 .comment       0x00000053       0x54 c:/program files/microchip/xc32/v3.01/bin/bin/../../lib/gcc/pic32c/8.3.1/../../../../pic32c/lib/thumb/v7e-m+fp/hard\libpic32c.a(_fstat.o)
 .comment       0x00000053       0x54 c:/program files/microchip/xc32/v3.01/bin/bin/../../lib/gcc/pic32c/8.3.1/../../../../pic32c/lib/thumb/v7e-m+fp/hard\libpic32c.a(_isatty.o)
 .comment       0x00000053       0x54 c:/program files/microchip/xc32/v3.01/bin/bin/../../lib/gcc/pic32c/8.3.1/../../../../pic32c/lib/thumb/v7e-m+fp/hard\libpic32c.a(_lseek.o)
 .comment       0x00000053       0x54 c:/program files/microchip/xc32/v3.01/bin/bin/../../lib/gcc/pic32c/8.3.1/../../../../pic32c/lib/thumb/v7e-m+fp/hard\libpic32c.a(_read.o)
 .comment       0x00000053       0x54 c:/program files/microchip/xc32/v3.01/bin/bin/../../lib/gcc/pic32c/8.3.1/../../../../pic32c/lib/thumb/v7e-m+fp/hard\libpic32c.a(sbrk.o)
 .comment       0x00000053       0x54 c:/program files/microchip/xc32/v3.01/bin/bin/../../lib/gcc/pic32c/8.3.1/../../../../pic32c/lib/thumb/v7e-m+fp/hard\libpic32c.a(_write.o)
 .comment       0x00000053       0x54 c:/program files/microchip/xc32/v3.01/bin/bin/../../lib/gcc/pic32c/8.3.1/../../../../pic32c/lib/thumb/v7e-m+fp/hard\libpic32c.a(close.o)
 .comment       0x00000053       0x54 c:/program files/microchip/xc32/v3.01/bin/bin/../../lib/gcc/pic32c/8.3.1/../../../../pic32c/lib/thumb/v7e-m+fp/hard\libpic32c.a(fstat.o)
 .comment       0x00000053       0x54 c:/program files/microchip/xc32/v3.01/bin/bin/../../lib/gcc/pic32c/8.3.1/../../../../pic32c/lib/thumb/v7e-m+fp/hard\libpic32c.a(isatty.o)
 .comment       0x00000053       0x54 c:/program files/microchip/xc32/v3.01/bin/bin/../../lib/gcc/pic32c/8.3.1/../../../../pic32c/lib/thumb/v7e-m+fp/hard\libpic32c.a(lseek.o)
 .comment       0x00000053       0x54 c:/program files/microchip/xc32/v3.01/bin/bin/../../lib/gcc/pic32c/8.3.1/../../../../pic32c/lib/thumb/v7e-m+fp/hard\libpic32c.a(read.o)
 .comment       0x00000053       0x54 c:/program files/microchip/xc32/v3.01/bin/bin/../../lib/gcc/pic32c/8.3.1/../../../../pic32c/lib/thumb/v7e-m+fp/hard\libpic32c.a(write.o)

.debug_info     0x00000000    0x40785
 .debug_info    0x00000000      0xc69 build/LAN9255_SQI_INDIRECT_MODE/production/_ext/1984496892/plib_clock.o
 .debug_info    0x00000c69      0x84e build/LAN9255_SQI_INDIRECT_MODE/production/_ext/60167341/plib_eic.o
 .debug_info    0x000014b7      0x397 build/LAN9255_SQI_INDIRECT_MODE/production/_ext/1986646378/plib_evsys.o
 .debug_info    0x0000184e     0x15fc build/LAN9255_SQI_INDIRECT_MODE/production/_ext/1865468468/plib_nvic.o
 .debug_info    0x00002e4a     0x189c build/LAN9255_SQI_INDIRECT_MODE/production/_ext/1593096446/plib_nvmctrl.o
 .debug_info    0x000046e6     0x20f9 build/LAN9255_SQI_INDIRECT_MODE/production/_ext/1865488526/oledc_driver.o
 .debug_info    0x000067df      0x880 build/LAN9255_SQI_INDIRECT_MODE/production/_ext/1865521619/plib_port.o
 .debug_info    0x0000705f      0xf5c build/LAN9255_SQI_INDIRECT_MODE/production/_ext/1865555181/plib_qspi.o
 .debug_info    0x00007fbb     0x1519 build/LAN9255_SQI_INDIRECT_MODE/production/_ext/17022449/plib_sercom4_spi_master.o
 .debug_info    0x000094d4     0x1901 build/LAN9255_SQI_INDIRECT_MODE/production/_ext/504274921/plib_sercom0_usart.o
 .debug_info    0x0000add5      0x71d build/LAN9255_SQI_INDIRECT_MODE/production/_ext/1827571544/plib_systick.o
 .debug_info    0x0000b4f2      0x2e9 build/LAN9255_SQI_INDIRECT_MODE/production/_ext/163028504/xc32_monitor.o
 .debug_info    0x0000b7db     0x10a3 build/LAN9255_SQI_INDIRECT_MODE/production/_ext/1171490990/exceptions.o
 .debug_info    0x0000c87e     0x1102 build/LAN9255_SQI_INDIRECT_MODE/production/_ext/1171490990/initialization.o
 .debug_info    0x0000d980     0x2384 build/LAN9255_SQI_INDIRECT_MODE/production/_ext/1171490990/interrupts.o
 .debug_info    0x0000fd04     0x15e4 build/LAN9255_SQI_INDIRECT_MODE/production/_ext/1171490990/startup_xc32.o
 .debug_info    0x000112e8      0xfea build/LAN9255_SQI_INDIRECT_MODE/production/_ext/1171490990/tasks.o
 .debug_info    0x000122d2     0x3ade build/LAN9255_SQI_INDIRECT_MODE/production/_ext/1671622016/Drivers.o
 .debug_info    0x00015db0     0x140f build/LAN9255_SQI_INDIRECT_MODE/production/_ext/108147519/ESC_Utils.o
 .debug_info    0x000171bf     0x2600 build/LAN9255_SQI_INDIRECT_MODE/production/_ext/108147519/LAN925x.o
 .debug_info    0x000197bf     0x1333 build/LAN9255_SQI_INDIRECT_MODE/production/_ext/108134065/bootmode.o
 .debug_info    0x0001aaf2     0x32b8 build/LAN9255_SQI_INDIRECT_MODE/production/_ext/108134065/coeappl.o
 .debug_info    0x0001ddaa     0x2f81 build/LAN9255_SQI_INDIRECT_MODE/production/_ext/108134065/ecatappl.o
 .debug_info    0x00020d2b     0x181e build/LAN9255_SQI_INDIRECT_MODE/production/_ext/108134065/ecatcoe.o
 .debug_info    0x00022549     0x1d01 build/LAN9255_SQI_INDIRECT_MODE/production/_ext/108134065/ecatfoe.o
 .debug_info    0x0002424a     0x3a86 build/LAN9255_SQI_INDIRECT_MODE/production/_ext/108134065/ecatslv.o
 .debug_info    0x00027cd0     0x1cd1 build/LAN9255_SQI_INDIRECT_MODE/production/_ext/108134065/emcy.o
 .debug_info    0x000299a1     0x222e build/LAN9255_SQI_INDIRECT_MODE/production/_ext/108134065/foeappl.o
 .debug_info    0x0002bbcf     0x28fa build/LAN9255_SQI_INDIRECT_MODE/production/_ext/108134065/mailbox.o
 .debug_info    0x0002e4c9     0x2ded build/LAN9255_SQI_INDIRECT_MODE/production/_ext/108134065/objdef.o
 .debug_info    0x000312b6     0x371c build/LAN9255_SQI_INDIRECT_MODE/production/_ext/108134065/sample_app.o
 .debug_info    0x000349d2     0x3284 build/LAN9255_SQI_INDIRECT_MODE/production/_ext/108134065/sdoserv.o
 .debug_info    0x00037c56      0xffa build/LAN9255_SQI_INDIRECT_MODE/production/_ext/1360937237/main.o
 .debug_info    0x00038c50     0x353c build/LAN9255_SQI_INDIRECT_MODE/production/_ext/1360937237/app.o
 .debug_info    0x0003c18c      0x2cd c:/program files/microchip/xc32/v3.01/bin/bin/../../lib/gcc/pic32c/8.3.1/../../../../pic32c/lib/thumb/v7e-m+fp/hard\libpic32c.a(data_init.o)
 .debug_info    0x0003c459       0x26 c:/program files/microchip/xc32/v3.01/bin/bin/../../lib/gcc/pic32c/8.3.1/thumb/v7e-m+fp/hard\libgcc.a(_aeabi_uldivmod.o)
 .debug_info    0x0003c47f     0x1fdc c:/program files/microchip/xc32/v3.01/bin/bin/../../lib/gcc/pic32c/8.3.1/thumb/v7e-m+fp/hard\libgcc.a(_udivmoddi4.o)
 .debug_info    0x0003e45b       0x26 c:/program files/microchip/xc32/v3.01/bin/bin/../../lib/gcc/pic32c/8.3.1/thumb/v7e-m+fp/hard\libgcc.a(_dvmd_tls.o)
 .debug_info    0x0003e481      0x2b2 c:/program files/microchip/xc32/v3.01/bin/bin/../../lib/gcc/pic32c/8.3.1/../../../../pic32c/lib/thumb/v7e-m+fp/hard\libpic32c.a(_close.o)
 .debug_info    0x0003e733      0x2b2 c:/program files/microchip/xc32/v3.01/bin/bin/../../lib/gcc/pic32c/8.3.1/../../../../pic32c/lib/thumb/v7e-m+fp/hard\libpic32c.a(_fstat.o)
 .debug_info    0x0003e9e5      0x2b4 c:/program files/microchip/xc32/v3.01/bin/bin/../../lib/gcc/pic32c/8.3.1/../../../../pic32c/lib/thumb/v7e-m+fp/hard\libpic32c.a(_isatty.o)
 .debug_info    0x0003ec99      0x2b2 c:/program files/microchip/xc32/v3.01/bin/bin/../../lib/gcc/pic32c/8.3.1/../../../../pic32c/lib/thumb/v7e-m+fp/hard\libpic32c.a(_lseek.o)
 .debug_info    0x0003ef4b      0x2b0 c:/program files/microchip/xc32/v3.01/bin/bin/../../lib/gcc/pic32c/8.3.1/../../../../pic32c/lib/thumb/v7e-m+fp/hard\libpic32c.a(_read.o)
 .debug_info    0x0003f1fb      0x2b0 c:/program files/microchip/xc32/v3.01/bin/bin/../../lib/gcc/pic32c/8.3.1/../../../../pic32c/lib/thumb/v7e-m+fp/hard\libpic32c.a(sbrk.o)
 .debug_info    0x0003f4ab      0x2b2 c:/program files/microchip/xc32/v3.01/bin/bin/../../lib/gcc/pic32c/8.3.1/../../../../pic32c/lib/thumb/v7e-m+fp/hard\libpic32c.a(_write.o)
 .debug_info    0x0003f75d      0x2b1 c:/program files/microchip/xc32/v3.01/bin/bin/../../lib/gcc/pic32c/8.3.1/../../../../pic32c/lib/thumb/v7e-m+fp/hard\libpic32c.a(close.o)
 .debug_info    0x0003fa0e      0x2b1 c:/program files/microchip/xc32/v3.01/bin/bin/../../lib/gcc/pic32c/8.3.1/../../../../pic32c/lib/thumb/v7e-m+fp/hard\libpic32c.a(fstat.o)
 .debug_info    0x0003fcbf      0x2b3 c:/program files/microchip/xc32/v3.01/bin/bin/../../lib/gcc/pic32c/8.3.1/../../../../pic32c/lib/thumb/v7e-m+fp/hard\libpic32c.a(isatty.o)
 .debug_info    0x0003ff72      0x2b1 c:/program files/microchip/xc32/v3.01/bin/bin/../../lib/gcc/pic32c/8.3.1/../../../../pic32c/lib/thumb/v7e-m+fp/hard\libpic32c.a(lseek.o)
 .debug_info    0x00040223      0x2b0 c:/program files/microchip/xc32/v3.01/bin/bin/../../lib/gcc/pic32c/8.3.1/../../../../pic32c/lib/thumb/v7e-m+fp/hard\libpic32c.a(read.o)
 .debug_info    0x000404d3      0x2b2 c:/program files/microchip/xc32/v3.01/bin/bin/../../lib/gcc/pic32c/8.3.1/../../../../pic32c/lib/thumb/v7e-m+fp/hard\libpic32c.a(write.o)

.debug_abbrev   0x00000000     0x630f
 .debug_abbrev  0x00000000      0x135 build/LAN9255_SQI_INDIRECT_MODE/production/_ext/1984496892/plib_clock.o
 .debug_abbrev  0x00000135      0x1ad build/LAN9255_SQI_INDIRECT_MODE/production/_ext/60167341/plib_eic.o
 .debug_abbrev  0x000002e2       0x64 build/LAN9255_SQI_INDIRECT_MODE/production/_ext/1986646378/plib_evsys.o
 .debug_abbrev  0x00000346      0x1bf build/LAN9255_SQI_INDIRECT_MODE/production/_ext/1865468468/plib_nvic.o
 .debug_abbrev  0x00000505      0x30a build/LAN9255_SQI_INDIRECT_MODE/production/_ext/1593096446/plib_nvmctrl.o
 .debug_abbrev  0x0000080f      0x412 build/LAN9255_SQI_INDIRECT_MODE/production/_ext/1865488526/oledc_driver.o
 .debug_abbrev  0x00000c21      0x188 build/LAN9255_SQI_INDIRECT_MODE/production/_ext/1865521619/plib_port.o
 .debug_abbrev  0x00000da9      0x2eb build/LAN9255_SQI_INDIRECT_MODE/production/_ext/1865555181/plib_qspi.o
 .debug_abbrev  0x00001094      0x291 build/LAN9255_SQI_INDIRECT_MODE/production/_ext/17022449/plib_sercom4_spi_master.o
 .debug_abbrev  0x00001325      0x3be build/LAN9255_SQI_INDIRECT_MODE/production/_ext/504274921/plib_sercom0_usart.o
 .debug_abbrev  0x000016e3      0x1af build/LAN9255_SQI_INDIRECT_MODE/production/_ext/1827571544/plib_systick.o
 .debug_abbrev  0x00001892       0x80 build/LAN9255_SQI_INDIRECT_MODE/production/_ext/163028504/xc32_monitor.o
 .debug_abbrev  0x00001912      0x1bf build/LAN9255_SQI_INDIRECT_MODE/production/_ext/1171490990/exceptions.o
 .debug_abbrev  0x00001ad1      0x214 build/LAN9255_SQI_INDIRECT_MODE/production/_ext/1171490990/initialization.o
 .debug_abbrev  0x00001ce5      0x1d2 build/LAN9255_SQI_INDIRECT_MODE/production/_ext/1171490990/interrupts.o
 .debug_abbrev  0x00001eb7      0x2ba build/LAN9255_SQI_INDIRECT_MODE/production/_ext/1171490990/startup_xc32.o
 .debug_abbrev  0x00002171      0x1dd build/LAN9255_SQI_INDIRECT_MODE/production/_ext/1171490990/tasks.o
 .debug_abbrev  0x0000234e      0x4da build/LAN9255_SQI_INDIRECT_MODE/production/_ext/1671622016/Drivers.o
 .debug_abbrev  0x00002828      0x301 build/LAN9255_SQI_INDIRECT_MODE/production/_ext/108147519/ESC_Utils.o
 .debug_abbrev  0x00002b29      0x376 build/LAN9255_SQI_INDIRECT_MODE/production/_ext/108147519/LAN925x.o
 .debug_abbrev  0x00002e9f      0x23d build/LAN9255_SQI_INDIRECT_MODE/production/_ext/108134065/bootmode.o
 .debug_abbrev  0x000030dc      0x390 build/LAN9255_SQI_INDIRECT_MODE/production/_ext/108134065/coeappl.o
 .debug_abbrev  0x0000346c      0x379 build/LAN9255_SQI_INDIRECT_MODE/production/_ext/108134065/ecatappl.o
 .debug_abbrev  0x000037e5      0x28f build/LAN9255_SQI_INDIRECT_MODE/production/_ext/108134065/ecatcoe.o
 .debug_abbrev  0x00003a74      0x2ee build/LAN9255_SQI_INDIRECT_MODE/production/_ext/108134065/ecatfoe.o
 .debug_abbrev  0x00003d62      0x3e0 build/LAN9255_SQI_INDIRECT_MODE/production/_ext/108134065/ecatslv.o
 .debug_abbrev  0x00004142      0x327 build/LAN9255_SQI_INDIRECT_MODE/production/_ext/108134065/emcy.o
 .debug_abbrev  0x00004469      0x2d3 build/LAN9255_SQI_INDIRECT_MODE/production/_ext/108134065/foeappl.o
 .debug_abbrev  0x0000473c      0x3b1 build/LAN9255_SQI_INDIRECT_MODE/production/_ext/108134065/mailbox.o
 .debug_abbrev  0x00004aed      0x3bd build/LAN9255_SQI_INDIRECT_MODE/production/_ext/108134065/objdef.o
 .debug_abbrev  0x00004eaa      0x4f4 build/LAN9255_SQI_INDIRECT_MODE/production/_ext/108134065/sample_app.o
 .debug_abbrev  0x0000539e      0x451 build/LAN9255_SQI_INDIRECT_MODE/production/_ext/108134065/sdoserv.o
 .debug_abbrev  0x000057ef      0x1f8 build/LAN9255_SQI_INDIRECT_MODE/production/_ext/1360937237/main.o
 .debug_abbrev  0x000059e7      0x4fc build/LAN9255_SQI_INDIRECT_MODE/production/_ext/1360937237/app.o
 .debug_abbrev  0x00005ee3       0x2e c:/program files/microchip/xc32/v3.01/bin/bin/../../lib/gcc/pic32c/8.3.1/../../../../pic32c/lib/thumb/v7e-m+fp/hard\libpic32c.a(data_init.o)
 .debug_abbrev  0x00005f11       0x14 c:/program files/microchip/xc32/v3.01/bin/bin/../../lib/gcc/pic32c/8.3.1/thumb/v7e-m+fp/hard\libgcc.a(_aeabi_uldivmod.o)
 .debug_abbrev  0x00005f25      0x192 c:/program files/microchip/xc32/v3.01/bin/bin/../../lib/gcc/pic32c/8.3.1/thumb/v7e-m+fp/hard\libgcc.a(_udivmoddi4.o)
 .debug_abbrev  0x000060b7       0x14 c:/program files/microchip/xc32/v3.01/bin/bin/../../lib/gcc/pic32c/8.3.1/thumb/v7e-m+fp/hard\libgcc.a(_dvmd_tls.o)
 .debug_abbrev  0x000060cb       0x2b c:/program files/microchip/xc32/v3.01/bin/bin/../../lib/gcc/pic32c/8.3.1/../../../../pic32c/lib/thumb/v7e-m+fp/hard\libpic32c.a(_close.o)
 .debug_abbrev  0x000060f6       0x2b c:/program files/microchip/xc32/v3.01/bin/bin/../../lib/gcc/pic32c/8.3.1/../../../../pic32c/lib/thumb/v7e-m+fp/hard\libpic32c.a(_fstat.o)
 .debug_abbrev  0x00006121       0x2b c:/program files/microchip/xc32/v3.01/bin/bin/../../lib/gcc/pic32c/8.3.1/../../../../pic32c/lib/thumb/v7e-m+fp/hard\libpic32c.a(_isatty.o)
 .debug_abbrev  0x0000614c       0x2b c:/program files/microchip/xc32/v3.01/bin/bin/../../lib/gcc/pic32c/8.3.1/../../../../pic32c/lib/thumb/v7e-m+fp/hard\libpic32c.a(_lseek.o)
 .debug_abbrev  0x00006177       0x2b c:/program files/microchip/xc32/v3.01/bin/bin/../../lib/gcc/pic32c/8.3.1/../../../../pic32c/lib/thumb/v7e-m+fp/hard\libpic32c.a(_read.o)
 .debug_abbrev  0x000061a2       0x2e c:/program files/microchip/xc32/v3.01/bin/bin/../../lib/gcc/pic32c/8.3.1/../../../../pic32c/lib/thumb/v7e-m+fp/hard\libpic32c.a(sbrk.o)
 .debug_abbrev  0x000061d0       0x2b c:/program files/microchip/xc32/v3.01/bin/bin/../../lib/gcc/pic32c/8.3.1/../../../../pic32c/lib/thumb/v7e-m+fp/hard\libpic32c.a(_write.o)
 .debug_abbrev  0x000061fb       0x2e c:/program files/microchip/xc32/v3.01/bin/bin/../../lib/gcc/pic32c/8.3.1/../../../../pic32c/lib/thumb/v7e-m+fp/hard\libpic32c.a(close.o)
 .debug_abbrev  0x00006229       0x2e c:/program files/microchip/xc32/v3.01/bin/bin/../../lib/gcc/pic32c/8.3.1/../../../../pic32c/lib/thumb/v7e-m+fp/hard\libpic32c.a(fstat.o)
 .debug_abbrev  0x00006257       0x2e c:/program files/microchip/xc32/v3.01/bin/bin/../../lib/gcc/pic32c/8.3.1/../../../../pic32c/lib/thumb/v7e-m+fp/hard\libpic32c.a(isatty.o)
 .debug_abbrev  0x00006285       0x2e c:/program files/microchip/xc32/v3.01/bin/bin/../../lib/gcc/pic32c/8.3.1/../../../../pic32c/lib/thumb/v7e-m+fp/hard\libpic32c.a(lseek.o)
 .debug_abbrev  0x000062b3       0x2e c:/program files/microchip/xc32/v3.01/bin/bin/../../lib/gcc/pic32c/8.3.1/../../../../pic32c/lib/thumb/v7e-m+fp/hard\libpic32c.a(read.o)
 .debug_abbrev  0x000062e1       0x2e c:/program files/microchip/xc32/v3.01/bin/bin/../../lib/gcc/pic32c/8.3.1/../../../../pic32c/lib/thumb/v7e-m+fp/hard\libpic32c.a(write.o)

.debug_aranges  0x00000000      0xe18
 .debug_aranges
                0x00000000       0x20 build/LAN9255_SQI_INDIRECT_MODE/production/_ext/1984496892/plib_clock.o
 .debug_aranges
                0x00000020       0x50 build/LAN9255_SQI_INDIRECT_MODE/production/_ext/60167341/plib_eic.o
 .debug_aranges
                0x00000070       0x20 build/LAN9255_SQI_INDIRECT_MODE/production/_ext/1986646378/plib_evsys.o
 .debug_aranges
                0x00000090       0x20 build/LAN9255_SQI_INDIRECT_MODE/production/_ext/1865468468/plib_nvic.o
 .debug_aranges
                0x000000b0       0xb0 build/LAN9255_SQI_INDIRECT_MODE/production/_ext/1593096446/plib_nvmctrl.o
 .debug_aranges
                0x00000160       0x80 build/LAN9255_SQI_INDIRECT_MODE/production/_ext/1865488526/oledc_driver.o
 .debug_aranges
                0x000001e0       0x60 build/LAN9255_SQI_INDIRECT_MODE/production/_ext/1865521619/plib_port.o
 .debug_aranges
                0x00000240       0x58 build/LAN9255_SQI_INDIRECT_MODE/production/_ext/1865555181/plib_qspi.o
 .debug_aranges
                0x00000298       0x58 build/LAN9255_SQI_INDIRECT_MODE/production/_ext/17022449/plib_sercom4_spi_master.o
 .debug_aranges
                0x000002f0       0xb0 build/LAN9255_SQI_INDIRECT_MODE/production/_ext/504274921/plib_sercom0_usart.o
 .debug_aranges
                0x000003a0       0x70 build/LAN9255_SQI_INDIRECT_MODE/production/_ext/1827571544/plib_systick.o
 .debug_aranges
                0x00000410       0x28 build/LAN9255_SQI_INDIRECT_MODE/production/_ext/163028504/xc32_monitor.o
 .debug_aranges
                0x00000438       0x48 build/LAN9255_SQI_INDIRECT_MODE/production/_ext/1171490990/exceptions.o
 .debug_aranges
                0x00000480       0x20 build/LAN9255_SQI_INDIRECT_MODE/production/_ext/1171490990/initialization.o
 .debug_aranges
                0x000004a0       0x20 build/LAN9255_SQI_INDIRECT_MODE/production/_ext/1171490990/interrupts.o
 .debug_aranges
                0x000004c0       0x20 build/LAN9255_SQI_INDIRECT_MODE/production/_ext/1171490990/startup_xc32.o
 .debug_aranges
                0x000004e0       0x20 build/LAN9255_SQI_INDIRECT_MODE/production/_ext/1171490990/tasks.o
 .debug_aranges
                0x00000500       0xc0 build/LAN9255_SQI_INDIRECT_MODE/production/_ext/1671622016/Drivers.o
 .debug_aranges
                0x000005c0       0x38 build/LAN9255_SQI_INDIRECT_MODE/production/_ext/108147519/ESC_Utils.o
 .debug_aranges
                0x000005f8       0x80 build/LAN9255_SQI_INDIRECT_MODE/production/_ext/108147519/LAN925x.o
 .debug_aranges
                0x00000678       0x38 build/LAN9255_SQI_INDIRECT_MODE/production/_ext/108134065/bootmode.o
 .debug_aranges
                0x000006b0       0x70 build/LAN9255_SQI_INDIRECT_MODE/production/_ext/108134065/coeappl.o
 .debug_aranges
                0x00000720       0x78 build/LAN9255_SQI_INDIRECT_MODE/production/_ext/108134065/ecatappl.o
 .debug_aranges
                0x00000798       0x30 build/LAN9255_SQI_INDIRECT_MODE/production/_ext/108134065/ecatcoe.o
 .debug_aranges
                0x000007c8       0x30 build/LAN9255_SQI_INDIRECT_MODE/production/_ext/108134065/ecatfoe.o
 .debug_aranges
                0x000007f8       0xc8 build/LAN9255_SQI_INDIRECT_MODE/production/_ext/108134065/ecatslv.o
 .debug_aranges
                0x000008c0       0x60 build/LAN9255_SQI_INDIRECT_MODE/production/_ext/108134065/emcy.o
 .debug_aranges
                0x00000920       0x48 build/LAN9255_SQI_INDIRECT_MODE/production/_ext/108134065/foeappl.o
 .debug_aranges
                0x00000968       0x80 build/LAN9255_SQI_INDIRECT_MODE/production/_ext/108134065/mailbox.o
 .debug_aranges
                0x000009e8       0x78 build/LAN9255_SQI_INDIRECT_MODE/production/_ext/108134065/objdef.o
 .debug_aranges
                0x00000a60       0xd0 build/LAN9255_SQI_INDIRECT_MODE/production/_ext/108134065/sample_app.o
 .debug_aranges
                0x00000b30       0x40 build/LAN9255_SQI_INDIRECT_MODE/production/_ext/108134065/sdoserv.o
 .debug_aranges
                0x00000b70       0x20 build/LAN9255_SQI_INDIRECT_MODE/production/_ext/1360937237/main.o
 .debug_aranges
                0x00000b90       0x68 build/LAN9255_SQI_INDIRECT_MODE/production/_ext/1360937237/app.o
 .debug_aranges
                0x00000bf8       0x20 c:/program files/microchip/xc32/v3.01/bin/bin/../../lib/gcc/pic32c/8.3.1/../../../../pic32c/lib/thumb/v7e-m+fp/hard\libpic32c.a(data_init.o)
 .debug_aranges
                0x00000c18       0x20 c:/program files/microchip/xc32/v3.01/bin/bin/../../lib/gcc/pic32c/8.3.1/thumb/v7e-m+fp/hard\libgcc.a(_aeabi_uldivmod.o)
 .debug_aranges
                0x00000c38       0x20 c:/program files/microchip/xc32/v3.01/bin/bin/../../lib/gcc/pic32c/8.3.1/thumb/v7e-m+fp/hard\libgcc.a(_udivmoddi4.o)
 .debug_aranges
                0x00000c58       0x20 c:/program files/microchip/xc32/v3.01/bin/bin/../../lib/gcc/pic32c/8.3.1/thumb/v7e-m+fp/hard\libgcc.a(_dvmd_tls.o)
 .debug_aranges
                0x00000c78       0x20 c:/program files/microchip/xc32/v3.01/bin/bin/../../lib/gcc/pic32c/8.3.1/../../../../pic32c/lib/thumb/v7e-m+fp/hard\libpic32c.a(_close.o)
 .debug_aranges
                0x00000c98       0x20 c:/program files/microchip/xc32/v3.01/bin/bin/../../lib/gcc/pic32c/8.3.1/../../../../pic32c/lib/thumb/v7e-m+fp/hard\libpic32c.a(_fstat.o)
 .debug_aranges
                0x00000cb8       0x20 c:/program files/microchip/xc32/v3.01/bin/bin/../../lib/gcc/pic32c/8.3.1/../../../../pic32c/lib/thumb/v7e-m+fp/hard\libpic32c.a(_isatty.o)
 .debug_aranges
                0x00000cd8       0x20 c:/program files/microchip/xc32/v3.01/bin/bin/../../lib/gcc/pic32c/8.3.1/../../../../pic32c/lib/thumb/v7e-m+fp/hard\libpic32c.a(_lseek.o)
 .debug_aranges
                0x00000cf8       0x20 c:/program files/microchip/xc32/v3.01/bin/bin/../../lib/gcc/pic32c/8.3.1/../../../../pic32c/lib/thumb/v7e-m+fp/hard\libpic32c.a(_read.o)
 .debug_aranges
                0x00000d18       0x20 c:/program files/microchip/xc32/v3.01/bin/bin/../../lib/gcc/pic32c/8.3.1/../../../../pic32c/lib/thumb/v7e-m+fp/hard\libpic32c.a(sbrk.o)
 .debug_aranges
                0x00000d38       0x20 c:/program files/microchip/xc32/v3.01/bin/bin/../../lib/gcc/pic32c/8.3.1/../../../../pic32c/lib/thumb/v7e-m+fp/hard\libpic32c.a(_write.o)
 .debug_aranges
                0x00000d58       0x20 c:/program files/microchip/xc32/v3.01/bin/bin/../../lib/gcc/pic32c/8.3.1/../../../../pic32c/lib/thumb/v7e-m+fp/hard\libpic32c.a(close.o)
 .debug_aranges
                0x00000d78       0x20 c:/program files/microchip/xc32/v3.01/bin/bin/../../lib/gcc/pic32c/8.3.1/../../../../pic32c/lib/thumb/v7e-m+fp/hard\libpic32c.a(fstat.o)
 .debug_aranges
                0x00000d98       0x20 c:/program files/microchip/xc32/v3.01/bin/bin/../../lib/gcc/pic32c/8.3.1/../../../../pic32c/lib/thumb/v7e-m+fp/hard\libpic32c.a(isatty.o)
 .debug_aranges
                0x00000db8       0x20 c:/program files/microchip/xc32/v3.01/bin/bin/../../lib/gcc/pic32c/8.3.1/../../../../pic32c/lib/thumb/v7e-m+fp/hard\libpic32c.a(lseek.o)
 .debug_aranges
                0x00000dd8       0x20 c:/program files/microchip/xc32/v3.01/bin/bin/../../lib/gcc/pic32c/8.3.1/../../../../pic32c/lib/thumb/v7e-m+fp/hard\libpic32c.a(read.o)
 .debug_aranges
                0x00000df8       0x20 c:/program files/microchip/xc32/v3.01/bin/bin/../../lib/gcc/pic32c/8.3.1/../../../../pic32c/lib/thumb/v7e-m+fp/hard\libpic32c.a(write.o)

.debug_ranges   0x00000000     0x13a8
 .debug_ranges  0x00000000       0x10 build/LAN9255_SQI_INDIRECT_MODE/production/_ext/1984496892/plib_clock.o
 .debug_ranges  0x00000010       0x40 build/LAN9255_SQI_INDIRECT_MODE/production/_ext/60167341/plib_eic.o
 .debug_ranges  0x00000050       0x10 build/LAN9255_SQI_INDIRECT_MODE/production/_ext/1986646378/plib_evsys.o
 .debug_ranges  0x00000060       0x10 build/LAN9255_SQI_INDIRECT_MODE/production/_ext/1865468468/plib_nvic.o
 .debug_ranges  0x00000070       0xa0 build/LAN9255_SQI_INDIRECT_MODE/production/_ext/1593096446/plib_nvmctrl.o
 .debug_ranges  0x00000110       0xb0 build/LAN9255_SQI_INDIRECT_MODE/production/_ext/1865488526/oledc_driver.o
 .debug_ranges  0x000001c0       0x50 build/LAN9255_SQI_INDIRECT_MODE/production/_ext/1865521619/plib_port.o
 .debug_ranges  0x00000210       0x48 build/LAN9255_SQI_INDIRECT_MODE/production/_ext/1865555181/plib_qspi.o
 .debug_ranges  0x00000258       0x48 build/LAN9255_SQI_INDIRECT_MODE/production/_ext/17022449/plib_sercom4_spi_master.o
 .debug_ranges  0x000002a0       0xa0 build/LAN9255_SQI_INDIRECT_MODE/production/_ext/504274921/plib_sercom0_usart.o
 .debug_ranges  0x00000340       0x60 build/LAN9255_SQI_INDIRECT_MODE/production/_ext/1827571544/plib_systick.o
 .debug_ranges  0x000003a0       0x18 build/LAN9255_SQI_INDIRECT_MODE/production/_ext/163028504/xc32_monitor.o
 .debug_ranges  0x000003b8       0x38 build/LAN9255_SQI_INDIRECT_MODE/production/_ext/1171490990/exceptions.o
 .debug_ranges  0x000003f0       0x10 build/LAN9255_SQI_INDIRECT_MODE/production/_ext/1171490990/initialization.o
 .debug_ranges  0x00000400       0x10 build/LAN9255_SQI_INDIRECT_MODE/production/_ext/1171490990/interrupts.o
 .debug_ranges  0x00000410       0x10 build/LAN9255_SQI_INDIRECT_MODE/production/_ext/1171490990/startup_xc32.o
 .debug_ranges  0x00000420       0x10 build/LAN9255_SQI_INDIRECT_MODE/production/_ext/1171490990/tasks.o
 .debug_ranges  0x00000430      0x110 build/LAN9255_SQI_INDIRECT_MODE/production/_ext/1671622016/Drivers.o
 .debug_ranges  0x00000540       0x80 build/LAN9255_SQI_INDIRECT_MODE/production/_ext/108147519/ESC_Utils.o
 .debug_ranges  0x000005c0       0x70 build/LAN9255_SQI_INDIRECT_MODE/production/_ext/108147519/LAN925x.o
 .debug_ranges  0x00000630       0x28 build/LAN9255_SQI_INDIRECT_MODE/production/_ext/108134065/bootmode.o
 .debug_ranges  0x00000658       0xb0 build/LAN9255_SQI_INDIRECT_MODE/production/_ext/108134065/coeappl.o
 .debug_ranges  0x00000708       0xd0 build/LAN9255_SQI_INDIRECT_MODE/production/_ext/108134065/ecatappl.o
 .debug_ranges  0x000007d8       0x20 build/LAN9255_SQI_INDIRECT_MODE/production/_ext/108134065/ecatcoe.o
 .debug_ranges  0x000007f8       0x90 build/LAN9255_SQI_INDIRECT_MODE/production/_ext/108134065/ecatfoe.o
 .debug_ranges  0x00000888      0x138 build/LAN9255_SQI_INDIRECT_MODE/production/_ext/108134065/ecatslv.o
 .debug_ranges  0x000009c0       0x80 build/LAN9255_SQI_INDIRECT_MODE/production/_ext/108134065/emcy.o
 .debug_ranges  0x00000a40       0x38 build/LAN9255_SQI_INDIRECT_MODE/production/_ext/108134065/foeappl.o
 .debug_ranges  0x00000a78      0x100 build/LAN9255_SQI_INDIRECT_MODE/production/_ext/108134065/mailbox.o
 .debug_ranges  0x00000b78      0x338 build/LAN9255_SQI_INDIRECT_MODE/production/_ext/108134065/objdef.o
 .debug_ranges  0x00000eb0       0xd8 build/LAN9255_SQI_INDIRECT_MODE/production/_ext/108134065/sample_app.o
 .debug_ranges  0x00000f88      0x1c8 build/LAN9255_SQI_INDIRECT_MODE/production/_ext/108134065/sdoserv.o
 .debug_ranges  0x00001150       0x10 build/LAN9255_SQI_INDIRECT_MODE/production/_ext/1360937237/main.o
 .debug_ranges  0x00001160       0x90 build/LAN9255_SQI_INDIRECT_MODE/production/_ext/1360937237/app.o
 .debug_ranges  0x000011f0       0x10 c:/program files/microchip/xc32/v3.01/bin/bin/../../lib/gcc/pic32c/8.3.1/../../../../pic32c/lib/thumb/v7e-m+fp/hard\libpic32c.a(data_init.o)
 .debug_ranges  0x00001200       0xd8 c:/program files/microchip/xc32/v3.01/bin/bin/../../lib/gcc/pic32c/8.3.1/thumb/v7e-m+fp/hard\libgcc.a(_udivmoddi4.o)
 .debug_ranges  0x000012d8       0x10 c:/program files/microchip/xc32/v3.01/bin/bin/../../lib/gcc/pic32c/8.3.1/../../../../pic32c/lib/thumb/v7e-m+fp/hard\libpic32c.a(_close.o)
 .debug_ranges  0x000012e8       0x10 c:/program files/microchip/xc32/v3.01/bin/bin/../../lib/gcc/pic32c/8.3.1/../../../../pic32c/lib/thumb/v7e-m+fp/hard\libpic32c.a(_fstat.o)
 .debug_ranges  0x000012f8       0x10 c:/program files/microchip/xc32/v3.01/bin/bin/../../lib/gcc/pic32c/8.3.1/../../../../pic32c/lib/thumb/v7e-m+fp/hard\libpic32c.a(_isatty.o)
 .debug_ranges  0x00001308       0x10 c:/program files/microchip/xc32/v3.01/bin/bin/../../lib/gcc/pic32c/8.3.1/../../../../pic32c/lib/thumb/v7e-m+fp/hard\libpic32c.a(_lseek.o)
 .debug_ranges  0x00001318       0x10 c:/program files/microchip/xc32/v3.01/bin/bin/../../lib/gcc/pic32c/8.3.1/../../../../pic32c/lib/thumb/v7e-m+fp/hard\libpic32c.a(_read.o)
 .debug_ranges  0x00001328       0x10 c:/program files/microchip/xc32/v3.01/bin/bin/../../lib/gcc/pic32c/8.3.1/../../../../pic32c/lib/thumb/v7e-m+fp/hard\libpic32c.a(sbrk.o)
 .debug_ranges  0x00001338       0x10 c:/program files/microchip/xc32/v3.01/bin/bin/../../lib/gcc/pic32c/8.3.1/../../../../pic32c/lib/thumb/v7e-m+fp/hard\libpic32c.a(_write.o)
 .debug_ranges  0x00001348       0x10 c:/program files/microchip/xc32/v3.01/bin/bin/../../lib/gcc/pic32c/8.3.1/../../../../pic32c/lib/thumb/v7e-m+fp/hard\libpic32c.a(close.o)
 .debug_ranges  0x00001358       0x10 c:/program files/microchip/xc32/v3.01/bin/bin/../../lib/gcc/pic32c/8.3.1/../../../../pic32c/lib/thumb/v7e-m+fp/hard\libpic32c.a(fstat.o)
 .debug_ranges  0x00001368       0x10 c:/program files/microchip/xc32/v3.01/bin/bin/../../lib/gcc/pic32c/8.3.1/../../../../pic32c/lib/thumb/v7e-m+fp/hard\libpic32c.a(isatty.o)
 .debug_ranges  0x00001378       0x10 c:/program files/microchip/xc32/v3.01/bin/bin/../../lib/gcc/pic32c/8.3.1/../../../../pic32c/lib/thumb/v7e-m+fp/hard\libpic32c.a(lseek.o)
 .debug_ranges  0x00001388       0x10 c:/program files/microchip/xc32/v3.01/bin/bin/../../lib/gcc/pic32c/8.3.1/../../../../pic32c/lib/thumb/v7e-m+fp/hard\libpic32c.a(read.o)
 .debug_ranges  0x00001398       0x10 c:/program files/microchip/xc32/v3.01/bin/bin/../../lib/gcc/pic32c/8.3.1/../../../../pic32c/lib/thumb/v7e-m+fp/hard\libpic32c.a(write.o)

.debug_line     0x00000000     0xf500
 .debug_line    0x00000000      0x356 build/LAN9255_SQI_INDIRECT_MODE/production/_ext/1984496892/plib_clock.o
 .debug_line    0x00000356      0x332 build/LAN9255_SQI_INDIRECT_MODE/production/_ext/60167341/plib_eic.o
 .debug_line    0x00000688      0x131 build/LAN9255_SQI_INDIRECT_MODE/production/_ext/1986646378/plib_evsys.o
 .debug_line    0x000007b9      0x4b8 build/LAN9255_SQI_INDIRECT_MODE/production/_ext/1865468468/plib_nvic.o
 .debug_line    0x00000c71      0x51e build/LAN9255_SQI_INDIRECT_MODE/production/_ext/1593096446/plib_nvmctrl.o
 .debug_line    0x0000118f      0x89e build/LAN9255_SQI_INDIRECT_MODE/production/_ext/1865488526/oledc_driver.o
 .debug_line    0x00001a2d      0x323 build/LAN9255_SQI_INDIRECT_MODE/production/_ext/1865521619/plib_port.o
 .debug_line    0x00001d50      0x5ad build/LAN9255_SQI_INDIRECT_MODE/production/_ext/1865555181/plib_qspi.o
 .debug_line    0x000022fd      0x75c build/LAN9255_SQI_INDIRECT_MODE/production/_ext/17022449/plib_sercom4_spi_master.o
 .debug_line    0x00002a59      0x862 build/LAN9255_SQI_INDIRECT_MODE/production/_ext/504274921/plib_sercom0_usart.o
 .debug_line    0x000032bb      0x2f7 build/LAN9255_SQI_INDIRECT_MODE/production/_ext/1827571544/plib_systick.o
 .debug_line    0x000035b2       0x76 build/LAN9255_SQI_INDIRECT_MODE/production/_ext/163028504/xc32_monitor.o
 .debug_line    0x00003628      0x263 build/LAN9255_SQI_INDIRECT_MODE/production/_ext/1171490990/exceptions.o
 .debug_line    0x0000388b      0x45a build/LAN9255_SQI_INDIRECT_MODE/production/_ext/1171490990/initialization.o
 .debug_line    0x00003ce5      0x226 build/LAN9255_SQI_INDIRECT_MODE/production/_ext/1171490990/interrupts.o
 .debug_line    0x00003f0b      0x359 build/LAN9255_SQI_INDIRECT_MODE/production/_ext/1171490990/startup_xc32.o
 .debug_line    0x00004264      0x1f6 build/LAN9255_SQI_INDIRECT_MODE/production/_ext/1171490990/tasks.o
 .debug_line    0x0000445a      0x8e4 build/LAN9255_SQI_INDIRECT_MODE/production/_ext/1671622016/Drivers.o
 .debug_line    0x00004d3e      0x45c build/LAN9255_SQI_INDIRECT_MODE/production/_ext/108147519/ESC_Utils.o
 .debug_line    0x0000519a      0x83e build/LAN9255_SQI_INDIRECT_MODE/production/_ext/108147519/LAN925x.o
 .debug_line    0x000059d8      0x197 build/LAN9255_SQI_INDIRECT_MODE/production/_ext/108134065/bootmode.o
 .debug_line    0x00005b6f      0x827 build/LAN9255_SQI_INDIRECT_MODE/production/_ext/108134065/coeappl.o
 .debug_line    0x00006396      0xb81 build/LAN9255_SQI_INDIRECT_MODE/production/_ext/108134065/ecatappl.o
 .debug_line    0x00006f17      0x213 build/LAN9255_SQI_INDIRECT_MODE/production/_ext/108134065/ecatcoe.o
 .debug_line    0x0000712a      0x67a build/LAN9255_SQI_INDIRECT_MODE/production/_ext/108134065/ecatfoe.o
 .debug_line    0x000077a4     0x1f38 build/LAN9255_SQI_INDIRECT_MODE/production/_ext/108134065/ecatslv.o
 .debug_line    0x000096dc      0x4f0 build/LAN9255_SQI_INDIRECT_MODE/production/_ext/108134065/emcy.o
 .debug_line    0x00009bcc      0x3a7 build/LAN9255_SQI_INDIRECT_MODE/production/_ext/108134065/foeappl.o
 .debug_line    0x00009f73      0xb70 build/LAN9255_SQI_INDIRECT_MODE/production/_ext/108134065/mailbox.o
 .debug_line    0x0000aae3     0x13e5 build/LAN9255_SQI_INDIRECT_MODE/production/_ext/108134065/objdef.o
 .debug_line    0x0000bec8      0xb87 build/LAN9255_SQI_INDIRECT_MODE/production/_ext/108134065/sample_app.o
 .debug_line    0x0000ca4f     0x10a4 build/LAN9255_SQI_INDIRECT_MODE/production/_ext/108134065/sdoserv.o
 .debug_line    0x0000daf3      0x1f2 build/LAN9255_SQI_INDIRECT_MODE/production/_ext/1360937237/main.o
 .debug_line    0x0000dce5      0x777 build/LAN9255_SQI_INDIRECT_MODE/production/_ext/1360937237/app.o
 .debug_line    0x0000e45c      0x110 c:/program files/microchip/xc32/v3.01/bin/bin/../../lib/gcc/pic32c/8.3.1/../../../../pic32c/lib/thumb/v7e-m+fp/hard\libpic32c.a(data_init.o)
 .debug_line    0x0000e56c       0x9c c:/program files/microchip/xc32/v3.01/bin/bin/../../lib/gcc/pic32c/8.3.1/thumb/v7e-m+fp/hard\libgcc.a(_aeabi_uldivmod.o)
 .debug_line    0x0000e608      0x57e c:/program files/microchip/xc32/v3.01/bin/bin/../../lib/gcc/pic32c/8.3.1/thumb/v7e-m+fp/hard\libgcc.a(_udivmoddi4.o)
 .debug_line    0x0000eb86       0x9c c:/program files/microchip/xc32/v3.01/bin/bin/../../lib/gcc/pic32c/8.3.1/thumb/v7e-m+fp/hard\libgcc.a(_dvmd_tls.o)
 .debug_line    0x0000ec22       0x9f c:/program files/microchip/xc32/v3.01/bin/bin/../../lib/gcc/pic32c/8.3.1/../../../../pic32c/lib/thumb/v7e-m+fp/hard\libpic32c.a(_close.o)
 .debug_line    0x0000ecc1       0x9f c:/program files/microchip/xc32/v3.01/bin/bin/../../lib/gcc/pic32c/8.3.1/../../../../pic32c/lib/thumb/v7e-m+fp/hard\libpic32c.a(_fstat.o)
 .debug_line    0x0000ed60       0xa0 c:/program files/microchip/xc32/v3.01/bin/bin/../../lib/gcc/pic32c/8.3.1/../../../../pic32c/lib/thumb/v7e-m+fp/hard\libpic32c.a(_isatty.o)
 .debug_line    0x0000ee00       0x9f c:/program files/microchip/xc32/v3.01/bin/bin/../../lib/gcc/pic32c/8.3.1/../../../../pic32c/lib/thumb/v7e-m+fp/hard\libpic32c.a(_lseek.o)
 .debug_line    0x0000ee9f       0x9e c:/program files/microchip/xc32/v3.01/bin/bin/../../lib/gcc/pic32c/8.3.1/../../../../pic32c/lib/thumb/v7e-m+fp/hard\libpic32c.a(_read.o)
 .debug_line    0x0000ef3d       0xb5 c:/program files/microchip/xc32/v3.01/bin/bin/../../lib/gcc/pic32c/8.3.1/../../../../pic32c/lib/thumb/v7e-m+fp/hard\libpic32c.a(sbrk.o)
 .debug_line    0x0000eff2       0x9f c:/program files/microchip/xc32/v3.01/bin/bin/../../lib/gcc/pic32c/8.3.1/../../../../pic32c/lib/thumb/v7e-m+fp/hard\libpic32c.a(_write.o)
 .debug_line    0x0000f091       0x9e c:/program files/microchip/xc32/v3.01/bin/bin/../../lib/gcc/pic32c/8.3.1/../../../../pic32c/lib/thumb/v7e-m+fp/hard\libpic32c.a(close.o)
 .debug_line    0x0000f12f      0x106 c:/program files/microchip/xc32/v3.01/bin/bin/../../lib/gcc/pic32c/8.3.1/../../../../pic32c/lib/thumb/v7e-m+fp/hard\libpic32c.a(fstat.o)
 .debug_line    0x0000f235       0x9d c:/program files/microchip/xc32/v3.01/bin/bin/../../lib/gcc/pic32c/8.3.1/../../../../pic32c/lib/thumb/v7e-m+fp/hard\libpic32c.a(isatty.o)
 .debug_line    0x0000f2d2       0x9e c:/program files/microchip/xc32/v3.01/bin/bin/../../lib/gcc/pic32c/8.3.1/../../../../pic32c/lib/thumb/v7e-m+fp/hard\libpic32c.a(lseek.o)
 .debug_line    0x0000f370       0xc0 c:/program files/microchip/xc32/v3.01/bin/bin/../../lib/gcc/pic32c/8.3.1/../../../../pic32c/lib/thumb/v7e-m+fp/hard\libpic32c.a(read.o)
 .debug_line    0x0000f430       0xd0 c:/program files/microchip/xc32/v3.01/bin/bin/../../lib/gcc/pic32c/8.3.1/../../../../pic32c/lib/thumb/v7e-m+fp/hard\libpic32c.a(write.o)

.debug_str      0x00000000     0x16a2
 .debug_str     0x00000000       0x1e build/LAN9255_SQI_INDIRECT_MODE/production/_ext/1984496892/plib_clock.o
 .debug_str     0x0000001e        0x9 build/LAN9255_SQI_INDIRECT_MODE/production/_ext/60167341/plib_eic.o
 .debug_str     0x00000027        0x0 build/LAN9255_SQI_INDIRECT_MODE/production/_ext/1986646378/plib_evsys.o
 .debug_str     0x00000027        0xa build/LAN9255_SQI_INDIRECT_MODE/production/_ext/1865468468/plib_nvic.o
 .debug_str     0x00000031       0x29 build/LAN9255_SQI_INDIRECT_MODE/production/_ext/1593096446/plib_nvmctrl.o
 .debug_str     0x0000005a       0x3a build/LAN9255_SQI_INDIRECT_MODE/production/_ext/1865488526/oledc_driver.o
 .debug_str     0x00000094        0xb build/LAN9255_SQI_INDIRECT_MODE/production/_ext/1865521619/plib_port.o
 .debug_str     0x0000009f       0x9a build/LAN9255_SQI_INDIRECT_MODE/production/_ext/1865555181/plib_qspi.o
 .debug_str     0x00000139      0x149 build/LAN9255_SQI_INDIRECT_MODE/production/_ext/17022449/plib_sercom4_spi_master.o
 .debug_str     0x00000282      0x12c build/LAN9255_SQI_INDIRECT_MODE/production/_ext/504274921/plib_sercom0_usart.o
 .debug_str     0x000003ae        0x9 build/LAN9255_SQI_INDIRECT_MODE/production/_ext/1827571544/plib_systick.o
 .debug_str     0x000003b7        0x0 build/LAN9255_SQI_INDIRECT_MODE/production/_ext/163028504/xc32_monitor.o
 .debug_str     0x000003b7        0xe build/LAN9255_SQI_INDIRECT_MODE/production/_ext/1171490990/exceptions.o
 .debug_str     0x000003c5       0xd9 build/LAN9255_SQI_INDIRECT_MODE/production/_ext/1171490990/initialization.o
 .debug_str     0x0000049e        0xe build/LAN9255_SQI_INDIRECT_MODE/production/_ext/1171490990/interrupts.o
 .debug_str     0x000004ac       0x79 build/LAN9255_SQI_INDIRECT_MODE/production/_ext/1171490990/startup_xc32.o
 .debug_str     0x00000525       0x18 build/LAN9255_SQI_INDIRECT_MODE/production/_ext/1171490990/tasks.o
 .debug_str     0x0000053d      0x16a build/LAN9255_SQI_INDIRECT_MODE/production/_ext/1671622016/Drivers.o
 .debug_str     0x000006a7       0x30 build/LAN9255_SQI_INDIRECT_MODE/production/_ext/108147519/ESC_Utils.o
 .debug_str     0x000006d7      0x122 build/LAN9255_SQI_INDIRECT_MODE/production/_ext/108147519/LAN925x.o
 .debug_str     0x000007f9        0xe build/LAN9255_SQI_INDIRECT_MODE/production/_ext/108134065/bootmode.o
 .debug_str     0x00000807       0x5f build/LAN9255_SQI_INDIRECT_MODE/production/_ext/108134065/coeappl.o
 .debug_str     0x00000866      0x1ac build/LAN9255_SQI_INDIRECT_MODE/production/_ext/108134065/ecatappl.o
 .debug_str     0x00000a12       0x64 build/LAN9255_SQI_INDIRECT_MODE/production/_ext/108134065/ecatcoe.o
 .debug_str     0x00000a76       0x7c build/LAN9255_SQI_INDIRECT_MODE/production/_ext/108134065/ecatfoe.o
 .debug_str     0x00000af2      0x263 build/LAN9255_SQI_INDIRECT_MODE/production/_ext/108134065/ecatslv.o
 .debug_str     0x00000d55       0x40 build/LAN9255_SQI_INDIRECT_MODE/production/_ext/108134065/emcy.o
 .debug_str     0x00000d95       0x31 build/LAN9255_SQI_INDIRECT_MODE/production/_ext/108134065/foeappl.o
 .debug_str     0x00000dc6      0x154 build/LAN9255_SQI_INDIRECT_MODE/production/_ext/108134065/mailbox.o
 .debug_str     0x00000f1a       0xbd build/LAN9255_SQI_INDIRECT_MODE/production/_ext/108134065/objdef.o
 .debug_str     0x00000fd7      0x179 build/LAN9255_SQI_INDIRECT_MODE/production/_ext/108134065/sample_app.o
 .debug_str     0x00001150      0x147 build/LAN9255_SQI_INDIRECT_MODE/production/_ext/108134065/sdoserv.o
 .debug_str     0x00001297       0x27 build/LAN9255_SQI_INDIRECT_MODE/production/_ext/1360937237/main.o
 .debug_str     0x000012be      0x204 build/LAN9255_SQI_INDIRECT_MODE/production/_ext/1360937237/app.o
 .debug_str     0x000014c2        0x0 c:/program files/microchip/xc32/v3.01/bin/bin/../../lib/gcc/pic32c/8.3.1/../../../../pic32c/lib/thumb/v7e-m+fp/hard\libpic32c.a(data_init.o)
 .debug_str     0x000014c2       0xee c:/program files/microchip/xc32/v3.01/bin/bin/../../lib/gcc/pic32c/8.3.1/thumb/v7e-m+fp/hard\libgcc.a(_aeabi_uldivmod.o)
 .debug_str     0x000015b0        0x0 c:/program files/microchip/xc32/v3.01/bin/bin/../../lib/gcc/pic32c/8.3.1/thumb/v7e-m+fp/hard\libgcc.a(_udivmoddi4.o)
 .debug_str     0x000015b0       0xf2 c:/program files/microchip/xc32/v3.01/bin/bin/../../lib/gcc/pic32c/8.3.1/thumb/v7e-m+fp/hard\libgcc.a(_dvmd_tls.o)
 .debug_str     0x000016a2        0x0 c:/program files/microchip/xc32/v3.01/bin/bin/../../lib/gcc/pic32c/8.3.1/../../../../pic32c/lib/thumb/v7e-m+fp/hard\libpic32c.a(_close.o)
 .debug_str     0x000016a2        0x0 c:/program files/microchip/xc32/v3.01/bin/bin/../../lib/gcc/pic32c/8.3.1/../../../../pic32c/lib/thumb/v7e-m+fp/hard\libpic32c.a(_fstat.o)
 .debug_str     0x000016a2        0x0 c:/program files/microchip/xc32/v3.01/bin/bin/../../lib/gcc/pic32c/8.3.1/../../../../pic32c/lib/thumb/v7e-m+fp/hard\libpic32c.a(_isatty.o)
 .debug_str     0x000016a2        0x0 c:/program files/microchip/xc32/v3.01/bin/bin/../../lib/gcc/pic32c/8.3.1/../../../../pic32c/lib/thumb/v7e-m+fp/hard\libpic32c.a(_lseek.o)
 .debug_str     0x000016a2        0x0 c:/program files/microchip/xc32/v3.01/bin/bin/../../lib/gcc/pic32c/8.3.1/../../../../pic32c/lib/thumb/v7e-m+fp/hard\libpic32c.a(_read.o)
 .debug_str     0x000016a2        0x0 c:/program files/microchip/xc32/v3.01/bin/bin/../../lib/gcc/pic32c/8.3.1/../../../../pic32c/lib/thumb/v7e-m+fp/hard\libpic32c.a(sbrk.o)
 .debug_str     0x000016a2        0x0 c:/program files/microchip/xc32/v3.01/bin/bin/../../lib/gcc/pic32c/8.3.1/../../../../pic32c/lib/thumb/v7e-m+fp/hard\libpic32c.a(_write.o)
 .debug_str     0x000016a2        0x0 c:/program files/microchip/xc32/v3.01/bin/bin/../../lib/gcc/pic32c/8.3.1/../../../../pic32c/lib/thumb/v7e-m+fp/hard\libpic32c.a(close.o)
 .debug_str     0x000016a2        0x0 c:/program files/microchip/xc32/v3.01/bin/bin/../../lib/gcc/pic32c/8.3.1/../../../../pic32c/lib/thumb/v7e-m+fp/hard\libpic32c.a(fstat.o)
 .debug_str     0x000016a2        0x0 c:/program files/microchip/xc32/v3.01/bin/bin/../../lib/gcc/pic32c/8.3.1/../../../../pic32c/lib/thumb/v7e-m+fp/hard\libpic32c.a(isatty.o)
 .debug_str     0x000016a2        0x0 c:/program files/microchip/xc32/v3.01/bin/bin/../../lib/gcc/pic32c/8.3.1/../../../../pic32c/lib/thumb/v7e-m+fp/hard\libpic32c.a(lseek.o)
 .debug_str     0x000016a2        0x0 c:/program files/microchip/xc32/v3.01/bin/bin/../../lib/gcc/pic32c/8.3.1/../../../../pic32c/lib/thumb/v7e-m+fp/hard\libpic32c.a(read.o)
 .debug_str     0x000016a2        0x0 c:/program files/microchip/xc32/v3.01/bin/bin/../../lib/gcc/pic32c/8.3.1/../../../../pic32c/lib/thumb/v7e-m+fp/hard\libpic32c.a(write.o)

.debug_frame    0x00000000     0x1fd0
 .debug_frame   0x00000000       0x20 build/LAN9255_SQI_INDIRECT_MODE/production/_ext/1984496892/plib_clock.o
 .debug_frame   0x00000020       0xa8 build/LAN9255_SQI_INDIRECT_MODE/production/_ext/60167341/plib_eic.o
 .debug_frame   0x000000c8       0x20 build/LAN9255_SQI_INDIRECT_MODE/production/_ext/1986646378/plib_evsys.o
 .debug_frame   0x000000e8       0x20 build/LAN9255_SQI_INDIRECT_MODE/production/_ext/1865468468/plib_nvic.o
 .debug_frame   0x00000108      0x170 build/LAN9255_SQI_INDIRECT_MODE/production/_ext/1593096446/plib_nvmctrl.o
 .debug_frame   0x00000278      0x19c build/LAN9255_SQI_INDIRECT_MODE/production/_ext/1865488526/oledc_driver.o
 .debug_frame   0x00000414       0xa0 build/LAN9255_SQI_INDIRECT_MODE/production/_ext/1865521619/plib_port.o
 .debug_frame   0x000004b4       0xd0 build/LAN9255_SQI_INDIRECT_MODE/production/_ext/1865555181/plib_qspi.o
 .debug_frame   0x00000584       0xcc build/LAN9255_SQI_INDIRECT_MODE/production/_ext/17022449/plib_sercom4_spi_master.o
 .debug_frame   0x00000650      0x188 build/LAN9255_SQI_INDIRECT_MODE/production/_ext/504274921/plib_sercom0_usart.o
 .debug_frame   0x000007d8       0xd4 build/LAN9255_SQI_INDIRECT_MODE/production/_ext/1827571544/plib_systick.o
 .debug_frame   0x000008ac       0x30 build/LAN9255_SQI_INDIRECT_MODE/production/_ext/163028504/xc32_monitor.o
 .debug_frame   0x000008dc       0x70 build/LAN9255_SQI_INDIRECT_MODE/production/_ext/1171490990/exceptions.o
 .debug_frame   0x0000094c       0x28 build/LAN9255_SQI_INDIRECT_MODE/production/_ext/1171490990/initialization.o
 .debug_frame   0x00000974       0x20 build/LAN9255_SQI_INDIRECT_MODE/production/_ext/1171490990/interrupts.o
 .debug_frame   0x00000994       0x28 build/LAN9255_SQI_INDIRECT_MODE/production/_ext/1171490990/startup_xc32.o
 .debug_frame   0x000009bc       0x28 build/LAN9255_SQI_INDIRECT_MODE/production/_ext/1171490990/tasks.o
 .debug_frame   0x000009e4      0x220 build/LAN9255_SQI_INDIRECT_MODE/production/_ext/1671622016/Drivers.o
 .debug_frame   0x00000c04       0x84 build/LAN9255_SQI_INDIRECT_MODE/production/_ext/108147519/ESC_Utils.o
 .debug_frame   0x00000c88      0x1d4 build/LAN9255_SQI_INDIRECT_MODE/production/_ext/108147519/LAN925x.o
 .debug_frame   0x00000e5c       0x50 build/LAN9255_SQI_INDIRECT_MODE/production/_ext/108134065/bootmode.o
 .debug_frame   0x00000eac      0x134 build/LAN9255_SQI_INDIRECT_MODE/production/_ext/108134065/coeappl.o
 .debug_frame   0x00000fe0      0x160 build/LAN9255_SQI_INDIRECT_MODE/production/_ext/108134065/ecatappl.o
 .debug_frame   0x00001140       0x54 build/LAN9255_SQI_INDIRECT_MODE/production/_ext/108134065/ecatcoe.o
 .debug_frame   0x00001194       0x54 build/LAN9255_SQI_INDIRECT_MODE/production/_ext/108134065/ecatfoe.o
 .debug_frame   0x000011e8      0x27c build/LAN9255_SQI_INDIRECT_MODE/production/_ext/108134065/ecatslv.o
 .debug_frame   0x00001464       0xc4 build/LAN9255_SQI_INDIRECT_MODE/production/_ext/108134065/emcy.o
 .debug_frame   0x00001528       0xb0 build/LAN9255_SQI_INDIRECT_MODE/production/_ext/108134065/foeappl.o
 .debug_frame   0x000015d8      0x180 build/LAN9255_SQI_INDIRECT_MODE/production/_ext/108134065/mailbox.o
 .debug_frame   0x00001758      0x18c build/LAN9255_SQI_INDIRECT_MODE/production/_ext/108134065/objdef.o
 .debug_frame   0x000018e4      0x280 build/LAN9255_SQI_INDIRECT_MODE/production/_ext/108134065/sample_app.o
 .debug_frame   0x00001b64       0xd4 build/LAN9255_SQI_INDIRECT_MODE/production/_ext/108134065/sdoserv.o
 .debug_frame   0x00001c38       0x28 build/LAN9255_SQI_INDIRECT_MODE/production/_ext/1360937237/main.o
 .debug_frame   0x00001c60      0x120 build/LAN9255_SQI_INDIRECT_MODE/production/_ext/1360937237/app.o
 .debug_frame   0x00001d80       0x38 c:/program files/microchip/xc32/v3.01/bin/bin/../../lib/gcc/pic32c/8.3.1/../../../../pic32c/lib/thumb/v7e-m+fp/hard\libpic32c.a(data_init.o)
 .debug_frame   0x00001db8       0x2c c:/program files/microchip/xc32/v3.01/bin/bin/../../lib/gcc/pic32c/8.3.1/thumb/v7e-m+fp/hard\libgcc.a(_aeabi_uldivmod.o)
 .debug_frame   0x00001de4       0x34 c:/program files/microchip/xc32/v3.01/bin/bin/../../lib/gcc/pic32c/8.3.1/thumb/v7e-m+fp/hard\libgcc.a(_udivmoddi4.o)
 .debug_frame   0x00001e18       0x20 c:/program files/microchip/xc32/v3.01/bin/bin/../../lib/gcc/pic32c/8.3.1/../../../../pic32c/lib/thumb/v7e-m+fp/hard\libpic32c.a(_close.o)
 .debug_frame   0x00001e38       0x20 c:/program files/microchip/xc32/v3.01/bin/bin/../../lib/gcc/pic32c/8.3.1/../../../../pic32c/lib/thumb/v7e-m+fp/hard\libpic32c.a(_fstat.o)
 .debug_frame   0x00001e58       0x20 c:/program files/microchip/xc32/v3.01/bin/bin/../../lib/gcc/pic32c/8.3.1/../../../../pic32c/lib/thumb/v7e-m+fp/hard\libpic32c.a(_isatty.o)
 .debug_frame   0x00001e78       0x20 c:/program files/microchip/xc32/v3.01/bin/bin/../../lib/gcc/pic32c/8.3.1/../../../../pic32c/lib/thumb/v7e-m+fp/hard\libpic32c.a(_lseek.o)
 .debug_frame   0x00001e98       0x20 c:/program files/microchip/xc32/v3.01/bin/bin/../../lib/gcc/pic32c/8.3.1/../../../../pic32c/lib/thumb/v7e-m+fp/hard\libpic32c.a(_read.o)
 .debug_frame   0x00001eb8       0x20 c:/program files/microchip/xc32/v3.01/bin/bin/../../lib/gcc/pic32c/8.3.1/../../../../pic32c/lib/thumb/v7e-m+fp/hard\libpic32c.a(sbrk.o)
 .debug_frame   0x00001ed8       0x20 c:/program files/microchip/xc32/v3.01/bin/bin/../../lib/gcc/pic32c/8.3.1/../../../../pic32c/lib/thumb/v7e-m+fp/hard\libpic32c.a(_write.o)
 .debug_frame   0x00001ef8       0x20 c:/program files/microchip/xc32/v3.01/bin/bin/../../lib/gcc/pic32c/8.3.1/../../../../pic32c/lib/thumb/v7e-m+fp/hard\libpic32c.a(close.o)
 .debug_frame   0x00001f18       0x20 c:/program files/microchip/xc32/v3.01/bin/bin/../../lib/gcc/pic32c/8.3.1/../../../../pic32c/lib/thumb/v7e-m+fp/hard\libpic32c.a(fstat.o)
 .debug_frame   0x00001f38       0x20 c:/program files/microchip/xc32/v3.01/bin/bin/../../lib/gcc/pic32c/8.3.1/../../../../pic32c/lib/thumb/v7e-m+fp/hard\libpic32c.a(isatty.o)
 .debug_frame   0x00001f58       0x20 c:/program files/microchip/xc32/v3.01/bin/bin/../../lib/gcc/pic32c/8.3.1/../../../../pic32c/lib/thumb/v7e-m+fp/hard\libpic32c.a(lseek.o)
 .debug_frame   0x00001f78       0x2c c:/program files/microchip/xc32/v3.01/bin/bin/../../lib/gcc/pic32c/8.3.1/../../../../pic32c/lib/thumb/v7e-m+fp/hard\libpic32c.a(read.o)
 .debug_frame   0x00001fa4       0x2c c:/program files/microchip/xc32/v3.01/bin/bin/../../lib/gcc/pic32c/8.3.1/../../../../pic32c/lib/thumb/v7e-m+fp/hard\libpic32c.a(write.o)

.debug_loc      0x00000000     0xe970
 .debug_loc     0x00000000       0xe2 build/LAN9255_SQI_INDIRECT_MODE/production/_ext/60167341/plib_eic.o
 .debug_loc     0x000000e2      0x39c build/LAN9255_SQI_INDIRECT_MODE/production/_ext/1865468468/plib_nvic.o
 .debug_loc     0x0000047e      0x4bf build/LAN9255_SQI_INDIRECT_MODE/production/_ext/1593096446/plib_nvmctrl.o
 .debug_loc     0x0000093d     0x1347 build/LAN9255_SQI_INDIRECT_MODE/production/_ext/1865488526/oledc_driver.o
 .debug_loc     0x00001c84       0x6f build/LAN9255_SQI_INDIRECT_MODE/production/_ext/1865521619/plib_port.o
 .debug_loc     0x00001cf3      0xa89 build/LAN9255_SQI_INDIRECT_MODE/production/_ext/1865555181/plib_qspi.o
 .debug_loc     0x0000277c      0x602 build/LAN9255_SQI_INDIRECT_MODE/production/_ext/17022449/plib_sercom4_spi_master.o