Archive member included to satisfy reference by file (symbol)

c:/program files/microchip/xc32/v2.40/bin/bin/../../lib/gcc/pic32c/6.2.1/../../../../pic32c/lib/v7e-m/fpv4-sp/hard\libpic32c.a(data_init.o)
                              build/LAN9255_SQI_INDIRECT_MODE/production/_ext/1171490990/startup_xc32.o (__pic32c_data_initialization)
c:/program files/microchip/xc32/v2.40/bin/bin/../../lib/gcc/pic32c/6.2.1/../../../../pic32c/lib/v7e-m/fpv4-sp/hard\libc_nano.a(lib_a-init.o)
                              build/LAN9255_SQI_INDIRECT_MODE/production/_ext/1171490990/startup_xc32.o (__libc_init_array)
c:/program files/microchip/xc32/v2.40/bin/bin/../../lib/gcc/pic32c/6.2.1/../../../../pic32c/lib/v7e-m/fpv4-sp/hard\libc_nano.a(lib_a-malloc.o)
                              build/LAN9255_SQI_INDIRECT_MODE/production/_ext/1671622016/Drivers.o (malloc)
c:/program files/microchip/xc32/v2.40/bin/bin/../../lib/gcc/pic32c/6.2.1/../../../../pic32c/lib/v7e-m/fpv4-sp/hard\libc_nano.a(lib_a-memcpy-stub.o)
                              build/LAN9255_SQI_INDIRECT_MODE/production/_ext/1593096446/plib_nvmctrl.o (memcpy)
c:/program files/microchip/xc32/v2.40/bin/bin/../../lib/gcc/pic32c/6.2.1/../../../../pic32c/lib/v7e-m/fpv4-sp/hard\libc_nano.a(lib_a-memset.o)
                              build/LAN9255_SQI_INDIRECT_MODE/production/_ext/1671622016/Drivers.o (memset)
c:/program files/microchip/xc32/v2.40/bin/bin/../../lib/gcc/pic32c/6.2.1/../../../../pic32c/lib/v7e-m/fpv4-sp/hard\libc_nano.a(lib_a-nano-freer.o)
                              c:/program files/microchip/xc32/v2.40/bin/bin/../../lib/gcc/pic32c/6.2.1/../../../../pic32c/lib/v7e-m/fpv4-sp/hard\libc_nano.a(lib_a-malloc.o) (_free_r)
c:/program files/microchip/xc32/v2.40/bin/bin/../../lib/gcc/pic32c/6.2.1/../../../../pic32c/lib/v7e-m/fpv4-sp/hard\libc_nano.a(lib_a-nano-mallocr.o)
                              c:/program files/microchip/xc32/v2.40/bin/bin/../../lib/gcc/pic32c/6.2.1/../../../../pic32c/lib/v7e-m/fpv4-sp/hard\libc_nano.a(lib_a-malloc.o) (_malloc_r)
c:/program files/microchip/xc32/v2.40/bin/bin/../../lib/gcc/pic32c/6.2.1/../../../../pic32c/lib/v7e-m/fpv4-sp/hard\libc_nano.a(lib_a-sbrkr.o)
                              c:/program files/microchip/xc32/v2.40/bin/bin/../../lib/gcc/pic32c/6.2.1/../../../../pic32c/lib/v7e-m/fpv4-sp/hard\libc_nano.a(lib_a-nano-mallocr.o) (_sbrk_r)
c:/program files/microchip/xc32/v2.40/bin/bin/../../lib/gcc/pic32c/6.2.1/../../../../pic32c/lib/v7e-m/fpv4-sp/hard\libc_nano.a(lib_a-strlen.o)
                              build/LAN9255_SQI_INDIRECT_MODE/production/_ext/108134065/objdef.o (strlen)
c:/program files/microchip/xc32/v2.40/bin/bin/../../lib/gcc/pic32c/6.2.1/../../../../pic32c/lib/v7e-m/fpv4-sp/hard\libc_nano.a(lib_a-impure.o)
                              c:/program files/microchip/xc32/v2.40/bin/bin/../../lib/gcc/pic32c/6.2.1/../../../../pic32c/lib/v7e-m/fpv4-sp/hard\libc_nano.a(lib_a-malloc.o) (_impure_ptr)
c:/program files/microchip/xc32/v2.40/bin/bin/../../lib/gcc/pic32c/6.2.1/../../../../pic32c/lib/v7e-m/fpv4-sp/hard\libc_nano.a(lib_a-mlock.o)
                              c:/program files/microchip/xc32/v2.40/bin/bin/../../lib/gcc/pic32c/6.2.1/../../../../pic32c/lib/v7e-m/fpv4-sp/hard\libc_nano.a(lib_a-nano-freer.o) (__malloc_lock)
c:/program files/microchip/xc32/v2.40/bin/bin/../../lib/gcc/pic32c/6.2.1/../../../../pic32c/lib/v7e-m/fpv4-sp/hard\libc_nano.a(lib_a-reent.o)
                              c:/program files/microchip/xc32/v2.40/bin/bin/../../lib/gcc/pic32c/6.2.1/../../../../pic32c/lib/v7e-m/fpv4-sp/hard\libc_nano.a(lib_a-sbrkr.o) (errno)
c:/program files/microchip/xc32/v2.40/bin/bin/../../lib/gcc/pic32c/6.2.1/../../../../pic32c/lib/v7e-m/fpv4-sp/hard\libpic32c.a(sbrk.o)
                              c:/program files/microchip/xc32/v2.40/bin/bin/../../lib/gcc/pic32c/6.2.1/../../../../pic32c/lib/v7e-m/fpv4-sp/hard\libc_nano.a(lib_a-sbrkr.o) (_sbrk)

Allocating common symbols
Common symbol       size              file

b3BufferMode        0x1               build/LAN9255_SQI_INDIRECT_MODE/production/_ext/108134065/ecatslv.o
nEcatStateTrans     0x2               build/LAN9255_SQI_INDIRECT_MODE/production/_ext/108134065/ecatslv.o
EcatWdCounter       0x2               build/LAN9255_SQI_INDIRECT_MODE/production/_ext/108134065/ecatslv.o
sSendEmcyQueue      0x10              build/LAN9255_SQI_INDIRECT_MODE/production/_ext/108134065/emcy.o
bApplEsmPending     0x1               build/LAN9255_SQI_INDIRECT_MODE/production/_ext/108134065/ecatslv.o
pCoeSendStored      0x4               build/LAN9255_SQI_INDIRECT_MODE/production/_ext/108134065/ecatcoe.o
pAPPL_EEPROM_Store  0x4               build/LAN9255_SQI_INDIRECT_MODE/production/_ext/108134065/ecatappl.o
nSdoInfoIndex       0x2               build/LAN9255_SQI_INDIRECT_MODE/production/_ext/108134065/sdoserv.o
pStoreData          0x4               build/LAN9255_SQI_INDIRECT_MODE/production/_ext/108134065/sdoserv.o
[...]
Memory Configuration

Name             Origin             Length             Attributes
rom              0x00000000         0x000fe000         xrl
ram              0x20000000         0x00040000         xw !r
config_eeprom_mem 0x0003e000         0x00002000         xrl
config_00804000  0x00804000         0x00000004
config_00804004  0x00804004         0x00000004
config_00804008  0x00804008         0x00000004
*default*        0x00000000         0xffffffff

Linker script and memory map

LOAD c:/program files/microchip/xc32/v2.40/bin/bin/../../lib/gcc/pic32c/6.2.1/v7e-m/fpv4-sp/hard/crti.o
LOAD c:/program files/microchip/xc32/v2.40/bin/bin/../../lib/gcc/pic32c/6.2.1/v7e-m/fpv4-sp/hard/crtbegin.o
LOAD build/LAN9255_SQI_INDIRECT_MODE/production/_ext/1984496892/plib_clock.o
LOAD build/LAN9255_SQI_INDIRECT_MODE/production/_ext/1865131932/plib_cmcc.o
LOAD build/LAN9255_SQI_INDIRECT_MODE/production/_ext/60167341/plib_eic.o
LOAD build/LAN9255_SQI_INDIRECT_MODE/production/_ext/1986646378/plib_evsys.o
LOAD build/LAN9255_SQI_INDIRECT_MODE/production/_ext/1865468468/plib_nvic.o
LOAD build/LAN9255_SQI_INDIRECT_MODE/production/_ext/1593096446/plib_nvmctrl.o
LOAD build/LAN9255_SQI_INDIRECT_MODE/production/_ext/1865521619/plib_port.o
LOAD build/LAN9255_SQI_INDIRECT_MODE/production/_ext/1865555181/plib_qspi.o
LOAD build/LAN9255_SQI_INDIRECT_MODE/production/_ext/1865555181/plib_qspi_spi.o
LOAD build/LAN9255_SQI_INDIRECT_MODE/production/_ext/1827571544/plib_systick.o
LOAD build/LAN9255_SQI_INDIRECT_MODE/production/_ext/163028504/xc32_monitor.o
LOAD build/LAN9255_SQI_INDIRECT_MODE/production/_ext/1881668453/sys_int.o
LOAD build/LAN9255_SQI_INDIRECT_MODE/production/_ext/1171490990/exceptions.o
LOAD build/LAN9255_SQI_INDIRECT_MODE/production/_ext/1171490990/initialization.o
LOAD build/LAN9255_SQI_INDIRECT_MODE/production/_ext/1171490990/interrupts.o
LOAD build/LAN9255_SQI_INDIRECT_MODE/production/_ext/1171490990/libc_syscalls.o
LOAD build/LAN9255_SQI_INDIRECT_MODE/production/_ext/1171490990/startup_xc32.o
LOAD build/LAN9255_SQI_INDIRECT_MODE/production/_ext/1171490990/tasks.o
LOAD build/LAN9255_SQI_INDIRECT_MODE/production/_ext/1671622016/Drivers.o
LOAD build/LAN9255_SQI_INDIRECT_MODE/production/_ext/108147519/ESC_Utils.o
LOAD build/LAN9255_SQI_INDIRECT_MODE/production/_ext/108147519/LAN925x.o
LOAD build/LAN9255_SQI_INDIRECT_MODE/production/_ext/108134065/bootmode.o
LOAD build/LAN9255_SQI_INDIRECT_MODE/production/_ext/108134065/coeappl.o
LOAD build/LAN9255_SQI_INDIRECT_MODE/production/_ext/108134065/ecatappl.o
LOAD build/LAN9255_SQI_INDIRECT_MODE/production/_ext/108134065/ecatcoe.o
LOAD build/LAN9255_SQI_INDIRECT_MODE/production/_ext/108134065/ecatfoe.o
LOAD build/LAN9255_SQI_INDIRECT_MODE/production/_ext/108134065/ecatslv.o
LOAD build/LAN9255_SQI_INDIRECT_MODE/production/_ext/108134065/emcy.o
LOAD build/LAN9255_SQI_INDIRECT_MODE/production/_ext/108134065/foeappl.o
LOAD build/LAN9255_SQI_INDIRECT_MODE/production/_ext/108134065/mailbox.o
LOAD build/LAN9255_SQI_INDIRECT_MODE/production/_ext/108134065/objdef.o
LOAD build/LAN9255_SQI_INDIRECT_MODE/production/_ext/108134065/sample_app.o
LOAD build/LAN9255_SQI_INDIRECT_MODE/production/_ext/108134065/sdoserv.o
LOAD build/LAN9255_SQI_INDIRECT_MODE/production/_ext/1360937237/main.o
LOAD build/LAN9255_SQI_INDIRECT_MODE/production/_ext/1360937237/app.o
LOAD build/LAN9255_SQI_INDIRECT_MODE/production/_ext/1360937237/Developer_Test.o
                0x00000001                __MPLAB_BUILD = 0x1
                0x000fe000                __rom_end = (ORIGIN (rom) + LENGTH (rom))
                0x20040000                __ram_end = (ORIGIN (ram) + LENGTH (ram))

.config_00804000
 *(.config_00804000)

.config_eeprom  0x0003e000      0x800
 *(.config_eeprom)
 .config_eeprom
                0x0003e000      0x800 build/LAN9255_SQI_INDIRECT_MODE/production/_ext/1360937237/app.o
                0x0003e000                aEepromData

.config_00804004
 *(.config_00804004)

.config_00804008
 *(.config_00804008)

.vectors        0x00000000      0x260
                0x00000000                . = ALIGN (0x4)
                0x00000000                _sfixed = .
 *(.vectors .vectors.* .vectors_default .vectors_default.*)
 .vectors       0x00000000      0x260 build/LAN9255_SQI_INDIRECT_MODE/production/_ext/1171490990/interrupts.o
                0x00000000                exception_table
 *(.isr_vector)
 *(.reset*)
 *(.after_vectors)

.text           0x00000260       0x20
                0x00000260                . = ALIGN (0x4)
 *(.glue_7t)
 .glue_7t       0x00000260        0x0 linker stubs
 *(.glue_7)
 .glue_7        0x00000260        0x0 linker stubs
 *(.gnu.linkonce.r.*)
 *(.ARM.extab* .gnu.linkonce.armextab.*)
                0x00000260                . = ALIGN (0x4)
 *(.init)
 .init          0x00000260        0x4 c:/program files/microchip/xc32/v2.40/bin/bin/../../lib/gcc/pic32c/6.2.1/v7e-m/fpv4-sp/hard/crti.o
                0x00000260                _init
 .init          0x00000264        0x8 c:/program files/microchip/xc32/v2.40/bin/bin/../../lib/gcc/pic32c/6.2.1/v7e-m/fpv4-sp/hard/crtn.o
                0x0000026c                . = ALIGN (0x4)
                0x0000026c                __preinit_array_start = .
 *(.preinit_array)
                0x0000026c                __preinit_array_end = .
                0x0000026c                . = ALIGN (0x4)
                0x0000026c                __init_array_start = .
 *(SORT(.init_array.*))
 *(.init_array)
 .init_array    0x0000026c        0x4 c:/program files/microchip/xc32/v2.40/bin/bin/../../lib/gcc/pic32c/6.2.1/v7e-m/fpv4-sp/hard/crtbegin.o
                0x00000270                __init_array_end = .
                0x00000270                . = ALIGN (0x4)
 *crtbegin.o(.ctors)
 *(EXCLUDE_FILE(*crtend.o) .ctors)
 *(SORT(.ctors.*))
 *crtend.o(.ctors)
                0x00000270                . = ALIGN (0x4)
 *(.fini)
 .fini          0x00000270        0x4 c:/program files/microchip/xc32/v2.40/bin/bin/../../lib/gcc/pic32c/6.2.1/v7e-m/fpv4-sp/hard/crti.o
                0x00000270                _fini
 .fini          0x00000274        0x8 c:/program files/microchip/xc32/v2.40/bin/bin/../../lib/gcc/pic32c/6.2.1/v7e-m/fpv4-sp/hard/crtn.o
                0x0000027c                . = ALIGN (0x4)
                0x0000027c                __fini_array_start = .
 *(.fini_array)
 .fini_array    0x0000027c        0x4 c:/program files/microchip/xc32/v2.40/bin/bin/../../lib/gcc/pic32c/6.2.1/v7e-m/fpv4-sp/hard/crtbegin.o
 *(SORT(.fini_array.*))
                0x00000280                __fini_array_end = .
 *crtbegin.o(.dtors)
 *(EXCLUDE_FILE(*crtend.o) .dtors)
 *(SORT(.dtors.*))
 *crtend.o(.dtors)
                0x00000280                . = ALIGN (0x4)
                0x00000280                _efixed = .
                [!provide]                PROVIDE (__exidx_start, .)

.ARM.exidx
 *(.ARM.exidx* .gnu.linkonce.armexidx.*)
                [!provide]                PROVIDE (__exidx_end, .)
                0x00000280                . = ALIGN (0x4)
                0x00000280                _etext = .

.bss            0x20000000     0x23e4
                0x20000000                . = ALIGN (0x4)
                0x20000000                __bss_start__ = .
                0x20000000                _sbss = .
                0x20000000                _szero = .
 *(COMMON)
 COMMON         0x20000000       0xc0 build/LAN9255_SQI_INDIRECT_MODE/production/_ext/60167341/plib_eic.o
                0x20000000                eicCallbackObject
 COMMON         0x200000c0        0xc build/LAN9255_SQI_INDIRECT_MODE/production/_ext/1827571544/plib_systick.o
                0x200000c0                systick
 COMMON         0x200000cc        0x2 build/LAN9255_SQI_INDIRECT_MODE/production/_ext/108147519/LAN925x.o
                0x200000cc                gEscALEvent
 *fill*         0x200000ce        0x2 
 COMMON         0x200000d0        0x8 build/LAN9255_SQI_INDIRECT_MODE/production/_ext/108134065/coeappl.o
                0x200000d0                u32LastDc32Value
                0x200000d4                u32CheckForDcOverrunCnt
 COMMON         0x200000d8       0xe0 build/LAN9255_SQI_INDIRECT_MODE/production/_ext/108134065/ecatappl.o
                0x200000d8                pAPPL_EEPROM_Store
                0x200000dc                bMinCycleTimeMeasurementStarted
                0x200000e0                u32CycleTimeStartValue
                0x200000e4                pAPPL_EEPROM_Read
                0x200000e8                pAPPL_EEPROM_Write
                0x200000ec                bRunApplication
                0x200000f0                u32SystemTimeReadFailure
                0x200000f4                bEcatWaitForInputUpdate
                0x200000f8                u32MinCycleTimeValue
                0x200000fc                aPdOutputData
                0x20000140                pAPPL_FoeError
                0x20000144                u16EepromStoreTimeoutCounter
                0x20000146                EepromReadSize
                0x20000148                pAPPL_FoeReadData
                0x2000014c                pAPPL_MainLoop
                0x20000150                bEtherCATErrorLed
                0x20000154                u32MinCycleTimeStartValue
                0x20000158                aPdInputData
                0x2000019c                pEEPROM
                0x200001a0                bEtherCATRunLed
                0x200001a4                pAPPL_FoeWriteData
                0x200001a8                pAPPL_EEPROM_Reload
                0x200001ac                pAPPL_FoeRead
                0x200001b0                u16EepromStoreTimeoutValue
                0x200001b4                pAPPL_FoeWrite
 COMMON         0x200001b8        0x4 build/LAN9255_SQI_INDIRECT_MODE/production/_ext/108134065/ecatcoe.o
                0x200001b8                pCoeSendStored
 COMMON         0x200001bc       0x16 build/LAN9255_SQI_INDIRECT_MODE/production/_ext/108134065/ecatfoe.o
                0x200001bc                u32FileOffset
                0x200001c0                u16FileAccessState
                0x200001c4                u32PacketNo
                0x200001c8                pFoeSendStored
                0x200001cc                u32LastFileOffset
                0x200001d0                u16FoeMaxSendBlockSize
 *fill*         0x200001d2        0x2 
 COMMON         0x200001d4       0x52 build/LAN9255_SQI_INDIRECT_MODE/production/_ext/108134065/ecatslv.o
                0x200001d4                b3BufferMode
                0x200001d6                nEcatStateTrans
                0x200001d8                EcatWdCounter
                0x200001da                bApplEsmPending
                0x200001db                nAlStatus
                0x200001dc                nPdOutputSize
                0x200001de                u16LocalErrorCode
                0x200001e0                Sync0WdCounter
                0x200001e2                bLocalErrorFlag
                0x200001e4                LatchInputSync0Counter
                0x200001e6                i16WaitForPllRunningCnt
                0x200001e8                nEscAddrOutputData
                0x200001ea                Sync0WdValue
                0x200001ec                u8EcatRunLed
                0x200001ee                i16WaitForPllRunningTimeout
                0x200001f0                Sync1WdValue
                0x200001f2                u16ALEventMask
                0x200001f4                bDcRunning
                0x200001f8                u32dummy
                0x200001fc                SyncManInfo
                0x20000204                b32BitDc
                0x20000206                LatchInputSync0Value
                0x20000208                bEcatWaitForAlControlRes
                0x2000020a                nPdInputSize
                0x2000020c                u16SmSync0Value
                0x2000020e                nMaxEscAddress
                0x20000210                bEcatFirstOutputsReceived
                0x20000211                bSmSyncSequenceValid
                0x20000212                EsmTimeoutCounter
                0x20000214                bBootMode
                0x20000215                bDcSyncActive
                0x20000216                bEcatOutputUpdateRunning
                0x20000218                Sync1WdCounter
                0x2000021a                EcatWdValue
                0x2000021c                bEcatInputUpdateRunning
                0x2000021d                bEscIntEnabled
                0x2000021e                bWdTrigger
                0x20000220                u16SmSync0Counter
                0x20000222                nMaxSyncMan
                0x20000223                u8EcatErrorLed
                0x20000224                nEscAddrInputData
 *fill*         0x20000226        0x2 
 COMMON         0x20000228       0x28 build/LAN9255_SQI_INDIRECT_MODE/production/_ext/108134065/emcy.o
                0x20000228                sSendEmcyQueue
                0x20000238                asEmcy
                0x20000240                sEmptyEmcyQueue
 COMMON         0x20000250       0x94 build/LAN9255_SQI_INDIRECT_MODE/production/_ext/108134065/mailbox.o
                0x20000250                u8MbxReadCounter
                0x20000254                sMbxSendQueue
                0x20000288                sMbxReceiveQueue
                0x200002bc                bNoMbxMemoryAvailable
                0x200002bd                bSendMbxIsFull
                0x200002be                bMbxRunning
                0x200002c0                u16EscAddrReceiveMbx
                0x200002c4                psStoreMbx
                0x200002c8                u16SendMbxSize
                0x200002cc                psReadMbx
                0x200002d0                bReceiveMbxIsLocked
                0x200002d2                u16EscAddrSendMbx
                0x200002d4                psWriteMbx
                0x200002d8                u8MbxWriteCounter
                0x200002d9                u8MailboxSendReqStored
                0x200002da                u16ReceiveMbxSize
                0x200002dc                bMbxRepeatToggle
                0x200002e0                psRepeatMbx
 COMMON         0x200002e4       0x8e build/LAN9255_SQI_INDIRECT_MODE/production/_ext/108134065/objdef.o
                0x200002e4                sSyncManInPar
                0x20000328                sSyncManOutPar
                0x2000036c                bSyncSetByUser
                0x20000370                sCycleDiag
 *fill*         0x20000372        0x2 
 COMMON         0x20000374     0x2016 build/LAN9255_SQI_INDIRECT_MODE/production/_ext/108134065/sample_app.o
                0x20000374                aFileData
                0x20002374                aFileName
 *fill*         0x2000238a        0x2 
 COMMON         0x2000238c       0x4d build/LAN9255_SQI_INDIRECT_MODE/production/_ext/108134065/sdoserv.o
                0x2000238c                nSdoInfoIndex
                0x20002390                pStoreData
                0x20002394                nSdoSegBytesToHandle
                0x20002398                bSdoSegAccess
                0x20002399                bSdoSegFollows
                0x2000239c                nSdoSegCompleteSize
                0x200023a0                pSdoPendFunc
                0x200023a4                u8PendingSdo
                0x200023a5                bStoreCompleteAccess
                0x200023a6                bSdoSegLastToggle
                0x200023a7                nSdoSegService
                0x200023a8                pSdoInfoObjEntry
                0x200023ac                nSdoInfoFragmentsLeft
                0x200023b0                pSdoResStored
                0x200023b4                u32StoreDataSize
                0x200023b8                pSdoSegData
                0x200023bc                nSdoSegIndex
                0x200023c0                aSdoInfoHeader
                0x200023d0                pSdoSegObjEntry
                0x200023d4                nSdoSegSubindex
                0x200023d6                u16StoreIndex
                0x200023d8                u8StoreSubindex
 *fill*         0x200023d9        0x3 
 COMMON         0x200023dc        0x1 build/LAN9255_SQI_INDIRECT_MODE/production/_ext/1360937237/app.o
                0x200023dc                appData
 *fill*         0x200023dd        0x3 
 COMMON         0x200023e0        0x4 c:/program files/microchip/xc32/v2.40/bin/bin/../../lib/gcc/pic32c/6.2.1/../../../../pic32c/lib/v7e-m/fpv4-sp/hard\libc_nano.a(lib_a-reent.o)
                0x200023e0                errno
                0x200023e4                . = ALIGN (0x4)
                0x200023e4                __bss_end__ = .
                0x200023e4                _ebss = .
                0x200023e4                _ezero = .
                0x200023e4                . = ALIGN (0x4)
                0x200023e4                _end = .
                0x2003ffff                _ram_end_ = ((ORIGIN (ram) + LENGTH (ram)) - 0x1)
                0x00000200                _min_heap_size = 0x200
START GROUP
LOAD c:/program files/microchip/xc32/v2.40/bin/bin/../../lib/gcc/pic32c/6.2.1/../../../../pic32c/lib/v7e-m/fpv4-sp/hard\libpic32c.a
LOAD c:/program files/microchip/xc32/v2.40/bin/bin/../../lib/gcc/pic32c/6.2.1/v7e-m/fpv4-sp/hard\libgcc.a
LOAD c:/program files/microchip/xc32/v2.40/bin/bin/../../lib/gcc/pic32c/6.2.1/../../../../pic32c/lib/v7e-m/fpv4-sp/hard\libm_nano.a
LOAD c:/program files/microchip/xc32/v2.40/bin/bin/../../lib/gcc/pic32c/6.2.1/../../../../pic32c/lib/v7e-m/fpv4-sp/hard\libc_nano.a
END GROUP
LOAD c:/program files/microchip/xc32/v2.40/bin/bin/../../lib/gcc/pic32c/6.2.1/v7e-m/fpv4-sp/hard/crtend.o
LOAD c:/program files/microchip/xc32/v2.40/bin/bin/../../lib/gcc/pic32c/6.2.1/v7e-m/fpv4-sp/hard/crtn.o
OUTPUT(dist/LAN9255_SQI_INDIRECT_MODE/production/EVB_LAN9255_IO_FoE.X.production.elf elf32-littlearm)
LOAD stack
LOAD data_init

.ARM.attributes
                0x00000000       0x30
 .ARM.attributes
                0x00000000       0x22 c:/program files/microchip/xc32/v2.40/bin/bin/../../lib/gcc/pic32c/6.2.1/v7e-m/fpv4-sp/hard/crti.o
 .ARM.attributes
                0x00000022       0x34 c:/program files/microchip/xc32/v2.40/bin/bin/../../lib/gcc/pic32c/6.2.1/v7e-m/fpv4-sp/hard/crtbegin.o
 .ARM.attributes
                0x00000056       0x39 build/LAN9255_SQI_INDIRECT_MODE/production/_ext/1984496892/plib_clock.o
 .ARM.attributes
                0x0000008f       0x39 build/LAN9255_SQI_INDIRECT_MODE/production/_ext/60167341/plib_eic.o
 .ARM.attributes
                0x000000c8       0x39 build/LAN9255_SQI_INDIRECT_MODE/production/_ext/1986646378/plib_evsys.o
 .ARM.attributes
                0x00000101       0x39 build/LAN9255_SQI_INDIRECT_MODE/production/_ext/1865468468/plib_nvic.o
 .ARM.attributes
                0x0000013a       0x39 build/LAN9255_SQI_INDIRECT_MODE/production/_ext/1593096446/plib_nvmctrl.o
 .ARM.attributes
                0x00000173       0x39 build/LAN9255_SQI_INDIRECT_MODE/production/_ext/1865521619/plib_port.o
 .ARM.attributes
                0x000001ac       0x39 build/LAN9255_SQI_INDIRECT_MODE/production/_ext/1865555181/plib_qspi.o
 .ARM.attributes
                0x000001e5       0x39 build/LAN9255_SQI_INDIRECT_MODE/production/_ext/1827571544/plib_systick.o
 .ARM.attributes
                0x0000021e       0x39 build/LAN9255_SQI_INDIRECT_MODE/production/_ext/1171490990/exceptions.o
 .ARM.attributes
                0x00000257       0x39 build/LAN9255_SQI_INDIRECT_MODE/production/_ext/1171490990/initialization.o
 .ARM.attributes
                0x00000290       0x39 build/LAN9255_SQI_INDIRECT_MODE/production/_ext/1171490990/interrupts.o
 .ARM.attributes
                0x000002c9       0x39 build/LAN9255_SQI_INDIRECT_MODE/production/_ext/1171490990/startup_xc32.o
 .ARM.attributes
                0x00000302       0x39 build/LAN9255_SQI_INDIRECT_MODE/production/_ext/1171490990/tasks.o
 .ARM.attributes
                0x0000033b       0x39 build/LAN9255_SQI_INDIRECT_MODE/production/_ext/1671622016/Drivers.o
 .ARM.attributes
                0x00000374       0x39 build/LAN9255_SQI_INDIRECT_MODE/production/_ext/108147519/ESC_Utils.o
 .ARM.attributes
                0x000003ad       0x39 build/LAN9255_SQI_INDIRECT_MODE/production/_ext/108147519/LAN925x.o
 .ARM.attributes
                0x000003e6       0x39 build/LAN9255_SQI_INDIRECT_MODE/production/_ext/108134065/bootmode.o
 .ARM.attributes
                0x0000041f       0x39 build/LAN9255_SQI_INDIRECT_MODE/production/_ext/108134065/coeappl.o
 .ARM.attributes
                0x00000458       0x39 build/LAN9255_SQI_INDIRECT_MODE/production/_ext/108134065/ecatappl.o
 .ARM.attributes
                0x00000491       0x39 build/LAN9255_SQI_INDIRECT_MODE/production/_ext/108134065/ecatcoe.o
 .ARM.attributes
                0x000004ca       0x39 build/LAN9255_SQI_INDIRECT_MODE/production/_ext/108134065/ecatfoe.o
 .ARM.attributes
                0x00000503       0x39 build/LAN9255_SQI_INDIRECT_MODE/production/_ext/108134065/ecatslv.o
 .ARM.attributes
                0x0000053c       0x39 build/LAN9255_SQI_INDIRECT_MODE/production/_ext/108134065/emcy.o
 .ARM.attributes
                0x00000575       0x39 build/LAN9255_SQI_INDIRECT_MODE/production/_ext/108134065/foeappl.o
 .ARM.attributes
                0x000005ae       0x39 build/LAN9255_SQI_INDIRECT_MODE/production/_ext/108134065/mailbox.o
 .ARM.attributes
                0x000005e7       0x39 build/LAN9255_SQI_INDIRECT_MODE/production/_ext/108134065/objdef.o
 .ARM.attributes
                0x00000620       0x39 build/LAN9255_SQI_INDIRECT_MODE/production/_ext/108134065/sample_app.o
 .ARM.attributes
                0x00000659       0x39 build/LAN9255_SQI_INDIRECT_MODE/production/_ext/108134065/sdoserv.o
 .ARM.attributes
                0x00000692       0x39 build/LAN9255_SQI_INDIRECT_MODE/production/_ext/1360937237/main.o
 .ARM.attributes
                0x000006cb       0x39 build/LAN9255_SQI_INDIRECT_MODE/production/_ext/1360937237/app.o
 .ARM.attributes
                0x00000704       0x34 c:/program files/microchip/xc32/v2.40/bin/bin/../../lib/gcc/pic32c/6.2.1/../../../../pic32c/lib/v7e-m/fpv4-sp/hard\libpic32c.a(data_init.o)
 .ARM.attributes
                0x00000738       0x34 c:/program files/microchip/xc32/v2.40/bin/bin/../../lib/gcc/pic32c/6.2.1/../../../../pic32c/lib/v7e-m/fpv4-sp/hard\libc_nano.a(lib_a-init.o)
 .ARM.attributes
                0x0000076c       0x34 c:/program files/microchip/xc32/v2.40/bin/bin/../../lib/gcc/pic32c/6.2.1/../../../../pic32c/lib/v7e-m/fpv4-sp/hard\libc_nano.a(lib_a-malloc.o)
 .ARM.attributes
                0x000007a0       0x34 c:/program files/microchip/xc32/v2.40/bin/bin/../../lib/gcc/pic32c/6.2.1/../../../../pic32c/lib/v7e-m/fpv4-sp/hard\libc_nano.a(lib_a-memcpy-stub.o)
 .ARM.attributes
                0x000007d4       0x34 c:/program files/microchip/xc32/v2.40/bin/bin/../../lib/gcc/pic32c/6.2.1/../../../../pic32c/lib/v7e-m/fpv4-sp/hard\libc_nano.a(lib_a-memset.o)
 .ARM.attributes
                0x00000808       0x34 c:/program files/microchip/xc32/v2.40/bin/bin/../../lib/gcc/pic32c/6.2.1/../../../../pic32c/lib/v7e-m/fpv4-sp/hard\libc_nano.a(lib_a-nano-freer.o)
 .ARM.attributes
                0x0000083c       0x34 c:/program files/microchip/xc32/v2.40/bin/bin/../../lib/gcc/pic32c/6.2.1/../../../../pic32c/lib/v7e-m/fpv4-sp/hard\libc_nano.a(lib_a-nano-mallocr.o)
 .ARM.attributes
                0x00000870       0x34 c:/program files/microchip/xc32/v2.40/bin/bin/../../lib/gcc/pic32c/6.2.1/../../../../pic32c/lib/v7e-m/fpv4-sp/hard\libc_nano.a(lib_a-sbrkr.o)
 .ARM.attributes
                0x000008a4       0x1b c:/program files/microchip/xc32/v2.40/bin/bin/../../lib/gcc/pic32c/6.2.1/../../../../pic32c/lib/v7e-m/fpv4-sp/hard\libc_nano.a(lib_a-strlen.o)
 .ARM.attributes
                0x000008bf       0x34 c:/program files/microchip/xc32/v2.40/bin/bin/../../lib/gcc/pic32c/6.2.1/../../../../pic32c/lib/v7e-m/fpv4-sp/hard\libc_nano.a(lib_a-impure.o)
 .ARM.attributes
                0x000008f3       0x34 c:/program files/microchip/xc32/v2.40/bin/bin/../../lib/gcc/pic32c/6.2.1/../../../../pic32c/lib/v7e-m/fpv4-sp/hard\libc_nano.a(lib_a-mlock.o)
 .ARM.attributes
                0x00000927       0x34 c:/program files/microchip/xc32/v2.40/bin/bin/../../lib/gcc/pic32c/6.2.1/../../../../pic32c/lib/v7e-m/fpv4-sp/hard\libc_nano.a(lib_a-reent.o)
 .ARM.attributes
                0x0000095b       0x34 c:/program files/microchip/xc32/v2.40/bin/bin/../../lib/gcc/pic32c/6.2.1/../../../../pic32c/lib/v7e-m/fpv4-sp/hard\libpic32c.a(sbrk.o)
 .ARM.attributes
                0x0000098f       0x22 c:/program files/microchip/xc32/v2.40/bin/bin/../../lib/gcc/pic32c/6.2.1/v7e-m/fpv4-sp/hard/crtn.o

.comment        0x00000000       0x3c
 .comment       0x00000000       0x3c c:/program files/microchip/xc32/v2.40/bin/bin/../../lib/gcc/pic32c/6.2.1/v7e-m/fpv4-sp/hard/crtbegin.o
                                 0x3d (size before relaxing)
 .comment       0x0000003c       0x3d build/LAN9255_SQI_INDIRECT_MODE/production/_ext/1984496892/plib_clock.o
 .comment       0x0000003c       0x3d build/LAN9255_SQI_INDIRECT_MODE/production/_ext/60167341/plib_eic.o
 .comment       0x0000003c       0x3d build/LAN9255_SQI_INDIRECT_MODE/production/_ext/1986646378/plib_evsys.o
 .comment       0x0000003c       0x3d build/LAN9255_SQI_INDIRECT_MODE/production/_ext/1865468468/plib_nvic.o
 .comment       0x0000003c       0x3d build/LAN9255_SQI_INDIRECT_MODE/production/_ext/1593096446/plib_nvmctrl.o
 .comment       0x0000003c       0x3d build/LAN9255_SQI_INDIRECT_MODE/production/_ext/1865521619/plib_port.o
 .comment       0x0000003c       0x3d build/LAN9255_SQI_INDIRECT_MODE/production/_ext/1865555181/plib_qspi.o
 .comment       0x0000003c       0x3d build/LAN9255_SQI_INDIRECT_MODE/production/_ext/1827571544/plib_systick.o
 .comment       0x0000003c       0x3d build/LAN9255_SQI_INDIRECT_MODE/production/_ext/1171490990/exceptions.o
 .comment       0x0000003c       0x3d build/LAN9255_SQI_INDIRECT_MODE/production/_ext/1171490990/initialization.o
 .comment       0x0000003c       0x3d build/LAN9255_SQI_INDIRECT_MODE/production/_ext/1171490990/interrupts.o
 .comment       0x0000003c       0x3d build/LAN9255_SQI_INDIRECT_MODE/production/_ext/1171490990/startup_xc32.o
 .comment       0x0000003c       0x3d build/LAN9255_SQI_INDIRECT_MODE/production/_ext/1171490990/tasks.o
 .comment       0x0000003c       0x3d build/LAN9255_SQI_INDIRECT_MODE/production/_ext/1671622016/Drivers.o
 .comment       0x0000003c       0x3d build/LAN9255_SQI_INDIRECT_MODE/production/_ext/108147519/ESC_Utils.o
 .comment       0x0000003c       0x3d build/LAN9255_SQI_INDIRECT_MODE/production/_ext/108147519/LAN925x.o
 .comment       0x0000003c       0x3d build/LAN9255_SQI_INDIRECT_MODE/production/_ext/108134065/bootmode.o
 .comment       0x0000003c       0x3d build/LAN9255_SQI_INDIRECT_MODE/production/_ext/108134065/coeappl.o
 .comment       0x0000003c       0x3d build/LAN9255_SQI_INDIRECT_MODE/production/_ext/108134065/ecatappl.o
 .comment       0x0000003c       0x3d build/LAN9255_SQI_INDIRECT_MODE/production/_ext/108134065/ecatcoe.o
 .comment       0x0000003c       0x3d build/LAN9255_SQI_INDIRECT_MODE/production/_ext/108134065/ecatfoe.o
 .comment       0x0000003c       0x3d build/LAN9255_SQI_INDIRECT_MODE/production/_ext/108134065/ecatslv.o
 .comment       0x0000003c       0x3d build/LAN9255_SQI_INDIRECT_MODE/production/_ext/108134065/emcy.o
 .comment       0x0000003c       0x3d build/LAN9255_SQI_INDIRECT_MODE/production/_ext/108134065/foeappl.o
 .comment       0x0000003c       0x3d build/LAN9255_SQI_INDIRECT_MODE/production/_ext/108134065/mailbox.o
 .comment       0x0000003c       0x3d build/LAN9255_SQI_INDIRECT_MODE/production/_ext/108134065/objdef.o
 .comment       0x0000003c       0x3d build/LAN9255_SQI_INDIRECT_MODE/production/_ext/108134065/sample_app.o
 .comment       0x0000003c       0x3d build/LAN9255_SQI_INDIRECT_MODE/production/_ext/108134065/sdoserv.o
 .comment       0x0000003c       0x3d build/LAN9255_SQI_INDIRECT_MODE/production/_ext/1360937237/main.o
 .comment       0x0000003c       0x3d build/LAN9255_SQI_INDIRECT_MODE/production/_ext/1360937237/app.o
 .comment       0x0000003c       0x3d c:/program files/microchip/xc32/v2.40/bin/bin/../../lib/gcc/pic32c/6.2.1/../../../../pic32c/lib/v7e-m/fpv4-sp/hard\libpic32c.a(data_init.o)
 .comment       0x0000003c       0x3d c:/program files/microchip/xc32/v2.40/bin/bin/../../lib/gcc/pic32c/6.2.1/../../../../pic32c/lib/v7e-m/fpv4-sp/hard\libc_nano.a(lib_a-init.o)
 .comment       0x0000003c       0x3d c:/program files/microchip/xc32/v2.40/bin/bin/../../lib/gcc/pic32c/6.2.1/../../../../pic32c/lib/v7e-m/fpv4-sp/hard\libc_nano.a(lib_a-malloc.o)
 .comment       0x0000003c       0x3d c:/program files/microchip/xc32/v2.40/bin/bin/../../lib/gcc/pic32c/6.2.1/../../../../pic32c/lib/v7e-m/fpv4-sp/hard\libc_nano.a(lib_a-memcpy-stub.o)
 .comment       0x0000003c       0x3d c:/program files/microchip/xc32/v2.40/bin/bin/../../lib/gcc/pic32c/6.2.1/../../../../pic32c/lib/v7e-m/fpv4-sp/hard\libc_nano.a(lib_a-memset.o)
 .comment       0x0000003c       0x3d c:/program files/microchip/xc32/v2.40/bin/bin/../../lib/gcc/pic32c/6.2.1/../../../../pic32c/lib/v7e-m/fpv4-sp/hard\libc_nano.a(lib_a-nano-freer.o)
 .comment       0x0000003c       0x3d c:/program files/microchip/xc32/v2.40/bin/bin/../../lib/gcc/pic32c/6.2.1/../../../../pic32c/lib/v7e-m/fpv4-sp/hard\libc_nano.a(lib_a-nano-mallocr.o)
 .comment       0x0000003c       0x3d c:/program files/microchip/xc32/v2.40/bin/bin/../../lib/gcc/pic32c/6.2.1/../../../../pic32c/lib/v7e-m/fpv4-sp/hard\libc_nano.a(lib_a-sbrkr.o)
 .comment       0x0000003c       0x3d c:/program files/microchip/xc32/v2.40/bin/bin/../../lib/gcc/pic32c/6.2.1/../../../../pic32c/lib/v7e-m/fpv4-sp/hard\libc_nano.a(lib_a-impure.o)
 .comment       0x0000003c       0x3d c:/program files/microchip/xc32/v2.40/bin/bin/../../lib/gcc/pic32c/6.2.1/../../../../pic32c/lib/v7e-m/fpv4-sp/hard\libc_nano.a(lib_a-mlock.o)
 .comment       0x0000003c       0x3d c:/program files/microchip/xc32/v2.40/bin/bin/../../lib/gcc/pic32c/6.2.1/../../../../pic32c/lib/v7e-m/fpv4-sp/hard\libc_nano.a(lib_a-reent.o)
 .comment       0x0000003c       0x3d c:/program files/microchip/xc32/v2.40/bin/bin/../../lib/gcc/pic32c/6.2.1/../../../../pic32c/lib/v7e-m/fpv4-sp/hard\libpic32c.a(sbrk.o)

.debug_info     0x00000000    0x38cfa
 .debug_info    0x00000000      0xbad build/LAN9255_SQI_INDIRECT_MODE/production/_ext/1984496892/plib_clock.o
 .debug_info    0x00000bad      0x83d build/LAN9255_SQI_INDIRECT_MODE/production/_ext/60167341/plib_eic.o
 .debug_info    0x000013ea      0x3b8 build/LAN9255_SQI_INDIRECT_MODE/production/_ext/1986646378/plib_evsys.o
 .debug_info    0x000017a2     0x1157 build/LAN9255_SQI_INDIRECT_MODE/production/_ext/1865468468/plib_nvic.o
 .debug_info    0x000028f9     0x1718 build/LAN9255_SQI_INDIRECT_MODE/production/_ext/1593096446/plib_nvmctrl.o
 .debug_info    0x00004011      0x874 build/LAN9255_SQI_INDIRECT_MODE/production/_ext/1865521619/plib_port.o
 .debug_info    0x00004885      0xcda build/LAN9255_SQI_INDIRECT_MODE/production/_ext/1865555181/plib_qspi.o
 .debug_info    0x0000555f      0x713 build/LAN9255_SQI_INDIRECT_MODE/production/_ext/1827571544/plib_systick.o
 .debug_info    0x00005c72      0xfe4 build/LAN9255_SQI_INDIRECT_MODE/production/_ext/1171490990/exceptions.o
 .debug_info    0x00006c56      0xf3f build/LAN9255_SQI_INDIRECT_MODE/production/_ext/1171490990/initialization.o
 .debug_info    0x00007b95     0x222b build/LAN9255_SQI_INDIRECT_MODE/production/_ext/1171490990/interrupts.o
 .debug_info    0x00009dc0     0x140f build/LAN9255_SQI_INDIRECT_MODE/production/_ext/1171490990/startup_xc32.o
 .debug_info    0x0000b1cf      0xf14 build/LAN9255_SQI_INDIRECT_MODE/production/_ext/1171490990/tasks.o
 .debug_info    0x0000c0e3     0x32da build/LAN9255_SQI_INDIRECT_MODE/production/_ext/1671622016/Drivers.o
 .debug_info    0x0000f3bd     0x126f build/LAN9255_SQI_INDIRECT_MODE/production/_ext/108147519/ESC_Utils.o
 .debug_info    0x0001062c     0x1e83 build/LAN9255_SQI_INDIRECT_MODE/production/_ext/108147519/LAN925x.o
 .debug_info    0x000124af     0x12aa build/LAN9255_SQI_INDIRECT_MODE/production/_ext/108134065/bootmode.o
 .debug_info    0x00013759     0x2a8e build/LAN9255_SQI_INDIRECT_MODE/production/_ext/108134065/coeappl.o
 .debug_info    0x000161e7     0x2583 build/LAN9255_SQI_INDIRECT_MODE/production/_ext/108134065/ecatappl.o
 .debug_info    0x0001876a     0x16c2 build/LAN9255_SQI_INDIRECT_MODE/production/_ext/108134065/ecatcoe.o
 .debug_info    0x00019e2c     0x1a4e build/LAN9255_SQI_INDIRECT_MODE/production/_ext/108134065/ecatfoe.o
 .debug_info    0x0001b87a     0x2955 build/LAN9255_SQI_INDIRECT_MODE/production/_ext/108134065/ecatslv.o
 .debug_info    0x0001e1cf     0x1ad6 build/LAN9255_SQI_INDIRECT_MODE/production/_ext/108134065/emcy.o
 .debug_info    0x0001fca5     0x1ff9 build/LAN9255_SQI_INDIRECT_MODE/production/_ext/108134065/foeappl.o
 .debug_info    0x00021c9e     0x2193 build/LAN9255_SQI_INDIRECT_MODE/production/_ext/108134065/mailbox.o
 .debug_info    0x00023e31     0x27a1 build/LAN9255_SQI_INDIRECT_MODE/production/_ext/108134065/objdef.o
 .debug_info    0x000265d2     0x2dd3 build/LAN9255_SQI_INDIRECT_MODE/production/_ext/108134065/sample_app.o
 .debug_info    0x000293a5     0x2aa6 build/LAN9255_SQI_INDIRECT_MODE/production/_ext/108134065/sdoserv.o
 .debug_info    0x0002be4b      0xf03 build/LAN9255_SQI_INDIRECT_MODE/production/_ext/1360937237/main.o
 .debug_info    0x0002cd4e     0x2398 build/LAN9255_SQI_INDIRECT_MODE/production/_ext/1360937237/app.o
 .debug_info    0x0002f0e6      0x2a2 c:/program files/microchip/xc32/v2.40/bin/bin/../../lib/gcc/pic32c/6.2.1/../../../../pic32c/lib/v7e-m/fpv4-sp/hard\libpic32c.a(data_init.o)
 .debug_info    0x0002f388      0x41f c:/program files/microchip/xc32/v2.40/bin/bin/../../lib/gcc/pic32c/6.2.1/../../../../pic32c/lib/v7e-m/fpv4-sp/hard\libc_nano.a(lib_a-init.o)
 .debug_info    0x0002f7a7      0xe92 c:/program files/microchip/xc32/v2.40/bin/bin/../../lib/gcc/pic32c/6.2.1/../../../../pic32c/lib/v7e-m/fpv4-sp/hard\libc_nano.a(lib_a-malloc.o)
 .debug_info    0x00030639      0xe68 c:/program files/microchip/xc32/v2.40/bin/bin/../../lib/gcc/pic32c/6.2.1/../../../../pic32c/lib/v7e-m/fpv4-sp/hard\libc_nano.a(lib_a-memcpy-stub.o)
 .debug_info    0x000314a1     0x15ae c:/program files/microchip/xc32/v2.40/bin/bin/../../lib/gcc/pic32c/6.2.1/../../../../pic32c/lib/v7e-m/fpv4-sp/hard\libc_nano.a(lib_a-memset.o)
 .debug_info    0x00032a4f     0x11c1 c:/program files/microchip/xc32/v2.40/bin/bin/../../lib/gcc/pic32c/6.2.1/../../../../pic32c/lib/v7e-m/fpv4-sp/hard\libc_nano.a(lib_a-nano-freer.o)
 .debug_info    0x00033c10     0x1259 c:/program files/microchip/xc32/v2.40/bin/bin/../../lib/gcc/pic32c/6.2.1/../../../../pic32c/lib/v7e-m/fpv4-sp/hard\libc_nano.a(lib_a-nano-mallocr.o)
 .debug_info    0x00034e69      0xedf c:/program files/microchip/xc32/v2.40/bin/bin/../../lib/gcc/pic32c/6.2.1/../../../../pic32c/lib/v7e-m/fpv4-sp/hard\libc_nano.a(lib_a-sbrkr.o)
 .debug_info    0x00035d48      0x12a c:/program files/microchip/xc32/v2.40/bin/bin/../../lib/gcc/pic32c/6.2.1/../../../../pic32c/lib/v7e-m/fpv4-sp/hard\libc_nano.a(lib_a-strlen.o)
 .debug_info    0x00035e72      0xdef c:/program files/microchip/xc32/v2.40/bin/bin/../../lib/gcc/pic32c/6.2.1/../../../../pic32c/lib/v7e-m/fpv4-sp/hard\libc_nano.a(lib_a-impure.o)
 .debug_info    0x00036c61      0xe2c c:/program files/microchip/xc32/v2.40/bin/bin/../../lib/gcc/pic32c/6.2.1/../../../../pic32c/lib/v7e-m/fpv4-sp/hard\libc_nano.a(lib_a-mlock.o)
 .debug_info    0x00037a8d      0xfe7 c:/program files/microchip/xc32/v2.40/bin/bin/../../lib/gcc/pic32c/6.2.1/../../../../pic32c/lib/v7e-m/fpv4-sp/hard\libc_nano.a(lib_a-reent.o)
 .debug_info    0x00038a74      0x286 c:/program files/microchip/xc32/v2.40/bin/bin/../../lib/gcc/pic32c/6.2.1/../../../../pic32c/lib/v7e-m/fpv4-sp/hard\libpic32c.a(sbrk.o)

.debug_abbrev   0x00000000     0x50ee
 .debug_abbrev  0x00000000       0xfd build/LAN9255_SQI_INDIRECT_MODE/production/_ext/1984496892/plib_clock.o
 .debug_abbrev  0x000000fd      0x15d build/LAN9255_SQI_INDIRECT_MODE/production/_ext/60167341/plib_eic.o
 .debug_abbrev  0x0000025a       0x5e build/LAN9255_SQI_INDIRECT_MODE/production/_ext/1986646378/plib_evsys.o
 .debug_abbrev  0x000002b8      0x14d build/LAN9255_SQI_INDIRECT_MODE/production/_ext/1865468468/plib_nvic.o
 .debug_abbrev  0x00000405      0x25d build/LAN9255_SQI_INDIRECT_MODE/production/_ext/1593096446/plib_nvmctrl.o
 .debug_abbrev  0x00000662      0x151 build/LAN9255_SQI_INDIRECT_MODE/production/_ext/1865521619/plib_port.o
 .debug_abbrev  0x000007b3      0x227 build/LAN9255_SQI_INDIRECT_MODE/production/_ext/1865555181/plib_qspi.o
 .debug_abbrev  0x000009da      0x15c build/LAN9255_SQI_INDIRECT_MODE/production/_ext/1827571544/plib_systick.o
 .debug_abbrev  0x00000b36      0x196 build/LAN9255_SQI_INDIRECT_MODE/production/_ext/1171490990/exceptions.o
 .debug_abbrev  0x00000ccc      0x1b2 build/LAN9255_SQI_INDIRECT_MODE/production/_ext/1171490990/initialization.o
 .debug_abbrev  0x00000e7e      0x1a7 build/LAN9255_SQI_INDIRECT_MODE/production/_ext/1171490990/interrupts.o
 .debug_abbrev  0x00001025      0x26e build/LAN9255_SQI_INDIRECT_MODE/production/_ext/1171490990/startup_xc32.o
 .debug_abbrev  0x00001293      0x196 build/LAN9255_SQI_INDIRECT_MODE/production/_ext/1171490990/tasks.o
 .debug_abbrev  0x00001429      0x39d build/LAN9255_SQI_INDIRECT_MODE/production/_ext/1671622016/Drivers.o
 .debug_abbrev  0x000017c6      0x20f build/LAN9255_SQI_INDIRECT_MODE/production/_ext/108147519/ESC_Utils.o
 .debug_abbrev  0x000019d5      0x2b2 build/LAN9255_SQI_INDIRECT_MODE/production/_ext/108147519/LAN925x.o
 .debug_abbrev  0x00001c87      0x1f9 build/LAN9255_SQI_INDIRECT_MODE/production/_ext/108134065/bootmode.o
 .debug_abbrev  0x00001e80      0x2c0 build/LAN9255_SQI_INDIRECT_MODE/production/_ext/108134065/coeappl.o
 .debug_abbrev  0x00002140      0x286 build/LAN9255_SQI_INDIRECT_MODE/production/_ext/108134065/ecatappl.o
 .debug_abbrev  0x000023c6      0x1ee build/LAN9255_SQI_INDIRECT_MODE/production/_ext/108134065/ecatcoe.o
 .debug_abbrev  0x000025b4      0x259 build/LAN9255_SQI_INDIRECT_MODE/production/_ext/108134065/ecatfoe.o
 .debug_abbrev  0x0000280d      0x2c4 build/LAN9255_SQI_INDIRECT_MODE/production/_ext/108134065/ecatslv.o
 .debug_abbrev  0x00002ad1      0x29d build/LAN9255_SQI_INDIRECT_MODE/production/_ext/108134065/emcy.o
 .debug_abbrev  0x00002d6e      0x260 build/LAN9255_SQI_INDIRECT_MODE/production/_ext/108134065/foeappl.o
 .debug_abbrev  0x00002fce      0x290 build/LAN9255_SQI_INDIRECT_MODE/production/_ext/108134065/mailbox.o
 .debug_abbrev  0x0000325e      0x2c2 build/LAN9255_SQI_INDIRECT_MODE/production/_ext/108134065/objdef.o
 .debug_abbrev  0x00003520      0x3d1 build/LAN9255_SQI_INDIRECT_MODE/production/_ext/108134065/sample_app.o
 .debug_abbrev  0x000038f1      0x2df build/LAN9255_SQI_INDIRECT_MODE/production/_ext/108134065/sdoserv.o
 .debug_abbrev  0x00003bd0      0x198 build/LAN9255_SQI_INDIRECT_MODE/production/_ext/1360937237/main.o
 .debug_abbrev  0x00003d68      0x2e3 build/LAN9255_SQI_INDIRECT_MODE/production/_ext/1360937237/app.o
 .debug_abbrev  0x0000404b       0x2a c:/program files/microchip/xc32/v2.40/bin/bin/../../lib/gcc/pic32c/6.2.1/../../../../pic32c/lib/v7e-m/fpv4-sp/hard\libpic32c.a(data_init.o)
 .debug_abbrev  0x00004075       0xa3 c:/program files/microchip/xc32/v2.40/bin/bin/../../lib/gcc/pic32c/6.2.1/../../../../pic32c/lib/v7e-m/fpv4-sp/hard\libc_nano.a(lib_a-init.o)
 .debug_abbrev  0x00004118      0x1b3 c:/program files/microchip/xc32/v2.40/bin/bin/../../lib/gcc/pic32c/6.2.1/../../../../pic32c/lib/v7e-m/fpv4-sp/hard\libc_nano.a(lib_a-malloc.o)
 .debug_abbrev  0x000042cb      0x17c c:/program files/microchip/xc32/v2.40/bin/bin/../../lib/gcc/pic32c/6.2.1/../../../../pic32c/lib/v7e-m/fpv4-sp/hard\libc_nano.a(lib_a-memcpy-stub.o)
 .debug_abbrev  0x00004447      0x170 c:/program files/microchip/xc32/v2.40/bin/bin/../../lib/gcc/pic32c/6.2.1/../../../../pic32c/lib/v7e-m/fpv4-sp/hard\libc_nano.a(lib_a-memset.o)
 .debug_abbrev  0x000045b7      0x242 c:/program files/microchip/xc32/v2.40/bin/bin/../../lib/gcc/pic32c/6.2.1/../../../../pic32c/lib/v7e-m/fpv4-sp/hard\libc_nano.a(lib_a-nano-freer.o)
 .debug_abbrev  0x000047f9      0x281 c:/program files/microchip/xc32/v2.40/bin/bin/../../lib/gcc/pic32c/6.2.1/../../../../pic32c/lib/v7e-m/fpv4-sp/hard\libc_nano.a(lib_a-nano-mallocr.o)
 .debug_abbrev  0x00004a7a      0x1a8 c:/program files/microchip/xc32/v2.40/bin/bin/../../lib/gcc/pic32c/6.2.1/../../../../pic32c/lib/v7e-m/fpv4-sp/hard\libc_nano.a(lib_a-sbrkr.o)
 .debug_abbrev  0x00004c22       0x14 c:/program files/microchip/xc32/v2.40/bin/bin/../../lib/gcc/pic32c/6.2.1/../../../../pic32c/lib/v7e-m/fpv4-sp/hard\libc_nano.a(lib_a-strlen.o)
 .debug_abbrev  0x00004c36      0x131 c:/program files/microchip/xc32/v2.40/bin/bin/../../lib/gcc/pic32c/6.2.1/../../../../pic32c/lib/v7e-m/fpv4-sp/hard\libc_nano.a(lib_a-impure.o)
 .debug_abbrev  0x00004d67      0x165 c:/program files/microchip/xc32/v2.40/bin/bin/../../lib/gcc/pic32c/6.2.1/../../../../pic32c/lib/v7e-m/fpv4-sp/hard\libc_nano.a(lib_a-mlock.o)
 .debug_abbrev  0x00004ecc      0x1f8 c:/program files/microchip/xc32/v2.40/bin/bin/../../lib/gcc/pic32c/6.2.1/../../../../pic32c/lib/v7e-m/fpv4-sp/hard\libc_nano.a(lib_a-reent.o)
 .debug_abbrev  0x000050c4       0x2a c:/program files/microchip/xc32/v2.40/bin/bin/../../lib/gcc/pic32c/6.2.1/../../../../pic32c/lib/v7e-m/fpv4-sp/hard\libpic32c.a(sbrk.o)

.debug_loc      0x00000000     0x55d0
 .debug_loc     0x00000000      0x1c4 build/LAN9255_SQI_INDIRECT_MODE/production/_ext/1984496892/plib_clock.o
 .debug_loc     0x000001c4      0x1dc build/LAN9255_SQI_INDIRECT_MODE/production/_ext/60167341/plib_eic.o
 .debug_loc     0x000003a0       0x44 build/LAN9255_SQI_INDIRECT_MODE/production/_ext/1986646378/plib_evsys.o
 .debug_loc     0x000003e4      0x140 build/LAN9255_SQI_INDIRECT_MODE/production/_ext/1865468468/plib_nvic.o
 .debug_loc     0x00000524      0x5c0 build/LAN9255_SQI_INDIRECT_MODE/production/_ext/1593096446/plib_nvmctrl.o
 .debug_loc     0x00000ae4      0x324 build/LAN9255_SQI_INDIRECT_MODE/production/_ext/1865521619/plib_port.o
 .debug_loc     0x00000e08      0x338 build/LAN9255_SQI_INDIRECT_MODE/production/_ext/1865555181/plib_qspi.o
 .debug_loc     0x00001140      0x31c build/LAN9255_SQI_INDIRECT_MODE/production/_ext/1827571544/plib_systick.o
 .debug_loc     0x0000145c      0x108 build/LAN9255_SQI_INDIRECT_MODE/production/_ext/1171490990/exceptions.o
 .debug_loc     0x00001564       0x50 build/LAN9255_SQI_INDIRECT_MODE/production/_ext/1171490990/initialization.o
 .debug_loc     0x000015b4      0x11c build/LAN9255_SQI_INDIRECT_MODE/production/_ext/1171490990/startup_xc32.o
 .debug_loc     0x000016d0       0x2c build/LAN9255_SQI_INDIRECT_MODE/production/_ext/1171490990/tasks.o
 .debug_loc     0x000016fc      0x7f8 build/LAN9255_SQI_INDIRECT_MODE/production/_ext/1671622016/Drivers.o
 .debug_loc     0x00001ef4      0x130 build/LAN9255_SQI_INDIRECT_MODE/production/_ext/108147519/ESC_Utils.o
 .debug_loc     0x00002024      0x4b0 build/LAN9255_SQI_INDIRECT_MODE/production/_ext/108147519/LAN925x.o
 .debug_loc     0x000024d4      0x158 build/LAN9255_SQI_INDIRECT_MODE/production/_ext/108134065/bootmode.o
 .debug_loc     0x0000262c      0x370 build/LAN9255_SQI_INDIRECT_MODE/production/_ext/108134065/coeappl.o
 .debug_loc     0x0000299c      0x330 build/LAN9255_SQI_INDIRECT_MODE/production/_ext/108134065/ecatappl.o
 .debug_loc     0x00002ccc       0xe4 build/LAN9255_SQI_INDIRECT_MODE/production/_ext/108134065/ecatcoe.o
 .debug_loc     0x00002db0       0xe4 build/LAN9255_SQI_INDIRECT_MODE/production/_ext/108134065/ecatfoe.o
 .debug_loc     0x00002e94      0x682 build/LAN9255_SQI_INDIRECT_MODE/production/_ext/108134065/ecatslv.o
 .debug_loc     0x00003516      0x2f4 build/LAN9255_SQI_INDIRECT_MODE/production/_ext/108134065/emcy.o
 .debug_loc     0x0000380a      0x1e0 build/LAN9255_SQI_INDIRECT_MODE/production/_ext/108134065/foeappl.o
 .debug_loc     0x000039ea      0x428 build/LAN9255_SQI_INDIRECT_MODE/production/_ext/108134065/mailbox.o
 .debug_loc     0x00003e12      0x40e build/LAN9255_SQI_INDIRECT_MODE/production/_ext/108134065/objdef.o
 .debug_loc     0x00004220      0x74e build/LAN9255_SQI_INDIRECT_MODE/production/_ext/108134065/sample_app.o
 .debug_loc     0x0000496e      0x210 build/LAN9255_SQI_INDIRECT_MODE/production/_ext/108134065/sdoserv.o
 .debug_loc     0x00004b7e       0x2c build/LAN9255_SQI_INDIRECT_MODE/production/_ext/1360937237/main.o
 .debug_loc     0x00004baa      0x22a build/LAN9255_SQI_INDIRECT_MODE/production/_ext/1360937237/app.o
 .debug_loc     0x00004dd4       0x74 c:/program files/microchip/xc32/v2.40/bin/bin/../../lib/gcc/pic32c/6.2.1/../../../../pic32c/lib/v7e-m/fpv4-sp/hard\libc_nano.a(lib_a-init.o)
 .debug_loc     0x00004e48       0x58 c:/program files/microchip/xc32/v2.40/bin/bin/../../lib/gcc/pic32c/6.2.1/../../../../pic32c/lib/v7e-m/fpv4-sp/hard\libc_nano.a(lib_a-malloc.o)
 .debug_loc     0x00004ea0       0xb2 c:/program files/microchip/xc32/v2.40/bin/bin/../../lib/gcc/pic32c/6.2.1/../../../../pic32c/lib/v7e-m/fpv4-sp/hard\libc_nano.a(lib_a-memcpy-stub.o)
 .debug_loc     0x00004f52       0x4c c:/program files/microchip/xc32/v2.40/bin/bin/../../lib/gcc/pic32c/6.2.1/../../../../pic32c/lib/v7e-m/fpv4-sp/hard\libc_nano.a(lib_a-memset.o)
 .debug_loc     0x00004f9e      0x141 c:/program files/microchip/xc32/v2.40/bin/bin/../../lib/gcc/pic32c/6.2.1/../../../../pic32c/lib/v7e-m/fpv4-sp/hard\libc_nano.a(lib_a-nano-freer.o)
 .debug_loc     0x000050df      0x326 c:/program files/microchip/xc32/v2.40/bin/bin/../../lib/gcc/pic32c/6.2.1/../../../../pic32c/lib/v7e-m/fpv4-sp/hard\libc_nano.a(lib_a-nano-mallocr.o)
 .debug_loc     0x00005405       0x6d c:/program files/microchip/xc32/v2.40/bin/bin/../../lib/gcc/pic32c/6.2.1/../../../../pic32c/lib/v7e-m/fpv4-sp/hard\libc_nano.a(lib_a-sbrkr.o)
 .debug_loc     0x00005472      0x15e c:/program files/microchip/xc32/v2.40/bin/bin/../../lib/gcc/pic32c/6.2.1/../../../../pic32c/lib/v7e-m/fpv4-sp/hard\libc_nano.a(lib_a-reent.o)

.debug_aranges  0x00000000      0xcb0
 .debug_aranges
                0x00000000       0x50 build/LAN9255_SQI_INDIRECT_MODE/production/_ext/1984496892/plib_clock.o
 .debug_aranges
                0x00000050       0x50 build/LAN9255_SQI_INDIRECT_MODE/production/_ext/60167341/plib_eic.o
 .debug_aranges
                0x000000a0       0x20 build/LAN9255_SQI_INDIRECT_MODE/production/_ext/1986646378/plib_evsys.o
 .debug_aranges
                0x000000c0       0x38 build/LAN9255_SQI_INDIRECT_MODE/production/_ext/1865468468/plib_nvic.o
 .debug_aranges
                0x000000f8       0xb0 build/LAN9255_SQI_INDIRECT_MODE/production/_ext/1593096446/plib_nvmctrl.o
 .debug_aranges
                0x000001a8       0x60 build/LAN9255_SQI_INDIRECT_MODE/production/_ext/1865521619/plib_port.o
 .debug_aranges
                0x00000208       0x68 build/LAN9255_SQI_INDIRECT_MODE/production/_ext/1865555181/plib_qspi.o
 .debug_aranges
                0x00000270       0x70 build/LAN9255_SQI_INDIRECT_MODE/production/_ext/1827571544/plib_systick.o
 .debug_aranges
                0x000002e0       0x48 build/LAN9255_SQI_INDIRECT_MODE/production/_ext/1171490990/exceptions.o
 .debug_aranges
                0x00000328       0x20 build/LAN9255_SQI_INDIRECT_MODE/production/_ext/1171490990/initialization.o
 .debug_aranges
                0x00000348       0x20 build/LAN9255_SQI_INDIRECT_MODE/production/_ext/1171490990/interrupts.o
 .debug_aranges
                0x00000368       0x38 build/LAN9255_SQI_INDIRECT_MODE/production/_ext/1171490990/startup_xc32.o
 .debug_aranges
                0x000003a0       0x20 build/LAN9255_SQI_INDIRECT_MODE/production/_ext/1171490990/tasks.o
 .debug_aranges
                0x000003c0       0xf0 build/LAN9255_SQI_INDIRECT_MODE/production/_ext/1671622016/Drivers.o
 .debug_aranges
                0x000004b0       0x40 build/LAN9255_SQI_INDIRECT_MODE/production/_ext/108147519/ESC_Utils.o
 .debug_aranges
                0x000004f0       0x90 build/LAN9255_SQI_INDIRECT_MODE/production/_ext/108147519/LAN925x.o
 .debug_aranges
                0x00000580       0x38 build/LAN9255_SQI_INDIRECT_MODE/production/_ext/108134065/bootmode.o
 .debug_aranges
                0x000005b8       0x70 build/LAN9255_SQI_INDIRECT_MODE/production/_ext/108134065/coeappl.o
 .debug_aranges
                0x00000628       0x78 build/LAN9255_SQI_INDIRECT_MODE/production/_ext/108134065/ecatappl.o
 .debug_aranges
                0x000006a0       0x30 build/LAN9255_SQI_INDIRECT_MODE/production/_ext/108134065/ecatcoe.o
 .debug_aranges
                0x000006d0       0x30 build/LAN9255_SQI_INDIRECT_MODE/production/_ext/108134065/ecatfoe.o
 .debug_aranges
                0x00000700       0xc8 build/LAN9255_SQI_INDIRECT_MODE/production/_ext/108134065/ecatslv.o
 .debug_aranges
                0x000007c8       0x60 build/LAN9255_SQI_INDIRECT_MODE/production/_ext/108134065/emcy.o
 .debug_aranges
                0x00000828       0x48 build/LAN9255_SQI_INDIRECT_MODE/production/_ext/108134065/foeappl.o
 .debug_aranges
                0x00000870       0x80 build/LAN9255_SQI_INDIRECT_MODE/production/_ext/108134065/mailbox.o
 .debug_aranges
                0x000008f0       0x78 build/LAN9255_SQI_INDIRECT_MODE/production/_ext/108134065/objdef.o
 .debug_aranges
                0x00000968       0xe0 build/LAN9255_SQI_INDIRECT_MODE/production/_ext/108134065/sample_app.o
 .debug_aranges
                0x00000a48       0x50 build/LAN9255_SQI_INDIRECT_MODE/production/_ext/108134065/sdoserv.o
 .debug_aranges
                0x00000a98       0x20 build/LAN9255_SQI_INDIRECT_MODE/production/_ext/1360937237/main.o
 .debug_aranges
                0x00000ab8       0x50 build/LAN9255_SQI_INDIRECT_MODE/production/_ext/1360937237/app.o
 .debug_aranges
                0x00000b08       0x20 c:/program files/microchip/xc32/v2.40/bin/bin/../../lib/gcc/pic32c/6.2.1/../../../../pic32c/lib/v7e-m/fpv4-sp/hard\libpic32c.a(data_init.o)
 .debug_aranges
                0x00000b28       0x20 c:/program files/microchip/xc32/v2.40/bin/bin/../../lib/gcc/pic32c/6.2.1/../../../../pic32c/lib/v7e-m/fpv4-sp/hard\libc_nano.a(lib_a-init.o)
 .debug_aranges
                0x00000b48       0x28 c:/program files/microchip/xc32/v2.40/bin/bin/../../lib/gcc/pic32c/6.2.1/../../../../pic32c/lib/v7e-m/fpv4-sp/hard\libc_nano.a(lib_a-malloc.o)
 .debug_aranges
                0x00000b70       0x20 c:/program files/microchip/xc32/v2.40/bin/bin/../../lib/gcc/pic32c/6.2.1/../../../../pic32c/lib/v7e-m/fpv4-sp/hard\libc_nano.a(lib_a-memcpy-stub.o)
 .debug_aranges
                0x00000b90       0x20 c:/program files/microchip/xc32/v2.40/bin/bin/../../lib/gcc/pic32c/6.2.1/../../../../pic32c/lib/v7e-m/fpv4-sp/hard\libc_nano.a(lib_a-memset.o)
 .debug_aranges
                0x00000bb0       0x20 c:/program files/microchip/xc32/v2.40/bin/bin/../../lib/gcc/pic32c/6.2.1/../../../../pic32c/lib/v7e-m/fpv4-sp/hard\libc_nano.a(lib_a-nano-freer.o)
 .debug_aranges
                0x00000bd0       0x20 c:/program files/microchip/xc32/v2.40/bin/bin/../../lib/gcc/pic32c/6.2.1/../../../../pic32c/lib/v7e-m/fpv4-sp/hard\libc_nano.a(lib_a-nano-mallocr.o)
 .debug_aranges
                0x00000bf0       0x20 c:/program files/microchip/xc32/v2.40/bin/bin/../../lib/gcc/pic32c/6.2.1/../../../../pic32c/lib/v7e-m/fpv4-sp/hard\libc_nano.a(lib_a-sbrkr.o)
 .debug_aranges
                0x00000c10       0x20 c:/program files/microchip/xc32/v2.40/bin/bin/../../lib/gcc/pic32c/6.2.1/../../../../pic32c/lib/v7e-m/fpv4-sp/hard\libc_nano.a(lib_a-strlen.o)
 .debug_aranges
                0x00000c30       0x18 c:/program files/microchip/xc32/v2.40/bin/bin/../../lib/gcc/pic32c/6.2.1/../../../../pic32c/lib/v7e-m/fpv4-sp/hard\libc_nano.a(lib_a-impure.o)
 .debug_aranges
                0x00000c48       0x20 c:/program files/microchip/xc32/v2.40/bin/bin/../../lib/gcc/pic32c/6.2.1/../../../../pic32c/lib/v7e-m/fpv4-sp/hard\libc_nano.a(lib_a-mlock.o)
 .debug_aranges
                0x00000c68       0x28 c:/program files/microchip/xc32/v2.40/bin/bin/../../lib/gcc/pic32c/6.2.1/../../../../pic32c/lib/v7e-m/fpv4-sp/hard\libc_nano.a(lib_a-reent.o)
 .debug_aranges
                0x00000c90       0x20 c:/program files/microchip/xc32/v2.40/bin/bin/../../lib/gcc/pic32c/6.2.1/../../../../pic32c/lib/v7e-m/fpv4-sp/hard\libpic32c.a(sbrk.o)

.debug_ranges   0x00000000      0xb48
 .debug_ranges  0x00000000       0x40 build/LAN9255_SQI_INDIRECT_MODE/production/_ext/1984496892/plib_clock.o
 .debug_ranges  0x00000040       0x40 build/LAN9255_SQI_INDIRECT_MODE/production/_ext/60167341/plib_eic.o
 .debug_ranges  0x00000080       0x10 build/LAN9255_SQI_INDIRECT_MODE/production/_ext/1986646378/plib_evsys.o
 .debug_ranges  0x00000090       0x28 build/LAN9255_SQI_INDIRECT_MODE/production/_ext/1865468468/plib_nvic.o
 .debug_ranges  0x000000b8       0xa0 build/LAN9255_SQI_INDIRECT_MODE/production/_ext/1593096446/plib_nvmctrl.o
 .debug_ranges  0x00000158       0x50 build/LAN9255_SQI_INDIRECT_MODE/production/_ext/1865521619/plib_port.o
 .debug_ranges  0x000001a8       0x58 build/LAN9255_SQI_INDIRECT_MODE/production/_ext/1865555181/plib_qspi.o
 .debug_ranges  0x00000200       0x60 build/LAN9255_SQI_INDIRECT_MODE/production/_ext/1827571544/plib_systick.o
 .debug_ranges  0x00000260       0x38 build/LAN9255_SQI_INDIRECT_MODE/production/_ext/1171490990/exceptions.o
 .debug_ranges  0x00000298       0x10 build/LAN9255_SQI_INDIRECT_MODE/production/_ext/1171490990/initialization.o
 .debug_ranges  0x000002a8       0x10 build/LAN9255_SQI_INDIRECT_MODE/production/_ext/1171490990/interrupts.o
 .debug_ranges  0x000002b8       0x28 build/LAN9255_SQI_INDIRECT_MODE/production/_ext/1171490990/startup_xc32.o
 .debug_ranges  0x000002e0       0x10 build/LAN9255_SQI_INDIRECT_MODE/production/_ext/1171490990/tasks.o
 .debug_ranges  0x000002f0       0xe0 build/LAN9255_SQI_INDIRECT_MODE/production/_ext/1671622016/Drivers.o
 .debug_ranges  0x000003d0       0x30 build/LAN9255_SQI_INDIRECT_MODE/production/_ext/108147519/ESC_Utils.o
 .debug_ranges  0x00000400       0x80 build/LAN9255_SQI_INDIRECT_MODE/production/_ext/108147519/LAN925x.o
 .debug_ranges  0x00000480       0x28 build/LAN9255_SQI_INDIRECT_MODE/production/_ext/108134065/bootmode.o
 .debug_ranges  0x000004a8       0x78 build/LAN9255_SQI_INDIRECT_MODE/production/_ext/108134065/coeappl.o
 .debug_ranges  0x00000520       0x80 build/LAN9255_SQI_INDIRECT_MODE/production/_ext/108134065/ecatappl.o
 .debug_ranges  0x000005a0       0x20 build/LAN9255_SQI_INDIRECT_MODE/production/_ext/108134065/ecatcoe.o
 .debug_ranges  0x000005c0       0x80 build/LAN9255_SQI_INDIRECT_MODE/production/_ext/108134065/ecatfoe.o
 .debug_ranges  0x00000640       0xb8 build/LAN9255_SQI_INDIRECT_MODE/production/_ext/108134065/ecatslv.o
 .debug_ranges  0x000006f8       0x50 build/LAN9255_SQI_INDIRECT_MODE/production/_ext/108134065/emcy.o
 .debug_ranges  0x00000748       0x38 build/LAN9255_SQI_INDIRECT_MODE/production/_ext/108134065/foeappl.o
 .debug_ranges  0x00000780       0x70 build/LAN9255_SQI_INDIRECT_MODE/production/_ext/108134065/mailbox.o
 .debug_ranges  0x000007f0       0x80 build/LAN9255_SQI_INDIRECT_MODE/production/_ext/108134065/objdef.o
 .debug_ranges  0x00000870       0xd0 build/LAN9255_SQI_INDIRECT_MODE/production/_ext/108134065/sample_app.o
 .debug_ranges  0x00000940       0x68 build/LAN9255_SQI_INDIRECT_MODE/production/_ext/108134065/sdoserv.o
 .debug_ranges  0x000009a8       0x10 build/LAN9255_SQI_INDIRECT_MODE/production/_ext/1360937237/main.o
 .debug_ranges  0x000009b8       0x58 build/LAN9255_SQI_INDIRECT_MODE/production/_ext/1360937237/app.o
 .debug_ranges  0x00000a10       0x10 c:/program files/microchip/xc32/v2.40/bin/bin/../../lib/gcc/pic32c/6.2.1/../../../../pic32c/lib/v7e-m/fpv4-sp/hard\libpic32c.a(data_init.o)
 .debug_ranges  0x00000a20       0x10 c:/program files/microchip/xc32/v2.40/bin/bin/../../lib/gcc/pic32c/6.2.1/../../../../pic32c/lib/v7e-m/fpv4-sp/hard\libc_nano.a(lib_a-init.o)
 .debug_ranges  0x00000a30       0x18 c:/program files/microchip/xc32/v2.40/bin/bin/../../lib/gcc/pic32c/6.2.1/../../../../pic32c/lib/v7e-m/fpv4-sp/hard\libc_nano.a(lib_a-malloc.o)
 .debug_ranges  0x00000a48       0x10 c:/program files/microchip/xc32/v2.40/bin/bin/../../lib/gcc/pic32c/6.2.1/../../../../pic32c/lib/v7e-m/fpv4-sp/hard\libc_nano.a(lib_a-memcpy-stub.o)
 .debug_ranges  0x00000a58       0x10 c:/program files/microchip/xc32/v2.40/bin/bin/../../lib/gcc/pic32c/6.2.1/../../../../pic32c/lib/v7e-m/fpv4-sp/hard\libc_nano.a(lib_a-memset.o)
 .debug_ranges  0x00000a68       0x10 c:/program files/microchip/xc32/v2.40/bin/bin/../../lib/gcc/pic32c/6.2.1/../../../../pic32c/lib/v7e-m/fpv4-sp/hard\libc_nano.a(lib_a-nano-freer.o)
 .debug_ranges  0x00000a78       0x58 c:/program files/microchip/xc32/v2.40/bin/bin/../../lib/gcc/pic32c/6.2.1/../../../../pic32c/lib/v7e-m/fpv4-sp/hard\libc_nano.a(lib_a-nano-mallocr.o)
 .debug_ranges  0x00000ad0       0x10 c:/program files/microchip/xc32/v2.40/bin/bin/../../lib/gcc/pic32c/6.2.1/../../../../pic32c/lib/v7e-m/fpv4-sp/hard\libc_nano.a(lib_a-sbrkr.o)
 .debug_ranges  0x00000ae0       0x10 c:/program files/microchip/xc32/v2.40/bin/bin/../../lib/gcc/pic32c/6.2.1/../../../../pic32c/lib/v7e-m/fpv4-sp/hard\libc_nano.a(lib_a-mlock.o)
 .debug_ranges  0x00000af0       0x48 c:/program files/microchip/xc32/v2.40/bin/bin/../../lib/gcc/pic32c/6.2.1/../../../../pic32c/lib/v7e-m/fpv4-sp/hard\libc_nano.a(lib_a-reent.o)
 .debug_ranges  0x00000b38       0x10 c:/program files/microchip/xc32/v2.40/bin/bin/../../lib/gcc/pic32c/6.2.1/../../../../pic32c/lib/v7e-m/fpv4-sp/hard\libpic32c.a(sbrk.o)

.debug_line     0x00000000     0x767c
 .debug_line    0x00000000      0x228 build/LAN9255_SQI_INDIRECT_MODE/production/_ext/1984496892/plib_clock.o
 .debug_line    0x00000228      0x202 build/LAN9255_SQI_INDIRECT_MODE/production/_ext/60167341/plib_eic.o
 .debug_line    0x0000042a      0x12f build/LAN9255_SQI_INDIRECT_MODE/production/_ext/1986646378/plib_evsys.o
 .debug_line    0x00000559      0x1ca build/LAN9255_SQI_INDIRECT_MODE/production/_ext/1865468468/plib_nvic.o
 .debug_line    0x00000723      0x367 build/LAN9255_SQI_INDIRECT_MODE/production/_ext/1593096446/plib_nvmctrl.o
 .debug_line    0x00000a8a      0x213 build/LAN9255_SQI_INDIRECT_MODE/production/_ext/1865521619/plib_port.o
 .debug_line    0x00000c9d      0x2cb build/LAN9255_SQI_INDIRECT_MODE/production/_ext/1865555181/plib_qspi.o
 .debug_line    0x00000f68      0x20a build/LAN9255_SQI_INDIRECT_MODE/production/_ext/1827571544/plib_systick.o
 .debug_line    0x00001172      0x235 build/LAN9255_SQI_INDIRECT_MODE/production/_ext/1171490990/exceptions.o
 .debug_line    0x000013a7      0x1ee build/LAN9255_SQI_INDIRECT_MODE/production/_ext/1171490990/initialization.o
 .debug_line    0x00001595      0x210 build/LAN9255_SQI_INDIRECT_MODE/production/_ext/1171490990/interrupts.o
 .debug_line    0x000017a5      0x29e build/LAN9255_SQI_INDIRECT_MODE/production/_ext/1171490990/startup_xc32.o
 .debug_line    0x00001a43      0x1df build/LAN9255_SQI_INDIRECT_MODE/production/_ext/1171490990/tasks.o
 .debug_line    0x00001c22      0x5cd build/LAN9255_SQI_INDIRECT_MODE/production/_ext/1671622016/Drivers.o
 .debug_line    0x000021ef      0x2e2 build/LAN9255_SQI_INDIRECT_MODE/production/_ext/108147519/ESC_Utils.o
 .debug_line    0x000024d1      0x4bb build/LAN9255_SQI_INDIRECT_MODE/production/_ext/108147519/LAN925x.o
 .debug_line    0x0000298c      0x189 build/LAN9255_SQI_INDIRECT_MODE/production/_ext/108134065/bootmode.o
 .debug_line    0x00002b15      0x3d5 build/LAN9255_SQI_INDIRECT_MODE/production/_ext/108134065/coeappl.o
 .debug_line    0x00002eea      0x4d3 build/LAN9255_SQI_INDIRECT_MODE/production/_ext/108134065/ecatappl.o
 .debug_line    0x000033bd      0x19e build/LAN9255_SQI_INDIRECT_MODE/production/_ext/108134065/ecatcoe.o
 .debug_line    0x0000355b      0x2f5 build/LAN9255_SQI_INDIRECT_MODE/production/_ext/108134065/ecatfoe.o
 .debug_line    0x00003850      0x87f build/LAN9255_SQI_INDIRECT_MODE/production/_ext/108134065/ecatslv.o
 .debug_line    0x000040cf      0x311 build/LAN9255_SQI_INDIRECT_MODE/production/_ext/108134065/emcy.o
 .debug_line    0x000043e0      0x2dd build/LAN9255_SQI_INDIRECT_MODE/production/_ext/108134065/foeappl.o
 .debug_line    0x000046bd      0x45f build/LAN9255_SQI_INDIRECT_MODE/production/_ext/108134065/mailbox.o
 .debug_line    0x00004b1c      0x5e5 build/LAN9255_SQI_INDIRECT_MODE/production/_ext/108134065/objdef.o
 .debug_line    0x00005101      0x569 build/LAN9255_SQI_INDIRECT_MODE/production/_ext/108134065/sample_app.o
 .debug_line    0x0000566a      0x4c3 build/LAN9255_SQI_INDIRECT_MODE/production/_ext/108134065/sdoserv.o
 .debug_line    0x00005b2d      0x1e2 build/LAN9255_SQI_INDIRECT_MODE/production/_ext/1360937237/main.o
 .debug_line    0x00005d0f      0x3b0 build/LAN9255_SQI_INDIRECT_MODE/production/_ext/1360937237/app.o
 .debug_line    0x000060bf       0xd8 c:/program files/microchip/xc32/v2.40/bin/bin/../../lib/gcc/pic32c/6.2.1/../../../../pic32c/lib/v7e-m/fpv4-sp/hard\libpic32c.a(data_init.o)
 .debug_line    0x00006197      0x11d c:/program files/microchip/xc32/v2.40/bin/bin/../../lib/gcc/pic32c/6.2.1/../../../../pic32c/lib/v7e-m/fpv4-sp/hard\libc_nano.a(lib_a-init.o)
 .debug_line    0x000062b4      0x21e c:/program files/microchip/xc32/v2.40/bin/bin/../../lib/gcc/pic32c/6.2.1/../../../../pic32c/lib/v7e-m/fpv4-sp/hard\libc_nano.a(lib_a-malloc.o)
 .debug_line    0x000064d2      0x218 c:/program files/microchip/xc32/v2.40/bin/bin/../../lib/gcc/pic32c/6.2.1/../../../../pic32c/lib/v7e-m/fpv4-sp/hard\libc_nano.a(lib_a-memcpy-stub.o)
 .debug_line    0x000066ea      0x2ae c:/program files/microchip/xc32/v2.40/bin/bin/../../lib/gcc/pic32c/6.2.1/../../../../pic32c/lib/v7e-m/fpv4-sp/hard\libc_nano.a(lib_a-memset.o)
 .debug_line    0x00006998      0x1dc c:/program files/microchip/xc32/v2.40/bin/bin/../../lib/gcc/pic32c/6.2.1/../../../../pic32c/lib/v7e-m/fpv4-sp/hard\libc_nano.a(lib_a-nano-freer.o)
 .debug_line    0x00006b74      0x257 c:/program files/microchip/xc32/v2.40/bin/bin/../../lib/gcc/pic32c/6.2.1/../../../../pic32c/lib/v7e-m/fpv4-sp/hard\libc_nano.a(lib_a-nano-mallocr.o)
 .debug_line    0x00006dcb      0x212 c:/program files/microchip/xc32/v2.40/bin/bin/../../lib/gcc/pic32c/6.2.1/../../../../pic32c/lib/v7e-m/fpv4-sp/hard\libc_nano.a(lib_a-sbrkr.o)
 .debug_line    0x00006fdd       0xb1 c:/program files/microchip/xc32/v2.40/bin/bin/../../lib/gcc/pic32c/6.2.1/../../../../pic32c/lib/v7e-m/fpv4-sp/hard\libc_nano.a(lib_a-strlen.o)
 .debug_line    0x0000708e      0x17e c:/program files/microchip/xc32/v2.40/bin/bin/../../lib/gcc/pic32c/6.2.1/../../../../pic32c/lib/v7e-m/fpv4-sp/hard\libc_nano.a(lib_a-impure.o)
 .debug_line    0x0000720c      0x18d c:/program files/microchip/xc32/v2.40/bin/bin/../../lib/gcc/pic32c/6.2.1/../../../../pic32c/lib/v7e-m/fpv4-sp/hard\libc_nano.a(lib_a-mlock.o)
 .debug_line    0x00007399      0x241 c:/program files/microchip/xc32/v2.40/bin/bin/../../lib/gcc/pic32c/6.2.1/../../../../pic32c/lib/v7e-m/fpv4-sp/hard\libc_nano.a(lib_a-reent.o)
 .debug_line    0x000075da       0xa2 c:/program files/microchip/xc32/v2.40/bin/bin/../../lib/gcc/pic32c/6.2.1/../../../../pic32c/lib/v7e-m/fpv4-sp/hard\libpic32c.a(sbrk.o)

.debug_str      0x00000000      0x7f0
 .debug_str     0x00000000       0x1e build/LAN9255_SQI_INDIRECT_MODE/production/_ext/1984496892/plib_clock.o
 .debug_str     0x0000001e        0x9 build/LAN9255_SQI_INDIRECT_MODE/production/_ext/60167341/plib_eic.o
 .debug_str     0x00000027        0x0 build/LAN9255_SQI_INDIRECT_MODE/production/_ext/1986646378/plib_evsys.o
 .debug_str     0x00000027        0xa build/LAN9255_SQI_INDIRECT_MODE/production/_ext/1865468468/plib_nvic.o
 .debug_str     0x00000031       0x29 build/LAN9255_SQI_INDIRECT_MODE/production/_ext/1593096446/plib_nvmctrl.o
 .debug_str     0x0000005a        0xb build/LAN9255_SQI_INDIRECT_MODE/production/_ext/1865521619/plib_port.o
 .debug_str     0x00000065       0x9a build/LAN9255_SQI_INDIRECT_MODE/production/_ext/1865555181/plib_qspi.o
 .debug_str     0x000000ff        0x9 build/LAN9255_SQI_INDIRECT_MODE/production/_ext/1827571544/plib_systick.o
 .debug_str     0x00000108        0xe build/LAN9255_SQI_INDIRECT_MODE/production/_ext/1171490990/exceptions.o
 .debug_str     0x00000116        0xe build/LAN9255_SQI_INDIRECT_MODE/production/_ext/1171490990/initialization.o
 .debug_str     0x00000124        0xe build/LAN9255_SQI_INDIRECT_MODE/production/_ext/1171490990/interrupts.o
 .debug_str     0x00000132        0xe build/LAN9255_SQI_INDIRECT_MODE/production/_ext/1171490990/startup_xc32.o
 .debug_str     0x00000140        0xe build/LAN9255_SQI_INDIRECT_MODE/production/_ext/1171490990/tasks.o
 .debug_str     0x0000014e       0x89 build/LAN9255_SQI_INDIRECT_MODE/production/_ext/1671622016/Drivers.o
 .debug_str     0x000001d7        0xe build/LAN9255_SQI_INDIRECT_MODE/production/_ext/108147519/ESC_Utils.o
 .debug_str     0x000001e5       0x4b build/LAN9255_SQI_INDIRECT_MODE/production/_ext/108147519/LAN925x.o
 .debug_str     0x00000230        0xe build/LAN9255_SQI_INDIRECT_MODE/production/_ext/108134065/bootmode.o
 .debug_str     0x0000023e       0x48 build/LAN9255_SQI_INDIRECT_MODE/production/_ext/108134065/coeappl.o
 .debug_str     0x00000286       0x4a build/LAN9255_SQI_INDIRECT_MODE/production/_ext/108134065/ecatappl.o
 .debug_str     0x000002d0       0x35 build/LAN9255_SQI_INDIRECT_MODE/production/_ext/108134065/ecatcoe.o
 .debug_str     0x00000305       0x24 build/LAN9255_SQI_INDIRECT_MODE/production/_ext/108134065/ecatfoe.o
 .debug_str     0x00000329       0x6b build/LAN9255_SQI_INDIRECT_MODE/production/_ext/108134065/ecatslv.o
 .debug_str     0x00000394       0x2d build/LAN9255_SQI_INDIRECT_MODE/production/_ext/108134065/emcy.o
 .debug_str     0x000003c1       0x31 build/LAN9255_SQI_INDIRECT_MODE/production/_ext/108134065/foeappl.o
 .debug_str     0x000003f2       0x50 build/LAN9255_SQI_INDIRECT_MODE/production/_ext/108134065/mailbox.o
 .debug_str     0x00000442       0xa5 build/LAN9255_SQI_INDIRECT_MODE/production/_ext/108134065/objdef.o
 .debug_str     0x000004e7       0x66 build/LAN9255_SQI_INDIRECT_MODE/production/_ext/108134065/sample_app.o
 .debug_str     0x0000054d       0xa8 build/LAN9255_SQI_INDIRECT_MODE/production/_ext/108134065/sdoserv.o
 .debug_str     0x000005f5        0xe build/LAN9255_SQI_INDIRECT_MODE/production/_ext/1360937237/main.o
 .debug_str     0x00000603       0x41 build/LAN9255_SQI_INDIRECT_MODE/production/_ext/1360937237/app.o
 .debug_str     0x00000644        0x0 c:/program files/microchip/xc32/v2.40/bin/bin/../../lib/gcc/pic32c/6.2.1/../../../../pic32c/lib/v7e-m/fpv4-sp/hard\libpic32c.a(data_init.o)
 .debug_str     0x00000644        0x0 c:/program files/microchip/xc32/v2.40/bin/bin/../../lib/gcc/pic32c/6.2.1/../../../../pic32c/lib/v7e-m/fpv4-sp/hard\libc_nano.a(lib_a-init.o)
 .debug_str     0x00000644       0x13 c:/program files/microchip/xc32/v2.40/bin/bin/../../lib/gcc/pic32c/6.2.1/../../../../pic32c/lib/v7e-m/fpv4-sp/hard\libc_nano.a(lib_a-malloc.o)
 .debug_str     0x00000657        0x9 c:/program files/microchip/xc32/v2.40/bin/bin/../../lib/gcc/pic32c/6.2.1/../../../../pic32c/lib/v7e-m/fpv4-sp/hard\libc_nano.a(lib_a-memcpy-stub.o)
 .debug_str     0x00000660      0x114 c:/program files/microchip/xc32/v2.40/bin/bin/../../lib/gcc/pic32c/6.2.1/../../../../pic32c/lib/v7e-m/fpv4-sp/hard\libc_nano.a(lib_a-memset.o)
 .debug_str     0x00000774       0x27 c:/program files/microchip/xc32/v2.40/bin/bin/../../lib/gcc/pic32c/6.2.1/../../../../pic32c/lib/v7e-m/fpv4-sp/hard\libc_nano.a(lib_a-nano-freer.o)
 .debug_str     0x0000079b       0x31 c:/program files/microchip/xc32/v2.40/bin/bin/../../lib/gcc/pic32c/6.2.1/../../../../pic32c/lib/v7e-m/fpv4-sp/hard\libc_nano.a(lib_a-nano-mallocr.o)
 .debug_str     0x000007cc        0x9 c:/program files/microchip/xc32/v2.40/bin/bin/../../lib/gcc/pic32c/6.2.1/../../../../pic32c/lib/v7e-m/fpv4-sp/hard\libc_nano.a(lib_a-sbrkr.o)
 .debug_str     0x000007d5        0x9 c:/program files/microchip/xc32/v2.40/bin/bin/../../lib/gcc/pic32c/6.2.1/../../../../pic32c/lib/v7e-m/fpv4-sp/hard\libc_nano.a(lib_a-impure.o)
 .debug_str     0x000007de        0x9 c:/program files/microchip/xc32/v2.40/bin/bin/../../lib/gcc/pic32c/6.2.1/../../../../pic32c/lib/v7e-m/fpv4-sp/hard\libc_nano.a(lib_a-mlock.o)
 .debug_str     0x000007e7        0x9 c:/program files/microchip/xc32/v2.40/bin/bin/../../lib/gcc/pic32c/6.2.1/../../../../pic32c/lib/v7e-m/fpv4-sp/hard\libc_nano.a(lib_a-reent.o)
 .debug_str     0x000007f0        0x0 c:/program files/microchip/xc32/v2.40/bin/bin/../../lib/gcc/pic32c/6.2.1/../../../../pic32c/lib/v7e-m/fpv4-sp/hard\libpic32c.a(sbrk.o)

.debug_frame    0x00000000     0x2840
 .debug_frame   0x00000000       0xec build/LAN9255_SQI_INDIRECT_MODE/production/_ext/1984496892/plib_clock.o
 .debug_frame   0x000000ec       0xfc build/LAN9255_SQI_INDIRECT_MODE/production/_ext/60167341/plib_eic.o
 .debug_frame   0x000001e8       0x30 build/LAN9255_SQI_INDIRECT_MODE/production/_ext/1986646378/plib_evsys.o
 .debug_frame   0x00000218       0xa4 build/LAN9255_SQI_INDIRECT_MODE/production/_ext/1865468468/plib_nvic.o
 .debug_frame   0x000002bc      0x2ac build/LAN9255_SQI_INDIRECT_MODE/production/_ext/1593096446/plib_nvmctrl.o
 .debug_frame   0x00000568      0x170 build/LAN9255_SQI_INDIRECT_MODE/production/_ext/1865521619/plib_port.o
 .debug_frame   0x000006d8      0x180 build/LAN9255_SQI_INDIRECT_MODE/production/_ext/1865555181/plib_qspi.o
 .debug_frame   0x00000858      0x184 build/LAN9255_SQI_INDIRECT_MODE/production/_ext/1827571544/plib_systick.o
 .debug_frame   0x000009dc       0xa0 build/LAN9255_SQI_INDIRECT_MODE/production/_ext/1171490990/exceptions.o
 .debug_frame   0x00000a7c       0x34 build/LAN9255_SQI_INDIRECT_MODE/production/_ext/1171490990/initialization.o
 .debug_frame   0x00000ab0       0x20 build/LAN9255_SQI_INDIRECT_MODE/production/_ext/1171490990/interrupts.o
 .debug_frame   0x00000ad0       0x98 build/LAN9255_SQI_INDIRECT_MODE/production/_ext/1171490990/startup_xc32.o
 .debug_frame   0x00000b68       0x2c build/LAN9255_SQI_INDIRECT_MODE/production/_ext/1171490990/tasks.o
 .debug_frame   0x00000b94      0x3c4 build/LAN9255_SQI_INDIRECT_MODE/production/_ext/1671622016/Drivers.o
 .debug_frame   0x00000f58       0xb4 build/LAN9255_SQI_INDIRECT_MODE/production/_ext/108147519/ESC_Utils.o
 .debug_frame   0x0000100c      0x22c build/LAN9255_SQI_INDIRECT_MODE/production/_ext/108147519/LAN925x.o
 .debug_frame   0x00001238       0xa8 build/LAN9255_SQI_INDIRECT_MODE/production/_ext/108134065/bootmode.o
 .debug_frame   0x000012e0      0x1a8 build/LAN9255_SQI_INDIRECT_MODE/production/_ext/108134065/coeappl.o
 .debug_frame   0x00001488      0x1a8 build/LAN9255_SQI_INDIRECT_MODE/production/_ext/108134065/ecatappl.o
 .debug_frame   0x00001630       0x78 build/LAN9255_SQI_INDIRECT_MODE/production/_ext/108134065/ecatcoe.o
 .debug_frame   0x000016a8       0x7c build/LAN9255_SQI_INDIRECT_MODE/production/_ext/108134065/ecatfoe.o
 .debug_frame   0x00001724      0x320 build/LAN9255_SQI_INDIRECT_MODE/production/_ext/108134065/ecatslv.o
 .debug_frame   0x00001a44      0x160 build/LAN9255_SQI_INDIRECT_MODE/production/_ext/108134065/emcy.o
 .debug_frame   0x00001ba4       0xec build/LAN9255_SQI_INDIRECT_MODE/production/_ext/108134065/foeappl.o
 .debug_frame   0x00001c90      0x1ec build/LAN9255_SQI_INDIRECT_MODE/production/_ext/108134065/mailbox.o
 .debug_frame   0x00001e7c      0x1e8 build/LAN9255_SQI_INDIRECT_MODE/production/_ext/108134065/objdef.o
 .debug_frame   0x00002064      0x374 build/LAN9255_SQI_INDIRECT_MODE/production/_ext/108134065/sample_app.o
 .debug_frame   0x000023d8      0x120 build/LAN9255_SQI_INDIRECT_MODE/production/_ext/108134065/sdoserv.o
 .debug_frame   0x000024f8       0x2c build/LAN9255_SQI_INDIRECT_MODE/production/_ext/1360937237/main.o
 .debug_frame   0x00002524      0x110 build/LAN9255_SQI_INDIRECT_MODE/production/_ext/1360937237/app.o
 .debug_frame   0x00002634       0x2c c:/program files/microchip/xc32/v2.40/bin/bin/../../lib/gcc/pic32c/6.2.1/../../../../pic32c/lib/v7e-m/fpv4-sp/hard\libpic32c.a(data_init.o)
 .debug_frame   0x00002660       0x2c c:/program files/microchip/xc32/v2.40/bin/bin/../../lib/gcc/pic32c/6.2.1/../../../../pic32c/lib/v7e-m/fpv4-sp/hard\libc_nano.a(lib_a-init.o)
 .debug_frame   0x0000268c       0x30 c:/program files/microchip/xc32/v2.40/bin/bin/../../lib/gcc/pic32c/6.2.1/../../../../pic32c/lib/v7e-m/fpv4-sp/hard\libc_nano.a(lib_a-malloc.o)
 .debug_frame   0x000026bc       0x28 c:/program files/microchip/xc32/v2.40/bin/bin/../../lib/gcc/pic32c/6.2.1/../../../../pic32c/lib/v7e-m/fpv4-sp/hard\libc_nano.a(lib_a-memcpy-stub.o)
 .debug_frame   0x000026e4       0x20 c:/program files/microchip/xc32/v2.40/bin/bin/../../lib/gcc/pic32c/6.2.1/../../../../pic32c/lib/v7e-m/fpv4-sp/hard\libc_nano.a(lib_a-memset.o)
 .debug_frame   0x00002704       0x38 c:/program files/microchip/xc32/v2.40/bin/bin/../../lib/gcc/pic32c/6.2.1/../../../../pic32c/lib/v7e-m/fpv4-sp/hard\libc_nano.a(lib_a-nano-freer.o)
 .debug_frame   0x0000273c       0x2c c:/program files/microchip/xc32/v2.40/bin/bin/../../lib/gcc/pic32c/6.2.1/../../../../pic32c/lib/v7e-m/fpv4-sp/hard\libc_nano.a(lib_a-nano-mallocr.o)
 .debug_frame   0x00002768       0x2c c:/program files/microchip/xc32/v2.40/bin/bin/../../lib/gcc/pic32c/6.2.1/../../../../pic32c/lib/v7e-m/fpv4-sp/hard\libc_nano.a(lib_a-sbrkr.o)
 .debug_frame   0x00002794       0x30 c:/program files/microchip/xc32/v2.40/bin/bin/../../lib/gcc/pic32c/6.2.1/../../../../pic32c/lib/v7e-m/fpv4-sp/hard\libc_nano.a(lib_a-mlock.o)
 .debug_frame   0x000027c4       0x5c c:/program files/microchip/xc32/v2.40/bin/bin/../../lib/gcc/pic32c/6.2.1/../../../../pic32c/lib/v7e-m/fpv4-sp/hard\libc_nano.a(lib_a-reent.o)
 .debug_frame   0x00002820       0x20 c:/program files/microchip/xc32/v2.40/bin/bin/../../lib/gcc/pic32c/6.2.1/../../../../pic32c/lib/v7e-m/fpv4-sp/hard\libpic32c.a(sbrk.o)

.stack          0x20002ad8      0x100
 .stack         0x20002ad8      0x100 stack

.data.GenObjDic%1
                0x200023e4      0x1e0
 .data.GenObjDic
                0x200023e4      0x1e0 build/LAN9255_SQI_INDIRECT_MODE/production/_ext/108134065/coeappl.o
                0x200023e4                GenObjDic

.data.ApplicationObjDic%2
                0x200025c4      0x118
 .data.ApplicationObjDic
                0x200025c4      0x118 build/LAN9255_SQI_INDIRECT_MODE/production/_ext/108134065/coeappl.o
                0x200025c4                ApplicationObjDic

.bss.gau8rx_data%3
                0x200026dc       0x80
 .bss.gau8rx_data
                0x200026dc       0x80 build/LAN9255_SQI_INDIRECT_MODE/production/_ext/1671622016/Drivers.o

.data.impure_data%4
                0x2000275c       0x60
 .data.impure_data
                0x2000275c       0x60 c:/program files/microchip/xc32/v2.40/bin/bin/../../lib/gcc/pic32c/6.2.1/../../../../pic32c/lib/v7e-m/fpv4-sp/hard\libc_nano.a(lib_a-impure.o)

.data.gau8DummyCntArr%5
                0x200027bc       0x27
 .data.gau8DummyCntArr
                0x200027bc       0x27 build/LAN9255_SQI_INDIRECT_MODE/production/_ext/108147519/LAN925x.o
                0x200027bc                gau8DummyCntArr

.bss%6          0x200027e4       0x1c
 .bss           0x200027e4       0x1c c:/program files/microchip/xc32/v2.40/bin/bin/../../lib/gcc/pic32c/6.2.1/v7e-m/fpv4-sp/hard/crtbegin.o

.data.acDevicename%7
                0x20002800       0x16
 .data.acDevicename
                0x20002800       0x16 build/LAN9255_SQI_INDIRECT_MODE/production/_ext/108134065/coeappl.o
                0x20002800                acDevicename

.data.sIdentity%8
                0x20002818       0x14
 .data.sIdentity
                0x20002818       0x14 build/LAN9255_SQI_INDIRECT_MODE/production/_ext/108134065/coeappl.o
                0x20002818                sIdentity

.data.aSubindexDesc%9
                0x2000282c        0xd
 .data.aSubindexDesc
                0x2000282c        0xd build/LAN9255_SQI_INDIRECT_MODE/production/_ext/108134065/objdef.o
                0x2000282c                aSubindexDesc

.data.sErrorSettings%10
                0x2000283c        0xc
 .data.sErrorSettings
                0x2000283c        0xc build/LAN9255_SQI_INDIRECT_MODE/production/_ext/108134065/objdef.o
                0x2000283c                sErrorSettings

.bss.u64Timestamp%11
                0x20002848        0x8
 .bss.u64Timestamp
                0x20002848        0x8 build/LAN9255_SQI_INDIRECT_MODE/production/_ext/108134065/coeappl.o
                0x20002848                u64Timestamp

.data.OutputsProcessDataMapping0x1601%12
                0x20002850        0x8
 .data.OutputsProcessDataMapping0x1601
                0x20002850        0x8 build/LAN9255_SQI_INDIRECT_MODE/production/_ext/108134065/sample_app.o
                0x20002850                OutputsProcessDataMapping0x1601

.data.InputsProcessDataMapping0x1A00%13
                0x20002858        0x8
 .data.InputsProcessDataMapping0x1A00
                0x20002858        0x8 build/LAN9255_SQI_INDIRECT_MODE/production/_ext/108134065/sample_app.o
                0x20002858                InputsProcessDataMapping0x1A00

.data.Inputs0x6000%14
                0x20002860        0x8
 .data.Inputs0x6000
                0x20002860        0x8 build/LAN9255_SQI_INDIRECT_MODE/production/_ext/108134065/sample_app.o
                0x20002860                Inputs0x6000

.data.Outputs0x7010%15
                0x20002868        0x8
 .data.Outputs0x7010
                0x20002868        0x8 build/LAN9255_SQI_INDIRECT_MODE/production/_ext/108134065/sample_app.o
                0x20002868                Outputs0x7010

.data.sSyncmanagertype%16
                0x20002870        0x6
 .data.sSyncmanagertype
                0x20002870        0x6 build/LAN9255_SQI_INDIRECT_MODE/production/_ext/108134065/coeappl.o
                0x20002870                sSyncmanagertype

.data.u32Devicetype%17
                0x20002878        0x4
 .data.u32Devicetype
                0x20002878        0x4 build/LAN9255_SQI_INDIRECT_MODE/production/_ext/108134065/coeappl.o
                0x20002878                u32Devicetype

.data.acHardwareversion%18
                0x2000287c        0x4
 .data.acHardwareversion
                0x2000287c        0x4 build/LAN9255_SQI_INDIRECT_MODE/production/_ext/108134065/coeappl.o
                0x2000287c                acHardwareversion

.data.acSoftwareversion%19
                0x20002880        0x4
 .data.acSoftwareversion
                0x20002880        0x4 build/LAN9255_SQI_INDIRECT_MODE/production/_ext/108134065/coeappl.o
                0x20002880                acSoftwareversion

.bss.ObjDicList%20
                0x20002884        0x4
 .bss.ObjDicList
                0x20002884        0x4 build/LAN9255_SQI_INDIRECT_MODE/production/_ext/108134065/coeappl.o
                0x20002884                ObjDicList

.bss.SMActivate%21
                0x20002888        0x4
 .bss.SMActivate
                0x20002888        0x4 build/LAN9255_SQI_INDIRECT_MODE/production/_ext/108134065/ecatslv.o
                0x20002888                SMActivate

.data.sRxPDOassign%22
                0x2000288c        0x4
 .data.sRxPDOassign
                0x2000288c        0x4 build/LAN9255_SQI_INDIRECT_MODE/production/_ext/108134065/sample_app.o
                0x2000288c                sRxPDOassign

.data.sTxPDOassign%23
                0x20002890        0x4
 .data.sTxPDOassign
                0x20002890        0x4 build/LAN9255_SQI_INDIRECT_MODE/production/_ext/108134065/sample_app.o
                0x20002890                sTxPDOassign

.bss.nFileWriteOffset%24
                0x20002894        0x4
 .bss.nFileWriteOffset
                0x20002894        0x4 build/LAN9255_SQI_INDIRECT_MODE/production/_ext/108134065/sample_app.o
                0x20002894                nFileWriteOffset

.bss.nFileTotalLengthOffset%25
                0x20002898        0x4
 .bss.nFileTotalLengthOffset
                0x20002898        0x4 build/LAN9255_SQI_INDIRECT_MODE/production/_ext/108134065/sample_app.o
                0x20002898                nFileTotalLengthOffset

.bss.nFileStartWriteAddress%26
                0x2000289c        0x4
 .bss.nFileStartWriteAddress
                0x2000289c        0x4 build/LAN9255_SQI_INDIRECT_MODE/production/_ext/108134065/sample_app.o
                0x2000289c                nFileStartWriteAddress

.bss.u32FileSize%27
                0x200028a0        0x4
 .bss.u32FileSize
                0x200028a0        0x4 build/LAN9255_SQI_INDIRECT_MODE/production/_ext/108134065/sample_app.o
                0x200028a0                u32FileSize

.bss.__malloc_free_list%28
                0x200028a4        0x4
 .bss.__malloc_free_list
                0x200028a4        0x4 c:/program files/microchip/xc32/v2.40/bin/bin/../../lib/gcc/pic32c/6.2.1/../../../../pic32c/lib/v7e-m/fpv4-sp/hard\libc_nano.a(lib_a-nano-mallocr.o)
                0x200028a4                __malloc_free_list

.bss.__malloc_sbrk_start%29
                0x200028a8        0x4
 .bss.__malloc_sbrk_start
                0x200028a8        0x4 c:/program files/microchip/xc32/v2.40/bin/bin/../../lib/gcc/pic32c/6.2.1/../../../../pic32c/lib/v7e-m/fpv4-sp/hard\libc_nano.a(lib_a-nano-mallocr.o)
                0x200028a8                __malloc_sbrk_start

.data._impure_ptr%30
                0x200028ac        0x4
 .data._impure_ptr
                0x200028ac        0x4 c:/program files/microchip/xc32/v2.40/bin/bin/../../lib/gcc/pic32c/6.2.1/../../../../pic32c/lib/v7e-m/fpv4-sp/hard\libc_nano.a(lib_a-impure.o)
                0x200028ac                _impure_ptr

.bss%31         0x200028b0        0x4
 .bss           0x200028b0        0x4 c:/program files/microchip/xc32/v2.40/bin/bin/../../lib/gcc/pic32c/6.2.1/../../../../pic32c/lib/v7e-m/fpv4-sp/hard\libpic32c.a(sbrk.o)

.bss.nvm_error%32
                0x20002816        0x2
 .bss.nvm_error
                0x20002816        0x2 build/LAN9255_SQI_INDIRECT_MODE/production/_ext/1593096446/plib_nvmctrl.o

.bss.nvm_status%33
                0x20002876        0x2
 .bss.nvm_status
                0x20002876        0x2 build/LAN9255_SQI_INDIRECT_MODE/production/_ext/1593096446/plib_nvmctrl.o

.bss.u16ErrorRegister%34
                0x2000283a        0x2
 .bss.u16ErrorRegister
                0x2000283a        0x2 build/LAN9255_SQI_INDIRECT_MODE/production/_ext/108134065/coeappl.o
                0x2000283a                u16ErrorRegister

.bss.gbALEvtOpEnabled%35
                0x200027e3        0x1
 .bss.gbALEvtOpEnabled
                0x200027e3        0x1 build/LAN9255_SQI_INDIRECT_MODE/production/_ext/108147519/LAN925x.o
                0x200027e3                gbALEvtOpEnabled

.bss.bInitFinished%36
                0x20002839        0x1
 .bss.bInitFinished
                0x20002839        0x1 build/LAN9255_SQI_INDIRECT_MODE/production/_ext/108134065/ecatappl.o
                0x20002839                bInitFinished

.bss.EepromLoaded%37
                0x200028b4        0x1
 .bss.EepromLoaded
                0x200028b4        0x1 build/LAN9255_SQI_INDIRECT_MODE/production/_ext/108134065/ecatslv.o
                0x200028b4                EepromLoaded

.bss.gFirmwareDownload_Started%38
                0x200028b5        0x1
 .bss.gFirmwareDownload_Started
                0x200028b5        0x1 build/LAN9255_SQI_INDIRECT_MODE/production/_ext/108134065/sample_app.o
                0x200028b5                gFirmwareDownload_Started

.bss.gFirmwareDownload_Finished%39
                0x200028b6        0x1
 .bss.gFirmwareDownload_Finished
                0x200028b6        0x1 build/LAN9255_SQI_INDIRECT_MODE/production/_ext/108134065/sample_app.o
                0x200028b6                gFirmwareDownload_Finished

.bss.bSdoInWork%40
                0x200028b7        0x1
 .bss.bSdoInWork
                0x200028b7        0x1 build/LAN9255_SQI_INDIRECT_MODE/production/_ext/108134065/sdoserv.o
                0x200028b7                bSdoInWork

.eh_frame%z1    0x00000000        0x0
 .eh_frame      0x00000000        0x0 c:/program files/microchip/xc32/v2.40/bin/bin/../../lib/gcc/pic32c/6.2.1/v7e-m/fpv4-sp/hard/crtbegin.o

.text.StartInputHandler%41
                0x00000280      0x7e4
 .text.StartInputHandler
                0x00000280      0x7e4 build/LAN9255_SQI_INDIRECT_MODE/production/_ext/108134065/ecatslv.o
                0x00000280                StartInputHandler

.text.AL_ControlInd%42
                0x00000a64      0x790
 .text.AL_ControlInd
                0x00000a64      0x790 build/LAN9255_SQI_INDIRECT_MODE/production/_ext/108134065/ecatslv.o
                0x00000a64                AL_ControlInd

.text.OBJ_Write%43
                0x000011f4      0x710
 .text.OBJ_Write
                0x000011f4      0x710 build/LAN9255_SQI_INDIRECT_MODE/production/_ext/108134065/objdef.o
                0x000011f4                OBJ_Write

.dinit%44       0x00001904      0x6b0
 .dinit         0x00001904      0x6b0 data_init

.text.OBJ_Read%45
                0x00001fb4      0x67c
 .text.OBJ_Read
                0x00001fb4      0x67c build/LAN9255_SQI_INDIRECT_MODE/production/_ext/108134065/objdef.o
                0x00001fb4                OBJ_Read

.text.SDOS_SdoInd%46
                0x00002630      0x5e4
 .text.SDOS_SdoInd
                0x00002630      0x5e4 build/LAN9255_SQI_INDIRECT_MODE/production/_ext/108134065/sdoserv.o
                0x00002630                SDOS_SdoInd

.text.FOE_ServiceInd%47
                0x00002c14      0x488
 .text.FOE_ServiceInd
                0x00002c14      0x488 build/LAN9255_SQI_INDIRECT_MODE/production/_ext/108134065/ecatfoe.o
                0x00002c14                FOE_ServiceInd

.text.SDOS_SdoInfoInd%48
                0x0000309c      0x434
 .text.SDOS_SdoInfoInd
                0x0000309c      0x434 build/LAN9255_SQI_INDIRECT_MODE/production/_ext/108134065/sdoserv.o
                0x0000309c                SDOS_SdoInfoInd

.text.SdoDownloadSegmentInd%49
                0x000034d0      0x3b4
 .text.SdoDownloadSegmentInd
                0x000034d0      0x3b4 build/LAN9255_SQI_INDIRECT_MODE/production/_ext/108134065/sdoserv.o

.text.CheckSmSettings%50
                0x00003884      0x3a0
 .text.CheckSmSettings
                0x00003884      0x3a0 build/LAN9255_SQI_INDIRECT_MODE/production/_ext/108134065/ecatslv.o
                0x00003884                CheckSmSettings

.text.EEPROM_CommandHandler%51
                0x00003c24      0x2bc
 .text.EEPROM_CommandHandler
                0x00003c24      0x2bc build/LAN9255_SQI_INDIRECT_MODE/production/_ext/108134065/ecatappl.o
                0x00003c24                EEPROM_CommandHandler

.text.AL_ControlRes%52
                0x00003ee0      0x2bc
 .text.AL_ControlRes
                0x00003ee0      0x2bc build/LAN9255_SQI_INDIRECT_MODE/production/_ext/108134065/ecatslv.o
                0x00003ee0                AL_ControlRes

.text.SdoUploadSegmentInd%53
                0x0000419c      0x260
 .text.SdoUploadSegmentInd
                0x0000419c      0x260 build/LAN9255_SQI_INDIRECT_MODE/production/_ext/108134065/sdoserv.o

.text.SendSmFailedEmergency%54
                0x000043fc      0x1e0
 .text.SendSmFailedEmergency
                0x000043fc      0x1e0 build/LAN9255_SQI_INDIRECT_MODE/production/_ext/108134065/ecatslv.o
                0x000043fc                SendSmFailedEmergency

.text.SdoRes%55
                0x000045dc      0x1bc
 .text.SdoRes   0x000045dc      0x1bc build/LAN9255_SQI_INDIRECT_MODE/production/_ext/108134065/sdoserv.o
                0x000045dc                SdoRes

.text.ECAT_Main%56
                0x00004798      0x1b4
 .text.ECAT_Main
                0x00004798      0x1b4 build/LAN9255_SQI_INDIRECT_MODE/production/_ext/108134065/ecatslv.o
                0x00004798                ECAT_Main

.text.CheckSyncTypeValue%57
                0x0000494c      0x1b4
 .text.CheckSyncTypeValue
                0x0000494c      0x1b4 build/LAN9255_SQI_INDIRECT_MODE/production/_ext/108134065/objdef.o
                0x0000494c                CheckSyncTypeValue

.text.FoE_WriteData%58
                0x00004b00      0x18c
 .text.FoE_WriteData
                0x00004b00      0x18c build/LAN9255_SQI_INDIRECT_MODE/production/_ext/108134065/sample_app.o
                0x00004b00                FoE_WriteData

.text.OBJ_GetEntryOffset%59
                0x00004c8c      0x178
 .text.OBJ_GetEntryOffset
                0x00004c8c      0x178 build/LAN9255_SQI_INDIRECT_MODE/production/_ext/108134065/objdef.o
                0x00004c8c                OBJ_GetEntryOffset

.text.APPL_GenerateMapping%60
                0x00004e04      0x174
 .text.APPL_GenerateMapping
                0x00004e04      0x174 build/LAN9255_SQI_INDIRECT_MODE/production/_ext/108134065/sample_app.o
                0x00004e04                APPL_GenerateMapping

.text.ECAT_Init%61
                0x00004f78      0x170
 .text.ECAT_Init
                0x00004f78      0x170 build/LAN9255_SQI_INDIRECT_MODE/production/_ext/108134065/ecatslv.o
                0x00004f78                ECAT_Init

.text.SetALStatus%62
                0x000050e8      0x164
 .text.SetALStatus
                0x000050e8      0x164 build/LAN9255_SQI_INDIRECT_MODE/production/_ext/108134065/ecatslv.o
                0x000050e8                SetALStatus

.text.MBX_CheckAndCopyMailbox%63
                0x0000524c      0x164
 .text.MBX_CheckAndCopyMailbox
                0x0000524c      0x164 build/LAN9255_SQI_INDIRECT_MODE/production/_ext/108134065/mailbox.o
                0x0000524c                MBX_CheckAndCopyMailbox

.text.COE_ObjInit%64
                0x000053b0      0x160
 .text.COE_ObjInit
                0x000053b0      0x160 build/LAN9255_SQI_INDIRECT_MODE/production/_ext/108134065/coeappl.o
                0x000053b0                COE_ObjInit

.text.Sync0_Isr%65
                0x00005510      0x15c
 .text.Sync0_Isr
                0x00005510      0x15c build/LAN9255_SQI_INDIRECT_MODE/production/_ext/108134065/ecatappl.o
                0x00005510                Sync0_Isr

.text.MainInit%66
                0x0000566c      0x15c
 .text.MainInit
                0x0000566c      0x15c build/LAN9255_SQI_INDIRECT_MODE/production/_ext/108134065/ecatappl.o
                0x0000566c                MainInit

.text.MBX_StopMailboxHandler%67
                0x000057c8      0x154
 .text.MBX_StopMailboxHandler
                0x000057c8      0x154 build/LAN9255_SQI_INDIRECT_MODE/production/_ext/108134065/mailbox.o
                0x000057c8                MBX_StopMailboxHandler

.text.APP_FlashEEPROMUpdate%68
                0x0000591c      0x154
 .text.APP_FlashEEPROMUpdate
                0x0000591c      0x154 build/LAN9255_SQI_INDIRECT_MODE/production/_ext/1360937237/app.o
                0x0000591c                APP_FlashEEPROMUpdate

.text.PDI_Isr%69
                0x00005a70      0x14c
 .text.PDI_Isr  0x00005a70      0x14c build/LAN9255_SQI_INDIRECT_MODE/production/_ext/108134065/ecatappl.o
                0x00005a70                PDI_Isr

.text.StopInputHandler%70
                0x00005bbc      0x12c
 .text.StopInputHandler
                0x00005bbc      0x12c build/LAN9255_SQI_INDIRECT_MODE/production/_ext/108134065/ecatslv.o
                0x00005bbc                StopInputHandler

.text.MBX_MailboxReadInd%71
                0x00005ce8      0x124
 .text.MBX_MailboxReadInd
                0x00005ce8      0x124 build/LAN9255_SQI_INDIRECT_MODE/production/_ext/108134065/mailbox.o
                0x00005ce8                MBX_MailboxReadInd

.text.OBJ_GetObjectLength%72
                0x00005e0c      0x124
 .text.OBJ_GetObjectLength
                0x00005e0c      0x124 build/LAN9255_SQI_INDIRECT_MODE/production/_ext/108134065/objdef.o
                0x00005e0c                OBJ_GetObjectLength

.text.SDOS_SdoRes%73
                0x00005f30      0x124
 .text.SDOS_SdoRes
                0x00005f30      0x124 build/LAN9255_SQI_INDIRECT_MODE/production/_ext/108134065/sdoserv.o
                0x00005f30                SDOS_SdoRes

.text.DC_CheckWatchdog%74
                0x00006054      0x120
 .text.DC_CheckWatchdog
                0x00006054      0x120 build/LAN9255_SQI_INDIRECT_MODE/production/_ext/108134065/ecatslv.o
                0x00006054                DC_CheckWatchdog

.text.OBJ_GetDesc%75
                0x00006174      0x120
 .text.OBJ_GetDesc
                0x00006174      0x120 build/LAN9255_SQI_INDIRECT_MODE/production/_ext/108134065/objdef.o
                0x00006174                OBJ_GetDesc

.text.MBX_StartMailboxHandler%76
                0x00006294      0x114
 .text.MBX_StartMailboxHandler
                0x00006294      0x114 build/LAN9255_SQI_INDIRECT_MODE/production/_ext/108134065/mailbox.o
                0x00006294                MBX_StartMailboxHandler

.text.MBX_CopyToSendMailbox%77
                0x000063a8      0x10c
 .text.MBX_CopyToSendMailbox
                0x000063a8      0x10c build/LAN9255_SQI_INDIRECT_MODE/production/_ext/108134065/mailbox.o
                0x000063a8                MBX_CopyToSendMailbox

.rodata.aName0x1C32%78
                0x000064b4      0x100
 .rodata.aName0x1C32
                0x000064b4      0x100 build/LAN9255_SQI_INDIRECT_MODE/production/_ext/108134065/coeappl.o
                0x000064b4                aName0x1C32

.rodata.aName0x1C33%79
                0x000065b4      0x100
 .rodata.aName0x1C33
                0x000065b4      0x100 build/LAN9255_SQI_INDIRECT_MODE/production/_ext/108134065/coeappl.o
                0x000065b4                aName0x1C33

.text.MBX_Init%80
                0x000066b4      0x100
 .text.MBX_Init
                0x000066b4      0x100 build/LAN9255_SQI_INDIRECT_MODE/production/_ext/108134065/mailbox.o
                0x000066b4                MBX_Init

.text.HW_EscWrite%81
                0x000067b4       0xf8
 .text.HW_EscWrite
                0x000067b4       0xf8 build/LAN9255_SQI_INDIRECT_MODE/production/_ext/108147519/LAN925x.o
                0x000067b4                HW_EscWrite

.text.ECAT_CheckTimer%82
                0x000068ac       0xf8
 .text.ECAT_CheckTimer
                0x000068ac       0xf8 build/LAN9255_SQI_INDIRECT_MODE/production/_ext/108134065/ecatappl.o
                0x000068ac                ECAT_CheckTimer

.text.OBJ_GetObjectList%83
                0x000069a4       0xf8
 .text.OBJ_GetObjectList