Archive member included to satisfy reference by file (symbol)

c:/program files/microchip/xc32/v2.40/bin/bin/../../lib/gcc/pic32c/6.2.1/../../../../pic32c/lib/v7e-m/fpv4-sp/hard\libpic32c.a(data_init.o)
                              build/LAN9255_SQI_DIRECT_MODE/production/_ext/1171490990/startup_xc32.o (__pic32c_data_initialization)
c:/program files/microchip/xc32/v2.40/bin/bin/../../lib/gcc/pic32c/6.2.1/../../../../pic32c/lib/v7e-m/fpv4-sp/hard\libc_nano.a(lib_a-init.o)
                              build/LAN9255_SQI_DIRECT_MODE/production/_ext/1171490990/startup_xc32.o (__libc_init_array)
c:/program files/microchip/xc32/v2.40/bin/bin/../../lib/gcc/pic32c/6.2.1/../../../../pic32c/lib/v7e-m/fpv4-sp/hard\libc_nano.a(lib_a-malloc.o)
                              build/LAN9255_SQI_DIRECT_MODE/production/_ext/108134065/ecatcoe.o (malloc)
c:/program files/microchip/xc32/v2.40/bin/bin/../../lib/gcc/pic32c/6.2.1/../../../../pic32c/lib/v7e-m/fpv4-sp/hard\libc_nano.a(lib_a-memcpy-stub.o)
                              build/LAN9255_SQI_DIRECT_MODE/production/_ext/1593096446/plib_nvmctrl.o (memcpy)
c:/program files/microchip/xc32/v2.40/bin/bin/../../lib/gcc/pic32c/6.2.1/../../../../pic32c/lib/v7e-m/fpv4-sp/hard\libc_nano.a(lib_a-memset.o)
                              build/LAN9255_SQI_DIRECT_MODE/production/_ext/1671622016/Drivers.o (memset)
c:/program files/microchip/xc32/v2.40/bin/bin/../../lib/gcc/pic32c/6.2.1/../../../../pic32c/lib/v7e-m/fpv4-sp/hard\libc_nano.a(lib_a-nano-freer.o)
                              c:/program files/microchip/xc32/v2.40/bin/bin/../../lib/gcc/pic32c/6.2.1/../../../../pic32c/lib/v7e-m/fpv4-sp/hard\libc_nano.a(lib_a-malloc.o) (_free_r)
c:/program files/microchip/xc32/v2.40/bin/bin/../../lib/gcc/pic32c/6.2.1/../../../../pic32c/lib/v7e-m/fpv4-sp/hard\libc_nano.a(lib_a-nano-mallocr.o)
                              c:/program files/microchip/xc32/v2.40/bin/bin/../../lib/gcc/pic32c/6.2.1/../../../../pic32c/lib/v7e-m/fpv4-sp/hard\libc_nano.a(lib_a-malloc.o) (_malloc_r)
c:/program files/microchip/xc32/v2.40/bin/bin/../../lib/gcc/pic32c/6.2.1/../../../../pic32c/lib/v7e-m/fpv4-sp/hard\libc_nano.a(lib_a-sbrkr.o)
                              c:/program files/microchip/xc32/v2.40/bin/bin/../../lib/gcc/pic32c/6.2.1/../../../../pic32c/lib/v7e-m/fpv4-sp/hard\libc_nano.a(lib_a-nano-mallocr.o) (_sbrk_r)
c:/program files/microchip/xc32/v2.40/bin/bin/../../lib/gcc/pic32c/6.2.1/../../../../pic32c/lib/v7e-m/fpv4-sp/hard\libc_nano.a(lib_a-strlen.o)
                              build/LAN9255_SQI_DIRECT_MODE/production/_ext/108134065/objdef.o (strlen)
c:/program files/microchip/xc32/v2.40/bin/bin/../../lib/gcc/pic32c/6.2.1/../../../../pic32c/lib/v7e-m/fpv4-sp/hard\libc_nano.a(lib_a-impure.o)
                              c:/program files/microchip/xc32/v2.40/bin/bin/../../lib/gcc/pic32c/6.2.1/../../../../pic32c/lib/v7e-m/fpv4-sp/hard\libc_nano.a(lib_a-malloc.o) (_impure_ptr)
c:/program files/microchip/xc32/v2.40/bin/bin/../../lib/gcc/pic32c/6.2.1/../../../../pic32c/lib/v7e-m/fpv4-sp/hard\libc_nano.a(lib_a-mlock.o)
                              c:/program files/microchip/xc32/v2.40/bin/bin/../../lib/gcc/pic32c/6.2.1/../../../../pic32c/lib/v7e-m/fpv4-sp/hard\libc_nano.a(lib_a-nano-freer.o) (__malloc_lock)
c:/program files/microchip/xc32/v2.40/bin/bin/../../lib/gcc/pic32c/6.2.1/../../../../pic32c/lib/v7e-m/fpv4-sp/hard\libc_nano.a(lib_a-reent.o)
                              c:/program files/microchip/xc32/v2.40/bin/bin/../../lib/gcc/pic32c/6.2.1/../../../../pic32c/lib/v7e-m/fpv4-sp/hard\libc_nano.a(lib_a-sbrkr.o) (errno)
c:/program files/microchip/xc32/v2.40/bin/bin/../../lib/gcc/pic32c/6.2.1/../../../../pic32c/lib/v7e-m/fpv4-sp/hard\libpic32c.a(sbrk.o)
                              c:/program files/microchip/xc32/v2.40/bin/bin/../../lib/gcc/pic32c/6.2.1/../../../../pic32c/lib/v7e-m/fpv4-sp/hard\libc_nano.a(lib_a-sbrkr.o) (_sbrk)

Allocating common symbols
Common symbol       size              file

b3BufferMode        0x1               build/LAN9255_SQI_DIRECT_MODE/production/_ext/108134065/ecatslv.o
nEcatStateTrans     0x2               build/LAN9255_SQI_DIRECT_MODE/production/_ext/108134065/ecatslv.o
EcatWdCounter       0x2               build/LAN9255_SQI_DIRECT_MODE/production/_ext/108134065/ecatslv.o
sSendEmcyQueue      0x10              build/LAN9255_SQI_DIRECT_MODE/production/_ext/108134065/emcy.o
bApplEsmPending     0x1               build/LAN9255_SQI_DIRECT_MODE/production/_ext/108134065/ecatslv.o
pCoeSendStored      0x4               build/LAN9255_SQI_DIRECT_MODE/production/_ext/108134065/ecatcoe.o
pAPPL_EEPROM_Store  0x4               build/LAN9255_SQI_DIRECT_MODE/production/_ext/108134065/ecatappl.o
nSdoInfoIndex       0x2               build/LAN9255_SQI_DIRECT_MODE/production/_ext/108134065/sdoserv.o
pStoreData          0x4               build/LAN9255_SQI_DIRECT_MODE/production/_ext/108134065/sdoserv.o
[...]
Memory Configuration

Name             Origin             Length             Attributes
rom              0x00000000         0x000fe000         xrl
ram              0x20000000         0x00040000         xw !r
config_eeprom_mem 0x0003e000         0x00002000         xrl
config_00804000  0x00804000         0x00000004
config_00804004  0x00804004         0x00000004
config_00804008  0x00804008         0x00000004
*default*        0x00000000         0xffffffff

Linker script and memory map

LOAD c:/program files/microchip/xc32/v2.40/bin/bin/../../lib/gcc/pic32c/6.2.1/v7e-m/fpv4-sp/hard/crti.o
LOAD c:/program files/microchip/xc32/v2.40/bin/bin/../../lib/gcc/pic32c/6.2.1/v7e-m/fpv4-sp/hard/crtbegin.o
LOAD build/LAN9255_SQI_DIRECT_MODE/production/_ext/1984496892/plib_clock.o
LOAD build/LAN9255_SQI_DIRECT_MODE/production/_ext/1865131932/plib_cmcc.o
LOAD build/LAN9255_SQI_DIRECT_MODE/production/_ext/60167341/plib_eic.o
LOAD build/LAN9255_SQI_DIRECT_MODE/production/_ext/1986646378/plib_evsys.o
LOAD build/LAN9255_SQI_DIRECT_MODE/production/_ext/1865468468/plib_nvic.o
LOAD build/LAN9255_SQI_DIRECT_MODE/production/_ext/1593096446/plib_nvmctrl.o
LOAD build/LAN9255_SQI_DIRECT_MODE/production/_ext/1865521619/plib_port.o
LOAD build/LAN9255_SQI_DIRECT_MODE/production/_ext/1865555181/plib_qspi.o
LOAD build/LAN9255_SQI_DIRECT_MODE/production/_ext/1865555181/plib_qspi_spi.o
LOAD build/LAN9255_SQI_DIRECT_MODE/production/_ext/1827571544/plib_systick.o
LOAD build/LAN9255_SQI_DIRECT_MODE/production/_ext/163028504/xc32_monitor.o
LOAD build/LAN9255_SQI_DIRECT_MODE/production/_ext/1881668453/sys_int.o
LOAD build/LAN9255_SQI_DIRECT_MODE/production/_ext/1171490990/exceptions.o
LOAD build/LAN9255_SQI_DIRECT_MODE/production/_ext/1171490990/initialization.o
LOAD build/LAN9255_SQI_DIRECT_MODE/production/_ext/1171490990/interrupts.o
LOAD build/LAN9255_SQI_DIRECT_MODE/production/_ext/1171490990/libc_syscalls.o
LOAD build/LAN9255_SQI_DIRECT_MODE/production/_ext/1171490990/startup_xc32.o
LOAD build/LAN9255_SQI_DIRECT_MODE/production/_ext/1171490990/tasks.o
LOAD build/LAN9255_SQI_DIRECT_MODE/production/_ext/1671622016/Drivers.o
LOAD build/LAN9255_SQI_DIRECT_MODE/production/_ext/108147519/ESC_Utils.o
LOAD build/LAN9255_SQI_DIRECT_MODE/production/_ext/108147519/LAN925x.o
LOAD build/LAN9255_SQI_DIRECT_MODE/production/_ext/108134065/bootmode.o
LOAD build/LAN9255_SQI_DIRECT_MODE/production/_ext/108134065/coeappl.o
LOAD build/LAN9255_SQI_DIRECT_MODE/production/_ext/108134065/ecatappl.o
LOAD build/LAN9255_SQI_DIRECT_MODE/production/_ext/108134065/ecatcoe.o
LOAD build/LAN9255_SQI_DIRECT_MODE/production/_ext/108134065/ecatfoe.o
LOAD build/LAN9255_SQI_DIRECT_MODE/production/_ext/108134065/ecatslv.o
LOAD build/LAN9255_SQI_DIRECT_MODE/production/_ext/108134065/emcy.o
LOAD build/LAN9255_SQI_DIRECT_MODE/production/_ext/108134065/foeappl.o
LOAD build/LAN9255_SQI_DIRECT_MODE/production/_ext/108134065/mailbox.o
LOAD build/LAN9255_SQI_DIRECT_MODE/production/_ext/108134065/objdef.o
LOAD build/LAN9255_SQI_DIRECT_MODE/production/_ext/108134065/sample_app.o
LOAD build/LAN9255_SQI_DIRECT_MODE/production/_ext/108134065/sdoserv.o
LOAD build/LAN9255_SQI_DIRECT_MODE/production/_ext/1360937237/main.o
LOAD build/LAN9255_SQI_DIRECT_MODE/production/_ext/1360937237/app.o
LOAD build/LAN9255_SQI_DIRECT_MODE/production/_ext/1360937237/Developer_Test.o
                0x00000001                __MPLAB_BUILD = 0x1
                0x000fe000                __rom_end = (ORIGIN (rom) + LENGTH (rom))
                0x20040000                __ram_end = (ORIGIN (ram) + LENGTH (ram))

.config_00804000
 *(.config_00804000)

.config_eeprom  0x0003e000      0x800
 *(.config_eeprom)
 .config_eeprom
                0x0003e000      0x800 build/LAN9255_SQI_DIRECT_MODE/production/_ext/1360937237/app.o
                0x0003e000                aEepromData

.config_00804004
 *(.config_00804004)

.config_00804008
 *(.config_00804008)

.vectors        0x00000000      0x260
                0x00000000                . = ALIGN (0x4)
                0x00000000                _sfixed = .
 *(.vectors .vectors.* .vectors_default .vectors_default.*)
 .vectors       0x00000000      0x260 build/LAN9255_SQI_DIRECT_MODE/production/_ext/1171490990/interrupts.o
                0x00000000                exception_table
 *(.isr_vector)
 *(.reset*)
 *(.after_vectors)

.text           0x00000260       0x20
                0x00000260                . = ALIGN (0x4)
 *(.glue_7t)
 .glue_7t       0x00000260        0x0 linker stubs
 *(.glue_7)
 .glue_7        0x00000260        0x0 linker stubs
 *(.gnu.linkonce.r.*)
 *(.ARM.extab* .gnu.linkonce.armextab.*)
                0x00000260                . = ALIGN (0x4)
 *(.init)
 .init          0x00000260        0x4 c:/program files/microchip/xc32/v2.40/bin/bin/../../lib/gcc/pic32c/6.2.1/v7e-m/fpv4-sp/hard/crti.o
                0x00000260                _init
 .init          0x00000264        0x8 c:/program files/microchip/xc32/v2.40/bin/bin/../../lib/gcc/pic32c/6.2.1/v7e-m/fpv4-sp/hard/crtn.o
                0x0000026c                . = ALIGN (0x4)
                0x0000026c                __preinit_array_start = .
 *(.preinit_array)
                0x0000026c                __preinit_array_end = .
                0x0000026c                . = ALIGN (0x4)
                0x0000026c                __init_array_start = .
 *(SORT(.init_array.*))
 *(.init_array)
 .init_array    0x0000026c        0x4 c:/program files/microchip/xc32/v2.40/bin/bin/../../lib/gcc/pic32c/6.2.1/v7e-m/fpv4-sp/hard/crtbegin.o
                0x00000270                __init_array_end = .
                0x00000270                . = ALIGN (0x4)
 *crtbegin.o(.ctors)
 *(EXCLUDE_FILE(*crtend.o) .ctors)
 *(SORT(.ctors.*))
 *crtend.o(.ctors)
                0x00000270                . = ALIGN (0x4)
 *(.fini)
 .fini          0x00000270        0x4 c:/program files/microchip/xc32/v2.40/bin/bin/../../lib/gcc/pic32c/6.2.1/v7e-m/fpv4-sp/hard/crti.o
                0x00000270                _fini
 .fini          0x00000274        0x8 c:/program files/microchip/xc32/v2.40/bin/bin/../../lib/gcc/pic32c/6.2.1/v7e-m/fpv4-sp/hard/crtn.o
                0x0000027c                . = ALIGN (0x4)
                0x0000027c                __fini_array_start = .
 *(.fini_array)
 .fini_array    0x0000027c        0x4 c:/program files/microchip/xc32/v2.40/bin/bin/../../lib/gcc/pic32c/6.2.1/v7e-m/fpv4-sp/hard/crtbegin.o
 *(SORT(.fini_array.*))
                0x00000280                __fini_array_end = .
 *crtbegin.o(.dtors)
 *(EXCLUDE_FILE(*crtend.o) .dtors)
 *(SORT(.dtors.*))
 *crtend.o(.dtors)
                0x00000280                . = ALIGN (0x4)
                0x00000280                _efixed = .
                [!provide]                PROVIDE (__exidx_start, .)

.ARM.exidx
 *(.ARM.exidx* .gnu.linkonce.armexidx.*)
                [!provide]                PROVIDE (__exidx_end, .)
                0x00000280                . = ALIGN (0x4)
                0x00000280                _etext = .

.bss            0x20000000     0x23e0
                0x20000000                . = ALIGN (0x4)
                0x20000000                __bss_start__ = .
                0x20000000                _sbss = .
                0x20000000                _szero = .
 *(COMMON)
 COMMON         0x20000000       0xc0 build/LAN9255_SQI_DIRECT_MODE/production/_ext/60167341/plib_eic.o
                0x20000000                eicCallbackObject
 COMMON         0x200000c0        0xc build/LAN9255_SQI_DIRECT_MODE/production/_ext/1827571544/plib_systick.o
                0x200000c0                systick
 COMMON         0x200000cc        0x8 build/LAN9255_SQI_DIRECT_MODE/production/_ext/108134065/coeappl.o
                0x200000cc                u32LastDc32Value
                0x200000d0                u32CheckForDcOverrunCnt
 COMMON         0x200000d4       0xe0 build/LAN9255_SQI_DIRECT_MODE/production/_ext/108134065/ecatappl.o
                0x200000d4                pAPPL_EEPROM_Store
                0x200000d8                bMinCycleTimeMeasurementStarted
                0x200000dc                u32CycleTimeStartValue
                0x200000e0                pAPPL_EEPROM_Read
                0x200000e4                pAPPL_EEPROM_Write
                0x200000e8                bRunApplication
                0x200000ec                u32SystemTimeReadFailure
                0x200000f0                bEcatWaitForInputUpdate
                0x200000f4                u32MinCycleTimeValue
                0x200000f8                aPdOutputData
                0x2000013c                pAPPL_FoeError
                0x20000140                u16EepromStoreTimeoutCounter
                0x20000142                EepromReadSize
                0x20000144                pAPPL_FoeReadData
                0x20000148                pAPPL_MainLoop
                0x2000014c                bEtherCATErrorLed
                0x20000150                u32MinCycleTimeStartValue
                0x20000154                aPdInputData
                0x20000198                pEEPROM
                0x2000019c                bEtherCATRunLed
                0x200001a0                pAPPL_FoeWriteData
                0x200001a4                pAPPL_EEPROM_Reload
                0x200001a8                pAPPL_FoeRead
                0x200001ac                u16EepromStoreTimeoutValue
                0x200001b0                pAPPL_FoeWrite
 COMMON         0x200001b4        0x4 build/LAN9255_SQI_DIRECT_MODE/production/_ext/108134065/ecatcoe.o
                0x200001b4                pCoeSendStored
 COMMON         0x200001b8       0x16 build/LAN9255_SQI_DIRECT_MODE/production/_ext/108134065/ecatfoe.o
                0x200001b8                u32FileOffset
                0x200001bc                u16FileAccessState
                0x200001c0                u32PacketNo
                0x200001c4                pFoeSendStored
                0x200001c8                u32LastFileOffset
                0x200001cc                u16FoeMaxSendBlockSize
 *fill*         0x200001ce        0x2 
 COMMON         0x200001d0       0x52 build/LAN9255_SQI_DIRECT_MODE/production/_ext/108134065/ecatslv.o
                0x200001d0                b3BufferMode
                0x200001d2                nEcatStateTrans
                0x200001d4                EcatWdCounter
                0x200001d6                bApplEsmPending
                0x200001d7                nAlStatus
                0x200001d8                nPdOutputSize
                0x200001da                u16LocalErrorCode
                0x200001dc                Sync0WdCounter
                0x200001de                bLocalErrorFlag
                0x200001e0                LatchInputSync0Counter
                0x200001e2                i16WaitForPllRunningCnt
                0x200001e4                nEscAddrOutputData
                0x200001e6                Sync0WdValue
                0x200001e8                u8EcatRunLed
                0x200001ea                i16WaitForPllRunningTimeout
                0x200001ec                Sync1WdValue
                0x200001ee                u16ALEventMask
                0x200001f0                bDcRunning
                0x200001f4                u32dummy
                0x200001f8                SyncManInfo
                0x20000200                b32BitDc
                0x20000202                LatchInputSync0Value
                0x20000204                bEcatWaitForAlControlRes
                0x20000206                nPdInputSize
                0x20000208                u16SmSync0Value
                0x2000020a                nMaxEscAddress
                0x2000020c                bEcatFirstOutputsReceived
                0x2000020d                bSmSyncSequenceValid
                0x2000020e                EsmTimeoutCounter
                0x20000210                bBootMode
                0x20000211                bDcSyncActive
                0x20000212                bEcatOutputUpdateRunning
                0x20000214                Sync1WdCounter
                0x20000216                EcatWdValue
                0x20000218                bEcatInputUpdateRunning
                0x20000219                bEscIntEnabled
                0x2000021a                bWdTrigger
                0x2000021c                u16SmSync0Counter
                0x2000021e                nMaxSyncMan
                0x2000021f                u8EcatErrorLed
                0x20000220                nEscAddrInputData
 *fill*         0x20000222        0x2 
 COMMON         0x20000224       0x28 build/LAN9255_SQI_DIRECT_MODE/production/_ext/108134065/emcy.o
                0x20000224                sSendEmcyQueue
                0x20000234                asEmcy
                0x2000023c                sEmptyEmcyQueue
 COMMON         0x2000024c       0x94 build/LAN9255_SQI_DIRECT_MODE/production/_ext/108134065/mailbox.o
                0x2000024c                u8MbxReadCounter
                0x20000250                sMbxSendQueue
                0x20000284                sMbxReceiveQueue
                0x200002b8                bNoMbxMemoryAvailable
                0x200002b9                bSendMbxIsFull
                0x200002ba                bMbxRunning
                0x200002bc                u16EscAddrReceiveMbx
                0x200002c0                psStoreMbx
                0x200002c4                u16SendMbxSize
                0x200002c8                psReadMbx
                0x200002cc                bReceiveMbxIsLocked
                0x200002ce                u16EscAddrSendMbx
                0x200002d0                psWriteMbx
                0x200002d4                u8MbxWriteCounter
                0x200002d5                u8MailboxSendReqStored
                0x200002d6                u16ReceiveMbxSize
                0x200002d8                bMbxRepeatToggle
                0x200002dc                psRepeatMbx
 COMMON         0x200002e0       0x8e build/LAN9255_SQI_DIRECT_MODE/production/_ext/108134065/objdef.o
                0x200002e0                sSyncManInPar
                0x20000324                sSyncManOutPar
                0x20000368                bSyncSetByUser
                0x2000036c                sCycleDiag
 *fill*         0x2000036e        0x2 
 COMMON         0x20000370     0x2016 build/LAN9255_SQI_DIRECT_MODE/production/_ext/108134065/sample_app.o
                0x20000370                aFileData
                0x20002370                aFileName
 *fill*         0x20002386        0x2 
 COMMON         0x20002388       0x4d build/LAN9255_SQI_DIRECT_MODE/production/_ext/108134065/sdoserv.o
                0x20002388                nSdoInfoIndex
                0x2000238c                pStoreData
                0x20002390                nSdoSegBytesToHandle
                0x20002394                bSdoSegAccess
                0x20002395                bSdoSegFollows
                0x20002398                nSdoSegCompleteSize
                0x2000239c                pSdoPendFunc
                0x200023a0                u8PendingSdo
                0x200023a1                bStoreCompleteAccess
                0x200023a2                bSdoSegLastToggle
                0x200023a3                nSdoSegService
                0x200023a4                pSdoInfoObjEntry
                0x200023a8                nSdoInfoFragmentsLeft
                0x200023ac                pSdoResStored
                0x200023b0                u32StoreDataSize
                0x200023b4                pSdoSegData
                0x200023b8                nSdoSegIndex
                0x200023bc                aSdoInfoHeader
                0x200023cc                pSdoSegObjEntry
                0x200023d0                nSdoSegSubindex
                0x200023d2                u16StoreIndex
                0x200023d4                u8StoreSubindex
 *fill*         0x200023d5        0x3 
 COMMON         0x200023d8        0x1 build/LAN9255_SQI_DIRECT_MODE/production/_ext/1360937237/app.o
                0x200023d8                appData
 *fill*         0x200023d9        0x3 
 COMMON         0x200023dc        0x4 c:/program files/microchip/xc32/v2.40/bin/bin/../../lib/gcc/pic32c/6.2.1/../../../../pic32c/lib/v7e-m/fpv4-sp/hard\libc_nano.a(lib_a-reent.o)
                0x200023dc                errno
                0x200023e0                . = ALIGN (0x4)
                0x200023e0                __bss_end__ = .
                0x200023e0                _ebss = .
                0x200023e0                _ezero = .
                0x200023e0                . = ALIGN (0x4)
                0x200023e0                _end = .
                0x2003ffff                _ram_end_ = ((ORIGIN (ram) + LENGTH (ram)) - 0x1)
                0x00000200                _min_heap_size = 0x200
START GROUP
LOAD c:/program files/microchip/xc32/v2.40/bin/bin/../../lib/gcc/pic32c/6.2.1/../../../../pic32c/lib/v7e-m/fpv4-sp/hard\libpic32c.a
LOAD c:/program files/microchip/xc32/v2.40/bin/bin/../../lib/gcc/pic32c/6.2.1/v7e-m/fpv4-sp/hard\libgcc.a
LOAD c:/program files/microchip/xc32/v2.40/bin/bin/../../lib/gcc/pic32c/6.2.1/../../../../pic32c/lib/v7e-m/fpv4-sp/hard\libm_nano.a
LOAD c:/program files/microchip/xc32/v2.40/bin/bin/../../lib/gcc/pic32c/6.2.1/../../../../pic32c/lib/v7e-m/fpv4-sp/hard\libc_nano.a
END GROUP
LOAD c:/program files/microchip/xc32/v2.40/bin/bin/../../lib/gcc/pic32c/6.2.1/v7e-m/fpv4-sp/hard/crtend.o
LOAD c:/program files/microchip/xc32/v2.40/bin/bin/../../lib/gcc/pic32c/6.2.1/v7e-m/fpv4-sp/hard/crtn.o
OUTPUT(dist/LAN9255_SQI_DIRECT_MODE/production/EVB_LAN9255_IO_FoE.X.production.elf elf32-littlearm)
LOAD stack
LOAD data_init

.ARM.attributes
                0x00000000       0x30
 .ARM.attributes
                0x00000000       0x22 c:/program files/microchip/xc32/v2.40/bin/bin/../../lib/gcc/pic32c/6.2.1/v7e-m/fpv4-sp/hard/crti.o
 .ARM.attributes
                0x00000022       0x34 c:/program files/microchip/xc32/v2.40/bin/bin/../../lib/gcc/pic32c/6.2.1/v7e-m/fpv4-sp/hard/crtbegin.o
 .ARM.attributes
                0x00000056       0x39 build/LAN9255_SQI_DIRECT_MODE/production/_ext/1984496892/plib_clock.o
 .ARM.attributes
                0x0000008f       0x39 build/LAN9255_SQI_DIRECT_MODE/production/_ext/60167341/plib_eic.o
 .ARM.attributes
                0x000000c8       0x39 build/LAN9255_SQI_DIRECT_MODE/production/_ext/1986646378/plib_evsys.o
 .ARM.attributes
                0x00000101       0x39 build/LAN9255_SQI_DIRECT_MODE/production/_ext/1865468468/plib_nvic.o
 .ARM.attributes
                0x0000013a       0x39 build/LAN9255_SQI_DIRECT_MODE/production/_ext/1593096446/plib_nvmctrl.o
 .ARM.attributes
                0x00000173       0x39 build/LAN9255_SQI_DIRECT_MODE/production/_ext/1865521619/plib_port.o
 .ARM.attributes
                0x000001ac       0x39 build/LAN9255_SQI_DIRECT_MODE/production/_ext/1865555181/plib_qspi.o
 .ARM.attributes
                0x000001e5       0x39 build/LAN9255_SQI_DIRECT_MODE/production/_ext/1827571544/plib_systick.o
 .ARM.attributes
                0x0000021e       0x39 build/LAN9255_SQI_DIRECT_MODE/production/_ext/1171490990/exceptions.o
 .ARM.attributes
                0x00000257       0x39 build/LAN9255_SQI_DIRECT_MODE/production/_ext/1171490990/initialization.o
 .ARM.attributes
                0x00000290       0x39 build/LAN9255_SQI_DIRECT_MODE/production/_ext/1171490990/interrupts.o
 .ARM.attributes
                0x000002c9       0x39 build/LAN9255_SQI_DIRECT_MODE/production/_ext/1171490990/startup_xc32.o
 .ARM.attributes
                0x00000302       0x39 build/LAN9255_SQI_DIRECT_MODE/production/_ext/1171490990/tasks.o
 .ARM.attributes
                0x0000033b       0x39 build/LAN9255_SQI_DIRECT_MODE/production/_ext/1671622016/Drivers.o
 .ARM.attributes
                0x00000374       0x39 build/LAN9255_SQI_DIRECT_MODE/production/_ext/108147519/ESC_Utils.o
 .ARM.attributes
                0x000003ad       0x39 build/LAN9255_SQI_DIRECT_MODE/production/_ext/108147519/LAN925x.o
 .ARM.attributes
                0x000003e6       0x39 build/LAN9255_SQI_DIRECT_MODE/production/_ext/108134065/bootmode.o
 .ARM.attributes
                0x0000041f       0x39 build/LAN9255_SQI_DIRECT_MODE/production/_ext/108134065/coeappl.o
 .ARM.attributes
                0x00000458       0x39 build/LAN9255_SQI_DIRECT_MODE/production/_ext/108134065/ecatappl.o
 .ARM.attributes
                0x00000491       0x39 build/LAN9255_SQI_DIRECT_MODE/production/_ext/108134065/ecatcoe.o
 .ARM.attributes
                0x000004ca       0x39 build/LAN9255_SQI_DIRECT_MODE/production/_ext/108134065/ecatfoe.o
 .ARM.attributes
                0x00000503       0x39 build/LAN9255_SQI_DIRECT_MODE/production/_ext/108134065/ecatslv.o
 .ARM.attributes
                0x0000053c       0x39 build/LAN9255_SQI_DIRECT_MODE/production/_ext/108134065/emcy.o
 .ARM.attributes
                0x00000575       0x39 build/LAN9255_SQI_DIRECT_MODE/production/_ext/108134065/foeappl.o
 .ARM.attributes
                0x000005ae       0x39 build/LAN9255_SQI_DIRECT_MODE/production/_ext/108134065/mailbox.o
 .ARM.attributes
                0x000005e7       0x39 build/LAN9255_SQI_DIRECT_MODE/production/_ext/108134065/objdef.o
 .ARM.attributes
                0x00000620       0x39 build/LAN9255_SQI_DIRECT_MODE/production/_ext/108134065/sample_app.o
 .ARM.attributes
                0x00000659       0x39 build/LAN9255_SQI_DIRECT_MODE/production/_ext/108134065/sdoserv.o
 .ARM.attributes
                0x00000692       0x39 build/LAN9255_SQI_DIRECT_MODE/production/_ext/1360937237/main.o
 .ARM.attributes
                0x000006cb       0x39 build/LAN9255_SQI_DIRECT_MODE/production/_ext/1360937237/app.o
 .ARM.attributes
                0x00000704       0x34 c:/program files/microchip/xc32/v2.40/bin/bin/../../lib/gcc/pic32c/6.2.1/../../../../pic32c/lib/v7e-m/fpv4-sp/hard\libpic32c.a(data_init.o)
 .ARM.attributes
                0x00000738       0x34 c:/program files/microchip/xc32/v2.40/bin/bin/../../lib/gcc/pic32c/6.2.1/../../../../pic32c/lib/v7e-m/fpv4-sp/hard\libc_nano.a(lib_a-init.o)
 .ARM.attributes
                0x0000076c       0x34 c:/program files/microchip/xc32/v2.40/bin/bin/../../lib/gcc/pic32c/6.2.1/../../../../pic32c/lib/v7e-m/fpv4-sp/hard\libc_nano.a(lib_a-malloc.o)
 .ARM.attributes
                0x000007a0       0x34 c:/program files/microchip/xc32/v2.40/bin/bin/../../lib/gcc/pic32c/6.2.1/../../../../pic32c/lib/v7e-m/fpv4-sp/hard\libc_nano.a(lib_a-memcpy-stub.o)
 .ARM.attributes
                0x000007d4       0x34 c:/program files/microchip/xc32/v2.40/bin/bin/../../lib/gcc/pic32c/6.2.1/../../../../pic32c/lib/v7e-m/fpv4-sp/hard\libc_nano.a(lib_a-memset.o)
 .ARM.attributes
                0x00000808       0x34 c:/program files/microchip/xc32/v2.40/bin/bin/../../lib/gcc/pic32c/6.2.1/../../../../pic32c/lib/v7e-m/fpv4-sp/hard\libc_nano.a(lib_a-nano-freer.o)
 .ARM.attributes
                0x0000083c       0x34 c:/program files/microchip/xc32/v2.40/bin/bin/../../lib/gcc/pic32c/6.2.1/../../../../pic32c/lib/v7e-m/fpv4-sp/hard\libc_nano.a(lib_a-nano-mallocr.o)
 .ARM.attributes
                0x00000870       0x34 c:/program files/microchip/xc32/v2.40/bin/bin/../../lib/gcc/pic32c/6.2.1/../../../../pic32c/lib/v7e-m/fpv4-sp/hard\libc_nano.a(lib_a-sbrkr.o)
 .ARM.attributes
                0x000008a4       0x1b c:/program files/microchip/xc32/v2.40/bin/bin/../../lib/gcc/pic32c/6.2.1/../../../../pic32c/lib/v7e-m/fpv4-sp/hard\libc_nano.a(lib_a-strlen.o)
 .ARM.attributes
                0x000008bf       0x34 c:/program files/microchip/xc32/v2.40/bin/bin/../../lib/gcc/pic32c/6.2.1/../../../../pic32c/lib/v7e-m/fpv4-sp/hard\libc_nano.a(lib_a-impure.o)
 .ARM.attributes
                0x000008f3       0x34 c:/program files/microchip/xc32/v2.40/bin/bin/../../lib/gcc/pic32c/6.2.1/../../../../pic32c/lib/v7e-m/fpv4-sp/hard\libc_nano.a(lib_a-mlock.o)
 .ARM.attributes
                0x00000927       0x34 c:/program files/microchip/xc32/v2.40/bin/bin/../../lib/gcc/pic32c/6.2.1/../../../../pic32c/lib/v7e-m/fpv4-sp/hard\libc_nano.a(lib_a-reent.o)
 .ARM.attributes
                0x0000095b       0x34 c:/program files/microchip/xc32/v2.40/bin/bin/../../lib/gcc/pic32c/6.2.1/../../../../pic32c/lib/v7e-m/fpv4-sp/hard\libpic32c.a(sbrk.o)
 .ARM.attributes
                0x0000098f       0x22 c:/program files/microchip/xc32/v2.40/bin/bin/../../lib/gcc/pic32c/6.2.1/v7e-m/fpv4-sp/hard/crtn.o

.comment        0x00000000       0x3c
 .comment       0x00000000       0x3c c:/program files/microchip/xc32/v2.40/bin/bin/../../lib/gcc/pic32c/6.2.1/v7e-m/fpv4-sp/hard/crtbegin.o
                                 0x3d (size before relaxing)
 .comment       0x0000003c       0x3d build/LAN9255_SQI_DIRECT_MODE/production/_ext/1984496892/plib_clock.o
 .comment       0x0000003c       0x3d build/LAN9255_SQI_DIRECT_MODE/production/_ext/60167341/plib_eic.o
 .comment       0x0000003c       0x3d build/LAN9255_SQI_DIRECT_MODE/production/_ext/1986646378/plib_evsys.o
 .comment       0x0000003c       0x3d build/LAN9255_SQI_DIRECT_MODE/production/_ext/1865468468/plib_nvic.o
 .comment       0x0000003c       0x3d build/LAN9255_SQI_DIRECT_MODE/production/_ext/1593096446/plib_nvmctrl.o
 .comment       0x0000003c       0x3d build/LAN9255_SQI_DIRECT_MODE/production/_ext/1865521619/plib_port.o
 .comment       0x0000003c       0x3d build/LAN9255_SQI_DIRECT_MODE/production/_ext/1865555181/plib_qspi.o
 .comment       0x0000003c       0x3d build/LAN9255_SQI_DIRECT_MODE/production/_ext/1827571544/plib_systick.o
 .comment       0x0000003c       0x3d build/LAN9255_SQI_DIRECT_MODE/production/_ext/1171490990/exceptions.o
 .comment       0x0000003c       0x3d build/LAN9255_SQI_DIRECT_MODE/production/_ext/1171490990/initialization.o
 .comment       0x0000003c       0x3d build/LAN9255_SQI_DIRECT_MODE/production/_ext/1171490990/interrupts.o
 .comment       0x0000003c       0x3d build/LAN9255_SQI_DIRECT_MODE/production/_ext/1171490990/startup_xc32.o
 .comment       0x0000003c       0x3d build/LAN9255_SQI_DIRECT_MODE/production/_ext/1171490990/tasks.o
 .comment       0x0000003c       0x3d build/LAN9255_SQI_DIRECT_MODE/production/_ext/1671622016/Drivers.o
 .comment       0x0000003c       0x3d build/LAN9255_SQI_DIRECT_MODE/production/_ext/108147519/ESC_Utils.o
 .comment       0x0000003c       0x3d build/LAN9255_SQI_DIRECT_MODE/production/_ext/108147519/LAN925x.o
 .comment       0x0000003c       0x3d build/LAN9255_SQI_DIRECT_MODE/production/_ext/108134065/bootmode.o
 .comment       0x0000003c       0x3d build/LAN9255_SQI_DIRECT_MODE/production/_ext/108134065/coeappl.o
 .comment       0x0000003c       0x3d build/LAN9255_SQI_DIRECT_MODE/production/_ext/108134065/ecatappl.o
 .comment       0x0000003c       0x3d build/LAN9255_SQI_DIRECT_MODE/production/_ext/108134065/ecatcoe.o
 .comment       0x0000003c       0x3d build/LAN9255_SQI_DIRECT_MODE/production/_ext/108134065/ecatfoe.o
 .comment       0x0000003c       0x3d build/LAN9255_SQI_DIRECT_MODE/production/_ext/108134065/ecatslv.o
 .comment       0x0000003c       0x3d build/LAN9255_SQI_DIRECT_MODE/production/_ext/108134065/emcy.o
 .comment       0x0000003c       0x3d build/LAN9255_SQI_DIRECT_MODE/production/_ext/108134065/foeappl.o
 .comment       0x0000003c       0x3d build/LAN9255_SQI_DIRECT_MODE/production/_ext/108134065/mailbox.o
 .comment       0x0000003c       0x3d build/LAN9255_SQI_DIRECT_MODE/production/_ext/108134065/objdef.o
 .comment       0x0000003c       0x3d build/LAN9255_SQI_DIRECT_MODE/production/_ext/108134065/sample_app.o
 .comment       0x0000003c       0x3d build/LAN9255_SQI_DIRECT_MODE/production/_ext/108134065/sdoserv.o
 .comment       0x0000003c       0x3d build/LAN9255_SQI_DIRECT_MODE/production/_ext/1360937237/main.o
 .comment       0x0000003c       0x3d build/LAN9255_SQI_DIRECT_MODE/production/_ext/1360937237/app.o
 .comment       0x0000003c       0x3d c:/program files/microchip/xc32/v2.40/bin/bin/../../lib/gcc/pic32c/6.2.1/../../../../pic32c/lib/v7e-m/fpv4-sp/hard\libpic32c.a(data_init.o)
 .comment       0x0000003c       0x3d c:/program files/microchip/xc32/v2.40/bin/bin/../../lib/gcc/pic32c/6.2.1/../../../../pic32c/lib/v7e-m/fpv4-sp/hard\libc_nano.a(lib_a-init.o)
 .comment       0x0000003c       0x3d c:/program files/microchip/xc32/v2.40/bin/bin/../../lib/gcc/pic32c/6.2.1/../../../../pic32c/lib/v7e-m/fpv4-sp/hard\libc_nano.a(lib_a-malloc.o)
 .comment       0x0000003c       0x3d c:/program files/microchip/xc32/v2.40/bin/bin/../../lib/gcc/pic32c/6.2.1/../../../../pic32c/lib/v7e-m/fpv4-sp/hard\libc_nano.a(lib_a-memcpy-stub.o)
 .comment       0x0000003c       0x3d c:/program files/microchip/xc32/v2.40/bin/bin/../../lib/gcc/pic32c/6.2.1/../../../../pic32c/lib/v7e-m/fpv4-sp/hard\libc_nano.a(lib_a-memset.o)
 .comment       0x0000003c       0x3d c:/program files/microchip/xc32/v2.40/bin/bin/../../lib/gcc/pic32c/6.2.1/../../../../pic32c/lib/v7e-m/fpv4-sp/hard\libc_nano.a(lib_a-nano-freer.o)
 .comment       0x0000003c       0x3d c:/program files/microchip/xc32/v2.40/bin/bin/../../lib/gcc/pic32c/6.2.1/../../../../pic32c/lib/v7e-m/fpv4-sp/hard\libc_nano.a(lib_a-nano-mallocr.o)
 .comment       0x0000003c       0x3d c:/program files/microchip/xc32/v2.40/bin/bin/../../lib/gcc/pic32c/6.2.1/../../../../pic32c/lib/v7e-m/fpv4-sp/hard\libc_nano.a(lib_a-sbrkr.o)
 .comment       0x0000003c       0x3d c:/program files/microchip/xc32/v2.40/bin/bin/../../lib/gcc/pic32c/6.2.1/../../../../pic32c/lib/v7e-m/fpv4-sp/hard\libc_nano.a(lib_a-impure.o)
 .comment       0x0000003c       0x3d c:/program files/microchip/xc32/v2.40/bin/bin/../../lib/gcc/pic32c/6.2.1/../../../../pic32c/lib/v7e-m/fpv4-sp/hard\libc_nano.a(lib_a-mlock.o)
 .comment       0x0000003c       0x3d c:/program files/microchip/xc32/v2.40/bin/bin/../../lib/gcc/pic32c/6.2.1/../../../../pic32c/lib/v7e-m/fpv4-sp/hard\libc_nano.a(lib_a-reent.o)
 .comment       0x0000003c       0x3d c:/program files/microchip/xc32/v2.40/bin/bin/../../lib/gcc/pic32c/6.2.1/../../../../pic32c/lib/v7e-m/fpv4-sp/hard\libpic32c.a(sbrk.o)

.debug_info     0x00000000    0x38b3f
 .debug_info    0x00000000      0xbad build/LAN9255_SQI_DIRECT_MODE/production/_ext/1984496892/plib_clock.o
 .debug_info    0x00000bad      0x83d build/LAN9255_SQI_DIRECT_MODE/production/_ext/60167341/plib_eic.o
 .debug_info    0x000013ea      0x3b8 build/LAN9255_SQI_DIRECT_MODE/production/_ext/1986646378/plib_evsys.o
 .debug_info    0x000017a2     0x1157 build/LAN9255_SQI_DIRECT_MODE/production/_ext/1865468468/plib_nvic.o
 .debug_info    0x000028f9     0x1718 build/LAN9255_SQI_DIRECT_MODE/production/_ext/1593096446/plib_nvmctrl.o
 .debug_info    0x00004011      0x874 build/LAN9255_SQI_DIRECT_MODE/production/_ext/1865521619/plib_port.o
 .debug_info    0x00004885      0xcda build/LAN9255_SQI_DIRECT_MODE/production/_ext/1865555181/plib_qspi.o
 .debug_info    0x0000555f      0x713 build/LAN9255_SQI_DIRECT_MODE/production/_ext/1827571544/plib_systick.o
 .debug_info    0x00005c72      0xfe4 build/LAN9255_SQI_DIRECT_MODE/production/_ext/1171490990/exceptions.o
 .debug_info    0x00006c56      0xf3f build/LAN9255_SQI_DIRECT_MODE/production/_ext/1171490990/initialization.o
 .debug_info    0x00007b95     0x222b build/LAN9255_SQI_DIRECT_MODE/production/_ext/1171490990/interrupts.o
 .debug_info    0x00009dc0     0x140f build/LAN9255_SQI_DIRECT_MODE/production/_ext/1171490990/startup_xc32.o
 .debug_info    0x0000b1cf      0xf14 build/LAN9255_SQI_DIRECT_MODE/production/_ext/1171490990/tasks.o
 .debug_info    0x0000c0e3     0x30b1 build/LAN9255_SQI_DIRECT_MODE/production/_ext/1671622016/Drivers.o
 .debug_info    0x0000f194     0x126f build/LAN9255_SQI_DIRECT_MODE/production/_ext/108147519/ESC_Utils.o
 .debug_info    0x00010403     0x1ef1 build/LAN9255_SQI_DIRECT_MODE/production/_ext/108147519/LAN925x.o
 .debug_info    0x000122f4     0x12aa build/LAN9255_SQI_DIRECT_MODE/production/_ext/108134065/bootmode.o
 .debug_info    0x0001359e     0x2a8e build/LAN9255_SQI_DIRECT_MODE/production/_ext/108134065/coeappl.o
 .debug_info    0x0001602c     0x2583 build/LAN9255_SQI_DIRECT_MODE/production/_ext/108134065/ecatappl.o
 .debug_info    0x000185af     0x16c2 build/LAN9255_SQI_DIRECT_MODE/production/_ext/108134065/ecatcoe.o
 .debug_info    0x00019c71     0x1a4e build/LAN9255_SQI_DIRECT_MODE/production/_ext/108134065/ecatfoe.o
 .debug_info    0x0001b6bf     0x2955 build/LAN9255_SQI_DIRECT_MODE/production/_ext/108134065/ecatslv.o
 .debug_info    0x0001e014     0x1ad6 build/LAN9255_SQI_DIRECT_MODE/production/_ext/108134065/emcy.o
 .debug_info    0x0001faea     0x1ff9 build/LAN9255_SQI_DIRECT_MODE/production/_ext/108134065/foeappl.o
 .debug_info    0x00021ae3     0x2193 build/LAN9255_SQI_DIRECT_MODE/production/_ext/108134065/mailbox.o
 .debug_info    0x00023c76     0x27a1 build/LAN9255_SQI_DIRECT_MODE/production/_ext/108134065/objdef.o
 .debug_info    0x00026417     0x2dd3 build/LAN9255_SQI_DIRECT_MODE/production/_ext/108134065/sample_app.o
 .debug_info    0x000291ea     0x2aa6 build/LAN9255_SQI_DIRECT_MODE/production/_ext/108134065/sdoserv.o
 .debug_info    0x0002bc90      0xf03 build/LAN9255_SQI_DIRECT_MODE/production/_ext/1360937237/main.o
 .debug_info    0x0002cb93     0x2398 build/LAN9255_SQI_DIRECT_MODE/production/_ext/1360937237/app.o
 .debug_info    0x0002ef2b      0x2a2 c:/program files/microchip/xc32/v2.40/bin/bin/../../lib/gcc/pic32c/6.2.1/../../../../pic32c/lib/v7e-m/fpv4-sp/hard\libpic32c.a(data_init.o)
 .debug_info    0x0002f1cd      0x41f c:/program files/microchip/xc32/v2.40/bin/bin/../../lib/gcc/pic32c/6.2.1/../../../../pic32c/lib/v7e-m/fpv4-sp/hard\libc_nano.a(lib_a-init.o)
 .debug_info    0x0002f5ec      0xe92 c:/program files/microchip/xc32/v2.40/bin/bin/../../lib/gcc/pic32c/6.2.1/../../../../pic32c/lib/v7e-m/fpv4-sp/hard\libc_nano.a(lib_a-malloc.o)
 .debug_info    0x0003047e      0xe68 c:/program files/microchip/xc32/v2.40/bin/bin/../../lib/gcc/pic32c/6.2.1/../../../../pic32c/lib/v7e-m/fpv4-sp/hard\libc_nano.a(lib_a-memcpy-stub.o)
 .debug_info    0x000312e6     0x15ae c:/program files/microchip/xc32/v2.40/bin/bin/../../lib/gcc/pic32c/6.2.1/../../../../pic32c/lib/v7e-m/fpv4-sp/hard\libc_nano.a(lib_a-memset.o)
 .debug_info    0x00032894     0x11c1 c:/program files/microchip/xc32/v2.40/bin/bin/../../lib/gcc/pic32c/6.2.1/../../../../pic32c/lib/v7e-m/fpv4-sp/hard\libc_nano.a(lib_a-nano-freer.o)
 .debug_info    0x00033a55     0x1259 c:/program files/microchip/xc32/v2.40/bin/bin/../../lib/gcc/pic32c/6.2.1/../../../../pic32c/lib/v7e-m/fpv4-sp/hard\libc_nano.a(lib_a-nano-mallocr.o)
 .debug_info    0x00034cae      0xedf c:/program files/microchip/xc32/v2.40/bin/bin/../../lib/gcc/pic32c/6.2.1/../../../../pic32c/lib/v7e-m/fpv4-sp/hard\libc_nano.a(lib_a-sbrkr.o)
 .debug_info    0x00035b8d      0x12a c:/program files/microchip/xc32/v2.40/bin/bin/../../lib/gcc/pic32c/6.2.1/../../../../pic32c/lib/v7e-m/fpv4-sp/hard\libc_nano.a(lib_a-strlen.o)
 .debug_info    0x00035cb7      0xdef c:/program files/microchip/xc32/v2.40/bin/bin/../../lib/gcc/pic32c/6.2.1/../../../../pic32c/lib/v7e-m/fpv4-sp/hard\libc_nano.a(lib_a-impure.o)
 .debug_info    0x00036aa6      0xe2c c:/program files/microchip/xc32/v2.40/bin/bin/../../lib/gcc/pic32c/6.2.1/../../../../pic32c/lib/v7e-m/fpv4-sp/hard\libc_nano.a(lib_a-mlock.o)
 .debug_info    0x000378d2      0xfe7 c:/program files/microchip/xc32/v2.40/bin/bin/../../lib/gcc/pic32c/6.2.1/../../../../pic32c/lib/v7e-m/fpv4-sp/hard\libc_nano.a(lib_a-reent.o)
 .debug_info    0x000388b9      0x286 c:/program files/microchip/xc32/v2.40/bin/bin/../../lib/gcc/pic32c/6.2.1/../../../../pic32c/lib/v7e-m/fpv4-sp/hard\libpic32c.a(sbrk.o)

.debug_abbrev   0x00000000     0x50f7
 .debug_abbrev  0x00000000       0xfd build/LAN9255_SQI_DIRECT_MODE/production/_ext/1984496892/plib_clock.o
 .debug_abbrev  0x000000fd      0x15d build/LAN9255_SQI_DIRECT_MODE/production/_ext/60167341/plib_eic.o
 .debug_abbrev  0x0000025a       0x5e build/LAN9255_SQI_DIRECT_MODE/production/_ext/1986646378/plib_evsys.o
 .debug_abbrev  0x000002b8      0x14d build/LAN9255_SQI_DIRECT_MODE/production/_ext/1865468468/plib_nvic.o
 .debug_abbrev  0x00000405      0x25d build/LAN9255_SQI_DIRECT_MODE/production/_ext/1593096446/plib_nvmctrl.o
 .debug_abbrev  0x00000662      0x151 build/LAN9255_SQI_DIRECT_MODE/production/_ext/1865521619/plib_port.o
 .debug_abbrev  0x000007b3      0x227 build/LAN9255_SQI_DIRECT_MODE/production/_ext/1865555181/plib_qspi.o
 .debug_abbrev  0x000009da      0x15c build/LAN9255_SQI_DIRECT_MODE/production/_ext/1827571544/plib_systick.o
 .debug_abbrev  0x00000b36      0x196 build/LAN9255_SQI_DIRECT_MODE/production/_ext/1171490990/exceptions.o
 .debug_abbrev  0x00000ccc      0x1b2 build/LAN9255_SQI_DIRECT_MODE/production/_ext/1171490990/initialization.o
 .debug_abbrev  0x00000e7e      0x1a7 build/LAN9255_SQI_DIRECT_MODE/production/_ext/1171490990/interrupts.o
 .debug_abbrev  0x00001025      0x26e build/LAN9255_SQI_DIRECT_MODE/production/_ext/1171490990/startup_xc32.o
 .debug_abbrev  0x00001293      0x196 build/LAN9255_SQI_DIRECT_MODE/production/_ext/1171490990/tasks.o
 .debug_abbrev  0x00001429      0x39d build/LAN9255_SQI_DIRECT_MODE/production/_ext/1671622016/Drivers.o
 .debug_abbrev  0x000017c6      0x20f build/LAN9255_SQI_DIRECT_MODE/production/_ext/108147519/ESC_Utils.o
 .debug_abbrev  0x000019d5      0x2bb build/LAN9255_SQI_DIRECT_MODE/production/_ext/108147519/LAN925x.o
 .debug_abbrev  0x00001c90      0x1f9 build/LAN9255_SQI_DIRECT_MODE/production/_ext/108134065/bootmode.o
 .debug_abbrev  0x00001e89      0x2c0 build/LAN9255_SQI_DIRECT_MODE/production/_ext/108134065/coeappl.o
 .debug_abbrev  0x00002149      0x286 build/LAN9255_SQI_DIRECT_MODE/production/_ext/108134065/ecatappl.o
 .debug_abbrev  0x000023cf      0x1ee build/LAN9255_SQI_DIRECT_MODE/production/_ext/108134065/ecatcoe.o
 .debug_abbrev  0x000025bd      0x259 build/LAN9255_SQI_DIRECT_MODE/production/_ext/108134065/ecatfoe.o
 .debug_abbrev  0x00002816      0x2c4 build/LAN9255_SQI_DIRECT_MODE/production/_ext/108134065/ecatslv.o
 .debug_abbrev  0x00002ada      0x29d build/LAN9255_SQI_DIRECT_MODE/production/_ext/108134065/emcy.o
 .debug_abbrev  0x00002d77      0x260 build/LAN9255_SQI_DIRECT_MODE/production/_ext/108134065/foeappl.o
 .debug_abbrev  0x00002fd7      0x290 build/LAN9255_SQI_DIRECT_MODE/production/_ext/108134065/mailbox.o
 .debug_abbrev  0x00003267      0x2c2 build/LAN9255_SQI_DIRECT_MODE/production/_ext/108134065/objdef.o
 .debug_abbrev  0x00003529      0x3d1 build/LAN9255_SQI_DIRECT_MODE/production/_ext/108134065/sample_app.o
 .debug_abbrev  0x000038fa      0x2df build/LAN9255_SQI_DIRECT_MODE/production/_ext/108134065/sdoserv.o
 .debug_abbrev  0x00003bd9      0x198 build/LAN9255_SQI_DIRECT_MODE/production/_ext/1360937237/main.o
 .debug_abbrev  0x00003d71      0x2e3 build/LAN9255_SQI_DIRECT_MODE/production/_ext/1360937237/app.o
 .debug_abbrev  0x00004054       0x2a c:/program files/microchip/xc32/v2.40/bin/bin/../../lib/gcc/pic32c/6.2.1/../../../../pic32c/lib/v7e-m/fpv4-sp/hard\libpic32c.a(data_init.o)
 .debug_abbrev  0x0000407e       0xa3 c:/program files/microchip/xc32/v2.40/bin/bin/../../lib/gcc/pic32c/6.2.1/../../../../pic32c/lib/v7e-m/fpv4-sp/hard\libc_nano.a(lib_a-init.o)
 .debug_abbrev  0x00004121      0x1b3 c:/program files/microchip/xc32/v2.40/bin/bin/../../lib/gcc/pic32c/6.2.1/../../../../pic32c/lib/v7e-m/fpv4-sp/hard\libc_nano.a(lib_a-malloc.o)
 .debug_abbrev  0x000042d4      0x17c c:/program files/microchip/xc32/v2.40/bin/bin/../../lib/gcc/pic32c/6.2.1/../../../../pic32c/lib/v7e-m/fpv4-sp/hard\libc_nano.a(lib_a-memcpy-stub.o)
 .debug_abbrev  0x00004450      0x170 c:/program files/microchip/xc32/v2.40/bin/bin/../../lib/gcc/pic32c/6.2.1/../../../../pic32c/lib/v7e-m/fpv4-sp/hard\libc_nano.a(lib_a-memset.o)
 .debug_abbrev  0x000045c0      0x242 c:/program files/microchip/xc32/v2.40/bin/bin/../../lib/gcc/pic32c/6.2.1/../../../../pic32c/lib/v7e-m/fpv4-sp/hard\libc_nano.a(lib_a-nano-freer.o)
 .debug_abbrev  0x00004802      0x281 c:/program files/microchip/xc32/v2.40/bin/bin/../../lib/gcc/pic32c/6.2.1/../../../../pic32c/lib/v7e-m/fpv4-sp/hard\libc_nano.a(lib_a-nano-mallocr.o)
 .debug_abbrev  0x00004a83      0x1a8 c:/program files/microchip/xc32/v2.40/bin/bin/../../lib/gcc/pic32c/6.2.1/../../../../pic32c/lib/v7e-m/fpv4-sp/hard\libc_nano.a(lib_a-sbrkr.o)
 .debug_abbrev  0x00004c2b       0x14 c:/program files/microchip/xc32/v2.40/bin/bin/../../lib/gcc/pic32c/6.2.1/../../../../pic32c/lib/v7e-m/fpv4-sp/hard\libc_nano.a(lib_a-strlen.o)
 .debug_abbrev  0x00004c3f      0x131 c:/program files/microchip/xc32/v2.40/bin/bin/../../lib/gcc/pic32c/6.2.1/../../../../pic32c/lib/v7e-m/fpv4-sp/hard\libc_nano.a(lib_a-impure.o)
 .debug_abbrev  0x00004d70      0x165 c:/program files/microchip/xc32/v2.40/bin/bin/../../lib/gcc/pic32c/6.2.1/../../../../pic32c/lib/v7e-m/fpv4-sp/hard\libc_nano.a(lib_a-mlock.o)
 .debug_abbrev  0x00004ed5      0x1f8 c:/program files/microchip/xc32/v2.40/bin/bin/../../lib/gcc/pic32c/6.2.1/../../../../pic32c/lib/v7e-m/fpv4-sp/hard\libc_nano.a(lib_a-reent.o)
 .debug_abbrev  0x000050cd       0x2a c:/program files/microchip/xc32/v2.40/bin/bin/../../lib/gcc/pic32c/6.2.1/../../../../pic32c/lib/v7e-m/fpv4-sp/hard\libpic32c.a(sbrk.o)

.debug_loc      0x00000000     0x5530
 .debug_loc     0x00000000      0x1c4 build/LAN9255_SQI_DIRECT_MODE/production/_ext/1984496892/plib_clock.o
 .debug_loc     0x000001c4      0x1dc build/LAN9255_SQI_DIRECT_MODE/production/_ext/60167341/plib_eic.o
 .debug_loc     0x000003a0       0x44 build/LAN9255_SQI_DIRECT_MODE/production/_ext/1986646378/plib_evsys.o
 .debug_loc     0x000003e4      0x140 build/LAN9255_SQI_DIRECT_MODE/production/_ext/1865468468/plib_nvic.o
 .debug_loc     0x00000524      0x5c0 build/LAN9255_SQI_DIRECT_MODE/production/_ext/1593096446/plib_nvmctrl.o
 .debug_loc     0x00000ae4      0x324 build/LAN9255_SQI_DIRECT_MODE/production/_ext/1865521619/plib_port.o
 .debug_loc     0x00000e08      0x338 build/LAN9255_SQI_DIRECT_MODE/production/_ext/1865555181/plib_qspi.o
 .debug_loc     0x00001140      0x31c build/LAN9255_SQI_DIRECT_MODE/production/_ext/1827571544/plib_systick.o
 .debug_loc     0x0000145c      0x108 build/LAN9255_SQI_DIRECT_MODE/production/_ext/1171490990/exceptions.o
 .debug_loc     0x00001564       0x50 build/LAN9255_SQI_DIRECT_MODE/production/_ext/1171490990/initialization.o
 .debug_loc     0x000015b4      0x11c build/LAN9255_SQI_DIRECT_MODE/production/_ext/1171490990/startup_xc32.o
 .debug_loc     0x000016d0       0x2c build/LAN9255_SQI_DIRECT_MODE/production/_ext/1171490990/tasks.o
 .debug_loc     0x000016fc      0x758 build/LAN9255_SQI_DIRECT_MODE/production/_ext/1671622016/Drivers.o
 .debug_loc     0x00001e54      0x130 build/LAN9255_SQI_DIRECT_MODE/production/_ext/108147519/ESC_Utils.o
 .debug_loc     0x00001f84      0x4b0 build/LAN9255_SQI_DIRECT_MODE/production/_ext/108147519/LAN925x.o
 .debug_loc     0x00002434      0x158 build/LAN9255_SQI_DIRECT_MODE/production/_ext/108134065/bootmode.o
 .debug_loc     0x0000258c      0x370 build/LAN9255_SQI_DIRECT_MODE/production/_ext/108134065/coeappl.o
 .debug_loc     0x000028fc      0x330 build/LAN9255_SQI_DIRECT_MODE/production/_ext/108134065/ecatappl.o
 .debug_loc     0x00002c2c       0xe4 build/LAN9255_SQI_DIRECT_MODE/production/_ext/108134065/ecatcoe.o
 .debug_loc     0x00002d10       0xe4 build/LAN9255_SQI_DIRECT_MODE/production/_ext/108134065/ecatfoe.o
 .debug_loc     0x00002df4      0x682 build/LAN9255_SQI_DIRECT_MODE/production/_ext/108134065/ecatslv.o
 .debug_loc     0x00003476      0x2f4 build/LAN9255_SQI_DIRECT_MODE/production/_ext/108134065/emcy.o
 .debug_loc     0x0000376a      0x1e0 build/LAN9255_SQI_DIRECT_MODE/production/_ext/108134065/foeappl.o
 .debug_loc     0x0000394a      0x428 build/LAN9255_SQI_DIRECT_MODE/production/_ext/108134065/mailbox.o
 .debug_loc     0x00003d72      0x40e build/LAN9255_SQI_DIRECT_MODE/production/_ext/108134065/objdef.o
 .debug_loc     0x00004180      0x74e build/LAN9255_SQI_DIRECT_MODE/production/_ext/108134065/sample_app.o
 .debug_loc     0x000048ce      0x210 build/LAN9255_SQI_DIRECT_MODE/production/_ext/108134065/sdoserv.o
 .debug_loc     0x00004ade       0x2c build/LAN9255_SQI_DIRECT_MODE/production/_ext/1360937237/main.o
 .debug_loc     0x00004b0a      0x22a build/LAN9255_SQI_DIRECT_MODE/production/_ext/1360937237/app.o
 .debug_loc     0x00004d34       0x74 c:/program files/microchip/xc32/v2.40/bin/bin/../../lib/gcc/pic32c/6.2.1/../../../../pic32c/lib/v7e-m/fpv4-sp/hard\libc_nano.a(lib_a-init.o)
 .debug_loc     0x00004da8       0x58 c:/program files/microchip/xc32/v2.40/bin/bin/../../lib/gcc/pic32c/6.2.1/../../../../pic32c/lib/v7e-m/fpv4-sp/hard\libc_nano.a(lib_a-malloc.o)
 .debug_loc     0x00004e00       0xb2 c:/program files/microchip/xc32/v2.40/bin/bin/../../lib/gcc/pic32c/6.2.1/../../../../pic32c/lib/v7e-m/fpv4-sp/hard\libc_nano.a(lib_a-memcpy-stub.o)
 .debug_loc     0x00004eb2       0x4c c:/program files/microchip/xc32/v2.40/bin/bin/../../lib/gcc/pic32c/6.2.1/../../../../pic32c/lib/v7e-m/fpv4-sp/hard\libc_nano.a(lib_a-memset.o)
 .debug_loc     0x00004efe      0x141 c:/program files/microchip/xc32/v2.40/bin/bin/../../lib/gcc/pic32c/6.2.1/../../../../pic32c/lib/v7e-m/fpv4-sp/hard\libc_nano.a(lib_a-nano-freer.o)
 .debug_loc     0x0000503f      0x326 c:/program files/microchip/xc32/v2.40/bin/bin/../../lib/gcc/pic32c/6.2.1/../../../../pic32c/lib/v7e-m/fpv4-sp/hard\libc_nano.a(lib_a-nano-mallocr.o)
 .debug_loc     0x00005365       0x6d c:/program files/microchip/xc32/v2.40/bin/bin/../../lib/gcc/pic32c/6.2.1/../../../../pic32c/lib/v7e-m/fpv4-sp/hard\libc_nano.a(lib_a-sbrkr.o)
 .debug_loc     0x000053d2      0x15e c:/program files/microchip/xc32/v2.40/bin/bin/../../lib/gcc/pic32c/6.2.1/../../../../pic32c/lib/v7e-m/fpv4-sp/hard\libc_nano.a(lib_a-reent.o)

.debug_aranges  0x00000000      0xca0
 .debug_aranges
                0x00000000       0x50 build/LAN9255_SQI_DIRECT_MODE/production/_ext/1984496892/plib_clock.o
 .debug_aranges
                0x00000050       0x50 build/LAN9255_SQI_DIRECT_MODE/production/_ext/60167341/plib_eic.o
 .debug_aranges
                0x000000a0       0x20 build/LAN9255_SQI_DIRECT_MODE/production/_ext/1986646378/plib_evsys.o
 .debug_aranges
                0x000000c0       0x38 build/LAN9255_SQI_DIRECT_MODE/production/_ext/1865468468/plib_nvic.o
 .debug_aranges
                0x000000f8       0xb0 build/LAN9255_SQI_DIRECT_MODE/production/_ext/1593096446/plib_nvmctrl.o
 .debug_aranges
                0x000001a8       0x60 build/LAN9255_SQI_DIRECT_MODE/production/_ext/1865521619/plib_port.o
 .debug_aranges
                0x00000208       0x68 build/LAN9255_SQI_DIRECT_MODE/production/_ext/1865555181/plib_qspi.o
 .debug_aranges
                0x00000270       0x70 build/LAN9255_SQI_DIRECT_MODE/production/_ext/1827571544/plib_systick.o
 .debug_aranges
                0x000002e0       0x48 build/LAN9255_SQI_DIRECT_MODE/production/_ext/1171490990/exceptions.o
 .debug_aranges
                0x00000328       0x20 build/LAN9255_SQI_DIRECT_MODE/production/_ext/1171490990/initialization.o
 .debug_aranges
                0x00000348       0x20 build/LAN9255_SQI_DIRECT_MODE/production/_ext/1171490990/interrupts.o
 .debug_aranges
                0x00000368       0x38 build/LAN9255_SQI_DIRECT_MODE/production/_ext/1171490990/startup_xc32.o
 .debug_aranges
                0x000003a0       0x20 build/LAN9255_SQI_DIRECT_MODE/production/_ext/1171490990/tasks.o
 .debug_aranges
                0x000003c0       0xe0 build/LAN9255_SQI_DIRECT_MODE/production/_ext/1671622016/Drivers.o
 .debug_aranges
                0x000004a0       0x40 build/LAN9255_SQI_DIRECT_MODE/production/_ext/108147519/ESC_Utils.o
 .debug_aranges
                0x000004e0       0x90 build/LAN9255_SQI_DIRECT_MODE/production/_ext/108147519/LAN925x.o
 .debug_aranges
                0x00000570       0x38 build/LAN9255_SQI_DIRECT_MODE/production/_ext/108134065/bootmode.o
 .debug_aranges
                0x000005a8       0x70 build/LAN9255_SQI_DIRECT_MODE/production/_ext/108134065/coeappl.o
 .debug_aranges
                0x00000618       0x78 build/LAN9255_SQI_DIRECT_MODE/production/_ext/108134065/ecatappl.o
 .debug_aranges
                0x00000690       0x30 build/LAN9255_SQI_DIRECT_MODE/production/_ext/108134065/ecatcoe.o
 .debug_aranges
                0x000006c0       0x30 build/LAN9255_SQI_DIRECT_MODE/production/_ext/108134065/ecatfoe.o
 .debug_aranges
                0x000006f0       0xc8 build/LAN9255_SQI_DIRECT_MODE/production/_ext/108134065/ecatslv.o
 .debug_aranges
                0x000007b8       0x60 build/LAN9255_SQI_DIRECT_MODE/production/_ext/108134065/emcy.o
 .debug_aranges
                0x00000818       0x48 build/LAN9255_SQI_DIRECT_MODE/production/_ext/108134065/foeappl.o
 .debug_aranges
                0x00000860       0x80 build/LAN9255_SQI_DIRECT_MODE/production/_ext/108134065/mailbox.o
 .debug_aranges
                0x000008e0       0x78 build/LAN9255_SQI_DIRECT_MODE/production/_ext/108134065/objdef.o
 .debug_aranges
                0x00000958       0xe0 build/LAN9255_SQI_DIRECT_MODE/production/_ext/108134065/sample_app.o
 .debug_aranges
                0x00000a38       0x50 build/LAN9255_SQI_DIRECT_MODE/production/_ext/108134065/sdoserv.o
 .debug_aranges
                0x00000a88       0x20 build/LAN9255_SQI_DIRECT_MODE/production/_ext/1360937237/main.o
 .debug_aranges
                0x00000aa8       0x50 build/LAN9255_SQI_DIRECT_MODE/production/_ext/1360937237/app.o
 .debug_aranges
                0x00000af8       0x20 c:/program files/microchip/xc32/v2.40/bin/bin/../../lib/gcc/pic32c/6.2.1/../../../../pic32c/lib/v7e-m/fpv4-sp/hard\libpic32c.a(data_init.o)
 .debug_aranges
                0x00000b18       0x20 c:/program files/microchip/xc32/v2.40/bin/bin/../../lib/gcc/pic32c/6.2.1/../../../../pic32c/lib/v7e-m/fpv4-sp/hard\libc_nano.a(lib_a-init.o)
 .debug_aranges
                0x00000b38       0x28 c:/program files/microchip/xc32/v2.40/bin/bin/../../lib/gcc/pic32c/6.2.1/../../../../pic32c/lib/v7e-m/fpv4-sp/hard\libc_nano.a(lib_a-malloc.o)
 .debug_aranges
                0x00000b60       0x20 c:/program files/microchip/xc32/v2.40/bin/bin/../../lib/gcc/pic32c/6.2.1/../../../../pic32c/lib/v7e-m/fpv4-sp/hard\libc_nano.a(lib_a-memcpy-stub.o)
 .debug_aranges
                0x00000b80       0x20 c:/program files/microchip/xc32/v2.40/bin/bin/../../lib/gcc/pic32c/6.2.1/../../../../pic32c/lib/v7e-m/fpv4-sp/hard\libc_nano.a(lib_a-memset.o)
 .debug_aranges
                0x00000ba0       0x20 c:/program files/microchip/xc32/v2.40/bin/bin/../../lib/gcc/pic32c/6.2.1/../../../../pic32c/lib/v7e-m/fpv4-sp/hard\libc_nano.a(lib_a-nano-freer.o)
 .debug_aranges
                0x00000bc0       0x20 c:/program files/microchip/xc32/v2.40/bin/bin/../../lib/gcc/pic32c/6.2.1/../../../../pic32c/lib/v7e-m/fpv4-sp/hard\libc_nano.a(lib_a-nano-mallocr.o)
 .debug_aranges
                0x00000be0       0x20 c:/program files/microchip/xc32/v2.40/bin/bin/../../lib/gcc/pic32c/6.2.1/../../../../pic32c/lib/v7e-m/fpv4-sp/hard\libc_nano.a(lib_a-sbrkr.o)
 .debug_aranges
                0x00000c00       0x20 c:/program files/microchip/xc32/v2.40/bin/bin/../../lib/gcc/pic32c/6.2.1/../../../../pic32c/lib/v7e-m/fpv4-sp/hard\libc_nano.a(lib_a-strlen.o)
 .debug_aranges
                0x00000c20       0x18 c:/program files/microchip/xc32/v2.40/bin/bin/../../lib/gcc/pic32c/6.2.1/../../../../pic32c/lib/v7e-m/fpv4-sp/hard\libc_nano.a(lib_a-impure.o)
 .debug_aranges
                0x00000c38       0x20 c:/program files/microchip/xc32/v2.40/bin/bin/../../lib/gcc/pic32c/6.2.1/../../../../pic32c/lib/v7e-m/fpv4-sp/hard\libc_nano.a(lib_a-mlock.o)
 .debug_aranges
                0x00000c58       0x28 c:/program files/microchip/xc32/v2.40/bin/bin/../../lib/gcc/pic32c/6.2.1/../../../../pic32c/lib/v7e-m/fpv4-sp/hard\libc_nano.a(lib_a-reent.o)
 .debug_aranges
                0x00000c80       0x20 c:/program files/microchip/xc32/v2.40/bin/bin/../../lib/gcc/pic32c/6.2.1/../../../../pic32c/lib/v7e-m/fpv4-sp/hard\libpic32c.a(sbrk.o)

.debug_ranges   0x00000000      0xb38
 .debug_ranges  0x00000000       0x40 build/LAN9255_SQI_DIRECT_MODE/production/_ext/1984496892/plib_clock.o
 .debug_ranges  0x00000040       0x40 build/LAN9255_SQI_DIRECT_MODE/production/_ext/60167341/plib_eic.o
 .debug_ranges  0x00000080       0x10 build/LAN9255_SQI_DIRECT_MODE/production/_ext/1986646378/plib_evsys.o
 .debug_ranges  0x00000090       0x28 build/LAN9255_SQI_DIRECT_MODE/production/_ext/1865468468/plib_nvic.o
 .debug_ranges  0x000000b8       0xa0 build/LAN9255_SQI_DIRECT_MODE/production/_ext/1593096446/plib_nvmctrl.o
 .debug_ranges  0x00000158       0x50 build/LAN9255_SQI_DIRECT_MODE/production/_ext/1865521619/plib_port.o
 .debug_ranges  0x000001a8       0x58 build/LAN9255_SQI_DIRECT_MODE/production/_ext/1865555181/plib_qspi.o
 .debug_ranges  0x00000200       0x60 build/LAN9255_SQI_DIRECT_MODE/production/_ext/1827571544/plib_systick.o
 .debug_ranges  0x00000260       0x38 build/LAN9255_SQI_DIRECT_MODE/production/_ext/1171490990/exceptions.o
 .debug_ranges  0x00000298       0x10 build/LAN9255_SQI_DIRECT_MODE/production/_ext/1171490990/initialization.o
 .debug_ranges  0x000002a8       0x10 build/LAN9255_SQI_DIRECT_MODE/production/_ext/1171490990/interrupts.o
 .debug_ranges  0x000002b8       0x28 build/LAN9255_SQI_DIRECT_MODE/production/_ext/1171490990/startup_xc32.o
 .debug_ranges  0x000002e0       0x10 build/LAN9255_SQI_DIRECT_MODE/production/_ext/1171490990/tasks.o
 .debug_ranges  0x000002f0       0xd0 build/LAN9255_SQI_DIRECT_MODE/production/_ext/1671622016/Drivers.o
 .debug_ranges  0x000003c0       0x30 build/LAN9255_SQI_DIRECT_MODE/production/_ext/108147519/ESC_Utils.o
 .debug_ranges  0x000003f0       0x80 build/LAN9255_SQI_DIRECT_MODE/production/_ext/108147519/LAN925x.o
 .debug_ranges  0x00000470       0x28 build/LAN9255_SQI_DIRECT_MODE/production/_ext/108134065/bootmode.o
 .debug_ranges  0x00000498       0x78 build/LAN9255_SQI_DIRECT_MODE/production/_ext/108134065/coeappl.o
 .debug_ranges  0x00000510       0x80 build/LAN9255_SQI_DIRECT_MODE/production/_ext/108134065/ecatappl.o
 .debug_ranges  0x00000590       0x20 build/LAN9255_SQI_DIRECT_MODE/production/_ext/108134065/ecatcoe.o
 .debug_ranges  0x000005b0       0x80 build/LAN9255_SQI_DIRECT_MODE/production/_ext/108134065/ecatfoe.o
 .debug_ranges  0x00000630       0xb8 build/LAN9255_SQI_DIRECT_MODE/production/_ext/108134065/ecatslv.o
 .debug_ranges  0x000006e8       0x50 build/LAN9255_SQI_DIRECT_MODE/production/_ext/108134065/emcy.o
 .debug_ranges  0x00000738       0x38 build/LAN9255_SQI_DIRECT_MODE/production/_ext/108134065/foeappl.o
 .debug_ranges  0x00000770       0x70 build/LAN9255_SQI_DIRECT_MODE/production/_ext/108134065/mailbox.o
 .debug_ranges  0x000007e0       0x80 build/LAN9255_SQI_DIRECT_MODE/production/_ext/108134065/objdef.o
 .debug_ranges  0x00000860       0xd0 build/LAN9255_SQI_DIRECT_MODE/production/_ext/108134065/sample_app.o
 .debug_ranges  0x00000930       0x68 build/LAN9255_SQI_DIRECT_MODE/production/_ext/108134065/sdoserv.o
 .debug_ranges  0x00000998       0x10 build/LAN9255_SQI_DIRECT_MODE/production/_ext/1360937237/main.o
 .debug_ranges  0x000009a8       0x58 build/LAN9255_SQI_DIRECT_MODE/production/_ext/1360937237/app.o
 .debug_ranges  0x00000a00       0x10 c:/program files/microchip/xc32/v2.40/bin/bin/../../lib/gcc/pic32c/6.2.1/../../../../pic32c/lib/v7e-m/fpv4-sp/hard\libpic32c.a(data_init.o)
 .debug_ranges  0x00000a10       0x10 c:/program files/microchip/xc32/v2.40/bin/bin/../../lib/gcc/pic32c/6.2.1/../../../../pic32c/lib/v7e-m/fpv4-sp/hard\libc_nano.a(lib_a-init.o)
 .debug_ranges  0x00000a20       0x18 c:/program files/microchip/xc32/v2.40/bin/bin/../../lib/gcc/pic32c/6.2.1/../../../../pic32c/lib/v7e-m/fpv4-sp/hard\libc_nano.a(lib_a-malloc.o)
 .debug_ranges  0x00000a38       0x10 c:/program files/microchip/xc32/v2.40/bin/bin/../../lib/gcc/pic32c/6.2.1/../../../../pic32c/lib/v7e-m/fpv4-sp/hard\libc_nano.a(lib_a-memcpy-stub.o)
 .debug_ranges  0x00000a48       0x10 c:/program files/microchip/xc32/v2.40/bin/bin/../../lib/gcc/pic32c/6.2.1/../../../../pic32c/lib/v7e-m/fpv4-sp/hard\libc_nano.a(lib_a-memset.o)
 .debug_ranges  0x00000a58       0x10 c:/program files/microchip/xc32/v2.40/bin/bin/../../lib/gcc/pic32c/6.2.1/../../../../pic32c/lib/v7e-m/fpv4-sp/hard\libc_nano.a(lib_a-nano-freer.o)
 .debug_ranges  0x00000a68       0x58 c:/program files/microchip/xc32/v2.40/bin/bin/../../lib/gcc/pic32c/6.2.1/../../../../pic32c/lib/v7e-m/fpv4-sp/hard\libc_nano.a(lib_a-nano-mallocr.o)
 .debug_ranges  0x00000ac0       0x10 c:/program files/microchip/xc32/v2.40/bin/bin/../../lib/gcc/pic32c/6.2.1/../../../../pic32c/lib/v7e-m/fpv4-sp/hard\libc_nano.a(lib_a-sbrkr.o)
 .debug_ranges  0x00000ad0       0x10 c:/program files/microchip/xc32/v2.40/bin/bin/../../lib/gcc/pic32c/6.2.1/../../../../pic32c/lib/v7e-m/fpv4-sp/hard\libc_nano.a(lib_a-mlock.o)
 .debug_ranges  0x00000ae0       0x48 c:/program files/microchip/xc32/v2.40/bin/bin/../../lib/gcc/pic32c/6.2.1/../../../../pic32c/lib/v7e-m/fpv4-sp/hard\libc_nano.a(lib_a-reent.o)
 .debug_ranges  0x00000b28       0x10 c:/program files/microchip/xc32/v2.40/bin/bin/../../lib/gcc/pic32c/6.2.1/../../../../pic32c/lib/v7e-m/fpv4-sp/hard\libpic32c.a(sbrk.o)

.debug_line     0x00000000     0x7650
 .debug_line    0x00000000      0x228 build/LAN9255_SQI_DIRECT_MODE/production/_ext/1984496892/plib_clock.o
 .debug_line    0x00000228      0x202 build/LAN9255_SQI_DIRECT_MODE/production/_ext/60167341/plib_eic.o
 .debug_line    0x0000042a      0x12f build/LAN9255_SQI_DIRECT_MODE/production/_ext/1986646378/plib_evsys.o
 .debug_line    0x00000559      0x1ca build/LAN9255_SQI_DIRECT_MODE/production/_ext/1865468468/plib_nvic.o
 .debug_line    0x00000723      0x367 build/LAN9255_SQI_DIRECT_MODE/production/_ext/1593096446/plib_nvmctrl.o
 .debug_line    0x00000a8a      0x213 build/LAN9255_SQI_DIRECT_MODE/production/_ext/1865521619/plib_port.o
 .debug_line    0x00000c9d      0x2cb build/LAN9255_SQI_DIRECT_MODE/production/_ext/1865555181/plib_qspi.o
 .debug_line    0x00000f68      0x20a build/LAN9255_SQI_DIRECT_MODE/production/_ext/1827571544/plib_systick.o
 .debug_line    0x00001172      0x235 build/LAN9255_SQI_DIRECT_MODE/production/_ext/1171490990/exceptions.o
 .debug_line    0x000013a7      0x1ee build/LAN9255_SQI_DIRECT_MODE/production/_ext/1171490990/initialization.o
 .debug_line    0x00001595      0x210 build/LAN9255_SQI_DIRECT_MODE/production/_ext/1171490990/interrupts.o
 .debug_line    0x000017a5      0x29e build/LAN9255_SQI_DIRECT_MODE/production/_ext/1171490990/startup_xc32.o
 .debug_line    0x00001a43      0x1df build/LAN9255_SQI_DIRECT_MODE/production/_ext/1171490990/tasks.o
 .debug_line    0x00001c22      0x580 build/LAN9255_SQI_DIRECT_MODE/production/_ext/1671622016/Drivers.o
 .debug_line    0x000021a2      0x2e2 build/LAN9255_SQI_DIRECT_MODE/production/_ext/108147519/ESC_Utils.o
 .debug_line    0x00002484      0x4dc build/LAN9255_SQI_DIRECT_MODE/production/_ext/108147519/LAN925x.o
 .debug_line    0x00002960      0x189 build/LAN9255_SQI_DIRECT_MODE/production/_ext/108134065/bootmode.o
 .debug_line    0x00002ae9      0x3d5 build/LAN9255_SQI_DIRECT_MODE/production/_ext/108134065/coeappl.o
 .debug_line    0x00002ebe      0x4d3 build/LAN9255_SQI_DIRECT_MODE/production/_ext/108134065/ecatappl.o
 .debug_line    0x00003391      0x19e build/LAN9255_SQI_DIRECT_MODE/production/_ext/108134065/ecatcoe.o
 .debug_line    0x0000352f      0x2f5 build/LAN9255_SQI_DIRECT_MODE/production/_ext/108134065/ecatfoe.o
 .debug_line    0x00003824      0x87f build/LAN9255_SQI_DIRECT_MODE/production/_ext/108134065/ecatslv.o
 .debug_line    0x000040a3      0x311 build/LAN9255_SQI_DIRECT_MODE/production/_ext/108134065/emcy.o
 .debug_line    0x000043b4      0x2dd build/LAN9255_SQI_DIRECT_MODE/production/_ext/108134065/foeappl.o
 .debug_line    0x00004691      0x45f build/LAN9255_SQI_DIRECT_MODE/production/_ext/108134065/mailbox.o
 .debug_line    0x00004af0      0x5e5 build/LAN9255_SQI_DIRECT_MODE/production/_ext/108134065/objdef.o
 .debug_line    0x000050d5      0x569 build/LAN9255_SQI_DIRECT_MODE/production/_ext/108134065/sample_app.o
 .debug_line    0x0000563e      0x4c3 build/LAN9255_SQI_DIRECT_MODE/production/_ext/108134065/sdoserv.o
 .debug_line    0x00005b01      0x1e2 build/LAN9255_SQI_DIRECT_MODE/production/_ext/1360937237/main.o
 .debug_line    0x00005ce3      0x3b0 build/LAN9255_SQI_DIRECT_MODE/production/_ext/1360937237/app.o
 .debug_line    0x00006093       0xd8 c:/program files/microchip/xc32/v2.40/bin/bin/../../lib/gcc/pic32c/6.2.1/../../../../pic32c/lib/v7e-m/fpv4-sp/hard\libpic32c.a(data_init.o)
 .debug_line    0x0000616b      0x11d c:/program files/microchip/xc32/v2.40/bin/bin/../../lib/gcc/pic32c/6.2.1/../../../../pic32c/lib/v7e-m/fpv4-sp/hard\libc_nano.a(lib_a-init.o)
 .debug_line    0x00006288      0x21e c:/program files/microchip/xc32/v2.40/bin/bin/../../lib/gcc/pic32c/6.2.1/../../../../pic32c/lib/v7e-m/fpv4-sp/hard\libc_nano.a(lib_a-malloc.o)
 .debug_line    0x000064a6      0x218 c:/program files/microchip/xc32/v2.40/bin/bin/../../lib/gcc/pic32c/6.2.1/../../../../pic32c/lib/v7e-m/fpv4-sp/hard\libc_nano.a(lib_a-memcpy-stub.o)
 .debug_line    0x000066be      0x2ae c:/program files/microchip/xc32/v2.40/bin/bin/../../lib/gcc/pic32c/6.2.1/../../../../pic32c/lib/v7e-m/fpv4-sp/hard\libc_nano.a(lib_a-memset.o)
 .debug_line    0x0000696c      0x1dc c:/program files/microchip/xc32/v2.40/bin/bin/../../lib/gcc/pic32c/6.2.1/../../../../pic32c/lib/v7e-m/fpv4-sp/hard\libc_nano.a(lib_a-nano-freer.o)
 .debug_line    0x00006b48      0x257 c:/program files/microchip/xc32/v2.40/bin/bin/../../lib/gcc/pic32c/6.2.1/../../../../pic32c/lib/v7e-m/fpv4-sp/hard\libc_nano.a(lib_a-nano-mallocr.o)
 .debug_line    0x00006d9f      0x212 c:/program files/microchip/xc32/v2.40/bin/bin/../../lib/gcc/pic32c/6.2.1/../../../../pic32c/lib/v7e-m/fpv4-sp/hard\libc_nano.a(lib_a-sbrkr.o)
 .debug_line    0x00006fb1       0xb1 c:/program files/microchip/xc32/v2.40/bin/bin/../../lib/gcc/pic32c/6.2.1/../../../../pic32c/lib/v7e-m/fpv4-sp/hard\libc_nano.a(lib_a-strlen.o)
 .debug_line    0x00007062      0x17e c:/program files/microchip/xc32/v2.40/bin/bin/../../lib/gcc/pic32c/6.2.1/../../../../pic32c/lib/v7e-m/fpv4-sp/hard\libc_nano.a(lib_a-impure.o)
 .debug_line    0x000071e0      0x18d c:/program files/microchip/xc32/v2.40/bin/bin/../../lib/gcc/pic32c/6.2.1/../../../../pic32c/lib/v7e-m/fpv4-sp/hard\libc_nano.a(lib_a-mlock.o)
 .debug_line    0x0000736d      0x241 c:/program files/microchip/xc32/v2.40/bin/bin/../../lib/gcc/pic32c/6.2.1/../../../../pic32c/lib/v7e-m/fpv4-sp/hard\libc_nano.a(lib_a-reent.o)
 .debug_line    0x000075ae       0xa2 c:/program files/microchip/xc32/v2.40/bin/bin/../../lib/gcc/pic32c/6.2.1/../../../../pic32c/lib/v7e-m/fpv4-sp/hard\libpic32c.a(sbrk.o)

.debug_str      0x00000000      0x7d4
 .debug_str     0x00000000       0x1e build/LAN9255_SQI_DIRECT_MODE/production/_ext/1984496892/plib_clock.o
 .debug_str     0x0000001e        0x9 build/LAN9255_SQI_DIRECT_MODE/production/_ext/60167341/plib_eic.o
 .debug_str     0x00000027        0x0 build/LAN9255_SQI_DIRECT_MODE/production/_ext/1986646378/plib_evsys.o
 .debug_str     0x00000027        0xa build/LAN9255_SQI_DIRECT_MODE/production/_ext/1865468468/plib_nvic.o
 .debug_str     0x00000031       0x29 build/LAN9255_SQI_DIRECT_MODE/production/_ext/1593096446/plib_nvmctrl.o
 .debug_str     0x0000005a        0xb build/LAN9255_SQI_DIRECT_MODE/production/_ext/1865521619/plib_port.o
 .debug_str     0x00000065       0x9a build/LAN9255_SQI_DIRECT_MODE/production/_ext/1865555181/plib_qspi.o
 .debug_str     0x000000ff        0x9 build/LAN9255_SQI_DIRECT_MODE/production/_ext/1827571544/plib_systick.o
 .debug_str     0x00000108        0xe build/LAN9255_SQI_DIRECT_MODE/production/_ext/1171490990/exceptions.o
 .debug_str     0x00000116        0xe build/LAN9255_SQI_DIRECT_MODE/production/_ext/1171490990/initialization.o
 .debug_str     0x00000124        0xe build/LAN9255_SQI_DIRECT_MODE/production/_ext/1171490990/interrupts.o
 .debug_str     0x00000132        0xe build/LAN9255_SQI_DIRECT_MODE/production/_ext/1171490990/startup_xc32.o
 .debug_str     0x00000140        0xe build/LAN9255_SQI_DIRECT_MODE/production/_ext/1171490990/tasks.o
 .debug_str     0x0000014e       0x6d build/LAN9255_SQI_DIRECT_MODE/production/_ext/1671622016/Drivers.o
 .debug_str     0x000001bb        0xe build/LAN9255_SQI_DIRECT_MODE/production/_ext/108147519/ESC_Utils.o
 .debug_str     0x000001c9       0x4b build/LAN9255_SQI_DIRECT_MODE/production/_ext/108147519/LAN925x.o
 .debug_str     0x00000214        0xe build/LAN9255_SQI_DIRECT_MODE/production/_ext/108134065/bootmode.o
 .debug_str     0x00000222       0x48 build/LAN9255_SQI_DIRECT_MODE/production/_ext/108134065/coeappl.o
 .debug_str     0x0000026a       0x4a build/LAN9255_SQI_DIRECT_MODE/production/_ext/108134065/ecatappl.o
 .debug_str     0x000002b4       0x35 build/LAN9255_SQI_DIRECT_MODE/production/_ext/108134065/ecatcoe.o
 .debug_str     0x000002e9       0x24 build/LAN9255_SQI_DIRECT_MODE/production/_ext/108134065/ecatfoe.o
 .debug_str     0x0000030d       0x6b build/LAN9255_SQI_DIRECT_MODE/production/_ext/108134065/ecatslv.o
 .debug_str     0x00000378       0x2d build/LAN9255_SQI_DIRECT_MODE/production/_ext/108134065/emcy.o
 .debug_str     0x000003a5       0x31 build/LAN9255_SQI_DIRECT_MODE/production/_ext/108134065/foeappl.o
 .debug_str     0x000003d6       0x50 build/LAN9255_SQI_DIRECT_MODE/production/_ext/108134065/mailbox.o
 .debug_str     0x00000426       0xa5 build/LAN9255_SQI_DIRECT_MODE/production/_ext/108134065/objdef.o
 .debug_str     0x000004cb       0x66 build/LAN9255_SQI_DIRECT_MODE/production/_ext/108134065/sample_app.o
 .debug_str     0x00000531       0xa8 build/LAN9255_SQI_DIRECT_MODE/production/_ext/108134065/sdoserv.o
 .debug_str     0x000005d9        0xe build/LAN9255_SQI_DIRECT_MODE/production/_ext/1360937237/main.o
 .debug_str     0x000005e7       0x41 build/LAN9255_SQI_DIRECT_MODE/production/_ext/1360937237/app.o
 .debug_str     0x00000628        0x0 c:/program files/microchip/xc32/v2.40/bin/bin/../../lib/gcc/pic32c/6.2.1/../../../../pic32c/lib/v7e-m/fpv4-sp/hard\libpic32c.a(data_init.o)
 .debug_str     0x00000628        0x0 c:/program files/microchip/xc32/v2.40/bin/bin/../../lib/gcc/pic32c/6.2.1/../../../../pic32c/lib/v7e-m/fpv4-sp/hard\libc_nano.a(lib_a-init.o)
 .debug_str     0x00000628       0x13 c:/program files/microchip/xc32/v2.40/bin/bin/../../lib/gcc/pic32c/6.2.1/../../../../pic32c/lib/v7e-m/fpv4-sp/hard\libc_nano.a(lib_a-malloc.o)
 .debug_str     0x0000063b        0x9 c:/program files/microchip/xc32/v2.40/bin/bin/../../lib/gcc/pic32c/6.2.1/../../../../pic32c/lib/v7e-m/fpv4-sp/hard\libc_nano.a(lib_a-memcpy-stub.o)
 .debug_str     0x00000644      0x114 c:/program files/microchip/xc32/v2.40/bin/bin/../../lib/gcc/pic32c/6.2.1/../../../../pic32c/lib/v7e-m/fpv4-sp/hard\libc_nano.a(lib_a-memset.o)
 .debug_str     0x00000758       0x27 c:/program files/microchip/xc32/v2.40/bin/bin/../../lib/gcc/pic32c/6.2.1/../../../../pic32c/lib/v7e-m/fpv4-sp/hard\libc_nano.a(lib_a-nano-freer.o)
 .debug_str     0x0000077f       0x31 c:/program files/microchip/xc32/v2.40/bin/bin/../../lib/gcc/pic32c/6.2.1/../../../../pic32c/lib/v7e-m/fpv4-sp/hard\libc_nano.a(lib_a-nano-mallocr.o)
 .debug_str     0x000007b0        0x9 c:/program files/microchip/xc32/v2.40/bin/bin/../../lib/gcc/pic32c/6.2.1/../../../../pic32c/lib/v7e-m/fpv4-sp/hard\libc_nano.a(lib_a-sbrkr.o)
 .debug_str     0x000007b9        0x9 c:/program files/microchip/xc32/v2.40/bin/bin/../../lib/gcc/pic32c/6.2.1/../../../../pic32c/lib/v7e-m/fpv4-sp/hard\libc_nano.a(lib_a-impure.o)
 .debug_str     0x000007c2        0x9 c:/program files/microchip/xc32/v2.40/bin/bin/../../lib/gcc/pic32c/6.2.1/../../../../pic32c/lib/v7e-m/fpv4-sp/hard\libc_nano.a(lib_a-mlock.o)
 .debug_str     0x000007cb        0x9 c:/program files/microchip/xc32/v2.40/bin/bin/../../lib/gcc/pic32c/6.2.1/../../../../pic32c/lib/v7e-m/fpv4-sp/hard\libc_nano.a(lib_a-reent.o)
 .debug_str     0x000007d4        0x0 c:/program files/microchip/xc32/v2.40/bin/bin/../../lib/gcc/pic32c/6.2.1/../../../../pic32c/lib/v7e-m/fpv4-sp/hard\libpic32c.a(sbrk.o)

.debug_frame    0x00000000     0x27f8
 .debug_frame   0x00000000       0xec build/LAN9255_SQI_DIRECT_MODE/production/_ext/1984496892/plib_clock.o
 .debug_frame   0x000000ec       0xfc build/LAN9255_SQI_DIRECT_MODE/production/_ext/60167341/plib_eic.o
 .debug_frame   0x000001e8       0x30 build/LAN9255_SQI_DIRECT_MODE/production/_ext/1986646378/plib_evsys.o
 .debug_frame   0x00000218       0xa4 build/LAN9255_SQI_DIRECT_MODE/production/_ext/1865468468/plib_nvic.o
 .debug_frame   0x000002bc      0x2ac build/LAN9255_SQI_DIRECT_MODE/production/_ext/1593096446/plib_nvmctrl.o
 .debug_frame   0x00000568      0x170 build/LAN9255_SQI_DIRECT_MODE/production/_ext/1865521619/plib_port.o
 .debug_frame   0x000006d8      0x180 build/LAN9255_SQI_DIRECT_MODE/production/_ext/1865555181/plib_qspi.o
 .debug_frame   0x00000858      0x184 build/LAN9255_SQI_DIRECT_MODE/production/_ext/1827571544/plib_systick.o
 .debug_frame   0x000009dc       0xa0 build/LAN9255_SQI_DIRECT_MODE/production/_ext/1171490990/exceptions.o
 .debug_frame   0x00000a7c       0x34 build/LAN9255_SQI_DIRECT_MODE/production/_ext/1171490990/initialization.o
 .debug_frame   0x00000ab0       0x20 build/LAN9255_SQI_DIRECT_MODE/production/_ext/1171490990/interrupts.o
 .debug_frame   0x00000ad0       0x98 build/LAN9255_SQI_DIRECT_MODE/production/_ext/1171490990/startup_xc32.o
 .debug_frame   0x00000b68       0x2c build/LAN9255_SQI_DIRECT_MODE/production/_ext/1171490990/tasks.o
 .debug_frame   0x00000b94      0x37c build/LAN9255_SQI_DIRECT_MODE/production/_ext/1671622016/Drivers.o
 .debug_frame   0x00000f10       0xb4 build/LAN9255_SQI_DIRECT_MODE/production/_ext/108147519/ESC_Utils.o
 .debug_frame   0x00000fc4      0x22c build/LAN9255_SQI_DIRECT_MODE/production/_ext/108147519/LAN925x.o
 .debug_frame   0x000011f0       0xa8 build/LAN9255_SQI_DIRECT_MODE/production/_ext/108134065/bootmode.o
 .debug_frame   0x00001298      0x1a8 build/LAN9255_SQI_DIRECT_MODE/production/_ext/108134065/coeappl.o
 .debug_frame   0x00001440      0x1a8 build/LAN9255_SQI_DIRECT_MODE/production/_ext/108134065/ecatappl.o
 .debug_frame   0x000015e8       0x78 build/LAN9255_SQI_DIRECT_MODE/production/_ext/108134065/ecatcoe.o
 .debug_frame   0x00001660       0x7c build/LAN9255_SQI_DIRECT_MODE/production/_ext/108134065/ecatfoe.o
 .debug_frame   0x000016dc      0x320 build/LAN9255_SQI_DIRECT_MODE/production/_ext/108134065/ecatslv.o
 .debug_frame   0x000019fc      0x160 build/LAN9255_SQI_DIRECT_MODE/production/_ext/108134065/emcy.o
 .debug_frame   0x00001b5c       0xec build/LAN9255_SQI_DIRECT_MODE/production/_ext/108134065/foeappl.o
 .debug_frame   0x00001c48      0x1ec build/LAN9255_SQI_DIRECT_MODE/production/_ext/108134065/mailbox.o
 .debug_frame   0x00001e34      0x1e8 build/LAN9255_SQI_DIRECT_MODE/production/_ext/108134065/objdef.o
 .debug_frame   0x0000201c      0x374 build/LAN9255_SQI_DIRECT_MODE/production/_ext/108134065/sample_app.o
 .debug_frame   0x00002390      0x120 build/LAN9255_SQI_DIRECT_MODE/production/_ext/108134065/sdoserv.o
 .debug_frame   0x000024b0       0x2c build/LAN9255_SQI_DIRECT_MODE/production/_ext/1360937237/main.o
 .debug_frame   0x000024dc      0x110 build/LAN9255_SQI_DIRECT_MODE/production/_ext/1360937237/app.o
 .debug_frame   0x000025ec       0x2c c:/program files/microchip/xc32/v2.40/bin/bin/../../lib/gcc/pic32c/6.2.1/../../../../pic32c/lib/v7e-m/fpv4-sp/hard\libpic32c.a(data_init.o)
 .debug_frame   0x00002618       0x2c c:/program files/microchip/xc32/v2.40/bin/bin/../../lib/gcc/pic32c/6.2.1/../../../../pic32c/lib/v7e-m/fpv4-sp/hard\libc_nano.a(lib_a-init.o)
 .debug_frame   0x00002644       0x30 c:/program files/microchip/xc32/v2.40/bin/bin/../../lib/gcc/pic32c/6.2.1/../../../../pic32c/lib/v7e-m/fpv4-sp/hard\libc_nano.a(lib_a-malloc.o)
 .debug_frame   0x00002674       0x28 c:/program files/microchip/xc32/v2.40/bin/bin/../../lib/gcc/pic32c/6.2.1/../../../../pic32c/lib/v7e-m/fpv4-sp/hard\libc_nano.a(lib_a-memcpy-stub.o)
 .debug_frame   0x0000269c       0x20 c:/program files/microchip/xc32/v2.40/bin/bin/../../lib/gcc/pic32c/6.2.1/../../../../pic32c/lib/v7e-m/fpv4-sp/hard\libc_nano.a(lib_a-memset.o)
 .debug_frame   0x000026bc       0x38 c:/program files/microchip/xc32/v2.40/bin/bin/../../lib/gcc/pic32c/6.2.1/../../../../pic32c/lib/v7e-m/fpv4-sp/hard\libc_nano.a(lib_a-nano-freer.o)
 .debug_frame   0x000026f4       0x2c c:/program files/microchip/xc32/v2.40/bin/bin/../../lib/gcc/pic32c/6.2.1/../../../../pic32c/lib/v7e-m/fpv4-sp/hard\libc_nano.a(lib_a-nano-mallocr.o)
 .debug_frame   0x00002720       0x2c c:/program files/microchip/xc32/v2.40/bin/bin/../../lib/gcc/pic32c/6.2.1/../../../../pic32c/lib/v7e-m/fpv4-sp/hard\libc_nano.a(lib_a-sbrkr.o)
 .debug_frame   0x0000274c       0x30 c:/program files/microchip/xc32/v2.40/bin/bin/../../lib/gcc/pic32c/6.2.1/../../../../pic32c/lib/v7e-m/fpv4-sp/hard\libc_nano.a(lib_a-mlock.o)
 .debug_frame   0x0000277c       0x5c c:/program files/microchip/xc32/v2.40/bin/bin/../../lib/gcc/pic32c/6.2.1/../../../../pic32c/lib/v7e-m/fpv4-sp/hard\libc_nano.a(lib_a-reent.o)
 .debug_frame   0x000027d8       0x20 c:/program files/microchip/xc32/v2.40/bin/bin/../../lib/gcc/pic32c/6.2.1/../../../../pic32c/lib/v7e-m/fpv4-sp/hard\libpic32c.a(sbrk.o)

.stack          0x20002ad0      0x100
 .stack         0x20002ad0      0x100 stack

.data.GenObjDic%1
                0x200023e0      0x1e0
 .data.GenObjDic
                0x200023e0      0x1e0 build/LAN9255_SQI_DIRECT_MODE/production/_ext/108134065/coeappl.o
                0x200023e0                GenObjDic

.data.ApplicationObjDic%2
                0x200025c0      0x118
 .data.ApplicationObjDic
                0x200025c0      0x118 build/LAN9255_SQI_DIRECT_MODE/production/_ext/108134065/coeappl.o
                0x200025c0                ApplicationObjDic

.bss.gau8rx_data%3
                0x200026d8       0x80
 .bss.gau8rx_data
                0x200026d8       0x80 build/LAN9255_SQI_DIRECT_MODE/production/_ext/1671622016/Drivers.o

.data.impure_data%4
                0x20002758       0x60
 .data.impure_data
                0x20002758       0x60 c:/program files/microchip/xc32/v2.40/bin/bin/../../lib/gcc/pic32c/6.2.1/../../../../pic32c/lib/v7e-m/fpv4-sp/hard\libc_nano.a(lib_a-impure.o)

.data.gau8DummyCntArr%5
                0x200027b8       0x27
 .data.gau8DummyCntArr
                0x200027b8       0x27 build/LAN9255_SQI_DIRECT_MODE/production/_ext/108147519/LAN925x.o
                0x200027b8                gau8DummyCntArr

.bss%6          0x200027e0       0x1c
 .bss           0x200027e0       0x1c c:/program files/microchip/xc32/v2.40/bin/bin/../../lib/gcc/pic32c/6.2.1/v7e-m/fpv4-sp/hard/crtbegin.o

.data.acDevicename%7
                0x200027fc       0x16
 .data.acDevicename
                0x200027fc       0x16 build/LAN9255_SQI_DIRECT_MODE/production/_ext/108134065/coeappl.o
                0x200027fc                acDevicename

.data.sIdentity%8
                0x20002814       0x14
 .data.sIdentity
                0x20002814       0x14 build/LAN9255_SQI_DIRECT_MODE/production/_ext/108134065/coeappl.o
                0x20002814                sIdentity

.data.aSubindexDesc%9
                0x20002828        0xd
 .data.aSubindexDesc
                0x20002828        0xd build/LAN9255_SQI_DIRECT_MODE/production/_ext/108134065/objdef.o
                0x20002828                aSubindexDesc

.data.sErrorSettings%10
                0x20002838        0xc
 .data.sErrorSettings
                0x20002838        0xc build/LAN9255_SQI_DIRECT_MODE/production/_ext/108134065/objdef.o
                0x20002838                sErrorSettings

.bss.u64Timestamp%11
                0x20002848        0x8
 .bss.u64Timestamp
                0x20002848        0x8 build/LAN9255_SQI_DIRECT_MODE/production/_ext/108134065/coeappl.o
                0x20002848                u64Timestamp

.data.OutputsProcessDataMapping0x1601%12
                0x20002850        0x8
 .data.OutputsProcessDataMapping0x1601
                0x20002850        0x8 build/LAN9255_SQI_DIRECT_MODE/production/_ext/108134065/sample_app.o
                0x20002850                OutputsProcessDataMapping0x1601

.data.InputsProcessDataMapping0x1A00%13
                0x20002858        0x8
 .data.InputsProcessDataMapping0x1A00
                0x20002858        0x8 build/LAN9255_SQI_DIRECT_MODE/production/_ext/108134065/sample_app.o
                0x20002858                InputsProcessDataMapping0x1A00

.data.Inputs0x6000%14
                0x20002860        0x8
 .data.Inputs0x6000
                0x20002860        0x8 build/LAN9255_SQI_DIRECT_MODE/production/_ext/108134065/sample_app.o
                0x20002860                Inputs0x6000

.data.Outputs0x7010%15
                0x20002868        0x8
 .data.Outputs0x7010
                0x20002868        0x8 build/LAN9255_SQI_DIRECT_MODE/production/_ext/108134065/sample_app.o
                0x20002868                Outputs0x7010

.data.sSyncmanagertype%16
                0x20002870        0x6
 .data.sSyncmanagertype
                0x20002870        0x6 build/LAN9255_SQI_DIRECT_MODE/production/_ext/108134065/coeappl.o
                0x20002870                sSyncmanagertype

.data.u32Devicetype%17
                0x20002844        0x4
 .data.u32Devicetype
                0x20002844        0x4 build/LAN9255_SQI_DIRECT_MODE/production/_ext/108134065/coeappl.o
                0x20002844                u32Devicetype

.data.acHardwareversion%18
                0x20002878        0x4
 .data.acHardwareversion
                0x20002878        0x4 build/LAN9255_SQI_DIRECT_MODE/production/_ext/108134065/coeappl.o
                0x20002878                acHardwareversion

.data.acSoftwareversion%19
                0x2000287c        0x4
 .data.acSoftwareversion
                0x2000287c        0x4 build/LAN9255_SQI_DIRECT_MODE/production/_ext/108134065/coeappl.o
                0x2000287c                acSoftwareversion

.bss.ObjDicList%20
                0x20002880        0x4
 .bss.ObjDicList
                0x20002880        0x4 build/LAN9255_SQI_DIRECT_MODE/production/_ext/108134065/coeappl.o
                0x20002880                ObjDicList

.bss.SMActivate%21
                0x20002884        0x4
 .bss.SMActivate
                0x20002884        0x4 build/LAN9255_SQI_DIRECT_MODE/production/_ext/108134065/ecatslv.o
                0x20002884                SMActivate

.data.sRxPDOassign%22
                0x20002888        0x4
 .data.sRxPDOassign
                0x20002888        0x4 build/LAN9255_SQI_DIRECT_MODE/production/_ext/108134065/sample_app.o
                0x20002888                sRxPDOassign

.data.sTxPDOassign%23
                0x2000288c        0x4
 .data.sTxPDOassign
                0x2000288c        0x4 build/LAN9255_SQI_DIRECT_MODE/production/_ext/108134065/sample_app.o
                0x2000288c                sTxPDOassign

.bss.nFileWriteOffset%24
                0x20002890        0x4
 .bss.nFileWriteOffset
                0x20002890        0x4 build/LAN9255_SQI_DIRECT_MODE/production/_ext/108134065/sample_app.o
                0x20002890                nFileWriteOffset

.bss.nFileTotalLengthOffset%25
                0x20002894        0x4
 .bss.nFileTotalLengthOffset
                0x20002894        0x4 build/LAN9255_SQI_DIRECT_MODE/production/_ext/108134065/sample_app.o
                0x20002894                nFileTotalLengthOffset

.bss.nFileStartWriteAddress%26
                0x20002898        0x4
 .bss.nFileStartWriteAddress
                0x20002898        0x4 build/LAN9255_SQI_DIRECT_MODE/production/_ext/108134065/sample_app.o
                0x20002898                nFileStartWriteAddress

.bss.u32FileSize%27
                0x2000289c        0x4
 .bss.u32FileSize
                0x2000289c        0x4 build/LAN9255_SQI_DIRECT_MODE/production/_ext/108134065/sample_app.o
                0x2000289c                u32FileSize

.bss.__malloc_free_list%28
                0x200028a0        0x4
 .bss.__malloc_free_list
                0x200028a0        0x4 c:/program files/microchip/xc32/v2.40/bin/bin/../../lib/gcc/pic32c/6.2.1/../../../../pic32c/lib/v7e-m/fpv4-sp/hard\libc_nano.a(lib_a-nano-mallocr.o)
                0x200028a0                __malloc_free_list

.bss.__malloc_sbrk_start%29
                0x200028a4        0x4
 .bss.__malloc_sbrk_start
                0x200028a4        0x4 c:/program files/microchip/xc32/v2.40/bin/bin/../../lib/gcc/pic32c/6.2.1/../../../../pic32c/lib/v7e-m/fpv4-sp/hard\libc_nano.a(lib_a-nano-mallocr.o)
                0x200028a4                __malloc_sbrk_start

.data._impure_ptr%30
                0x200028a8        0x4
 .data._impure_ptr
                0x200028a8        0x4 c:/program files/microchip/xc32/v2.40/bin/bin/../../lib/gcc/pic32c/6.2.1/../../../../pic32c/lib/v7e-m/fpv4-sp/hard\libc_nano.a(lib_a-impure.o)
                0x200028a8                _impure_ptr

.bss%31         0x200028ac        0x4
 .bss           0x200028ac        0x4 c:/program files/microchip/xc32/v2.40/bin/bin/../../lib/gcc/pic32c/6.2.1/../../../../pic32c/lib/v7e-m/fpv4-sp/hard\libpic32c.a(sbrk.o)

.bss.nvm_error%32
                0x20002812        0x2
 .bss.nvm_error
                0x20002812        0x2 build/LAN9255_SQI_DIRECT_MODE/production/_ext/1593096446/plib_nvmctrl.o

.bss.nvm_status%33
                0x20002876        0x2
 .bss.nvm_status
                0x20002876        0x2 build/LAN9255_SQI_DIRECT_MODE/production/_ext/1593096446/plib_nvmctrl.o

.bss.u16ErrorRegister%34
                0x20002836        0x2
 .bss.u16ErrorRegister
                0x20002836        0x2 build/LAN9255_SQI_DIRECT_MODE/production/_ext/108134065/coeappl.o
                0x20002836                u16ErrorRegister

.bss.bInitFinished%35
                0x200027df        0x1
 .bss.bInitFinished
                0x200027df        0x1 build/LAN9255_SQI_DIRECT_MODE/production/_ext/108134065/ecatappl.o
                0x200027df                bInitFinished

.bss.EepromLoaded%36
                0x20002835        0x1
 .bss.EepromLoaded
                0x20002835        0x1 build/LAN9255_SQI_DIRECT_MODE/production/_ext/108134065/ecatslv.o
                0x20002835                EepromLoaded

.bss.gFirmwareDownload_Started%37
                0x200028b0        0x1
 .bss.gFirmwareDownload_Started
                0x200028b0        0x1 build/LAN9255_SQI_DIRECT_MODE/production/_ext/108134065/sample_app.o
                0x200028b0                gFirmwareDownload_Started

.bss.gFirmwareDownload_Finished%38
                0x200028b1        0x1
 .bss.gFirmwareDownload_Finished
                0x200028b1        0x1 build/LAN9255_SQI_DIRECT_MODE/production/_ext/108134065/sample_app.o
                0x200028b1                gFirmwareDownload_Finished

.bss.bSdoInWork%39
                0x200028b2        0x1
 .bss.bSdoInWork
                0x200028b2        0x1 build/LAN9255_SQI_DIRECT_MODE/production/_ext/108134065/sdoserv.o
                0x200028b2                bSdoInWork

.eh_frame%z1    0x00000000        0x0
 .eh_frame      0x00000000        0x0 c:/program files/microchip/xc32/v2.40/bin/bin/../../lib/gcc/pic32c/6.2.1/v7e-m/fpv4-sp/hard/crtbegin.o

.text.StartInputHandler%40
                0x00000280      0x7e4
 .text.StartInputHandler
                0x00000280      0x7e4 build/LAN9255_SQI_DIRECT_MODE/production/_ext/108134065/ecatslv.o
                0x00000280                StartInputHandler

.text.AL_ControlInd%41
                0x00000a64      0x790
 .text.AL_ControlInd
                0x00000a64      0x790 build/LAN9255_SQI_DIRECT_MODE/production/_ext/108134065/ecatslv.o
                0x00000a64                AL_ControlInd

.text.OBJ_Write%42
                0x000011f4      0x710
 .text.OBJ_Write
                0x000011f4      0x710 build/LAN9255_SQI_DIRECT_MODE/production/_ext/108134065/objdef.o
                0x000011f4                OBJ_Write

.dinit%43       0x00001904      0x690
 .dinit         0x00001904      0x690 data_init

.text.OBJ_Read%44
                0x00001f94      0x67c
 .text.OBJ_Read
                0x00001f94      0x67c build/LAN9255_SQI_DIRECT_MODE/production/_ext/108134065/objdef.o
                0x00001f94                OBJ_Read

.text.SDOS_SdoInd%45
                0x00002610      0x5e4
 .text.SDOS_SdoInd
                0x00002610      0x5e4 build/LAN9255_SQI_DIRECT_MODE/production/_ext/108134065/sdoserv.o
                0x00002610                SDOS_SdoInd

.text.FOE_ServiceInd%46
                0x00002bf4      0x488
 .text.FOE_ServiceInd
                0x00002bf4      0x488 build/LAN9255_SQI_DIRECT_MODE/production/_ext/108134065/ecatfoe.o
                0x00002bf4                FOE_ServiceInd

.text.SDOS_SdoInfoInd%47
                0x0000307c      0x434
 .text.SDOS_SdoInfoInd
                0x0000307c      0x434 build/LAN9255_SQI_DIRECT_MODE/production/_ext/108134065/sdoserv.o
                0x0000307c                SDOS_SdoInfoInd

.text.SdoDownloadSegmentInd%48
                0x000034b0      0x3b4
 .text.SdoDownloadSegmentInd
                0x000034b0      0x3b4 build/LAN9255_SQI_DIRECT_MODE/production/_ext/108134065/sdoserv.o

.text.CheckSmSettings%49
                0x00003864      0x3a0
 .text.CheckSmSettings
                0x00003864      0x3a0 build/LAN9255_SQI_DIRECT_MODE/production/_ext/108134065/ecatslv.o
                0x00003864                CheckSmSettings

.text.EEPROM_CommandHandler%50
                0x00003c04      0x2bc
 .text.EEPROM_CommandHandler
                0x00003c04      0x2bc build/LAN9255_SQI_DIRECT_MODE/production/_ext/108134065/ecatappl.o
                0x00003c04                EEPROM_CommandHandler

.text.AL_ControlRes%51
                0x00003ec0      0x2bc
 .text.AL_ControlRes
                0x00003ec0      0x2bc build/LAN9255_SQI_DIRECT_MODE/production/_ext/108134065/ecatslv.o
                0x00003ec0                AL_ControlRes

.text.SdoUploadSegmentInd%52
                0x0000417c      0x260
 .text.SdoUploadSegmentInd
                0x0000417c      0x260 build/LAN9255_SQI_DIRECT_MODE/production/_ext/108134065/sdoserv.o

.text.SendSmFailedEmergency%53
                0x000043dc      0x1e0
 .text.SendSmFailedEmergency
                0x000043dc      0x1e0 build/LAN9255_SQI_DIRECT_MODE/production/_ext/108134065/ecatslv.o
                0x000043dc                SendSmFailedEmergency

.text.SdoRes%54
                0x000045bc      0x1bc
 .text.SdoRes   0x000045bc      0x1bc build/LAN9255_SQI_DIRECT_MODE/production/_ext/108134065/sdoserv.o
                0x000045bc                SdoRes

.text.ECAT_Main%55
                0x00004778      0x1b4
 .text.ECAT_Main
                0x00004778      0x1b4 build/LAN9255_SQI_DIRECT_MODE/production/_ext/108134065/ecatslv.o
                0x00004778                ECAT_Main

.text.CheckSyncTypeValue%56
                0x0000492c      0x1b4
 .text.CheckSyncTypeValue
                0x0000492c      0x1b4 build/LAN9255_SQI_DIRECT_MODE/production/_ext/108134065/objdef.o
                0x0000492c                CheckSyncTypeValue

.text.FoE_WriteData%57
                0x00004ae0      0x18c
 .text.FoE_WriteData
                0x00004ae0      0x18c build/LAN9255_SQI_DIRECT_MODE/production/_ext/108134065/sample_app.o
                0x00004ae0                FoE_WriteData

.text.OBJ_GetEntryOffset%58
                0x00004c6c      0x178
 .text.OBJ_GetEntryOffset
                0x00004c6c      0x178 build/LAN9255_SQI_DIRECT_MODE/production/_ext/108134065/objdef.o
                0x00004c6c                OBJ_GetEntryOffset

.text.APPL_GenerateMapping%59
                0x00004de4      0x174
 .text.APPL_GenerateMapping
                0x00004de4      0x174 build/LAN9255_SQI_DIRECT_MODE/production/_ext/108134065/sample_app.o
                0x00004de4                APPL_GenerateMapping

.text.ECAT_Init%60
                0x00004f58      0x170
 .text.ECAT_Init
                0x00004f58      0x170 build/LAN9255_SQI_DIRECT_MODE/production/_ext/108134065/ecatslv.o
                0x00004f58                ECAT_Init

.text.SetALStatus%61
                0x000050c8      0x164
 .text.SetALStatus
                0x000050c8      0x164 build/LAN9255_SQI_DIRECT_MODE/production/_ext/108134065/ecatslv.o
                0x000050c8                SetALStatus

.text.MBX_CheckAndCopyMailbox%62
                0x0000522c      0x164
 .text.MBX_CheckAndCopyMailbox
                0x0000522c      0x164 build/LAN9255_SQI_DIRECT_MODE/production/_ext/108134065/mailbox.o
                0x0000522c                MBX_CheckAndCopyMailbox

.text.COE_ObjInit%63
                0x00005390      0x160
 .text.COE_ObjInit
                0x00005390      0x160 build/LAN9255_SQI_DIRECT_MODE/production/_ext/108134065/coeappl.o
                0x00005390                COE_ObjInit

.text.Sync0_Isr%64
                0x000054f0      0x15c
 .text.Sync0_Isr
                0x000054f0      0x15c build/LAN9255_SQI_DIRECT_MODE/production/_ext/108134065/ecatappl.o
                0x000054f0                Sync0_Isr

.text.MainInit%65
                0x0000564c      0x15c
 .text.MainInit
                0x0000564c      0x15c build/LAN9255_SQI_DIRECT_MODE/production/_ext/108134065/ecatappl.o
                0x0000564c                MainInit

.text.MBX_StopMailboxHandler%66
                0x000057a8      0x154
 .text.MBX_StopMailboxHandler
                0x000057a8      0x154 build/LAN9255_SQI_DIRECT_MODE/production/_ext/108134065/mailbox.o
                0x000057a8                MBX_StopMailboxHandler

.text.APP_FlashEEPROMUpdate%67
                0x000058fc      0x154
 .text.APP_FlashEEPROMUpdate
                0x000058fc      0x154 build/LAN9255_SQI_DIRECT_MODE/production/_ext/1360937237/app.o
                0x000058fc                APP_FlashEEPROMUpdate

.text.PDI_Isr%68
                0x00005a50      0x14c
 .text.PDI_Isr  0x00005a50      0x14c build/LAN9255_SQI_DIRECT_MODE/production/_ext/108134065/ecatappl.o
                0x00005a50                PDI_Isr

.text.StopInputHandler%69
                0x00005b9c      0x12c
 .text.StopInputHandler
                0x00005b9c      0x12c build/LAN9255_SQI_DIRECT_MODE/production/_ext/108134065/ecatslv.o
                0x00005b9c                StopInputHandler

.text.MBX_MailboxReadInd%70
                0x00005cc8      0x124
 .text.MBX_MailboxReadInd
                0x00005cc8      0x124 build/LAN9255_SQI_DIRECT_MODE/production/_ext/108134065/mailbox.o
                0x00005cc8                MBX_MailboxReadInd

.text.OBJ_GetObjectLength%71
                0x00005dec      0x124
 .text.OBJ_GetObjectLength
                0x00005dec      0x124 build/LAN9255_SQI_DIRECT_MODE/production/_ext/108134065/objdef.o
                0x00005dec                OBJ_GetObjectLength

.text.SDOS_SdoRes%72
                0x00005f10      0x124
 .text.SDOS_SdoRes
                0x00005f10      0x124 build/LAN9255_SQI_DIRECT_MODE/production/_ext/108134065/sdoserv.o
                0x00005f10                SDOS_SdoRes

.text.DC_CheckWatchdog%73
                0x00006034      0x120
 .text.DC_CheckWatchdog
                0x00006034      0x120 build/LAN9255_SQI_DIRECT_MODE/production/_ext/108134065/ecatslv.o
                0x00006034                DC_CheckWatchdog

.text.OBJ_GetDesc%74
                0x00006154      0x120
 .text.OBJ_GetDesc
                0x00006154      0x120 build/LAN9255_SQI_DIRECT_MODE/production/_ext/108134065/objdef.o
                0x00006154                OBJ_GetDesc

.text.MBX_StartMailboxHandler%75
                0x00006274      0x114
 .text.MBX_StartMailboxHandler
                0x00006274      0x114 build/LAN9255_SQI_DIRECT_MODE/production/_ext/108134065/mailbox.o
                0x00006274                MBX_StartMailboxHandler

.text.MBX_CopyToSendMailbox%76
                0x00006388      0x10c
 .text.MBX_CopyToSendMailbox
                0x00006388      0x10c build/LAN9255_SQI_DIRECT_MODE/production/_ext/108134065/mailbox.o
                0x00006388                MBX_CopyToSendMailbox

.rodata.aName0x1C32%77
                0x00006494      0x100
 .rodata.aName0x1C32
                0x00006494      0x100 build/LAN9255_SQI_DIRECT_MODE/production/_ext/108134065/coeappl.o
                0x00006494                aName0x1C32

.rodata.aName0x1C33%78
                0x00006594      0x100
 .rodata.aName0x1C33
                0x00006594      0x100 build/LAN9255_SQI_DIRECT_MODE/production/_ext/108134065/coeappl.o
                0x00006594                aName0x1C33

.text.MBX_Init%79
                0x00006694      0x100
 .text.MBX_Init
                0x00006694      0x100 build/LAN9255_SQI_DIRECT_MODE/production/_ext/108134065/mailbox.o
                0x00006694                MBX_Init

.text.ECAT_CheckTimer%80
                0x00006794       0xf8
 .text.ECAT_CheckTimer
                0x00006794       0xf8 build/LAN9255_SQI_DIRECT_MODE/production/_ext/108134065/ecatappl.o
                0x00006794                ECAT_CheckTimer

.text.OBJ_GetObjectList%81
                0x0000688c       0xf8
 .text.OBJ_GetObjectList
                0x0000688c       0xf8 build/LAN9255_SQI_DIRECT_MODE/production/_ext/108134065/objdef.o
                0x0000688c                OBJ_GetObjectList

.text.MBX_MailboxWriteInd%82
                0x00006984       0xf4
 .text.MBX_MailboxWriteInd
                0x00006984       0xf4 build/LAN9255_SQI_DIRECT_MODE/production/_ext/108134065/mailbox.o
                0x00006984                MBX_MailboxWriteInd

.text.LAN9253SQI_Read%83
                0x00006a78       0xec
 .text.LAN9253SQI_Read
                0x00006a78       0xec build/LAN9255_SQI_DIRECT_MODE/production/_ext/1671622016/Drivers.o
                0x00006a78                LAN9253SQI_Read

.text.MainLoop%84
                0x00006b64       0xec
 .text.MainLoop
                0x00006b64       0xec build/LAN9255_SQI_DIRECT_MODE/production/_ext/108134065/ecatappl.o
                0x00006b64                MainLoop

.text.HW_EscWriteIsr%85
                0x00006c50       0xe8
 .text.HW_EscWriteIsr
                0x00006c50       0xe8 build/LAN9255_SQI_DIRECT_MODE/production/_ext/108147519/LAN925x.o
                0x00006c50                HW_EscWriteIsr

.text.COE_AddObjectToDic%86
                0x00006d38       0xe8
 .text.COE_AddObjectToDic
                0x00006d38       0xe8 build/LAN9255_SQI_DIRECT_MODE/production/_ext/108134065/coeappl.o
                0x00006d38                COE_AddObjectToDic

.text.COE_Main%87
                0x00006e20       0xe8
 .text.COE_Main
                0x00006e20       0xe8 build/LAN9255_SQI_DIRECT_MODE/production/_ext/108134065/coeappl.o