Archive member included to satisfy reference by file (symbol)

c:/program files/microchip/xc32/v3.01/bin/bin/../../lib/gcc/pic32c/8.3.1/../../../../pic32c/lib/thumb/v7e-m+fp/hard\libpic32c.a(data_init.o)
                              build/LAN9255_SQI_DIRECT_MODE/production/_ext/1171490990/startup_xc32.o (__pic32c_data_initialization)
c:/program files/microchip/xc32/v3.01/bin/bin/../../lib/gcc/pic32c/8.3.1/thumb/v7e-m+fp/hard\libgcc.a(_aeabi_uldivmod.o)
                              build/LAN9255_SQI_DIRECT_MODE/production/_ext/504274921/plib_sercom0_usart.o (__aeabi_uldivmod)
c:/program files/microchip/xc32/v3.01/bin/bin/../../lib/gcc/pic32c/8.3.1/thumb/v7e-m+fp/hard\libgcc.a(_udivmoddi4.o)
                              c:/program files/microchip/xc32/v3.01/bin/bin/../../lib/gcc/pic32c/8.3.1/thumb/v7e-m+fp/hard\libgcc.a(_aeabi_uldivmod.o) (__udivmoddi4)
c:/program files/microchip/xc32/v3.01/bin/bin/../../lib/gcc/pic32c/8.3.1/thumb/v7e-m+fp/hard\libgcc.a(_dvmd_tls.o)
                              c:/program files/microchip/xc32/v3.01/bin/bin/../../lib/gcc/pic32c/8.3.1/thumb/v7e-m+fp/hard\libgcc.a(_aeabi_uldivmod.o) (__aeabi_ldiv0)
c:/program files/microchip/xc32/v3.01/bin/bin/../../lib/gcc/pic32c/8.3.1/../../../../pic32c/lib/thumb/v7e-m+fp/hard\libc_nano.a(_lib_a-sprintf.cdnopuxX.o)
                              (_sprintf_cdnopuxX)
c:/program files/microchip/xc32/v3.01/bin/bin/../../lib/gcc/pic32c/8.3.1/../../../../pic32c/lib/thumb/v7e-m+fp/hard\libc_nano.a(lib_a-init.o)
                              build/LAN9255_SQI_DIRECT_MODE/production/_ext/1171490990/startup_xc32.o (__libc_init_array)
c:/program files/microchip/xc32/v3.01/bin/bin/../../lib/gcc/pic32c/8.3.1/../../../../pic32c/lib/thumb/v7e-m+fp/hard\libc_nano.a(lib_a-malloc.o)
                              build/LAN9255_SQI_DIRECT_MODE/production/_ext/108134065/ecatcoe.o (malloc)
c:/program files/microchip/xc32/v3.01/bin/bin/../../lib/gcc/pic32c/8.3.1/../../../../pic32c/lib/thumb/v7e-m+fp/hard\libc_nano.a(lib_a-memcpy-stub.o)
                              build/LAN9255_SQI_DIRECT_MODE/production/_ext/1593096446/plib_nvmctrl.o (memcpy)
c:/program files/microchip/xc32/v3.01/bin/bin/../../lib/gcc/pic32c/8.3.1/../../../../pic32c/lib/thumb/v7e-m+fp/hard\libc_nano.a(lib_a-memset.o)
                              build/LAN9255_SQI_DIRECT_MODE/production/_ext/1671622016/Drivers.o (memset)
c:/program files/microchip/xc32/v3.01/bin/bin/../../lib/gcc/pic32c/8.3.1/../../../../pic32c/lib/thumb/v7e-m+fp/hard\libc_nano.a(lib_a-nano-freer.o)
                              c:/program files/microchip/xc32/v3.01/bin/bin/../../lib/gcc/pic32c/8.3.1/../../../../pic32c/lib/thumb/v7e-m+fp/hard\libc_nano.a(lib_a-malloc.o) (_free_r)
c:/program files/microchip/xc32/v3.01/bin/bin/../../lib/gcc/pic32c/8.3.1/../../../../pic32c/lib/thumb/v7e-m+fp/hard\libc_nano.a(lib_a-nano-mallocr.o)
                              c:/program files/microchip/xc32/v3.01/bin/bin/../../lib/gcc/pic32c/8.3.1/../../../../pic32c/lib/thumb/v7e-m+fp/hard\libc_nano.a(lib_a-malloc.o) (_malloc_r)
c:/program files/microchip/xc32/v3.01/bin/bin/../../lib/gcc/pic32c/8.3.1/../../../../pic32c/lib/thumb/v7e-m+fp/hard\libc_nano.a(lib_a-sbrkr.o)
                              c:/program files/microchip/xc32/v3.01/bin/bin/../../lib/gcc/pic32c/8.3.1/../../../../pic32c/lib/thumb/v7e-m+fp/hard\libc_nano.a(lib_a-nano-mallocr.o) (_sbrk_r)
c:/program files/microchip/xc32/v3.01/bin/bin/../../lib/gcc/pic32c/8.3.1/../../../../pic32c/lib/thumb/v7e-m+fp/hard\libc_nano.a(lib_a-strlen.o)
                              build/LAN9255_SQI_DIRECT_MODE/production/_ext/108134065/objdef.o (strlen)
c:/program files/microchip/xc32/v3.01/bin/bin/../../lib/gcc/pic32c/8.3.1/../../../../pic32c/lib/thumb/v7e-m+fp/hard\libc_nano.a(_lib_a-nano-vfprintf.cdnopuxX.o)
                              c:/program files/microchip/xc32/v3.01/bin/bin/../../lib/gcc/pic32c/8.3.1/../../../../pic32c/lib/thumb/v7e-m+fp/hard\libc_nano.a(_lib_a-sprintf.cdnopuxX.o) (_vfprintf_cdnopuxX)
c:/program files/microchip/xc32/v3.01/bin/bin/../../lib/gcc/pic32c/8.3.1/../../../../pic32c/lib/thumb/v7e-m+fp/hard\libc_nano.a(lib_a-__ssfputs.o)
                              c:/program files/microchip/xc32/v3.01/bin/bin/../../lib/gcc/pic32c/8.3.1/../../../../pic32c/lib/thumb/v7e-m+fp/hard\libc_nano.a(_lib_a-nano-vfprintf.cdnopuxX.o) (__ssfputs_r)
c:/program files/microchip/xc32/v3.01/bin/bin/../../lib/gcc/pic32c/8.3.1/../../../../pic32c/lib/thumb/v7e-m+fp/hard\libc_nano.a(lib_a-findfp.o)
                              c:/program files/microchip/xc32/v3.01/bin/bin/../../lib/gcc/pic32c/8.3.1/../../../../pic32c/lib/thumb/v7e-m+fp/hard\libc_nano.a(_lib_a-nano-vfprintf.cdnopuxX.o) (__sinit)
c:/program files/microchip/xc32/v3.01/bin/bin/../../lib/gcc/pic32c/8.3.1/../../../../pic32c/lib/thumb/v7e-m+fp/hard\libc_nano.a(lib_a-fputwc.o)
[...]
Memory Configuration

Name             Origin             Length             Attributes
rom              0x00000000         0x000fe000         xrl
ram              0x20000000         0x00040000         xw !r
config_eeprom_mem 0x0003e000         0x00002000         xrl
tcm              0x03000000         0x00000000         xw
config_D0800080  0xd0800080         0x00000004
config_D0800100  0xd0800100         0x00000004
config_D0800084  0xd0800084         0x00000004
config_D0804000  0xd0804000         0x00000004
config_D0800108  0xd0800108         0x00000004
config_D0804008  0xd0804008         0x00000004
config_D0800104  0xd0800104         0x00000004
config_D0804004  0xd0804004         0x00000004
*default*        0x00000000         0xffffffff

Linker script and memory map

LOAD c:/program files/microchip/xc32/v3.01/bin/bin/../../lib/gcc/pic32c/8.3.1/thumb/v7e-m+fp/hard/crti.o
LOAD c:/program files/microchip/xc32/v3.01/bin/bin/../../lib/gcc/pic32c/8.3.1/thumb/v7e-m+fp/hard/crtbegin.o
LOAD build/LAN9255_SQI_DIRECT_MODE/production/_ext/1984496892/plib_clock.o
LOAD build/LAN9255_SQI_DIRECT_MODE/production/_ext/1865131932/plib_cmcc.o
LOAD build/LAN9255_SQI_DIRECT_MODE/production/_ext/60167341/plib_eic.o
LOAD build/LAN9255_SQI_DIRECT_MODE/production/_ext/1986646378/plib_evsys.o
LOAD build/LAN9255_SQI_DIRECT_MODE/production/_ext/1865468468/plib_nvic.o
LOAD build/LAN9255_SQI_DIRECT_MODE/production/_ext/1593096446/plib_nvmctrl.o
LOAD build/LAN9255_SQI_DIRECT_MODE/production/_ext/1865488526/oledc_driver.o
LOAD build/LAN9255_SQI_DIRECT_MODE/production/_ext/1865521619/plib_port.o
LOAD build/LAN9255_SQI_DIRECT_MODE/production/_ext/1865555181/plib_qspi.o
LOAD build/LAN9255_SQI_DIRECT_MODE/production/_ext/1865555181/plib_qspi_spi.o
LOAD build/LAN9255_SQI_DIRECT_MODE/production/_ext/17022449/plib_sercom4_spi_master.o
LOAD build/LAN9255_SQI_DIRECT_MODE/production/_ext/504274921/plib_sercom0_usart.o
LOAD build/LAN9255_SQI_DIRECT_MODE/production/_ext/1827571544/plib_systick.o
LOAD build/LAN9255_SQI_DIRECT_MODE/production/_ext/163028504/xc32_monitor.o
LOAD build/LAN9255_SQI_DIRECT_MODE/production/_ext/1881668453/sys_int.o
LOAD build/LAN9255_SQI_DIRECT_MODE/production/_ext/1171490990/exceptions.o
LOAD build/LAN9255_SQI_DIRECT_MODE/production/_ext/1171490990/initialization.o
LOAD build/LAN9255_SQI_DIRECT_MODE/production/_ext/1171490990/interrupts.o
LOAD build/LAN9255_SQI_DIRECT_MODE/production/_ext/1171490990/libc_syscalls.o
LOAD build/LAN9255_SQI_DIRECT_MODE/production/_ext/1171490990/startup_xc32.o
LOAD build/LAN9255_SQI_DIRECT_MODE/production/_ext/1171490990/tasks.o
LOAD build/LAN9255_SQI_DIRECT_MODE/production/_ext/1671622016/Drivers.o
LOAD build/LAN9255_SQI_DIRECT_MODE/production/_ext/108147519/ESC_Utils.o
LOAD build/LAN9255_SQI_DIRECT_MODE/production/_ext/108147519/LAN925x.o
LOAD build/LAN9255_SQI_DIRECT_MODE/production/_ext/108134065/bootmode.o
LOAD build/LAN9255_SQI_DIRECT_MODE/production/_ext/108134065/coeappl.o
LOAD build/LAN9255_SQI_DIRECT_MODE/production/_ext/108134065/ecatappl.o
LOAD build/LAN9255_SQI_DIRECT_MODE/production/_ext/108134065/ecatcoe.o
LOAD build/LAN9255_SQI_DIRECT_MODE/production/_ext/108134065/ecatfoe.o
LOAD build/LAN9255_SQI_DIRECT_MODE/production/_ext/108134065/ecatslv.o
LOAD build/LAN9255_SQI_DIRECT_MODE/production/_ext/108134065/emcy.o
LOAD build/LAN9255_SQI_DIRECT_MODE/production/_ext/108134065/foeappl.o
LOAD build/LAN9255_SQI_DIRECT_MODE/production/_ext/108134065/mailbox.o
LOAD build/LAN9255_SQI_DIRECT_MODE/production/_ext/108134065/objdef.o
LOAD build/LAN9255_SQI_DIRECT_MODE/production/_ext/108134065/sample_app.o
LOAD build/LAN9255_SQI_DIRECT_MODE/production/_ext/108134065/sdoserv.o
LOAD build/LAN9255_SQI_DIRECT_MODE/production/_ext/1360937237/main.o
LOAD build/LAN9255_SQI_DIRECT_MODE/production/_ext/1360937237/app.o
LOAD build/LAN9255_SQI_DIRECT_MODE/production/_ext/1360937237/Developer_Test.o
                0x00000001                __MPLAB_BUILD = 0x1
                0x000fe000                __rom_end = (ORIGIN (rom) + LENGTH (rom))
                0x20040000                __ram_end = (ORIGIN (ram) + LENGTH (ram))

.config_D0800080
 *(.config_D0800080)

.config_eeprom  0x0003e000      0x800
 *(.config_eeprom)
 .config_eeprom
                0x0003e000      0x800 build/LAN9255_SQI_DIRECT_MODE/production/_ext/1360937237/app.o
                0x0003e000                aEepromData

.config_D0800100
 *(.config_D0800100)

.config_D0800084
 *(.config_D0800084)

.config_D0804000
 *(.config_D0804000)

.config_D0800108
 *(.config_D0800108)

.config_D0804008
 *(.config_D0804008)

.config_D0800104
 *(.config_D0800104)

.config_D0804004
 *(.config_D0804004)

.vectors        0x00000000      0x260
                0x00000000                . = ALIGN (0x4)
                0x00000000                _sfixed = .
 *(.vectors .vectors.* .vectors_default .vectors_default.*)
 .vectors       0x00000000      0x260 build/LAN9255_SQI_DIRECT_MODE/production/_ext/1171490990/interrupts.o
                0x00000000                exception_table
 *(.isr_vector)
 *(.reset*)
 *(.after_vectors)

.text           0x00000260       0x20
                0x00000260                . = ALIGN (0x4)
 *(.glue_7t)
 .glue_7t       0x00000260        0x0 linker stubs
 *(.glue_7)
 .glue_7        0x00000260        0x0 linker stubs
 *(.gnu.linkonce.r.*)
 *(.ARM.extab* .gnu.linkonce.armextab.*)
                0x00000260                . = ALIGN (0x4)
 *(.init)
 .init          0x00000260        0x4 c:/program files/microchip/xc32/v3.01/bin/bin/../../lib/gcc/pic32c/8.3.1/thumb/v7e-m+fp/hard/crti.o
                0x00000260                _init
 .init          0x00000264        0x8 c:/program files/microchip/xc32/v3.01/bin/bin/../../lib/gcc/pic32c/8.3.1/thumb/v7e-m+fp/hard/crtn.o
                0x0000026c                . = ALIGN (0x4)
                0x0000026c                __preinit_array_start = .
 *(.preinit_array)
                0x0000026c                __preinit_array_end = .
                0x0000026c                . = ALIGN (0x4)
                0x0000026c                __init_array_start = .
 *(SORT_BY_NAME(.init_array.*))
 *(.init_array)
 .init_array    0x0000026c        0x4 c:/program files/microchip/xc32/v3.01/bin/bin/../../lib/gcc/pic32c/8.3.1/thumb/v7e-m+fp/hard/crtbegin.o
                0x00000270                __init_array_end = .
                0x00000270                . = ALIGN (0x4)
 *crtbegin.o(.ctors)
 *(EXCLUDE_FILE(*crtend.o) .ctors)
 *(SORT_BY_NAME(.ctors.*))
 *crtend.o(.ctors)
                0x00000270                . = ALIGN (0x4)
 *(.fini)
 .fini          0x00000270        0x4 c:/program files/microchip/xc32/v3.01/bin/bin/../../lib/gcc/pic32c/8.3.1/thumb/v7e-m+fp/hard/crti.o
                0x00000270                _fini
 .fini          0x00000274        0x8 c:/program files/microchip/xc32/v3.01/bin/bin/../../lib/gcc/pic32c/8.3.1/thumb/v7e-m+fp/hard/crtn.o
                0x0000027c                . = ALIGN (0x4)
                0x0000027c                __fini_array_start = .
 *(.fini_array)
 .fini_array    0x0000027c        0x4 c:/program files/microchip/xc32/v3.01/bin/bin/../../lib/gcc/pic32c/8.3.1/thumb/v7e-m+fp/hard/crtbegin.o
 *(SORT_BY_NAME(.fini_array.*))
                0x00000280                __fini_array_end = .
 *crtbegin.o(.dtors)
 *(EXCLUDE_FILE(*crtend.o) .dtors)
 *(SORT_BY_NAME(.dtors.*))
 *crtend.o(.dtors)
                0x00000280                . = ALIGN (0x4)
                0x00000280                _efixed = .
                [!provide]                PROVIDE (__exidx_start = .)

.ARM.exidx      0x00000280        0x8
 *(.ARM.exidx* .gnu.linkonce.armexidx.*)
 .ARM.exidx     0x00000280        0x8 c:/program files/microchip/xc32/v3.01/bin/bin/../../lib/gcc/pic32c/8.3.1/thumb/v7e-m+fp/hard\libgcc.a(_udivmoddi4.o)
                [!provide]                PROVIDE (__exidx_end = .)
                0x00000288                . = ALIGN (0x4)
                0x00000288                _etext = .

.bss            0x20000000     0x243c
                0x20000000                . = ALIGN (0x4)
                0x20000000                __bss_start__ = .
                0x20000000                _sbss = .
                0x20000000                _szero = .
 *(COMMON)
 COMMON         0x20000000       0xc0 build/LAN9255_SQI_DIRECT_MODE/production/_ext/60167341/plib_eic.o
                0x20000000                eicCallbackObject
 COMMON         0x200000c0       0x2c build/LAN9255_SQI_DIRECT_MODE/production/_ext/17022449/plib_sercom4_spi_master.o
                0x200000c0                sercom4SPIObj
 COMMON         0x200000ec       0x30 build/LAN9255_SQI_DIRECT_MODE/production/_ext/504274921/plib_sercom0_usart.o
                0x200000ec                sercom0USARTObj
 COMMON         0x2000011c        0xc build/LAN9255_SQI_DIRECT_MODE/production/_ext/1827571544/plib_systick.o
                0x2000011c                systick
 COMMON         0x20000128        0x8 build/LAN9255_SQI_DIRECT_MODE/production/_ext/108134065/coeappl.o
                0x20000128                u32LastDc32Value
                0x2000012c                u32CheckForDcOverrunCnt
 COMMON         0x20000130       0xe0 build/LAN9255_SQI_DIRECT_MODE/production/_ext/108134065/ecatappl.o
                0x20000130                pAPPL_EEPROM_Store
                0x20000134                bMinCycleTimeMeasurementStarted
                0x20000138                u32CycleTimeStartValue
                0x2000013c                pAPPL_EEPROM_Read
                0x20000140                pAPPL_EEPROM_Write
                0x20000144                bRunApplication
                0x20000148                u32SystemTimeReadFailure
                0x2000014c                bEcatWaitForInputUpdate
                0x20000150                u32MinCycleTimeValue
                0x20000154                aPdOutputData
                0x20000198                pAPPL_FoeError
                0x2000019c                u16EepromStoreTimeoutCounter
                0x2000019e                EepromReadSize
                0x200001a0                pAPPL_FoeReadData
                0x200001a4                pAPPL_MainLoop
                0x200001a8                bEtherCATErrorLed
                0x200001ac                u32MinCycleTimeStartValue
                0x200001b0                aPdInputData
                0x200001f4                pEEPROM
                0x200001f8                bEtherCATRunLed
                0x200001fc                pAPPL_FoeWriteData
                0x20000200                pAPPL_EEPROM_Reload
                0x20000204                pAPPL_FoeRead
                0x20000208                u16EepromStoreTimeoutValue
                0x2000020c                pAPPL_FoeWrite
 COMMON         0x20000210        0x4 build/LAN9255_SQI_DIRECT_MODE/production/_ext/108134065/ecatcoe.o
                0x20000210                pCoeSendStored
 COMMON         0x20000214       0x16 build/LAN9255_SQI_DIRECT_MODE/production/_ext/108134065/ecatfoe.o
                0x20000214                u32FileOffset
                0x20000218                u16FileAccessState
                0x2000021c                u32PacketNo
                0x20000220                pFoeSendStored
                0x20000224                u32LastFileOffset
                0x20000228                u16FoeMaxSendBlockSize
 *fill*         0x2000022a        0x2 
 COMMON         0x2000022c       0x52 build/LAN9255_SQI_DIRECT_MODE/production/_ext/108134065/ecatslv.o
                0x2000022c                b3BufferMode
                0x2000022e                nEcatStateTrans
                0x20000230                EcatWdCounter
                0x20000232                bApplEsmPending
                0x20000233                nAlStatus
                0x20000234                nPdOutputSize
                0x20000236                u16LocalErrorCode
                0x20000238                Sync0WdCounter
                0x2000023a                bLocalErrorFlag
                0x2000023c                LatchInputSync0Counter
                0x2000023e                i16WaitForPllRunningCnt
                0x20000240                nEscAddrOutputData
                0x20000242                Sync0WdValue
                0x20000244                u8EcatRunLed
                0x20000246                i16WaitForPllRunningTimeout
                0x20000248                Sync1WdValue
                0x2000024a                u16ALEventMask
                0x2000024c                bDcRunning
                0x20000250                u32dummy
                0x20000254                SyncManInfo
                0x2000025c                b32BitDc
                0x2000025e                LatchInputSync0Value
                0x20000260                bEcatWaitForAlControlRes
                0x20000262                nPdInputSize
                0x20000264                u16SmSync0Value
                0x20000266                nMaxEscAddress
                0x20000268                bEcatFirstOutputsReceived
                0x20000269                bSmSyncSequenceValid
                0x2000026a                EsmTimeoutCounter
                0x2000026c                bBootMode
                0x2000026d                bDcSyncActive
                0x2000026e                bEcatOutputUpdateRunning
                0x20000270                Sync1WdCounter
                0x20000272                EcatWdValue
                0x20000274                bEcatInputUpdateRunning
                0x20000275                bEscIntEnabled
                0x20000276                bWdTrigger
                0x20000278                u16SmSync0Counter
                0x2000027a                nMaxSyncMan
                0x2000027b                u8EcatErrorLed
                0x2000027c                nEscAddrInputData
 *fill*         0x2000027e        0x2 
 COMMON         0x20000280       0x28 build/LAN9255_SQI_DIRECT_MODE/production/_ext/108134065/emcy.o
                0x20000280                sSendEmcyQueue
                0x20000290                asEmcy
                0x20000298                sEmptyEmcyQueue
 COMMON         0x200002a8       0x94 build/LAN9255_SQI_DIRECT_MODE/production/_ext/108134065/mailbox.o
                0x200002a8                u8MbxReadCounter
                0x200002ac                sMbxSendQueue
                0x200002e0                sMbxReceiveQueue
                0x20000314                bNoMbxMemoryAvailable
                0x20000315                bSendMbxIsFull
                0x20000316                bMbxRunning
                0x20000318                u16EscAddrReceiveMbx
                0x2000031c                psStoreMbx
                0x20000320                u16SendMbxSize
                0x20000324                psReadMbx
                0x20000328                bReceiveMbxIsLocked
                0x2000032a                u16EscAddrSendMbx
                0x2000032c                psWriteMbx
                0x20000330                u8MbxWriteCounter
                0x20000331                u8MailboxSendReqStored
                0x20000332                u16ReceiveMbxSize
                0x20000334                bMbxRepeatToggle
                0x20000338                psRepeatMbx
 COMMON         0x2000033c       0x8e build/LAN9255_SQI_DIRECT_MODE/production/_ext/108134065/objdef.o
                0x2000033c                sSyncManInPar
                0x20000380                sSyncManOutPar
                0x200003c4                bSyncSetByUser
                0x200003c8                sCycleDiag
 *fill*         0x200003ca        0x2 
 COMMON         0x200003cc     0x2016 build/LAN9255_SQI_DIRECT_MODE/production/_ext/108134065/sample_app.o
                0x200003cc                aFileData
                0x200023cc                aFileName
 *fill*         0x200023e2        0x2 
 COMMON         0x200023e4       0x4d build/LAN9255_SQI_DIRECT_MODE/production/_ext/108134065/sdoserv.o
                0x200023e4                nSdoInfoIndex
                0x200023e8                pStoreData
                0x200023ec                nSdoSegBytesToHandle
                0x200023f0                bSdoSegAccess
                0x200023f1                bSdoSegFollows
                0x200023f4                nSdoSegCompleteSize
                0x200023f8                pSdoPendFunc
                0x200023fc                u8PendingSdo
                0x200023fd                bStoreCompleteAccess
                0x200023fe                bSdoSegLastToggle
                0x200023ff                nSdoSegService
                0x20002400                pSdoInfoObjEntry
                0x20002404                nSdoInfoFragmentsLeft
                0x20002408                pSdoResStored
                0x2000240c                u32StoreDataSize
                0x20002410                pSdoSegData
                0x20002414                nSdoSegIndex
                0x20002418                aSdoInfoHeader
                0x20002428                pSdoSegObjEntry
                0x2000242c                nSdoSegSubindex
                0x2000242e                u16StoreIndex
                0x20002430                u8StoreSubindex
 *fill*         0x20002431        0x3 
 COMMON         0x20002434        0x2 build/LAN9255_SQI_DIRECT_MODE/production/_ext/1360937237/app.o
                0x20002434                appData
                0x20002435                u8readData
 *fill*         0x20002436        0x2 
 COMMON         0x20002438        0x4 c:/program files/microchip/xc32/v3.01/bin/bin/../../lib/gcc/pic32c/8.3.1/../../../../pic32c/lib/thumb/v7e-m+fp/hard\libc_nano.a(lib_a-reent.o)
                0x20002438                errno
                0x2000243c                . = ALIGN (0x4)
                0x2000243c                __bss_end__ = .
                0x2000243c                _ebss = .
                0x2000243c                _ezero = .
                0x2000243c                . = ALIGN (0x4)
                0x2000243c                _end = .
                0x2003ffff                _ram_end_ = ((ORIGIN (ram) + LENGTH (ram)) - 0x1)
                0x00000800                _min_heap_size = 0x800
START GROUP
LOAD c:/program files/microchip/xc32/v3.01/bin/bin/../../lib/gcc/pic32c/8.3.1/../../../../pic32c/lib/thumb/v7e-m+fp/hard\libpic32c.a
LOAD c:/program files/microchip/xc32/v3.01/bin/bin/../../lib/gcc/pic32c/8.3.1/thumb/v7e-m+fp/hard\libgcc.a
LOAD c:/program files/microchip/xc32/v3.01/bin/bin/../../lib/gcc/pic32c/8.3.1/../../../../pic32c/lib/thumb/v7e-m+fp/hard\libm_nano.a
LOAD c:/program files/microchip/xc32/v3.01/bin/bin/../../lib/gcc/pic32c/8.3.1/../../../../pic32c/lib/thumb/v7e-m+fp/hard\libc_nano.a
END GROUP
LOAD c:/program files/microchip/xc32/v3.01/bin/bin/../../lib/gcc/pic32c/8.3.1/thumb/v7e-m+fp/hard/crtend.o
LOAD c:/program files/microchip/xc32/v3.01/bin/bin/../../lib/gcc/pic32c/8.3.1/thumb/v7e-m+fp/hard/crtn.o
OUTPUT(dist/LAN9255_SQI_DIRECT_MODE/production/EVB_LAN9255_Counter_FoE.X.production.elf elf32-littlearm)
LOAD stack
LOAD data_init

.ARM.attributes
                0x00000000       0x30
 .ARM.attributes
                0x00000000       0x1e c:/program files/microchip/xc32/v3.01/bin/bin/../../lib/gcc/pic32c/8.3.1/thumb/v7e-m+fp/hard/crti.o
 .ARM.attributes
                0x0000001e       0x34 c:/program files/microchip/xc32/v3.01/bin/bin/../../lib/gcc/pic32c/8.3.1/thumb/v7e-m+fp/hard/crtbegin.o
 .ARM.attributes
                0x00000052       0x34 build/LAN9255_SQI_DIRECT_MODE/production/_ext/1984496892/plib_clock.o
 .ARM.attributes
                0x00000086       0x34 build/LAN9255_SQI_DIRECT_MODE/production/_ext/60167341/plib_eic.o
 .ARM.attributes
                0x000000ba       0x34 build/LAN9255_SQI_DIRECT_MODE/production/_ext/1986646378/plib_evsys.o
 .ARM.attributes
                0x000000ee       0x34 build/LAN9255_SQI_DIRECT_MODE/production/_ext/1865468468/plib_nvic.o
 .ARM.attributes
                0x00000122       0x34 build/LAN9255_SQI_DIRECT_MODE/production/_ext/1593096446/plib_nvmctrl.o
 .ARM.attributes
                0x00000156       0x34 build/LAN9255_SQI_DIRECT_MODE/production/_ext/1865488526/oledc_driver.o
 .ARM.attributes
                0x0000018a       0x34 build/LAN9255_SQI_DIRECT_MODE/production/_ext/1865521619/plib_port.o
 .ARM.attributes
                0x000001be       0x34 build/LAN9255_SQI_DIRECT_MODE/production/_ext/1865555181/plib_qspi.o
 .ARM.attributes
                0x000001f2       0x34 build/LAN9255_SQI_DIRECT_MODE/production/_ext/17022449/plib_sercom4_spi_master.o
 .ARM.attributes
                0x00000226       0x34 build/LAN9255_SQI_DIRECT_MODE/production/_ext/504274921/plib_sercom0_usart.o
 .ARM.attributes
                0x0000025a       0x34 build/LAN9255_SQI_DIRECT_MODE/production/_ext/1827571544/plib_systick.o
 .ARM.attributes
                0x0000028e       0x34 build/LAN9255_SQI_DIRECT_MODE/production/_ext/163028504/xc32_monitor.o
 .ARM.attributes
                0x000002c2       0x34 build/LAN9255_SQI_DIRECT_MODE/production/_ext/1171490990/exceptions.o
 .ARM.attributes
                0x000002f6       0x34 build/LAN9255_SQI_DIRECT_MODE/production/_ext/1171490990/initialization.o
 .ARM.attributes
                0x0000032a       0x34 build/LAN9255_SQI_DIRECT_MODE/production/_ext/1171490990/interrupts.o
 .ARM.attributes
                0x0000035e       0x34 build/LAN9255_SQI_DIRECT_MODE/production/_ext/1171490990/startup_xc32.o
 .ARM.attributes
                0x00000392       0x34 build/LAN9255_SQI_DIRECT_MODE/production/_ext/1171490990/tasks.o
 .ARM.attributes
                0x000003c6       0x34 build/LAN9255_SQI_DIRECT_MODE/production/_ext/1671622016/Drivers.o
 .ARM.attributes
                0x000003fa       0x34 build/LAN9255_SQI_DIRECT_MODE/production/_ext/108147519/ESC_Utils.o
 .ARM.attributes
                0x0000042e       0x34 build/LAN9255_SQI_DIRECT_MODE/production/_ext/108147519/LAN925x.o
 .ARM.attributes
                0x00000462       0x34 build/LAN9255_SQI_DIRECT_MODE/production/_ext/108134065/bootmode.o
 .ARM.attributes
                0x00000496       0x34 build/LAN9255_SQI_DIRECT_MODE/production/_ext/108134065/coeappl.o
 .ARM.attributes
                0x000004ca       0x34 build/LAN9255_SQI_DIRECT_MODE/production/_ext/108134065/ecatappl.o
 .ARM.attributes
                0x000004fe       0x34 build/LAN9255_SQI_DIRECT_MODE/production/_ext/108134065/ecatcoe.o
 .ARM.attributes
                0x00000532       0x34 build/LAN9255_SQI_DIRECT_MODE/production/_ext/108134065/ecatfoe.o
 .ARM.attributes
                0x00000566       0x34 build/LAN9255_SQI_DIRECT_MODE/production/_ext/108134065/ecatslv.o
 .ARM.attributes
                0x0000059a       0x34 build/LAN9255_SQI_DIRECT_MODE/production/_ext/108134065/emcy.o
 .ARM.attributes
                0x000005ce       0x34 build/LAN9255_SQI_DIRECT_MODE/production/_ext/108134065/foeappl.o
 .ARM.attributes
                0x00000602       0x34 build/LAN9255_SQI_DIRECT_MODE/production/_ext/108134065/mailbox.o
 .ARM.attributes
                0x00000636       0x34 build/LAN9255_SQI_DIRECT_MODE/production/_ext/108134065/objdef.o
 .ARM.attributes
                0x0000066a       0x34 build/LAN9255_SQI_DIRECT_MODE/production/_ext/108134065/sample_app.o
 .ARM.attributes
                0x0000069e       0x34 build/LAN9255_SQI_DIRECT_MODE/production/_ext/108134065/sdoserv.o
 .ARM.attributes
                0x000006d2       0x34 build/LAN9255_SQI_DIRECT_MODE/production/_ext/1360937237/main.o
 .ARM.attributes
                0x00000706       0x34 build/LAN9255_SQI_DIRECT_MODE/production/_ext/1360937237/app.o
 .ARM.attributes
                0x0000073a       0x34 c:/program files/microchip/xc32/v3.01/bin/bin/../../lib/gcc/pic32c/8.3.1/../../../../pic32c/lib/thumb/v7e-m+fp/hard\libpic32c.a(data_init.o)
 .ARM.attributes
                0x0000076e       0x1e c:/program files/microchip/xc32/v3.01/bin/bin/../../lib/gcc/pic32c/8.3.1/thumb/v7e-m+fp/hard\libgcc.a(_aeabi_uldivmod.o)
 .ARM.attributes
                0x0000078c       0x34 c:/program files/microchip/xc32/v3.01/bin/bin/../../lib/gcc/pic32c/8.3.1/thumb/v7e-m+fp/hard\libgcc.a(_udivmoddi4.o)
 .ARM.attributes
                0x000007c0       0x1e c:/program files/microchip/xc32/v3.01/bin/bin/../../lib/gcc/pic32c/8.3.1/thumb/v7e-m+fp/hard\libgcc.a(_dvmd_tls.o)
 .ARM.attributes
                0x000007de       0x34 c:/program files/microchip/xc32/v3.01/bin/bin/../../lib/gcc/pic32c/8.3.1/../../../../pic32c/lib/thumb/v7e-m+fp/hard\libc_nano.a(_lib_a-sprintf.cdnopuxX.o)
 .ARM.attributes
                0x00000812       0x34 c:/program files/microchip/xc32/v3.01/bin/bin/../../lib/gcc/pic32c/8.3.1/../../../../pic32c/lib/thumb/v7e-m+fp/hard\libc_nano.a(lib_a-init.o)
 .ARM.attributes
                0x00000846       0x34 c:/program files/microchip/xc32/v3.01/bin/bin/../../lib/gcc/pic32c/8.3.1/../../../../pic32c/lib/thumb/v7e-m+fp/hard\libc_nano.a(lib_a-malloc.o)
 .ARM.attributes
                0x0000087a       0x34 c:/program files/microchip/xc32/v3.01/bin/bin/../../lib/gcc/pic32c/8.3.1/../../../../pic32c/lib/thumb/v7e-m+fp/hard\libc_nano.a(lib_a-memcpy-stub.o)
 .ARM.attributes
                0x000008ae       0x34 c:/program files/microchip/xc32/v3.01/bin/bin/../../lib/gcc/pic32c/8.3.1/../../../../pic32c/lib/thumb/v7e-m+fp/hard\libc_nano.a(lib_a-memset.o)
 .ARM.attributes
                0x000008e2       0x34 c:/program files/microchip/xc32/v3.01/bin/bin/../../lib/gcc/pic32c/8.3.1/../../../../pic32c/lib/thumb/v7e-m+fp/hard\libc_nano.a(lib_a-nano-freer.o)
 .ARM.attributes
                0x00000916       0x34 c:/program files/microchip/xc32/v3.01/bin/bin/../../lib/gcc/pic32c/8.3.1/../../../../pic32c/lib/thumb/v7e-m+fp/hard\libc_nano.a(lib_a-nano-mallocr.o)
 .ARM.attributes
                0x0000094a       0x34 c:/program files/microchip/xc32/v3.01/bin/bin/../../lib/gcc/pic32c/8.3.1/../../../../pic32c/lib/thumb/v7e-m+fp/hard\libc_nano.a(lib_a-sbrkr.o)
 .ARM.attributes
                0x0000097e       0x17 c:/program files/microchip/xc32/v3.01/bin/bin/../../lib/gcc/pic32c/8.3.1/../../../../pic32c/lib/thumb/v7e-m+fp/hard\libc_nano.a(lib_a-strlen.o)
 .ARM.attributes
                0x00000995       0x34 c:/program files/microchip/xc32/v3.01/bin/bin/../../lib/gcc/pic32c/8.3.1/../../../../pic32c/lib/thumb/v7e-m+fp/hard\libc_nano.a(_lib_a-nano-vfprintf.cdnopuxX.o)
 .ARM.attributes
                0x000009c9       0x34 c:/program files/microchip/xc32/v3.01/bin/bin/../../lib/gcc/pic32c/8.3.1/../../../../pic32c/lib/thumb/v7e-m+fp/hard\libc_nano.a(lib_a-__ssfputs.o)
 .ARM.attributes
                0x000009fd       0x34 c:/program files/microchip/xc32/v3.01/bin/bin/../../lib/gcc/pic32c/8.3.1/../../../../pic32c/lib/thumb/v7e-m+fp/hard\libc_nano.a(lib_a-findfp.o)
 .ARM.attributes
                0x00000a31       0x34 c:/program files/microchip/xc32/v3.01/bin/bin/../../lib/gcc/pic32c/8.3.1/../../../../pic32c/lib/thumb/v7e-m+fp/hard\libc_nano.a(lib_a-fputwc.o)
 .ARM.attributes
                0x00000a65       0x34 c:/program files/microchip/xc32/v3.01/bin/bin/../../lib/gcc/pic32c/8.3.1/../../../../pic32c/lib/thumb/v7e-m+fp/hard\libc_nano.a(lib_a-fwalk.o)
 .ARM.attributes
                0x00000a99       0x32 c:/program files/microchip/xc32/v3.01/bin/bin/../../lib/gcc/pic32c/8.3.1/../../../../pic32c/lib/thumb/v7e-m+fp/hard\libc_nano.a(lib_a-impure.o)
 .ARM.attributes
                0x00000acb       0x34 c:/program files/microchip/xc32/v3.01/bin/bin/../../lib/gcc/pic32c/8.3.1/../../../../pic32c/lib/thumb/v7e-m+fp/hard\libc_nano.a(lib_a-locale.o)
 .ARM.attributes
                0x00000aff       0x34 c:/program files/microchip/xc32/v3.01/bin/bin/../../lib/gcc/pic32c/8.3.1/../../../../pic32c/lib/thumb/v7e-m+fp/hard\libc_nano.a(lib_a-mbtowc_r.o)
 .ARM.attributes
                0x00000b33       0x1c c:/program files/microchip/xc32/v3.01/bin/bin/../../lib/gcc/pic32c/8.3.1/../../../../pic32c/lib/thumb/v7e-m+fp/hard\libc_nano.a(lib_a-memchr.o)
 .ARM.attributes
                0x00000b4f       0x34 c:/program files/microchip/xc32/v3.01/bin/bin/../../lib/gcc/pic32c/8.3.1/../../../../pic32c/lib/thumb/v7e-m+fp/hard\libc_nano.a(lib_a-mlock.o)
 .ARM.attributes
                0x00000b83       0x34 c:/program files/microchip/xc32/v3.01/bin/bin/../../lib/gcc/pic32c/8.3.1/../../../../pic32c/lib/thumb/v7e-m+fp/hard\libc_nano.a(lib_a-nano-vfprintf_i.o)
 .ARM.attributes
                0x00000bb7       0x34 c:/program files/microchip/xc32/v3.01/bin/bin/../../lib/gcc/pic32c/8.3.1/../../../../pic32c/lib/thumb/v7e-m+fp/hard\libc_nano.a(lib_a-reent.o)
 .ARM.attributes
                0x00000beb       0x34 c:/program files/microchip/xc32/v3.01/bin/bin/../../lib/gcc/pic32c/8.3.1/../../../../pic32c/lib/thumb/v7e-m+fp/hard\libc_nano.a(lib_a-stdio.o)
 .ARM.attributes
                0x00000c1f       0x34 c:/program files/microchip/xc32/v3.01/bin/bin/../../lib/gcc/pic32c/8.3.1/../../../../pic32c/lib/thumb/v7e-m+fp/hard\libc_nano.a(lib_a-wbuf.o)
 .ARM.attributes
                0x00000c53       0x34 c:/program files/microchip/xc32/v3.01/bin/bin/../../lib/gcc/pic32c/8.3.1/../../../../pic32c/lib/thumb/v7e-m+fp/hard\libc_nano.a(lib_a-wcrtomb.o)
 .ARM.attributes
                0x00000c87       0x34 c:/program files/microchip/xc32/v3.01/bin/bin/../../lib/gcc/pic32c/8.3.1/../../../../pic32c/lib/thumb/v7e-m+fp/hard\libc_nano.a(lib_a-wctomb_r.o)
 .ARM.attributes
                0x00000cbb       0x34 c:/program files/microchip/xc32/v3.01/bin/bin/../../lib/gcc/pic32c/8.3.1/../../../../pic32c/lib/thumb/v7e-m+fp/hard\libc_nano.a(lib_a-writer.o)
 .ARM.attributes
                0x00000cef       0x34 c:/program files/microchip/xc32/v3.01/bin/bin/../../lib/gcc/pic32c/8.3.1/../../../../pic32c/lib/thumb/v7e-m+fp/hard\libc_nano.a(lib_a-wsetup.o)
 .ARM.attributes
                0x00000d23       0x34 c:/program files/microchip/xc32/v3.01/bin/bin/../../lib/gcc/pic32c/8.3.1/../../../../pic32c/lib/thumb/v7e-m+fp/hard\libc_nano.a(lib_a-closer.o)
 .ARM.attributes
                0x00000d57       0x32 c:/program files/microchip/xc32/v3.01/bin/bin/../../lib/gcc/pic32c/8.3.1/../../../../pic32c/lib/thumb/v7e-m+fp/hard\libc_nano.a(lib_a-ctype_.o)
 .ARM.attributes
                0x00000d89       0x34 c:/program files/microchip/xc32/v3.01/bin/bin/../../lib/gcc/pic32c/8.3.1/../../../../pic32c/lib/thumb/v7e-m+fp/hard\libc_nano.a(lib_a-fflush.o)
 .ARM.attributes
                0x00000dbd       0x34 c:/program files/microchip/xc32/v3.01/bin/bin/../../lib/gcc/pic32c/8.3.1/../../../../pic32c/lib/thumb/v7e-m+fp/hard\libc_nano.a(lib_a-lseekr.o)
 .ARM.attributes
                0x00000df1       0x34 c:/program files/microchip/xc32/v3.01/bin/bin/../../lib/gcc/pic32c/8.3.1/../../../../pic32c/lib/thumb/v7e-m+fp/hard\libc_nano.a(lib_a-makebuf.o)
 .ARM.attributes
                0x00000e25       0x34 c:/program files/microchip/xc32/v3.01/bin/bin/../../lib/gcc/pic32c/8.3.1/../../../../pic32c/lib/thumb/v7e-m+fp/hard\libc_nano.a(lib_a-readr.o)
 .ARM.attributes
                0x00000e59       0x34 c:/program files/microchip/xc32/v3.01/bin/bin/../../lib/gcc/pic32c/8.3.1/../../../../pic32c/lib/thumb/v7e-m+fp/hard\libc_nano.a(lib_a-fstatr.o)
 .ARM.attributes
                0x00000e8d       0x34 c:/program files/microchip/xc32/v3.01/bin/bin/../../lib/gcc/pic32c/8.3.1/../../../../pic32c/lib/thumb/v7e-m+fp/hard\libc_nano.a(lib_a-isattyr.o)
 .ARM.attributes
                0x00000ec1       0x34 c:/program files/microchip/xc32/v3.01/bin/bin/../../lib/gcc/pic32c/8.3.1/../../../../pic32c/lib/thumb/v7e-m+fp/hard\libpic32c.a(_close.o)
 .ARM.attributes
                0x00000ef5       0x34 c:/program files/microchip/xc32/v3.01/bin/bin/../../lib/gcc/pic32c/8.3.1/../../../../pic32c/lib/thumb/v7e-m+fp/hard\libpic32c.a(_fstat.o)
 .ARM.attributes
                0x00000f29       0x34 c:/program files/microchip/xc32/v3.01/bin/bin/../../lib/gcc/pic32c/8.3.1/../../../../pic32c/lib/thumb/v7e-m+fp/hard\libpic32c.a(_isatty.o)
 .ARM.attributes
                0x00000f5d       0x34 c:/program files/microchip/xc32/v3.01/bin/bin/../../lib/gcc/pic32c/8.3.1/../../../../pic32c/lib/thumb/v7e-m+fp/hard\libpic32c.a(_lseek.o)
 .ARM.attributes
                0x00000f91       0x34 c:/program files/microchip/xc32/v3.01/bin/bin/../../lib/gcc/pic32c/8.3.1/../../../../pic32c/lib/thumb/v7e-m+fp/hard\libpic32c.a(_read.o)
 .ARM.attributes
                0x00000fc5       0x34 c:/program files/microchip/xc32/v3.01/bin/bin/../../lib/gcc/pic32c/8.3.1/../../../../pic32c/lib/thumb/v7e-m+fp/hard\libpic32c.a(sbrk.o)
 .ARM.attributes
                0x00000ff9       0x34 c:/program files/microchip/xc32/v3.01/bin/bin/../../lib/gcc/pic32c/8.3.1/../../../../pic32c/lib/thumb/v7e-m+fp/hard\libpic32c.a(_write.o)
 .ARM.attributes
                0x0000102d       0x34 c:/program files/microchip/xc32/v3.01/bin/bin/../../lib/gcc/pic32c/8.3.1/../../../../pic32c/lib/thumb/v7e-m+fp/hard\libpic32c.a(close.o)
 .ARM.attributes
                0x00001061       0x34 c:/program files/microchip/xc32/v3.01/bin/bin/../../lib/gcc/pic32c/8.3.1/../../../../pic32c/lib/thumb/v7e-m+fp/hard\libpic32c.a(fstat.o)
 .ARM.attributes
                0x00001095       0x34 c:/program files/microchip/xc32/v3.01/bin/bin/../../lib/gcc/pic32c/8.3.1/../../../../pic32c/lib/thumb/v7e-m+fp/hard\libpic32c.a(isatty.o)
 .ARM.attributes
                0x000010c9       0x34 c:/program files/microchip/xc32/v3.01/bin/bin/../../lib/gcc/pic32c/8.3.1/../../../../pic32c/lib/thumb/v7e-m+fp/hard\libpic32c.a(lseek.o)
 .ARM.attributes
                0x000010fd       0x34 c:/program files/microchip/xc32/v3.01/bin/bin/../../lib/gcc/pic32c/8.3.1/../../../../pic32c/lib/thumb/v7e-m+fp/hard\libpic32c.a(read.o)
 .ARM.attributes
                0x00001131       0x34 c:/program files/microchip/xc32/v3.01/bin/bin/../../lib/gcc/pic32c/8.3.1/../../../../pic32c/lib/thumb/v7e-m+fp/hard\libpic32c.a(write.o)
 .ARM.attributes
                0x00001165       0x1e c:/program files/microchip/xc32/v3.01/bin/bin/../../lib/gcc/pic32c/8.3.1/thumb/v7e-m+fp/hard/crtn.o

.comment        0x00000000       0x53
 .comment       0x00000000       0x53 c:/program files/microchip/xc32/v3.01/bin/bin/../../lib/gcc/pic32c/8.3.1/thumb/v7e-m+fp/hard/crtbegin.o
                                 0x54 (size before relaxing)
 .comment       0x00000053       0x54 build/LAN9255_SQI_DIRECT_MODE/production/_ext/1984496892/plib_clock.o
 .comment       0x00000053       0x54 build/LAN9255_SQI_DIRECT_MODE/production/_ext/60167341/plib_eic.o
 .comment       0x00000053       0x54 build/LAN9255_SQI_DIRECT_MODE/production/_ext/1986646378/plib_evsys.o
 .comment       0x00000053       0x54 build/LAN9255_SQI_DIRECT_MODE/production/_ext/1865468468/plib_nvic.o
 .comment       0x00000053       0x54 build/LAN9255_SQI_DIRECT_MODE/production/_ext/1593096446/plib_nvmctrl.o
 .comment       0x00000053       0x54 build/LAN9255_SQI_DIRECT_MODE/production/_ext/1865488526/oledc_driver.o
 .comment       0x00000053       0x54 build/LAN9255_SQI_DIRECT_MODE/production/_ext/1865521619/plib_port.o
 .comment       0x00000053       0x54 build/LAN9255_SQI_DIRECT_MODE/production/_ext/1865555181/plib_qspi.o
 .comment       0x00000053       0x54 build/LAN9255_SQI_DIRECT_MODE/production/_ext/17022449/plib_sercom4_spi_master.o
 .comment       0x00000053       0x54 build/LAN9255_SQI_DIRECT_MODE/production/_ext/504274921/plib_sercom0_usart.o
 .comment       0x00000053       0x54 build/LAN9255_SQI_DIRECT_MODE/production/_ext/1827571544/plib_systick.o
 .comment       0x00000053       0x54 build/LAN9255_SQI_DIRECT_MODE/production/_ext/163028504/xc32_monitor.o
 .comment       0x00000053       0x54 build/LAN9255_SQI_DIRECT_MODE/production/_ext/1171490990/exceptions.o
 .comment       0x00000053       0x54 build/LAN9255_SQI_DIRECT_MODE/production/_ext/1171490990/initialization.o
 .comment       0x00000053       0x54 build/LAN9255_SQI_DIRECT_MODE/production/_ext/1171490990/interrupts.o
 .comment       0x00000053       0x54 build/LAN9255_SQI_DIRECT_MODE/production/_ext/1171490990/startup_xc32.o
 .comment       0x00000053       0x54 build/LAN9255_SQI_DIRECT_MODE/production/_ext/1171490990/tasks.o
 .comment       0x00000053       0x54 build/LAN9255_SQI_DIRECT_MODE/production/_ext/1671622016/Drivers.o
 .comment       0x00000053       0x54 build/LAN9255_SQI_DIRECT_MODE/production/_ext/108147519/ESC_Utils.o
 .comment       0x00000053       0x54 build/LAN9255_SQI_DIRECT_MODE/production/_ext/108147519/LAN925x.o
 .comment       0x00000053       0x54 build/LAN9255_SQI_DIRECT_MODE/production/_ext/108134065/bootmode.o
 .comment       0x00000053       0x54 build/LAN9255_SQI_DIRECT_MODE/production/_ext/108134065/coeappl.o
 .comment       0x00000053       0x54 build/LAN9255_SQI_DIRECT_MODE/production/_ext/108134065/ecatappl.o
 .comment       0x00000053       0x54 build/LAN9255_SQI_DIRECT_MODE/production/_ext/108134065/ecatcoe.o
 .comment       0x00000053       0x54 build/LAN9255_SQI_DIRECT_MODE/production/_ext/108134065/ecatfoe.o
 .comment       0x00000053       0x54 build/LAN9255_SQI_DIRECT_MODE/production/_ext/108134065/ecatslv.o
 .comment       0x00000053       0x54 build/LAN9255_SQI_DIRECT_MODE/production/_ext/108134065/emcy.o
 .comment       0x00000053       0x54 build/LAN9255_SQI_DIRECT_MODE/production/_ext/108134065/foeappl.o
 .comment       0x00000053       0x54 build/LAN9255_SQI_DIRECT_MODE/production/_ext/108134065/mailbox.o
 .comment       0x00000053       0x54 build/LAN9255_SQI_DIRECT_MODE/production/_ext/108134065/objdef.o
 .comment       0x00000053       0x54 build/LAN9255_SQI_DIRECT_MODE/production/_ext/108134065/sample_app.o
 .comment       0x00000053       0x54 build/LAN9255_SQI_DIRECT_MODE/production/_ext/108134065/sdoserv.o
 .comment       0x00000053       0x54 build/LAN9255_SQI_DIRECT_MODE/production/_ext/1360937237/main.o
 .comment       0x00000053       0x54 build/LAN9255_SQI_DIRECT_MODE/production/_ext/1360937237/app.o
 .comment       0x00000053       0x54 c:/program files/microchip/xc32/v3.01/bin/bin/../../lib/gcc/pic32c/8.3.1/../../../../pic32c/lib/thumb/v7e-m+fp/hard\libpic32c.a(data_init.o)
 .comment       0x00000053       0x54 c:/program files/microchip/xc32/v3.01/bin/bin/../../lib/gcc/pic32c/8.3.1/thumb/v7e-m+fp/hard\libgcc.a(_udivmoddi4.o)
 .comment       0x00000053       0x54 c:/program files/microchip/xc32/v3.01/bin/bin/../../lib/gcc/pic32c/8.3.1/../../../../pic32c/lib/thumb/v7e-m+fp/hard\libc_nano.a(_lib_a-sprintf.cdnopuxX.o)
 .comment       0x00000053       0x54 c:/program files/microchip/xc32/v3.01/bin/bin/../../lib/gcc/pic32c/8.3.1/../../../../pic32c/lib/thumb/v7e-m+fp/hard\libc_nano.a(lib_a-init.o)
 .comment       0x00000053       0x54 c:/program files/microchip/xc32/v3.01/bin/bin/../../lib/gcc/pic32c/8.3.1/../../../../pic32c/lib/thumb/v7e-m+fp/hard\libc_nano.a(lib_a-malloc.o)
 .comment       0x00000053       0x54 c:/program files/microchip/xc32/v3.01/bin/bin/../../lib/gcc/pic32c/8.3.1/../../../../pic32c/lib/thumb/v7e-m+fp/hard\libc_nano.a(lib_a-memcpy-stub.o)
 .comment       0x00000053       0x54 c:/program files/microchip/xc32/v3.01/bin/bin/../../lib/gcc/pic32c/8.3.1/../../../../pic32c/lib/thumb/v7e-m+fp/hard\libc_nano.a(lib_a-memset.o)
 .comment       0x00000053       0x54 c:/program files/microchip/xc32/v3.01/bin/bin/../../lib/gcc/pic32c/8.3.1/../../../../pic32c/lib/thumb/v7e-m+fp/hard\libc_nano.a(lib_a-nano-freer.o)
 .comment       0x00000053       0x54 c:/program files/microchip/xc32/v3.01/bin/bin/../../lib/gcc/pic32c/8.3.1/../../../../pic32c/lib/thumb/v7e-m+fp/hard\libc_nano.a(lib_a-nano-mallocr.o)
 .comment       0x00000053       0x54 c:/program files/microchip/xc32/v3.01/bin/bin/../../lib/gcc/pic32c/8.3.1/../../../../pic32c/lib/thumb/v7e-m+fp/hard\libc_nano.a(lib_a-sbrkr.o)
 .comment       0x00000053       0x54 c:/program files/microchip/xc32/v3.01/bin/bin/../../lib/gcc/pic32c/8.3.1/../../../../pic32c/lib/thumb/v7e-m+fp/hard\libc_nano.a(_lib_a-nano-vfprintf.cdnopuxX.o)
 .comment       0x00000053       0x54 c:/program files/microchip/xc32/v3.01/bin/bin/../../lib/gcc/pic32c/8.3.1/../../../../pic32c/lib/thumb/v7e-m+fp/hard\libc_nano.a(lib_a-__ssfputs.o)
 .comment       0x00000053       0x54 c:/program files/microchip/xc32/v3.01/bin/bin/../../lib/gcc/pic32c/8.3.1/../../../../pic32c/lib/thumb/v7e-m+fp/hard\libc_nano.a(lib_a-findfp.o)
 .comment       0x00000053       0x54 c:/program files/microchip/xc32/v3.01/bin/bin/../../lib/gcc/pic32c/8.3.1/../../../../pic32c/lib/thumb/v7e-m+fp/hard\libc_nano.a(lib_a-fputwc.o)
 .comment       0x00000053       0x54 c:/program files/microchip/xc32/v3.01/bin/bin/../../lib/gcc/pic32c/8.3.1/../../../../pic32c/lib/thumb/v7e-m+fp/hard\libc_nano.a(lib_a-fwalk.o)
 .comment       0x00000053       0x54 c:/program files/microchip/xc32/v3.01/bin/bin/../../lib/gcc/pic32c/8.3.1/../../../../pic32c/lib/thumb/v7e-m+fp/hard\libc_nano.a(lib_a-impure.o)
 .comment       0x00000053       0x54 c:/program files/microchip/xc32/v3.01/bin/bin/../../lib/gcc/pic32c/8.3.1/../../../../pic32c/lib/thumb/v7e-m+fp/hard\libc_nano.a(lib_a-locale.o)
 .comment       0x00000053       0x54 c:/program files/microchip/xc32/v3.01/bin/bin/../../lib/gcc/pic32c/8.3.1/../../../../pic32c/lib/thumb/v7e-m+fp/hard\libc_nano.a(lib_a-mbtowc_r.o)
 .comment       0x00000053       0x54 c:/program files/microchip/xc32/v3.01/bin/bin/../../lib/gcc/pic32c/8.3.1/../../../../pic32c/lib/thumb/v7e-m+fp/hard\libc_nano.a(lib_a-mlock.o)
 .comment       0x00000053       0x54 c:/program files/microchip/xc32/v3.01/bin/bin/../../lib/gcc/pic32c/8.3.1/../../../../pic32c/lib/thumb/v7e-m+fp/hard\libc_nano.a(lib_a-nano-vfprintf_i.o)
 .comment       0x00000053       0x54 c:/program files/microchip/xc32/v3.01/bin/bin/../../lib/gcc/pic32c/8.3.1/../../../../pic32c/lib/thumb/v7e-m+fp/hard\libc_nano.a(lib_a-reent.o)
 .comment       0x00000053       0x54 c:/program files/microchip/xc32/v3.01/bin/bin/../../lib/gcc/pic32c/8.3.1/../../../../pic32c/lib/thumb/v7e-m+fp/hard\libc_nano.a(lib_a-stdio.o)
 .comment       0x00000053       0x54 c:/program files/microchip/xc32/v3.01/bin/bin/../../lib/gcc/pic32c/8.3.1/../../../../pic32c/lib/thumb/v7e-m+fp/hard\libc_nano.a(lib_a-wbuf.o)
 .comment       0x00000053       0x54 c:/program files/microchip/xc32/v3.01/bin/bin/../../lib/gcc/pic32c/8.3.1/../../../../pic32c/lib/thumb/v7e-m+fp/hard\libc_nano.a(lib_a-wcrtomb.o)
 .comment       0x00000053       0x54 c:/program files/microchip/xc32/v3.01/bin/bin/../../lib/gcc/pic32c/8.3.1/../../../../pic32c/lib/thumb/v7e-m+fp/hard\libc_nano.a(lib_a-wctomb_r.o)
 .comment       0x00000053       0x54 c:/program files/microchip/xc32/v3.01/bin/bin/../../lib/gcc/pic32c/8.3.1/../../../../pic32c/lib/thumb/v7e-m+fp/hard\libc_nano.a(lib_a-writer.o)
 .comment       0x00000053       0x54 c:/program files/microchip/xc32/v3.01/bin/bin/../../lib/gcc/pic32c/8.3.1/../../../../pic32c/lib/thumb/v7e-m+fp/hard\libc_nano.a(lib_a-wsetup.o)
 .comment       0x00000053       0x54 c:/program files/microchip/xc32/v3.01/bin/bin/../../lib/gcc/pic32c/8.3.1/../../../../pic32c/lib/thumb/v7e-m+fp/hard\libc_nano.a(lib_a-closer.o)
 .comment       0x00000053       0x54 c:/program files/microchip/xc32/v3.01/bin/bin/../../lib/gcc/pic32c/8.3.1/../../../../pic32c/lib/thumb/v7e-m+fp/hard\libc_nano.a(lib_a-ctype_.o)
 .comment       0x00000053       0x54 c:/program files/microchip/xc32/v3.01/bin/bin/../../lib/gcc/pic32c/8.3.1/../../../../pic32c/lib/thumb/v7e-m+fp/hard\libc_nano.a(lib_a-fflush.o)
 .comment       0x00000053       0x54 c:/program files/microchip/xc32/v3.01/bin/bin/../../lib/gcc/pic32c/8.3.1/../../../../pic32c/lib/thumb/v7e-m+fp/hard\libc_nano.a(lib_a-lseekr.o)
 .comment       0x00000053       0x54 c:/program files/microchip/xc32/v3.01/bin/bin/../../lib/gcc/pic32c/8.3.1/../../../../pic32c/lib/thumb/v7e-m+fp/hard\libc_nano.a(lib_a-makebuf.o)
 .comment       0x00000053       0x54 c:/program files/microchip/xc32/v3.01/bin/bin/../../lib/gcc/pic32c/8.3.1/../../../../pic32c/lib/thumb/v7e-m+fp/hard\libc_nano.a(lib_a-readr.o)
 .comment       0x00000053       0x54 c:/program files/microchip/xc32/v3.01/bin/bin/../../lib/gcc/pic32c/8.3.1/../../../../pic32c/lib/thumb/v7e-m+fp/hard\libc_nano.a(lib_a-fstatr.o)
 .comment       0x00000053       0x54 c:/program files/microchip/xc32/v3.01/bin/bin/../../lib/gcc/pic32c/8.3.1/../../../../pic32c/lib/thumb/v7e-m+fp/hard\libc_nano.a(lib_a-isattyr.o)
 .comment       0x00000053       0x54 c:/program files/microchip/xc32/v3.01/bin/bin/../../lib/gcc/pic32c/8.3.1/../../../../pic32c/lib/thumb/v7e-m+fp/hard\libpic32c.a(_close.o)
 .comment       0x00000053       0x54 c:/program files/microchip/xc32/v3.01/bin/bin/../../lib/gcc/pic32c/8.3.1/../../../../pic32c/lib/thumb/v7e-m+fp/hard\libpic32c.a(_fstat.o)
 .comment       0x00000053       0x54 c:/program files/microchip/xc32/v3.01/bin/bin/../../lib/gcc/pic32c/8.3.1/../../../../pic32c/lib/thumb/v7e-m+fp/hard\libpic32c.a(_isatty.o)
 .comment       0x00000053       0x54 c:/program files/microchip/xc32/v3.01/bin/bin/../../lib/gcc/pic32c/8.3.1/../../../../pic32c/lib/thumb/v7e-m+fp/hard\libpic32c.a(_lseek.o)
 .comment       0x00000053       0x54 c:/program files/microchip/xc32/v3.01/bin/bin/../../lib/gcc/pic32c/8.3.1/../../../../pic32c/lib/thumb/v7e-m+fp/hard\libpic32c.a(_read.o)
 .comment       0x00000053       0x54 c:/program files/microchip/xc32/v3.01/bin/bin/../../lib/gcc/pic32c/8.3.1/../../../../pic32c/lib/thumb/v7e-m+fp/hard\libpic32c.a(sbrk.o)
 .comment       0x00000053       0x54 c:/program files/microchip/xc32/v3.01/bin/bin/../../lib/gcc/pic32c/8.3.1/../../../../pic32c/lib/thumb/v7e-m+fp/hard\libpic32c.a(_write.o)
 .comment       0x00000053       0x54 c:/program files/microchip/xc32/v3.01/bin/bin/../../lib/gcc/pic32c/8.3.1/../../../../pic32c/lib/thumb/v7e-m+fp/hard\libpic32c.a(close.o)
 .comment       0x00000053       0x54 c:/program files/microchip/xc32/v3.01/bin/bin/../../lib/gcc/pic32c/8.3.1/../../../../pic32c/lib/thumb/v7e-m+fp/hard\libpic32c.a(fstat.o)
 .comment       0x00000053       0x54 c:/program files/microchip/xc32/v3.01/bin/bin/../../lib/gcc/pic32c/8.3.1/../../../../pic32c/lib/thumb/v7e-m+fp/hard\libpic32c.a(isatty.o)
 .comment       0x00000053       0x54 c:/program files/microchip/xc32/v3.01/bin/bin/../../lib/gcc/pic32c/8.3.1/../../../../pic32c/lib/thumb/v7e-m+fp/hard\libpic32c.a(lseek.o)
 .comment       0x00000053       0x54 c:/program files/microchip/xc32/v3.01/bin/bin/../../lib/gcc/pic32c/8.3.1/../../../../pic32c/lib/thumb/v7e-m+fp/hard\libpic32c.a(read.o)
 .comment       0x00000053       0x54 c:/program files/microchip/xc32/v3.01/bin/bin/../../lib/gcc/pic32c/8.3.1/../../../../pic32c/lib/thumb/v7e-m+fp/hard\libpic32c.a(write.o)

.debug_info     0x00000000    0x3b281
 .debug_info    0x00000000      0xc3c build/LAN9255_SQI_DIRECT_MODE/production/_ext/1984496892/plib_clock.o
 .debug_info    0x00000c3c      0x846 build/LAN9255_SQI_DIRECT_MODE/production/_ext/60167341/plib_eic.o
 .debug_info    0x00001482      0x394 build/LAN9255_SQI_DIRECT_MODE/production/_ext/1986646378/plib_evsys.o
 .debug_info    0x00001816     0x116d build/LAN9255_SQI_DIRECT_MODE/production/_ext/1865468468/plib_nvic.o
 .debug_info    0x00002983     0x17be build/LAN9255_SQI_DIRECT_MODE/production/_ext/1593096446/plib_nvmctrl.o
 .debug_info    0x00004141     0x1b02 build/LAN9255_SQI_DIRECT_MODE/production/_ext/1865488526/oledc_driver.o
 .debug_info    0x00005c43      0x882 build/LAN9255_SQI_DIRECT_MODE/production/_ext/1865521619/plib_port.o
 .debug_info    0x000064c5      0xd22 build/LAN9255_SQI_DIRECT_MODE/production/_ext/1865555181/plib_qspi.o
 .debug_info    0x000071e7     0x1486 build/LAN9255_SQI_DIRECT_MODE/production/_ext/17022449/plib_sercom4_spi_master.o
 .debug_info    0x0000866d     0x1856 build/LAN9255_SQI_DIRECT_MODE/production/_ext/504274921/plib_sercom0_usart.o
 .debug_info    0x00009ec3      0x710 build/LAN9255_SQI_DIRECT_MODE/production/_ext/1827571544/plib_systick.o
 .debug_info    0x0000a5d3      0x2e3 build/LAN9255_SQI_DIRECT_MODE/production/_ext/163028504/xc32_monitor.o
 .debug_info    0x0000a8b6     0x10a5 build/LAN9255_SQI_DIRECT_MODE/production/_ext/1171490990/exceptions.o
 .debug_info    0x0000b95b      0xff7 build/LAN9255_SQI_DIRECT_MODE/production/_ext/1171490990/initialization.o
 .debug_info    0x0000c952     0x2380 build/LAN9255_SQI_DIRECT_MODE/production/_ext/1171490990/interrupts.o
 .debug_info    0x0000ecd2     0x14db build/LAN9255_SQI_DIRECT_MODE/production/_ext/1171490990/startup_xc32.o
 .debug_info    0x000101ad      0xfca build/LAN9255_SQI_DIRECT_MODE/production/_ext/1171490990/tasks.o
 .debug_info    0x00011177     0x31fa build/LAN9255_SQI_DIRECT_MODE/production/_ext/1671622016/Drivers.o
 .debug_info    0x00014371     0x1346 build/LAN9255_SQI_DIRECT_MODE/production/_ext/108147519/ESC_Utils.o
 .debug_info    0x000156b7     0x201d build/LAN9255_SQI_DIRECT_MODE/production/_ext/108147519/LAN925x.o
 .debug_info    0x000176d4     0x1331 build/LAN9255_SQI_DIRECT_MODE/production/_ext/108134065/bootmode.o
 .debug_info    0x00018a05     0x30dd build/LAN9255_SQI_DIRECT_MODE/production/_ext/108134065/coeappl.o
 .debug_info    0x0001bae2     0x2a4d build/LAN9255_SQI_DIRECT_MODE/production/_ext/108134065/ecatappl.o
 .debug_info    0x0001e52f     0x1782 build/LAN9255_SQI_DIRECT_MODE/production/_ext/108134065/ecatcoe.o
 .debug_info    0x0001fcb1     0x1b7d build/LAN9255_SQI_DIRECT_MODE/production/_ext/108134065/ecatfoe.o
 .debug_info    0x0002182e     0x2e54 build/LAN9255_SQI_DIRECT_MODE/production/_ext/108134065/ecatslv.o
 .debug_info    0x00024682     0x1c07 build/LAN9255_SQI_DIRECT_MODE/production/_ext/108134065/emcy.o
 .debug_info    0x00026289     0x2157 build/LAN9255_SQI_DIRECT_MODE/production/_ext/108134065/foeappl.o
 .debug_info    0x000283e0     0x230a build/LAN9255_SQI_DIRECT_MODE/production/_ext/108134065/mailbox.o
 .debug_info    0x0002a6ea     0x2962 build/LAN9255_SQI_DIRECT_MODE/production/_ext/108134065/objdef.o
 .debug_info    0x0002d04c     0x3221 build/LAN9255_SQI_DIRECT_MODE/production/_ext/108134065/sample_app.o
 .debug_info    0x0003026d     0x2c97 build/LAN9255_SQI_DIRECT_MODE/production/_ext/108134065/sdoserv.o
 .debug_info    0x00032f04      0xfb9 build/LAN9255_SQI_DIRECT_MODE/production/_ext/1360937237/main.o
 .debug_info    0x00033ebd     0x2dcb build/LAN9255_SQI_DIRECT_MODE/production/_ext/1360937237/app.o
 .debug_info    0x00036c88      0x2cd c:/program files/microchip/xc32/v3.01/bin/bin/../../lib/gcc/pic32c/8.3.1/../../../../pic32c/lib/thumb/v7e-m+fp/hard\libpic32c.a(data_init.o)
 .debug_info    0x00036f55       0x26 c:/program files/microchip/xc32/v3.01/bin/bin/../../lib/gcc/pic32c/8.3.1/thumb/v7e-m+fp/hard\libgcc.a(_aeabi_uldivmod.o)
 .debug_info    0x00036f7b     0x1fdc c:/program files/microchip/xc32/v3.01/bin/bin/../../lib/gcc/pic32c/8.3.1/thumb/v7e-m+fp/hard\libgcc.a(_udivmoddi4.o)
 .debug_info    0x00038f57       0x26 c:/program files/microchip/xc32/v3.01/bin/bin/../../lib/gcc/pic32c/8.3.1/thumb/v7e-m+fp/hard\libgcc.a(_dvmd_tls.o)
 .debug_info    0x00038f7d      0x2b2 c:/program files/microchip/xc32/v3.01/bin/bin/../../lib/gcc/pic32c/8.3.1/../../../../pic32c/lib/thumb/v7e-m+fp/hard\libpic32c.a(_close.o)
 .debug_info    0x0003922f      0x2b2 c:/program files/microchip/xc32/v3.01/bin/bin/../../lib/gcc/pic32c/8.3.1/../../../../pic32c/lib/thumb/v7e-m+fp/hard\libpic32c.a(_fstat.o)
 .debug_info    0x000394e1      0x2b4 c:/program files/microchip/xc32/v3.01/bin/bin/../../lib/gcc/pic32c/8.3.1/../../../../pic32c/lib/thumb/v7e-m+fp/hard\libpic32c.a(_isatty.o)
 .debug_info    0x00039795      0x2b2 c:/program files/microchip/xc32/v3.01/bin/bin/../../lib/gcc/pic32c/8.3.1/../../../../pic32c/lib/thumb/v7e-m+fp/hard\libpic32c.a(_lseek.o)
 .debug_info    0x00039a47      0x2b0 c:/program files/microchip/xc32/v3.01/bin/bin/../../lib/gcc/pic32c/8.3.1/../../../../pic32c/lib/thumb/v7e-m+fp/hard\libpic32c.a(_read.o)
 .debug_info    0x00039cf7      0x2b0 c:/program files/microchip/xc32/v3.01/bin/bin/../../lib/gcc/pic32c/8.3.1/../../../../pic32c/lib/thumb/v7e-m+fp/hard\libpic32c.a(sbrk.o)
 .debug_info    0x00039fa7      0x2b2 c:/program files/microchip/xc32/v3.01/bin/bin/../../lib/gcc/pic32c/8.3.1/../../../../pic32c/lib/thumb/v7e-m+fp/hard\libpic32c.a(_write.o)
 .debug_info    0x0003a259      0x2b1 c:/program files/microchip/xc32/v3.01/bin/bin/../../lib/gcc/pic32c/8.3.1/../../../../pic32c/lib/thumb/v7e-m+fp/hard\libpic32c.a(close.o)
 .debug_info    0x0003a50a      0x2b1 c:/program files/microchip/xc32/v3.01/bin/bin/../../lib/gcc/pic32c/8.3.1/../../../../pic32c/lib/thumb/v7e-m+fp/hard\libpic32c.a(fstat.o)
 .debug_info    0x0003a7bb      0x2b3 c:/program files/microchip/xc32/v3.01/bin/bin/../../lib/gcc/pic32c/8.3.1/../../../../pic32c/lib/thumb/v7e-m+fp/hard\libpic32c.a(isatty.o)
 .debug_info    0x0003aa6e      0x2b1 c:/program files/microchip/xc32/v3.01/bin/bin/../../lib/gcc/pic32c/8.3.1/../../../../pic32c/lib/thumb/v7e-m+fp/hard\libpic32c.a(lseek.o)
 .debug_info    0x0003ad1f      0x2b0 c:/program files/microchip/xc32/v3.01/bin/bin/../../lib/gcc/pic32c/8.3.1/../../../../pic32c/lib/thumb/v7e-m+fp/hard\libpic32c.a(read.o)
 .debug_info    0x0003afcf      0x2b2 c:/program files/microchip/xc32/v3.01/bin/bin/../../lib/gcc/pic32c/8.3.1/../../../../pic32c/lib/thumb/v7e-m+fp/hard\libpic32c.a(write.o)

.debug_abbrev   0x00000000     0x5439
 .debug_abbrev  0x00000000      0x115 build/LAN9255_SQI_DIRECT_MODE/production/_ext/1984496892/plib_clock.o
 .debug_abbrev  0x00000115      0x17d build/LAN9255_SQI_DIRECT_MODE/production/_ext/60167341/plib_eic.o
 .debug_abbrev  0x00000292       0x64 build/LAN9255_SQI_DIRECT_MODE/production/_ext/1986646378/plib_evsys.o
 .debug_abbrev  0x000002f6      0x16d build/LAN9255_SQI_DIRECT_MODE/production/_ext/1865468468/plib_nvic.o
 .debug_abbrev  0x00000463      0x297 build/LAN9255_SQI_DIRECT_MODE/production/_ext/1593096446/plib_nvmctrl.o
 .debug_abbrev  0x000006fa      0x2cf build/LAN9255_SQI_DIRECT_MODE/production/_ext/1865488526/oledc_driver.o
 .debug_abbrev  0x000009c9      0x171 build/LAN9255_SQI_DIRECT_MODE/production/_ext/1865521619/plib_port.o
 .debug_abbrev  0x00000b3a      0x25d build/LAN9255_SQI_DIRECT_MODE/production/_ext/1865555181/plib_qspi.o
 .debug_abbrev  0x00000d97      0x267 build/LAN9255_SQI_DIRECT_MODE/production/_ext/17022449/plib_sercom4_spi_master.o
 .debug_abbrev  0x00000ffe      0x2ff build/LAN9255_SQI_DIRECT_MODE/production/_ext/504274921/plib_sercom0_usart.o
 .debug_abbrev  0x000012fd      0x17c build/LAN9255_SQI_DIRECT_MODE/production/_ext/1827571544/plib_systick.o
 .debug_abbrev  0x00001479       0x6c build/LAN9255_SQI_DIRECT_MODE/production/_ext/163028504/xc32_monitor.o
 .debug_abbrev  0x000014e5      0x1bf build/LAN9255_SQI_DIRECT_MODE/production/_ext/1171490990/exceptions.o
 .debug_abbrev  0x000016a4      0x1dc build/LAN9255_SQI_DIRECT_MODE/production/_ext/1171490990/initialization.o
 .debug_abbrev  0x00001880      0x1d2 build/LAN9255_SQI_DIRECT_MODE/production/_ext/1171490990/interrupts.o
 .debug_abbrev  0x00001a52      0x2af build/LAN9255_SQI_DIRECT_MODE/production/_ext/1171490990/startup_xc32.o
 .debug_abbrev  0x00001d01      0x1bc build/LAN9255_SQI_DIRECT_MODE/production/_ext/1171490990/tasks.o
 .debug_abbrev  0x00001ebd      0x3f9 build/LAN9255_SQI_DIRECT_MODE/production/_ext/1671622016/Drivers.o
 .debug_abbrev  0x000022b6      0x245 build/LAN9255_SQI_DIRECT_MODE/production/_ext/108147519/ESC_Utils.o
 .debug_abbrev  0x000024fb      0x2fd build/LAN9255_SQI_DIRECT_MODE/production/_ext/108147519/LAN925x.o
 .debug_abbrev  0x000027f8      0x229 build/LAN9255_SQI_DIRECT_MODE/production/_ext/108134065/bootmode.o
 .debug_abbrev  0x00002a21      0x319 build/LAN9255_SQI_DIRECT_MODE/production/_ext/108134065/coeappl.o
 .debug_abbrev  0x00002d3a      0x2d7 build/LAN9255_SQI_DIRECT_MODE/production/_ext/108134065/ecatappl.o
 .debug_abbrev  0x00003011      0x21e build/LAN9255_SQI_DIRECT_MODE/production/_ext/108134065/ecatcoe.o
 .debug_abbrev  0x0000322f      0x291 build/LAN9255_SQI_DIRECT_MODE/production/_ext/108134065/ecatfoe.o
 .debug_abbrev  0x000034c0      0x31f build/LAN9255_SQI_DIRECT_MODE/production/_ext/108134065/ecatslv.o
 .debug_abbrev  0x000037df      0x2dd build/LAN9255_SQI_DIRECT_MODE/production/_ext/108134065/emcy.o
 .debug_abbrev  0x00003abc      0x298 build/LAN9255_SQI_DIRECT_MODE/production/_ext/108134065/foeappl.o
 .debug_abbrev  0x00003d54      0x2ce build/LAN9255_SQI_DIRECT_MODE/production/_ext/108134065/mailbox.o
 .debug_abbrev  0x00004022      0x304 build/LAN9255_SQI_DIRECT_MODE/production/_ext/108134065/objdef.o
 .debug_abbrev  0x00004326      0x41d build/LAN9255_SQI_DIRECT_MODE/production/_ext/108134065/sample_app.o
 .debug_abbrev  0x00004743      0x327 build/LAN9255_SQI_DIRECT_MODE/production/_ext/108134065/sdoserv.o
 .debug_abbrev  0x00004a6a      0x1be build/LAN9255_SQI_DIRECT_MODE/production/_ext/1360937237/main.o
 .debug_abbrev  0x00004c28      0x3e5 build/LAN9255_SQI_DIRECT_MODE/production/_ext/1360937237/app.o
 .debug_abbrev  0x0000500d       0x2e c:/program files/microchip/xc32/v3.01/bin/bin/../../lib/gcc/pic32c/8.3.1/../../../../pic32c/lib/thumb/v7e-m+fp/hard\libpic32c.a(data_init.o)
 .debug_abbrev  0x0000503b       0x14 c:/program files/microchip/xc32/v3.01/bin/bin/../../lib/gcc/pic32c/8.3.1/thumb/v7e-m+fp/hard\libgcc.a(_aeabi_uldivmod.o)
 .debug_abbrev  0x0000504f      0x192 c:/program files/microchip/xc32/v3.01/bin/bin/../../lib/gcc/pic32c/8.3.1/thumb/v7e-m+fp/hard\libgcc.a(_udivmoddi4.o)
 .debug_abbrev  0x000051e1       0x14 c:/program files/microchip/xc32/v3.01/bin/bin/../../lib/gcc/pic32c/8.3.1/thumb/v7e-m+fp/hard\libgcc.a(_dvmd_tls.o)
 .debug_abbrev  0x000051f5       0x2b c:/program files/microchip/xc32/v3.01/bin/bin/../../lib/gcc/pic32c/8.3.1/../../../../pic32c/lib/thumb/v7e-m+fp/hard\libpic32c.a(_close.o)
 .debug_abbrev  0x00005220       0x2b c:/program files/microchip/xc32/v3.01/bin/bin/../../lib/gcc/pic32c/8.3.1/../../../../pic32c/lib/thumb/v7e-m+fp/hard\libpic32c.a(_fstat.o)
 .debug_abbrev  0x0000524b       0x2b c:/program files/microchip/xc32/v3.01/bin/bin/../../lib/gcc/pic32c/8.3.1/../../../../pic32c/lib/thumb/v7e-m+fp/hard\libpic32c.a(_isatty.o)
 .debug_abbrev  0x00005276       0x2b c:/program files/microchip/xc32/v3.01/bin/bin/../../lib/gcc/pic32c/8.3.1/../../../../pic32c/lib/thumb/v7e-m+fp/hard\libpic32c.a(_lseek.o)
 .debug_abbrev  0x000052a1       0x2b c:/program files/microchip/xc32/v3.01/bin/bin/../../lib/gcc/pic32c/8.3.1/../../../../pic32c/lib/thumb/v7e-m+fp/hard\libpic32c.a(_read.o)
 .debug_abbrev  0x000052cc       0x2e c:/program files/microchip/xc32/v3.01/bin/bin/../../lib/gcc/pic32c/8.3.1/../../../../pic32c/lib/thumb/v7e-m+fp/hard\libpic32c.a(sbrk.o)
 .debug_abbrev  0x000052fa       0x2b c:/program files/microchip/xc32/v3.01/bin/bin/../../lib/gcc/pic32c/8.3.1/../../../../pic32c/lib/thumb/v7e-m+fp/hard\libpic32c.a(_write.o)
 .debug_abbrev  0x00005325       0x2e c:/program files/microchip/xc32/v3.01/bin/bin/../../lib/gcc/pic32c/8.3.1/../../../../pic32c/lib/thumb/v7e-m+fp/hard\libpic32c.a(close.o)
 .debug_abbrev  0x00005353       0x2e c:/program files/microchip/xc32/v3.01/bin/bin/../../lib/gcc/pic32c/8.3.1/../../../../pic32c/lib/thumb/v7e-m+fp/hard\libpic32c.a(fstat.o)
 .debug_abbrev  0x00005381       0x2e c:/program files/microchip/xc32/v3.01/bin/bin/../../lib/gcc/pic32c/8.3.1/../../../../pic32c/lib/thumb/v7e-m+fp/hard\libpic32c.a(isatty.o)
 .debug_abbrev  0x000053af       0x2e c:/program files/microchip/xc32/v3.01/bin/bin/../../lib/gcc/pic32c/8.3.1/../../../../pic32c/lib/thumb/v7e-m+fp/hard\libpic32c.a(lseek.o)
 .debug_abbrev  0x000053dd       0x2e c:/program files/microchip/xc32/v3.01/bin/bin/../../lib/gcc/pic32c/8.3.1/../../../../pic32c/lib/thumb/v7e-m+fp/hard\libpic32c.a(read.o)
 .debug_abbrev  0x0000540b       0x2e c:/program files/microchip/xc32/v3.01/bin/bin/../../lib/gcc/pic32c/8.3.1/../../../../pic32c/lib/thumb/v7e-m+fp/hard\libpic32c.a(write.o)

.debug_loc      0x00000000     0x6dcf
 .debug_loc     0x00000000      0x290 build/LAN9255_SQI_DIRECT_MODE/production/_ext/1984496892/plib_clock.o
 .debug_loc     0x00000290      0x1dc build/LAN9255_SQI_DIRECT_MODE/production/_ext/60167341/plib_eic.o
 .debug_loc     0x0000046c       0x44 build/LAN9255_SQI_DIRECT_MODE/production/_ext/1986646378/plib_evsys.o
 .debug_loc     0x000004b0      0x140 build/LAN9255_SQI_DIRECT_MODE/production/_ext/1865468468/plib_nvic.o
 .debug_loc     0x000005f0      0x5c0 build/LAN9255_SQI_DIRECT_MODE/production/_ext/1593096446/plib_nvmctrl.o
 .debug_loc     0x00000bb0      0x480 build/LAN9255_SQI_DIRECT_MODE/production/_ext/1865488526/oledc_driver.o
 .debug_loc     0x00001030      0x324 build/LAN9255_SQI_DIRECT_MODE/production/_ext/1865521619/plib_port.o
 .debug_loc     0x00001354      0x338 build/LAN9255_SQI_DIRECT_MODE/production/_ext/1865555181/plib_qspi.o
 .debug_loc     0x0000168c      0x28c build/LAN9255_SQI_DIRECT_MODE/production/_ext/17022449/plib_sercom4_spi_master.o
 .debug_loc     0x00001918      0x644 build/LAN9255_SQI_DIRECT_MODE/production/_ext/504274921/plib_sercom0_usart.o
 .debug_loc     0x00001f5c      0x31c build/LAN9255_SQI_DIRECT_MODE/production/_ext/1827571544/plib_systick.o
 .debug_loc     0x00002278       0xb8 build/LAN9255_SQI_DIRECT_MODE/production/_ext/163028504/xc32_monitor.o
 .debug_loc     0x00002330      0x108 build/LAN9255_SQI_DIRECT_MODE/production/_ext/1171490990/exceptions.o
 .debug_loc     0x00002438       0x50 build/LAN9255_SQI_DIRECT_MODE/production/_ext/1171490990/initialization.o
 .debug_loc     0x00002488      0x11c build/LAN9255_SQI_DIRECT_MODE/production/_ext/1171490990/startup_xc32.o
 .debug_loc     0x000025a4       0x2c build/LAN9255_SQI_DIRECT_MODE/production/_ext/1171490990/tasks.o
 .debug_loc     0x000025d0      0x758 build/LAN9255_SQI_DIRECT_MODE/production/_ext/1671622016/Drivers.o
 .debug_loc     0x00002d28      0x130 build/LAN9255_SQI_DIRECT_MODE/production/_ext/108147519/ESC_Utils.o
 .debug_loc     0x00002e58      0x4b0 build/LAN9255_SQI_DIRECT_MODE/production/_ext/108147519/LAN925x.o
 .debug_loc     0x00003308      0x158 build/LAN9255_SQI_DIRECT_MODE/production/_ext/108134065/bootmode.o
 .debug_loc     0x00003460      0x370 build/LAN9255_SQI_DIRECT_MODE/production/_ext/108134065/coeappl.o
 .debug_loc     0x000037d0      0x330 build/LAN9255_SQI_DIRECT_MODE/production/_ext/108134065/ecatappl.o
 .debug_loc     0x00003b00       0xe4 build/LAN9255_SQI_DIRECT_MODE/production/_ext/108134065/ecatcoe.o
 .debug_loc     0x00003be4       0xe4 build/LAN9255_SQI_DIRECT_MODE/production/_ext/108134065/ecatfoe.o
 .debug_loc     0x00003cc8      0x682 build/LAN9255_SQI_DIRECT_MODE/production/_ext/108134065/ecatslv.o
 .debug_loc     0x0000434a      0x2f4 build/LAN9255_SQI_DIRECT_MODE/production/_ext/108134065/emcy.o
 .debug_loc     0x0000463e      0x1e0 build/LAN9255_SQI_DIRECT_MODE/production/_ext/108134065/foeappl.o
 .debug_loc     0x0000481e      0x428 build/LAN9255_SQI_DIRECT_MODE/production/_ext/108134065/mailbox.o
 .debug_loc     0x00004c46      0x40e build/LAN9255_SQI_DIRECT_MODE/production/_ext/108134065/objdef.o
 .debug_loc     0x00005054      0x6d2 build/LAN9255_SQI_DIRECT_MODE/production/_ext/108134065/sample_app.o
 .debug_loc     0x00005726      0x210 build/LAN9255_SQI_DIRECT_MODE/production/_ext/108134065/sdoserv.o
 .debug_loc     0x00005936       0x2c build/LAN9255_SQI_DIRECT_MODE/production/_ext/1360937237/main.o
 .debug_loc     0x00005962      0x3f0 build/LAN9255_SQI_DIRECT_MODE/production/_ext/1360937237/app.o
 .debug_loc     0x00005d52       0x14 c:/program files/microchip/xc32/v3.01/bin/bin/../../lib/gcc/pic32c/8.3.1/../../../../pic32c/lib/thumb/v7e-m+fp/hard\libpic32c.a(data_init.o)
 .debug_loc     0x00005d66     0x1041 c:/program files/microchip/xc32/v3.01/bin/bin/../../lib/gcc/pic32c/8.3.1/thumb/v7e-m+fp/hard\libgcc.a(_udivmoddi4.o)
 .debug_loc     0x00006da7       0x14 c:/program files/microchip/xc32/v3.01/bin/bin/../../lib/gcc/pic32c/8.3.1/../../../../pic32c/lib/thumb/v7e-m+fp/hard\libpic32c.a(read.o)
 .debug_loc     0x00006dbb       0x14 c:/program files/microchip/xc32/v3.01/bin/bin/../../lib/gcc/pic32c/8.3.1/../../../../pic32c/lib/thumb/v7e-m+fp/hard\libpic32c.a(write.o)

.debug_aranges  0x00000000      0xf20
 .debug_aranges
                0x00000000       0x68 build/LAN9255_SQI_DIRECT_MODE/production/_ext/1984496892/plib_clock.o
 .debug_aranges
                0x00000068       0x50 build/LAN9255_SQI_DIRECT_MODE/production/_ext/60167341/plib_eic.o
 .debug_aranges
                0x000000b8       0x20 build/LAN9255_SQI_DIRECT_MODE/production/_ext/1986646378/plib_evsys.o
 .debug_aranges
                0x000000d8       0x38 build/LAN9255_SQI_DIRECT_MODE/production/_ext/1865468468/plib_nvic.o
 .debug_aranges
                0x00000110       0xb0 build/LAN9255_SQI_DIRECT_MODE/production/_ext/1593096446/plib_nvmctrl.o
 .debug_aranges
                0x000001c0       0x90 build/LAN9255_SQI_DIRECT_MODE/production/_ext/1865488526/oledc_driver.o
 .debug_aranges
                0x00000250       0x60 build/LAN9255_SQI_DIRECT_MODE/production/_ext/1865521619/plib_port.o
 .debug_aranges
                0x000002b0       0x68 build/LAN9255_SQI_DIRECT_MODE/production/_ext/1865555181/plib_qspi.o
 .debug_aranges
                0x00000318       0x58 build/LAN9255_SQI_DIRECT_MODE/production/_ext/17022449/plib_sercom4_spi_master.o
 .debug_aranges
                0x00000370       0xc8 build/LAN9255_SQI_DIRECT_MODE/production/_ext/504274921/plib_sercom0_usart.o
 .debug_aranges
                0x00000438       0x70 build/LAN9255_SQI_DIRECT_MODE/production/_ext/1827571544/plib_systick.o
 .debug_aranges
                0x000004a8       0x28 build/LAN9255_SQI_DIRECT_MODE/production/_ext/163028504/xc32_monitor.o
 .debug_aranges
                0x000004d0       0x48 build/LAN9255_SQI_DIRECT_MODE/production/_ext/1171490990/exceptions.o
 .debug_aranges
                0x00000518       0x20 build/LAN9255_SQI_DIRECT_MODE/production/_ext/1171490990/initialization.o
 .debug_aranges
                0x00000538       0x20 build/LAN9255_SQI_DIRECT_MODE/production/_ext/1171490990/interrupts.o
 .debug_aranges
                0x00000558       0x38 build/LAN9255_SQI_DIRECT_MODE/production/_ext/1171490990/startup_xc32.o
 .debug_aranges
                0x00000590       0x20 build/LAN9255_SQI_DIRECT_MODE/production/_ext/1171490990/tasks.o
 .debug_aranges
                0x000005b0       0xe0 build/LAN9255_SQI_DIRECT_MODE/production/_ext/1671622016/Drivers.o
 .debug_aranges
                0x00000690       0x40 build/LAN9255_SQI_DIRECT_MODE/production/_ext/108147519/ESC_Utils.o
 .debug_aranges
                0x000006d0       0x90 build/LAN9255_SQI_DIRECT_MODE/production/_ext/108147519/LAN925x.o
 .debug_aranges
                0x00000760       0x38 build/LAN9255_SQI_DIRECT_MODE/production/_ext/108134065/bootmode.o
 .debug_aranges
                0x00000798       0x70 build/LAN9255_SQI_DIRECT_MODE/production/_ext/108134065/coeappl.o
 .debug_aranges
                0x00000808       0x78 build/LAN9255_SQI_DIRECT_MODE/production/_ext/108134065/ecatappl.o
 .debug_aranges
                0x00000880       0x30 build/LAN9255_SQI_DIRECT_MODE/production/_ext/108134065/ecatcoe.o
 .debug_aranges
                0x000008b0       0x30 build/LAN9255_SQI_DIRECT_MODE/production/_ext/108134065/ecatfoe.o
 .debug_aranges
                0x000008e0       0xc8 build/LAN9255_SQI_DIRECT_MODE/production/_ext/108134065/ecatslv.o
 .debug_aranges
                0x000009a8       0x60 build/LAN9255_SQI_DIRECT_MODE/production/_ext/108134065/emcy.o
 .debug_aranges
                0x00000a08       0x48 build/LAN9255_SQI_DIRECT_MODE/production/_ext/108134065/foeappl.o
 .debug_aranges
                0x00000a50       0x80 build/LAN9255_SQI_DIRECT_MODE/production/_ext/108134065/mailbox.o
 .debug_aranges
                0x00000ad0       0x78 build/LAN9255_SQI_DIRECT_MODE/production/_ext/108134065/objdef.o
 .debug_aranges
                0x00000b48       0xd0 build/LAN9255_SQI_DIRECT_MODE/production/_ext/108134065/sample_app.o
 .debug_aranges
                0x00000c18       0x50 build/LAN9255_SQI_DIRECT_MODE/production/_ext/108134065/sdoserv.o
 .debug_aranges
                0x00000c68       0x20 build/LAN9255_SQI_DIRECT_MODE/production/_ext/1360937237/main.o
 .debug_aranges
                0x00000c88       0x78 build/LAN9255_SQI_DIRECT_MODE/production/_ext/1360937237/app.o
 .debug_aranges
                0x00000d00       0x20 c:/program files/microchip/xc32/v3.01/bin/bin/../../lib/gcc/pic32c/8.3.1/../../../../pic32c/lib/thumb/v7e-m+fp/hard\libpic32c.a(data_init.o)
 .debug_aranges
                0x00000d20       0x20 c:/program files/microchip/xc32/v3.01/bin/bin/../../lib/gcc/pic32c/8.3.1/thumb/v7e-m+fp/hard\libgcc.a(_aeabi_uldivmod.o)
 .debug_aranges
                0x00000d40       0x20 c:/program files/microchip/xc32/v3.01/bin/bin/../../lib/gcc/pic32c/8.3.1/thumb/v7e-m+fp/hard\libgcc.a(_udivmoddi4.o)
 .debug_aranges
                0x00000d60       0x20 c:/program files/microchip/xc32/v3.01/bin/bin/../../lib/gcc/pic32c/8.3.1/thumb/v7e-m+fp/hard\libgcc.a(_dvmd_tls.o)
 .debug_aranges
                0x00000d80       0x20 c:/program files/microchip/xc32/v3.01/bin/bin/../../lib/gcc/pic32c/8.3.1/../../../../pic32c/lib/thumb/v7e-m+fp/hard\libpic32c.a(_close.o)
 .debug_aranges
                0x00000da0       0x20 c:/program files/microchip/xc32/v3.01/bin/bin/../../lib/gcc/pic32c/8.3.1/../../../../pic32c/lib/thumb/v7e-m+fp/hard\libpic32c.a(_fstat.o)
 .debug_aranges
                0x00000dc0       0x20 c:/program files/microchip/xc32/v3.01/bin/bin/../../lib/gcc/pic32c/8.3.1/../../../../pic32c/lib/thumb/v7e-m+fp/hard\libpic32c.a(_isatty.o)
 .debug_aranges
                0x00000de0       0x20 c:/program files/microchip/xc32/v3.01/bin/bin/../../lib/gcc/pic32c/8.3.1/../../../../pic32c/lib/thumb/v7e-m+fp/hard\libpic32c.a(_lseek.o)
 .debug_aranges
                0x00000e00       0x20 c:/program files/microchip/xc32/v3.01/bin/bin/../../lib/gcc/pic32c/8.3.1/../../../../pic32c/lib/thumb/v7e-m+fp/hard\libpic32c.a(_read.o)
 .debug_aranges
                0x00000e20       0x20 c:/program files/microchip/xc32/v3.01/bin/bin/../../lib/gcc/pic32c/8.3.1/../../../../pic32c/lib/thumb/v7e-m+fp/hard\libpic32c.a(sbrk.o)
 .debug_aranges
                0x00000e40       0x20 c:/program files/microchip/xc32/v3.01/bin/bin/../../lib/gcc/pic32c/8.3.1/../../../../pic32c/lib/thumb/v7e-m+fp/hard\libpic32c.a(_write.o)
 .debug_aranges
                0x00000e60       0x20 c:/program files/microchip/xc32/v3.01/bin/bin/../../lib/gcc/pic32c/8.3.1/../../../../pic32c/lib/thumb/v7e-m+fp/hard\libpic32c.a(close.o)
 .debug_aranges
                0x00000e80       0x20 c:/program files/microchip/xc32/v3.01/bin/bin/../../lib/gcc/pic32c/8.3.1/../../../../pic32c/lib/thumb/v7e-m+fp/hard\libpic32c.a(fstat.o)
 .debug_aranges
                0x00000ea0       0x20 c:/program files/microchip/xc32/v3.01/bin/bin/../../lib/gcc/pic32c/8.3.1/../../../../pic32c/lib/thumb/v7e-m+fp/hard\libpic32c.a(isatty.o)
 .debug_aranges
                0x00000ec0       0x20 c:/program files/microchip/xc32/v3.01/bin/bin/../../lib/gcc/pic32c/8.3.1/../../../../pic32c/lib/thumb/v7e-m+fp/hard\libpic32c.a(lseek.o)
 .debug_aranges
                0x00000ee0       0x20 c:/program files/microchip/xc32/v3.01/bin/bin/../../lib/gcc/pic32c/8.3.1/../../../../pic32c/lib/thumb/v7e-m+fp/hard\libpic32c.a(read.o)
 .debug_aranges
                0x00000f00       0x20 c:/program files/microchip/xc32/v3.01/bin/bin/../../lib/gcc/pic32c/8.3.1/../../../../pic32c/lib/thumb/v7e-m+fp/hard\libpic32c.a(write.o)

.debug_ranges   0x00000000      0xd68
 .debug_ranges  0x00000000       0x58 build/LAN9255_SQI_DIRECT_MODE/production/_ext/1984496892/plib_clock.o
 .debug_ranges  0x00000058       0x40 build/LAN9255_SQI_DIRECT_MODE/production/_ext/60167341/plib_eic.o
 .debug_ranges  0x00000098       0x10 build/LAN9255_SQI_DIRECT_MODE/production/_ext/1986646378/plib_evsys.o
 .debug_ranges  0x000000a8       0x28 build/LAN9255_SQI_DIRECT_MODE/production/_ext/1865468468/plib_nvic.o
 .debug_ranges  0x000000d0       0xa0 build/LAN9255_SQI_DIRECT_MODE/production/_ext/1593096446/plib_nvmctrl.o
 .debug_ranges  0x00000170       0x80 build/LAN9255_SQI_DIRECT_MODE/production/_ext/1865488526/oledc_driver.o
 .debug_ranges  0x000001f0       0x50 build/LAN9255_SQI_DIRECT_MODE/production/_ext/1865521619/plib_port.o
 .debug_ranges  0x00000240       0x58 build/LAN9255_SQI_DIRECT_MODE/production/_ext/1865555181/plib_qspi.o
 .debug_ranges  0x00000298       0x48 build/LAN9255_SQI_DIRECT_MODE/production/_ext/17022449/plib_sercom4_spi_master.o
 .debug_ranges  0x000002e0       0xb8 build/LAN9255_SQI_DIRECT_MODE/production/_ext/504274921/plib_sercom0_usart.o
 .debug_ranges  0x00000398       0x60 build/LAN9255_SQI_DIRECT_MODE/production/_ext/1827571544/plib_systick.o
 .debug_ranges  0x000003f8       0x18 build/LAN9255_SQI_DIRECT_MODE/production/_ext/163028504/xc32_monitor.o
 .debug_ranges  0x00000410       0x38 build/LAN9255_SQI_DIRECT_MODE/production/_ext/1171490990/exceptions.o
 .debug_ranges  0x00000448       0x10 build/LAN9255_SQI_DIRECT_MODE/production/_ext/1171490990/initialization.o
 .debug_ranges  0x00000458       0x10 build/LAN9255_SQI_DIRECT_MODE/production/_ext/1171490990/interrupts.o
 .debug_ranges  0x00000468       0x28 build/LAN9255_SQI_DIRECT_MODE/production/_ext/1171490990/startup_xc32.o
 .debug_ranges  0x00000490       0x10 build/LAN9255_SQI_DIRECT_MODE/production/_ext/1171490990/tasks.o
 .debug_ranges  0x000004a0       0xd0 build/LAN9255_SQI_DIRECT_MODE/production/_ext/1671622016/Drivers.o
 .debug_ranges  0x00000570       0x30 build/LAN9255_SQI_DIRECT_MODE/production/_ext/108147519/ESC_Utils.o
 .debug_ranges  0x000005a0       0x80 build/LAN9255_SQI_DIRECT_MODE/production/_ext/108147519/LAN925x.o
 .debug_ranges  0x00000620       0x28 build/LAN9255_SQI_DIRECT_MODE/production/_ext/108134065/bootmode.o
 .debug_ranges  0x00000648       0x78 build/LAN9255_SQI_DIRECT_MODE/production/_ext/108134065/coeappl.o
 .debug_ranges  0x000006c0       0x80 build/LAN9255_SQI_DIRECT_MODE/production/_ext/108134065/ecatappl.o
 .debug_ranges  0x00000740       0x20 build/LAN9255_SQI_DIRECT_MODE/production/_ext/108134065/ecatcoe.o
 .debug_ranges  0x00000760       0x80 build/LAN9255_SQI_DIRECT_MODE/production/_ext/108134065/ecatfoe.o
 .debug_ranges  0x000007e0       0xb8 build/LAN9255_SQI_DIRECT_MODE/production/_ext/108134065/ecatslv.o
 .debug_ranges  0x00000898       0x50 build/LAN9255_SQI_DIRECT_MODE/production/_ext/108134065/emcy.o
 .debug_ranges  0x000008e8       0x38 build/LAN9255_SQI_DIRECT_MODE/production/_ext/108134065/foeappl.o
 .debug_ranges  0x00000920       0x70 build/LAN9255_SQI_DIRECT_MODE/production/_ext/108134065/mailbox.o
 .debug_ranges  0x00000990       0x80 build/LAN9255_SQI_DIRECT_MODE/production/_ext/108134065/objdef.o
 .debug_ranges  0x00000a10       0xc0 build/LAN9255_SQI_DIRECT_MODE/production/_ext/108134065/sample_app.o
 .debug_ranges  0x00000ad0       0x68 build/LAN9255_SQI_DIRECT_MODE/production/_ext/108134065/sdoserv.o
 .debug_ranges  0x00000b38       0x10 build/LAN9255_SQI_DIRECT_MODE/production/_ext/1360937237/main.o
 .debug_ranges  0x00000b48       0x68 build/LAN9255_SQI_DIRECT_MODE/production/_ext/1360937237/app.o
 .debug_ranges  0x00000bb0       0x10 c:/program files/microchip/xc32/v3.01/bin/bin/../../lib/gcc/pic32c/8.3.1/../../../../pic32c/lib/thumb/v7e-m+fp/hard\libpic32c.a(data_init.o)
 .debug_ranges  0x00000bc0       0xd8 c:/program files/microchip/xc32/v3.01/bin/bin/../../lib/gcc/pic32c/8.3.1/thumb/v7e-m+fp/hard\libgcc.a(_udivmoddi4.o)
 .debug_ranges  0x00000c98       0x10 c:/program files/microchip/xc32/v3.01/bin/bin/../../lib/gcc/pic32c/8.3.1/../../../../pic32c/lib/thumb/v7e-m+fp/hard\libpic32c.a(_close.o)
 .debug_ranges  0x00000ca8       0x10 c:/program files/microchip/xc32/v3.01/bin/bin/../../lib/gcc/pic32c/8.3.1/../../../../pic32c/lib/thumb/v7e-m+fp/hard\libpic32c.a(_fstat.o)
 .debug_ranges  0x00000cb8       0x10 c:/program files/microchip/xc32/v3.01/bin/bin/../../lib/gcc/pic32c/8.3.1/../../../../pic32c/lib/thumb/v7e-m+fp/hard\libpic32c.a(_isatty.o)
 .debug_ranges  0x00000cc8       0x10 c:/program files/microchip/xc32/v3.01/bin/bin/../../lib/gcc/pic32c/8.3.1/../../../../pic32c/lib/thumb/v7e-m+fp/hard\libpic32c.a(_lseek.o)
 .debug_ranges  0x00000cd8       0x10 c:/program files/microchip/xc32/v3.01/bin/bin/../../lib/gcc/pic32c/8.3.1/../../../../pic32c/lib/thumb/v7e-m+fp/hard\libpic32c.a(_read.o)
 .debug_ranges  0x00000ce8       0x10 c:/program files/microchip/xc32/v3.01/bin/bin/../../lib/gcc/pic32c/8.3.1/../../../../pic32c/lib/thumb/v7e-m+fp/hard\libpic32c.a(sbrk.o)
 .debug_ranges  0x00000cf8       0x10 c:/program files/microchip/xc32/v3.01/bin/bin/../../lib/gcc/pic32c/8.3.1/../../../../pic32c/lib/thumb/v7e-m+fp/hard\libpic32c.a(_write.o)
 .debug_ranges  0x00000d08       0x10 c:/program files/microchip/xc32/v3.01/bin/bin/../../lib/gcc/pic32c/8.3.1/../../../../pic32c/lib/thumb/v7e-m+fp/hard\libpic32c.a(close.o)
 .debug_ranges  0x00000d18       0x10 c:/program files/microchip/xc32/v3.01/bin/bin/../../lib/gcc/pic32c/8.3.1/../../../../pic32c/lib/thumb/v7e-m+fp/hard\libpic32c.a(fstat.o)
 .debug_ranges  0x00000d28       0x10 c:/program files/microchip/xc32/v3.01/bin/bin/../../lib/gcc/pic32c/8.3.1/../../../../pic32c/lib/thumb/v7e-m+fp/hard\libpic32c.a(isatty.o)
 .debug_ranges  0x00000d38       0x10 c:/program files/microchip/xc32/v3.01/bin/bin/../../lib/gcc/pic32c/8.3.1/../../../../pic32c/lib/thumb/v7e-m+fp/hard\libpic32c.a(lseek.o)
 .debug_ranges  0x00000d48       0x10 c:/program files/microchip/xc32/v3.01/bin/bin/../../lib/gcc/pic32c/8.3.1/../../../../pic32c/lib/thumb/v7e-m+fp/hard\libpic32c.a(read.o)
 .debug_ranges  0x00000d58       0x10 c:/program files/microchip/xc32/v3.01/bin/bin/../../lib/gcc/pic32c/8.3.1/../../../../pic32c/lib/thumb/v7e-m+fp/hard\libpic32c.a(write.o)

.debug_line     0x00000000     0xba10
 .debug_line    0x00000000      0x363 build/LAN9255_SQI_DIRECT_MODE/production/_ext/1984496892/plib_clock.o
 .debug_line    0x00000363      0x297 build/LAN9255_SQI_DIRECT_MODE/production/_ext/60167341/plib_eic.o
 .debug_line    0x000005fa      0x131 build/LAN9255_SQI_DIRECT_MODE/production/_ext/1986646378/plib_evsys.o
 .debug_line    0x0000072b      0x23d build/LAN9255_SQI_DIRECT_MODE/production/_ext/1865468468/plib_nvic.o
 .debug_line    0x00000968      0x4b5 build/LAN9255_SQI_DIRECT_MODE/production/_ext/1593096446/plib_nvmctrl.o
 .debug_line    0x00000e1d      0x637 build/LAN9255_SQI_DIRECT_MODE/production/_ext/1865488526/oledc_driver.o
 .debug_line    0x00001454      0x2f5 build/LAN9255_SQI_DIRECT_MODE/production/_ext/1865521619/plib_port.o
 .debug_line    0x00001749      0x473 build/LAN9255_SQI_DIRECT_MODE/production/_ext/1865555181/plib_qspi.o
 .debug_line    0x00001bbc      0x598 build/LAN9255_SQI_DIRECT_MODE/production/_ext/17022449/plib_sercom4_spi_master.o
 .debug_line    0x00002154      0x734 build/LAN9255_SQI_DIRECT_MODE/production/_ext/504274921/plib_sercom0_usart.o
 .debug_line    0x00002888      0x298 build/LAN9255_SQI_DIRECT_MODE/production/_ext/1827571544/plib_systick.o
 .debug_line    0x00002b20       0x74 build/LAN9255_SQI_DIRECT_MODE/production/_ext/163028504/xc32_monitor.o
 .debug_line    0x00002b94      0x25d build/LAN9255_SQI_DIRECT_MODE/production/_ext/1171490990/exceptions.o
 .debug_line    0x00002df1      0x20a build/LAN9255_SQI_DIRECT_MODE/production/_ext/1171490990/initialization.o
 .debug_line    0x00002ffb      0x222 build/LAN9255_SQI_DIRECT_MODE/production/_ext/1171490990/interrupts.o
 .debug_line    0x0000321d      0x302 build/LAN9255_SQI_DIRECT_MODE/production/_ext/1171490990/startup_xc32.o
 .debug_line    0x0000351f      0x1f5 build/LAN9255_SQI_DIRECT_MODE/production/_ext/1171490990/tasks.o
 .debug_line    0x00003714      0x73c build/LAN9255_SQI_DIRECT_MODE/production/_ext/1671622016/Drivers.o
 .debug_line    0x00003e50      0x366 build/LAN9255_SQI_DIRECT_MODE/production/_ext/108147519/ESC_Utils.o
 .debug_line    0x000041b6      0x6b4 build/LAN9255_SQI_DIRECT_MODE/production/_ext/108147519/LAN925x.o
 .debug_line    0x0000486a      0x195 build/LAN9255_SQI_DIRECT_MODE/production/_ext/108134065/bootmode.o
 .debug_line    0x000049ff      0x5b9 build/LAN9255_SQI_DIRECT_MODE/production/_ext/108134065/coeappl.o
 .debug_line    0x00004fb8      0x876 build/LAN9255_SQI_DIRECT_MODE/production/_ext/108134065/ecatappl.o
 .debug_line    0x0000582e      0x1dd build/LAN9255_SQI_DIRECT_MODE/production/_ext/108134065/ecatcoe.o
 .debug_line    0x00005a0b      0x48c build/LAN9255_SQI_DIRECT_MODE/production/_ext/108134065/ecatfoe.o
 .debug_line    0x00005e97     0x12b7 build/LAN9255_SQI_DIRECT_MODE/production/_ext/108134065/ecatslv.o
 .debug_line    0x0000714e      0x437 build/LAN9255_SQI_DIRECT_MODE/production/_ext/108134065/emcy.o
 .debug_line    0x00007585      0x361 build/LAN9255_SQI_DIRECT_MODE/production/_ext/108134065/foeappl.o
 .debug_line    0x000078e6      0x797 build/LAN9255_SQI_DIRECT_MODE/production/_ext/108134065/mailbox.o
 .debug_line    0x0000807d      0xd23 build/LAN9255_SQI_DIRECT_MODE/production/_ext/108134065/objdef.o
 .debug_line    0x00008da0      0x8f0 build/LAN9255_SQI_DIRECT_MODE/production/_ext/108134065/sample_app.o
 .debug_line    0x00009690      0xaf9 build/LAN9255_SQI_DIRECT_MODE/production/_ext/108134065/sdoserv.o
 .debug_line    0x0000a189      0x1f1 build/LAN9255_SQI_DIRECT_MODE/production/_ext/1360937237/main.o
 .debug_line    0x0000a37a      0x5f2 build/LAN9255_SQI_DIRECT_MODE/production/_ext/1360937237/app.o
 .debug_line    0x0000a96c      0x110 c:/program files/microchip/xc32/v3.01/bin/bin/../../lib/gcc/pic32c/8.3.1/../../../../pic32c/lib/thumb/v7e-m+fp/hard\libpic32c.a(data_init.o)
 .debug_line    0x0000aa7c       0x9c c:/program files/microchip/xc32/v3.01/bin/bin/../../lib/gcc/pic32c/8.3.1/thumb/v7e-m+fp/hard\libgcc.a(_aeabi_uldivmod.o)
 .debug_line    0x0000ab18      0x57e c:/program files/microchip/xc32/v3.01/bin/bin/../../lib/gcc/pic32c/8.3.1/thumb/v7e-m+fp/hard\libgcc.a(_udivmoddi4.o)
 .debug_line    0x0000b096       0x9c c:/program files/microchip/xc32/v3.01/bin/bin/../../lib/gcc/pic32c/8.3.1/thumb/v7e-m+fp/hard\libgcc.a(_dvmd_tls.o)
 .debug_line    0x0000b132       0x9f c:/program files/microchip/xc32/v3.01/bin/bin/../../lib/gcc/pic32c/8.3.1/../../../../pic32c/lib/thumb/v7e-m+fp/hard\libpic32c.a(_close.o)
 .debug_line    0x0000b1d1       0x9f c:/program files/microchip/xc32/v3.01/bin/bin/../../lib/gcc/pic32c/8.3.1/../../../../pic32c/lib/thumb/v7e-m+fp/hard\libpic32c.a(_fstat.o)
 .debug_line    0x0000b270       0xa0 c:/program files/microchip/xc32/v3.01/bin/bin/../../lib/gcc/pic32c/8.3.1/../../../../pic32c/lib/thumb/v7e-m+fp/hard\libpic32c.a(_isatty.o)
 .debug_line    0x0000b310       0x9f c:/program files/microchip/xc32/v3.01/bin/bin/../../lib/gcc/pic32c/8.3.1/../../../../pic32c/lib/thumb/v7e-m+fp/hard\libpic32c.a(_lseek.o)
 .debug_line    0x0000b3af       0x9e c:/program files/microchip/xc32/v3.01/bin/bin/../../lib/gcc/pic32c/8.3.1/../../../../pic32c/lib/thumb/v7e-m+fp/hard\libpic32c.a(_read.o)
 .debug_line    0x0000b44d       0xb5 c:/program files/microchip/xc32/v3.01/bin/bin/../../lib/gcc/pic32c/8.3.1/../../../../pic32c/lib/thumb/v7e-m+fp/hard\libpic32c.a(sbrk.o)
 .debug_line    0x0000b502       0x9f c:/program files/microchip/xc32/v3.01/bin/bin/../../lib/gcc/pic32c/8.3.1/../../../../pic32c/lib/thumb/v7e-m+fp/hard\libpic32c.a(_write.o)
 .debug_line    0x0000b5a1       0x9e c:/program files/microchip/xc32/v3.01/bin/bin/../../lib/gcc/pic32c/8.3.1/../../../../pic32c/lib/thumb/v7e-m+fp/hard\libpic32c.a(close.o)
 .debug_line    0x0000b63f      0x106 c:/program files/microchip/xc32/v3.01/bin/bin/../../lib/gcc/pic32c/8.3.1/../../../../pic32c/lib/thumb/v7e-m+fp/hard\libpic32c.a(fstat.o)
 .debug_line    0x0000b745       0x9d c:/program files/microchip/xc32/v3.01/bin/bin/../../lib/gcc/pic32c/8.3.1/../../../../pic32c/lib/thumb/v7e-m+fp/hard\libpic32c.a(isatty.o)
 .debug_line    0x0000b7e2       0x9e c:/program files/microchip/xc32/v3.01/bin/bin/../../lib/gcc/pic32c/8.3.1/../../../../pic32c/lib/thumb/v7e-m+fp/hard\libpic32c.a(lseek.o)
 .debug_line    0x0000b880       0xc0 c:/program files/microchip/xc32/v3.01/bin/bin/../../lib/gcc/pic32c/8.3.1/../../../../pic32c/lib/thumb/v7e-m+fp/hard\libpic32c.a(read.o)
 .debug_line    0x0000b940       0xd0 c:/program files/microchip/xc32/v3.01/bin/bin/../../lib/gcc/pic32c/8.3.1/../../../../pic32c/lib/thumb/v7e-m+fp/hard\libpic32c.a(write.o)

.debug_str      0x00000000      0xaba
 .debug_str     0x00000000       0x1e build/LAN9255_SQI_DIRECT_MODE/production/_ext/1984496892/plib_clock.o
 .debug_str     0x0000001e        0x9 build/LAN9255_SQI_DIRECT_MODE/production/_ext/60167341/plib_eic.o
 .debug_str     0x00000027        0x0 build/LAN9255_SQI_DIRECT_MODE/production/_ext/1986646378/plib_evsys.o
 .debug_str     0x00000027        0xa build/LAN9255_SQI_DIRECT_MODE/production/_ext/1865468468/plib_nvic.o
 .debug_str     0x00000031       0x29 build/LAN9255_SQI_DIRECT_MODE/production/_ext/1593096446/plib_nvmctrl.o
 .debug_str     0x0000005a       0x28 build/LAN9255_SQI_DIRECT_MODE/production/_ext/1865488526/oledc_driver.o
 .debug_str     0x00000082        0xb build/LAN9255_SQI_DIRECT_MODE/production/_ext/1865521619/plib_port.o
 .debug_str     0x0000008d       0x9a build/LAN9255_SQI_DIRECT_MODE/production/_ext/1865555181/plib_qspi.o
 .debug_str     0x00000127      0x149 build/LAN9255_SQI_DIRECT_MODE/production/_ext/17022449/plib_sercom4_spi_master.o
 .debug_str     0x00000270      0x12c build/LAN9255_SQI_DIRECT_MODE/production/_ext/504274921/plib_sercom0_usart.o
 .debug_str     0x0000039c        0x9 build/LAN9255_SQI_DIRECT_MODE/production/_ext/1827571544/plib_systick.o
 .debug_str     0x000003a5        0x0 build/LAN9255_SQI_DIRECT_MODE/production/_ext/163028504/xc32_monitor.o
 .debug_str     0x000003a5        0xe build/LAN9255_SQI_DIRECT_MODE/production/_ext/1171490990/exceptions.o
 .debug_str     0x000003b3        0xe build/LAN9255_SQI_DIRECT_MODE/production/_ext/1171490990/initialization.o
 .debug_str     0x000003c1        0xe build/LAN9255_SQI_DIRECT_MODE/production/_ext/1171490990/interrupts.o
 .debug_str     0x000003cf        0xe build/LAN9255_SQI_DIRECT_MODE/production/_ext/1171490990/startup_xc32.o
 .debug_str     0x000003dd        0xe build/LAN9255_SQI_DIRECT_MODE/production/_ext/1171490990/tasks.o
 .debug_str     0x000003eb       0x6d build/LAN9255_SQI_DIRECT_MODE/production/_ext/1671622016/Drivers.o
 .debug_str     0x00000458        0xe build/LAN9255_SQI_DIRECT_MODE/production/_ext/108147519/ESC_Utils.o
 .debug_str     0x00000466       0x4b build/LAN9255_SQI_DIRECT_MODE/production/_ext/108147519/LAN925x.o
 .debug_str     0x000004b1        0xe build/LAN9255_SQI_DIRECT_MODE/production/_ext/108134065/bootmode.o
 .debug_str     0x000004bf       0x48 build/LAN9255_SQI_DIRECT_MODE/production/_ext/108134065/coeappl.o
 .debug_str     0x00000507       0x4a build/LAN9255_SQI_DIRECT_MODE/production/_ext/108134065/ecatappl.o
 .debug_str     0x00000551       0x35 build/LAN9255_SQI_DIRECT_MODE/production/_ext/108134065/ecatcoe.o
 .debug_str     0x00000586       0x24 build/LAN9255_SQI_DIRECT_MODE/production/_ext/108134065/ecatfoe.o
 .debug_str     0x000005aa       0x6b build/LAN9255_SQI_DIRECT_MODE/production/_ext/108134065/ecatslv.o
 .debug_str     0x00000615       0x2d build/LAN9255_SQI_DIRECT_MODE/production/_ext/108134065/emcy.o
 .debug_str     0x00000642       0x31 build/LAN9255_SQI_DIRECT_MODE/production/_ext/108134065/foeappl.o
 .debug_str     0x00000673       0x50 build/LAN9255_SQI_DIRECT_MODE/production/_ext/108134065/mailbox.o
 .debug_str     0x000006c3       0xa5 build/LAN9255_SQI_DIRECT_MODE/production/_ext/108134065/objdef.o
 .debug_str     0x00000768       0x66 build/LAN9255_SQI_DIRECT_MODE/production/_ext/108134065/sample_app.o
 .debug_str     0x000007ce       0xa8 build/LAN9255_SQI_DIRECT_MODE/production/_ext/108134065/sdoserv.o
 .debug_str     0x00000876        0xe build/LAN9255_SQI_DIRECT_MODE/production/_ext/1360937237/main.o
 .debug_str     0x00000884       0x56 build/LAN9255_SQI_DIRECT_MODE/production/_ext/1360937237/app.o
 .debug_str     0x000008da        0x0 c:/program files/microchip/xc32/v3.01/bin/bin/../../lib/gcc/pic32c/8.3.1/../../../../pic32c/lib/thumb/v7e-m+fp/hard\libpic32c.a(data_init.o)
 .debug_str     0x000008da       0xee c:/program files/microchip/xc32/v3.01/bin/bin/../../lib/gcc/pic32c/8.3.1/thumb/v7e-m+fp/hard\libgcc.a(_aeabi_uldivmod.o)
 .debug_str     0x000009c8        0x0 c:/program files/microchip/xc32/v3.01/bin/bin/../../lib/gcc/pic32c/8.3.1/thumb/v7e-m+fp/hard\libgcc.a(_udivmoddi4.o)
 .debug_str     0x000009c8       0xf2 c:/program files/microchip/xc32/v3.01/bin/bin/../../lib/gcc/pic32c/8.3.1/thumb/v7e-m+fp/hard\libgcc.a(_dvmd_tls.o)
 .debug_str     0x00000aba        0x0 c:/program files/microchip/xc32/v3.01/bin/bin/../../lib/gcc/pic32c/8.3.1/../../../../pic32c/lib/thumb/v7e-m+fp/hard\libpic32c.a(_close.o)
 .debug_str     0x00000aba        0x0 c:/program files/microchip/xc32/v3.01/bin/bin/../../lib/gcc/pic32c/8.3.1/../../../../pic32c/lib/thumb/v7e-m+fp/hard\libpic32c.a(_fstat.o)
 .debug_str     0x00000aba        0x0 c:/program files/microchip/xc32/v3.01/bin/bin/../../lib/gcc/pic32c/8.3.1/../../../../pic32c/lib/thumb/v7e-m+fp/hard\libpic32c.a(_isatty.o)
 .debug_str     0x00000aba        0x0 c:/program files/microchip/xc32/v3.01/bin/bin/../../lib/gcc/pic32c/8.3.1/../../../../pic32c/lib/thumb/v7e-m+fp/hard\libpic32c.a(_lseek.o)
 .debug_str     0x00000aba        0x0 c:/program files/microchip/xc32/v3.01/bin/bin/../../lib/gcc/pic32c/8.3.1/../../../../pic32c/lib/thumb/v7e-m+fp/hard\libpic32c.a(_read.o)
 .debug_str     0x00000aba        0x0 c:/program files/microchip/xc32/v3.01/bin/bin/../../lib/gcc/pic32c/8.3.1/../../../../pic32c/lib/thumb/v7e-m+fp/hard\libpic32c.a(sbrk.o)
 .debug_str     0x00000aba        0x0 c:/program files/microchip/xc32/v3.01/bin/bin/../../lib/gcc/pic32c/8.3.1/../../../../pic32c/lib/thumb/v7e-m+fp/hard\libpic32c.a(_write.o)
 .debug_str     0x00000aba        0x0 c:/program files/microchip/xc32/v3.01/bin/bin/../../lib/gcc/pic32c/8.3.1/../../../../pic32c/lib/thumb/v7e-m+fp/hard\libpic32c.a(close.o)
 .debug_str     0x00000aba        0x0 c:/program files/microchip/xc32/v3.01/bin/bin/../../lib/gcc/pic32c/8.3.1/../../../../pic32c/lib/thumb/v7e-m+fp/hard\libpic32c.a(fstat.o)
 .debug_str     0x00000aba        0x0 c:/program files/microchip/xc32/v3.01/bin/bin/../../lib/gcc/pic32c/8.3.1/../../../../pic32c/lib/thumb/v7e-m+fp/hard\libpic32c.a(isatty.o)
 .debug_str     0x00000aba        0x0 c:/program files/microchip/xc32/v3.01/bin/bin/../../lib/gcc/pic32c/8.3.1/../../../../pic32c/lib/thumb/v7e-m+fp/hard\libpic32c.a(lseek.o)
 .debug_str     0x00000aba        0x0 c:/program files/microchip/xc32/v3.01/bin/bin/../../lib/gcc/pic32c/8.3.1/../../../../pic32c/lib/thumb/v7e-m+fp/hard\libpic32c.a(read.o)
 .debug_str     0x00000aba        0x0 c:/program files/microchip/xc32/v3.01/bin/bin/../../lib/gcc/pic32c/8.3.1/../../../../pic32c/lib/thumb/v7e-m+fp/hard\libpic32c.a(write.o)

.debug_frame    0x00000000     0x300c
 .debug_frame   0x00000000      0x14c build/LAN9255_SQI_DIRECT_MODE/production/_ext/1984496892/plib_clock.o
 .debug_frame   0x0000014c       0xfc build/LAN9255_SQI_DIRECT_MODE/production/_ext/60167341/plib_eic.o
 .debug_frame   0x00000248       0x30 build/LAN9255_SQI_DIRECT_MODE/production/_ext/1986646378/plib_evsys.o
 .debug_frame   0x00000278       0xa4 build/LAN9255_SQI_DIRECT_MODE/production/_ext/1865468468/plib_nvic.o
 .debug_frame   0x0000031c      0x2ac build/LAN9255_SQI_DIRECT_MODE/production/_ext/1593096446/plib_nvmctrl.o
 .debug_frame   0x000005c8      0x238 build/LAN9255_SQI_DIRECT_MODE/production/_ext/1865488526/oledc_driver.o
 .debug_frame   0x00000800      0x170 build/LAN9255_SQI_DIRECT_MODE/production/_ext/1865521619/plib_port.o
 .debug_frame   0x00000970      0x180 build/LAN9255_SQI_DIRECT_MODE/production/_ext/1865555181/plib_qspi.o
 .debug_frame   0x00000af0      0x134 build/LAN9255_SQI_DIRECT_MODE/production/_ext/17022449/plib_sercom4_spi_master.o
 .debug_frame   0x00000c24      0x304 build/LAN9255_SQI_DIRECT_MODE/production/_ext/504274921/plib_sercom0_usart.o
 .debug_frame   0x00000f28      0x184 build/LAN9255_SQI_DIRECT_MODE/production/_ext/1827571544/plib_systick.o
 .debug_frame   0x000010ac       0x60 build/LAN9255_SQI_DIRECT_MODE/production/_ext/163028504/xc32_monitor.o
 .debug_frame   0x0000110c       0xa0 build/LAN9255_SQI_DIRECT_MODE/production/_ext/1171490990/exceptions.o
 .debug_frame   0x000011ac       0x34 build/LAN9255_SQI_DIRECT_MODE/production/_ext/1171490990/initialization.o
 .debug_frame   0x000011e0       0x20 build/LAN9255_SQI_DIRECT_MODE/production/_ext/1171490990/interrupts.o
 .debug_frame   0x00001200       0x98 build/LAN9255_SQI_DIRECT_MODE/production/_ext/1171490990/startup_xc32.o
 .debug_frame   0x00001298       0x2c build/LAN9255_SQI_DIRECT_MODE/production/_ext/1171490990/tasks.o
 .debug_frame   0x000012c4      0x37c build/LAN9255_SQI_DIRECT_MODE/production/_ext/1671622016/Drivers.o
 .debug_frame   0x00001640       0xb4 build/LAN9255_SQI_DIRECT_MODE/production/_ext/108147519/ESC_Utils.o
 .debug_frame   0x000016f4      0x22c build/LAN9255_SQI_DIRECT_MODE/production/_ext/108147519/LAN925x.o
 .debug_frame   0x00001920       0xa8 build/LAN9255_SQI_DIRECT_MODE/production/_ext/108134065/bootmode.o
 .debug_frame   0x000019c8      0x1b0 build/LAN9255_SQI_DIRECT_MODE/production/_ext/108134065/coeappl.o
 .debug_frame   0x00001b78      0x1b0 build/LAN9255_SQI_DIRECT_MODE/production/_ext/108134065/ecatappl.o
 .debug_frame   0x00001d28       0x78 build/LAN9255_SQI_DIRECT_MODE/production/_ext/108134065/ecatcoe.o
 .debug_frame   0x00001da0       0x7c build/LAN9255_SQI_DIRECT_MODE/production/_ext/108134065/ecatfoe.o
 .debug_frame   0x00001e1c      0x320 build/LAN9255_SQI_DIRECT_MODE/production/_ext/108134065/ecatslv.o
 .debug_frame   0x0000213c      0x160 build/LAN9255_SQI_DIRECT_MODE/production/_ext/108134065/emcy.o
 .debug_frame   0x0000229c       0xec build/LAN9255_SQI_DIRECT_MODE/production/_ext/108134065/foeappl.o
 .debug_frame   0x00002388      0x1ec build/LAN9255_SQI_DIRECT_MODE/production/_ext/108134065/mailbox.o
 .debug_frame   0x00002574      0x1e4 build/LAN9255_SQI_DIRECT_MODE/production/_ext/108134065/objdef.o
 .debug_frame   0x00002758      0x338 build/LAN9255_SQI_DIRECT_MODE/production/_ext/108134065/sample_app.o
 .debug_frame   0x00002a90      0x120 build/LAN9255_SQI_DIRECT_MODE/production/_ext/108134065/sdoserv.o
 .debug_frame   0x00002bb0       0x2c build/LAN9255_SQI_DIRECT_MODE/production/_ext/1360937237/main.o
 .debug_frame   0x00002bdc      0x1e0 build/LAN9255_SQI_DIRECT_MODE/production/_ext/1360937237/app.o
 .debug_frame   0x00002dbc       0x38 c:/program files/microchip/xc32/v3.01/bin/bin/../../lib/gcc/pic32c/8.3.1/../../../../pic32c/lib/thumb/v7e-m+fp/hard\libpic32c.a(data_init.o)
 .debug_frame   0x00002df4       0x2c c:/program files/microchip/xc32/v3.01/bin/bin/../../lib/gcc/pic32c/8.3.1/thumb/v7e-m+fp/hard\libgcc.a(_aeabi_uldivmod.o)